[0.009s][warning][gc] -XX:+PrintGC is deprecated. Will use -Xlog:gc instead.
[0.009s][warning][gc] -XX:+PrintGCDetails is deprecated. Will use -Xlog:gc* instead.
[0.024s][info   ][gc,init] Initializing The Z Garbage Collector
[0.024s][info   ][gc,init] Version: 17.0.5+9-LTS-191 (release)
[0.024s][info   ][gc,init] NUMA Support: Disabled
[0.024s][info   ][gc,init] CPUs: 8 total, 8 available
[0.024s][info   ][gc,init] Memory: 32392M
[0.024s][info   ][gc,init] Large Page Support: Disabled
[0.024s][info   ][gc,init] GC Workers: 2 (dynamic)
[0.025s][info   ][gc,init] Address Space Type: Contiguous/Unrestricted/Complete
[0.025s][info   ][gc,init] Address Space Size: 4096M x 3 = 12288M
[0.025s][info   ][gc,init] Min Capacity: 8M
[0.025s][info   ][gc,init] Initial Capacity: 256M
[0.025s][info   ][gc,init] Max Capacity: 256M
[0.025s][info   ][gc,init] Medium Page Size: 8M
[0.025s][info   ][gc,init] Pre-touch: Disabled
[0.025s][info   ][gc,init] Uncommit: Enabled
[0.025s][info   ][gc,init] Uncommit Delay: 300s
[0.039s][info   ][gc,init] Runtime Workers: 2
[0.040s][info   ][gc     ] Using The Z Garbage Collector
[0.041s][info   ][gc,metaspace] CDS archive(s) mapped at: [0x0000000800000000-0x0000000800bd0000-0x0000000800bd0000), size 12386304, SharedBaseAddress: 0x0000000800000000, ArchiveRelocationMode: 0.
[0.041s][info   ][gc,metaspace] Compressed class space mapped at: 0x0000000800c00000-0x0000000840c00000, reserved size: 1073741824
[0.041s][info   ][gc,metaspace] Narrow klass base: 0x0000000800000000, Narrow klass shift: 0, Narrow klass range: 0x100000000
[3.292s][info   ][gc,start    ] GC(0) Garbage Collection (Warmup)
[3.292s][info   ][gc,task     ] GC(0) Using 2 workers
[3.292s][info   ][gc,phases   ] GC(0) Pause Mark Start 0.034ms
[3.354s][info   ][gc,phases   ] GC(0) Concurrent Mark 61.433ms
[3.354s][info   ][gc,phases   ] GC(0) Pause Mark End 0.029ms
[3.354s][info   ][gc,phases   ] GC(0) Concurrent Mark Free 0.002ms
[3.356s][info   ][gc,phases   ] GC(0) Concurrent Process Non-Strong References 1.055ms
[3.356s][info   ][gc,phases   ] GC(0) Concurrent Reset Relocation Set 0.001ms
[3.379s][info   ][gc,phases   ] GC(0) Concurrent Select Relocation Set 22.990ms
[3.379s][info   ][gc,phases   ] GC(0) Pause Relocate Start 0.025ms
[3.388s][info   ][gc,phases   ] GC(0) Concurrent Relocate 8.056ms
[3.388s][info   ][gc,load     ] GC(0) Load: 0.00/0.00/0.00
[3.388s][info   ][gc,mmu      ] GC(0) MMU: 2ms/98.3%, 5ms/99.3%, 10ms/99.7%, 20ms/99.8%, 50ms/99.9%, 100ms/99.9%
[3.388s][info   ][gc,marking  ] GC(0) Mark: 2 stripe(s), 2 proactive flush(es), 1 terminate flush(es), 0 completion(s), 0 continuation(s) 
[3.388s][info   ][gc,marking  ] GC(0) Mark Stack Usage: 32M
[3.388s][info   ][gc,nmethod  ] GC(0) NMethods: 346 registered, 0 unregistered
[3.388s][info   ][gc,metaspace] GC(0) Metaspace: 0M used, 0M committed, 1032M reserved
[3.388s][info   ][gc,ref      ] GC(0) Soft: 97 encountered, 0 discovered, 0 enqueued
[3.388s][info   ][gc,ref      ] GC(0) Weak: 230 encountered, 43 discovered, 43 enqueued
[3.389s][info   ][gc,ref      ] GC(0) Final: 0 encountered, 0 discovered, 0 enqueued
[3.389s][info   ][gc,ref      ] GC(0) Phantom: 17 encountered, 16 discovered, 16 enqueued
[3.389s][info   ][gc,reloc    ] GC(0) Small Pages: 16 / 32M, Empty: 0M, Relocated: 1M, In-Place: 0
[3.389s][info   ][gc,reloc    ] GC(0) Medium Pages: 1 / 8M, Empty: 0M, Relocated: 0M, In-Place: 0
[3.389s][info   ][gc,reloc    ] GC(0) Large Pages: 0 / 0M, Empty: 0M, Relocated: 0M, In-Place: 0
[3.389s][info   ][gc,reloc    ] GC(0) Forwarding Usage: 0M
[3.389s][info   ][gc,heap     ] GC(0) Min Capacity: 8M(3%)
[3.389s][info   ][gc,heap     ] GC(0) Max Capacity: 256M(100%)
[3.389s][info   ][gc,heap     ] GC(0) Soft Max Capacity: 256M(100%)
[3.389s][info   ][gc,heap     ] GC(0)                Mark Start          Mark End        Relocate Start      Relocate End           High               Low         
[3.389s][info   ][gc,heap     ] GC(0)  Capacity:      256M (100%)        256M (100%)        256M (100%)        256M (100%)        256M (100%)        256M (100%)   
[3.390s][info   ][gc,heap     ] GC(0)      Free:      216M (84%)         188M (73%)         186M (73%)         186M (73%)         216M (84%)         182M (71%)    
[3.390s][info   ][gc,heap     ] GC(0)      Used:       40M (16%)          68M (27%)          70M (27%)          70M (27%)          74M (29%)          40M (16%)    
[3.390s][info   ][gc,heap     ] GC(0)      Live:         -                28M (11%)          28M (11%)          28M (11%)            -                  -          
[3.390s][info   ][gc,heap     ] GC(0) Allocated:         -                28M (11%)          30M (12%)          30M (12%)            -                  -          
[3.390s][info   ][gc,heap     ] GC(0)   Garbage:         -                11M (5%)           11M (5%)           11M (5%)             -                  -          
[3.390s][info   ][gc,heap     ] GC(0) Reclaimed:         -                  -                 0M (0%)            0M (0%)             -                  -          
[3.390s][info   ][gc          ] GC(0) Garbage Collection (Warmup) 40M(16%)->70M(27%)
[3.497s][info   ][gc,start    ] GC(1) Garbage Collection (Warmup)
[3.497s][info   ][gc,task     ] GC(1) Using 2 workers
[3.513s][info   ][gc,phases   ] GC(1) Pause Mark Start 0.056ms
[3.530s][info   ][gc,phases   ] GC(1) Concurrent Mark 16.127ms
[3.530s][info   ][gc,phases   ] GC(1) Pause Mark End 0.037ms
[3.530s][info   ][gc,phases   ] GC(1) Concurrent Mark Free 0.003ms
[3.533s][info   ][gc,phases   ] GC(1) Concurrent Process Non-Strong References 2.777ms
[3.533s][info   ][gc,phases   ] GC(1) Concurrent Reset Relocation Set 0.003ms
[3.540s][info   ][gc,phases   ] GC(1) Concurrent Select Relocation Set 6.038ms
[3.540s][info   ][gc,phases   ] GC(1) Pause Relocate Start 0.024ms
[3.545s][info   ][gc,phases   ] GC(1) Concurrent Relocate 4.720ms
[3.545s][info   ][gc,load     ] GC(1) Load: 0.00/0.00/0.00
[3.545s][info   ][gc,mmu      ] GC(1) MMU: 2ms/97.2%, 5ms/98.9%, 10ms/99.4%, 20ms/99.5%, 50ms/99.8%, 100ms/99.9%
[3.545s][info   ][gc,marking  ] GC(1) Mark: 2 stripe(s), 2 proactive flush(es), 1 terminate flush(es), 0 completion(s), 0 continuation(s) 
[3.545s][info   ][gc,marking  ] GC(1) Mark Stack Usage: 32M
[3.545s][info   ][gc,nmethod  ] GC(1) NMethods: 347 registered, 0 unregistered
[3.546s][info   ][gc,metaspace] GC(1) Metaspace: 0M used, 0M committed, 1032M reserved
[3.546s][info   ][gc,ref      ] GC(1) Soft: 97 encountered, 0 discovered, 0 enqueued
[3.546s][info   ][gc,ref      ] GC(1) Weak: 187 encountered, 0 discovered, 0 enqueued
[3.546s][info   ][gc,ref      ] GC(1) Final: 0 encountered, 0 discovered, 0 enqueued
[3.546s][info   ][gc,ref      ] GC(1) Phantom: 1 encountered, 0 discovered, 0 enqueued
[3.546s][info   ][gc,reloc    ] GC(1) Small Pages: 27 / 54M, Empty: 44M, Relocated: 1M, In-Place: 0
[3.546s][info   ][gc,reloc    ] GC(1) Medium Pages: 2 / 16M, Empty: 8M, Relocated: 0M, In-Place: 0
[3.546s][info   ][gc,reloc    ] GC(1) Large Pages: 0 / 0M, Empty: 0M, Relocated: 0M, In-Place: 0
[3.546s][info   ][gc,reloc    ] GC(1) Forwarding Usage: 0M
[3.546s][info   ][gc,heap     ] GC(1) Min Capacity: 8M(3%)
[3.546s][info   ][gc,heap     ] GC(1) Max Capacity: 256M(100%)
[3.546s][info   ][gc,heap     ] GC(1) Soft Max Capacity: 256M(100%)
[3.546s][info   ][gc,heap     ] GC(1)                Mark Start          Mark End        Relocate Start      Relocate End           High               Low         
[3.547s][info   ][gc,heap     ] GC(1)  Capacity:      256M (100%)        256M (100%)        256M (100%)        256M (100%)        256M (100%)        256M (100%)   
[3.547s][info   ][gc,heap     ] GC(1)      Free:      186M (73%)         184M (72%)         236M (92%)         242M (95%)         242M (95%)         184M (72%)    
[3.547s][info   ][gc,heap     ] GC(1)      Used:       70M (27%)          72M (28%)          20M (8%)           14M (5%)           72M (28%)          14M (5%)     
[3.547s][info   ][gc,heap     ] GC(1)      Live:         -                 2M (1%)            2M (1%)            2M (1%)             -                  -          
[3.547s][info   ][gc,heap     ] GC(1) Allocated:         -                 2M (1%)            2M (1%)            2M (1%)             -                  -          
[3.547s][info   ][gc,heap     ] GC(1)   Garbage:         -                67M (27%)          15M (6%)            9M (4%)             -                  -          
[3.547s][info   ][gc,heap     ] GC(1) Reclaimed:         -                  -                52M (20%)          58M (23%)            -                  -          
[3.548s][info   ][gc          ] GC(1) Garbage Collection (Warmup) 70M(27%)->14M(5%)
[4.198s][info   ][gc,start    ] GC(2) Garbage Collection (Warmup)
[4.198s][info   ][gc,task     ] GC(2) Using 2 workers
[4.199s][info   ][gc,phases   ] GC(2) Pause Mark Start 0.015ms
[4.297s][info   ][gc,phases   ] GC(2) Concurrent Mark 98.567ms
[4.298s][info   ][gc,phases   ] GC(2) Pause Mark End 0.016ms
[4.298s][info   ][gc,phases   ] GC(2) Concurrent Mark Free 0.001ms
[4.299s][info   ][gc,phases   ] GC(2) Concurrent Process Non-Strong References 1.260ms
[4.299s][info   ][gc,phases   ] GC(2) Concurrent Reset Relocation Set 0.002ms
[4.304s][info   ][gc,phases   ] GC(2) Concurrent Select Relocation Set 4.470ms
[4.304s][info   ][gc,phases   ] GC(2) Pause Relocate Start 0.013ms
[4.320s][info   ][gc,phases   ] GC(2) Concurrent Relocate 15.892ms
[4.320s][info   ][gc,load     ] GC(2) Load: 0.00/0.00/0.00
[4.320s][info   ][gc,mmu      ] GC(2) MMU: 2ms/97.2%, 5ms/98.9%, 10ms/99.4%, 20ms/99.5%, 50ms/99.8%, 100ms/99.9%
[4.320s][info   ][gc,marking  ] GC(2) Mark: 2 stripe(s), 2 proactive flush(es), 1 terminate flush(es), 0 completion(s), 0 continuation(s) 
[4.320s][info   ][gc,marking  ] GC(2) Mark Stack Usage: 32M
[4.320s][info   ][gc,nmethod  ] GC(2) NMethods: 356 registered, 0 unregistered
[4.320s][info   ][gc,metaspace] GC(2) Metaspace: 0M used, 0M committed, 1032M reserved
[4.320s][info   ][gc,ref      ] GC(2) Soft: 97 encountered, 0 discovered, 0 enqueued
[4.320s][info   ][gc,ref      ] GC(2) Weak: 187 encountered, 5 discovered, 0 enqueued
[4.320s][info   ][gc,ref      ] GC(2) Final: 0 encountered, 0 discovered, 0 enqueued
[4.320s][info   ][gc,ref      ] GC(2) Phantom: 1 encountered, 0 discovered, 0 enqueued
[4.320s][info   ][gc,reloc    ] GC(2) Small Pages: 50 / 100M, Empty: 2M, Relocated: 8M, In-Place: 0
[4.320s][info   ][gc,reloc    ] GC(2) Medium Pages: 1 / 8M, Empty: 8M, Relocated: 0M, In-Place: 0
[4.320s][info   ][gc,reloc    ] GC(2) Large Pages: 2 / 4M, Empty: 2M, Relocated: 0M, In-Place: 0
[4.320s][info   ][gc,reloc    ] GC(2) Forwarding Usage: 2M
[4.320s][info   ][gc,heap     ] GC(2) Min Capacity: 8M(3%)
[4.320s][info   ][gc,heap     ] GC(2) Max Capacity: 256M(100%)
[4.320s][info   ][gc,heap     ] GC(2) Soft Max Capacity: 256M(100%)
[4.320s][info   ][gc,heap     ] GC(2)                Mark Start          Mark End        Relocate Start      Relocate End           High               Low         
[4.320s][info   ][gc,heap     ] GC(2)  Capacity:      256M (100%)        256M (100%)        256M (100%)        256M (100%)        256M (100%)        256M (100%)   
[4.320s][info   ][gc,heap     ] GC(2)      Free:      144M (56%)         142M (55%)         154M (60%)         166M (65%)         166M (65%)         142M (55%)    
[4.321s][info   ][gc,heap     ] GC(2)      Used:      112M (44%)         114M (45%)         102M (40%)          90M (35%)         114M (45%)          90M (35%)    
[4.321s][info   ][gc,heap     ] GC(2)      Live:         -                83M (33%)          83M (33%)          83M (33%)            -                  -          
[4.321s][info   ][gc,heap     ] GC(2) Allocated:         -                 2M (1%)            2M (1%)            2M (1%)             -                  -          
[4.321s][info   ][gc,heap     ] GC(2)   Garbage:         -                28M (11%)          16M (6%)            4M (2%)             -                  -          
[4.321s][info   ][gc,heap     ] GC(2) Reclaimed:         -                  -                12M (5%)           24M (9%)             -                  -          
[4.321s][info   ][gc          ] GC(2) Garbage Collection (Warmup) 112M(44%)->90M(35%)
[4.789s][info   ][gc,start    ] GC(3) Garbage Collection (Allocation Rate)
[4.789s][info   ][gc,task     ] GC(3) Using 2 workers
[4.790s][info   ][gc,phases   ] GC(3) Pause Mark Start 0.010ms
[4.853s][info   ][gc,phases   ] GC(3) Concurrent Mark 63.674ms
[4.854s][info   ][gc,phases   ] GC(3) Pause Mark End 0.024ms
[4.854s][info   ][gc,phases   ] GC(3) Concurrent Mark Free 0.001ms
[4.855s][info   ][gc,phases   ] GC(3) Concurrent Process Non-Strong References 1.515ms
[4.856s][info   ][gc,phases   ] GC(3) Concurrent Reset Relocation Set 0.005ms
[4.859s][info   ][gc,phases   ] GC(3) Concurrent Select Relocation Set 3.628ms
[4.860s][info   ][gc,phases   ] GC(3) Pause Relocate Start 0.013ms
[4.863s][info   ][gc,phases   ] GC(3) Concurrent Relocate 3.723ms
[4.864s][info   ][gc,load     ] GC(3) Load: 0.00/0.00/0.00
[4.864s][info   ][gc,mmu      ] GC(3) MMU: 2ms/97.2%, 5ms/98.9%, 10ms/99.4%, 20ms/99.5%, 50ms/99.8%, 100ms/99.9%
[4.864s][info   ][gc,marking  ] GC(3) Mark: 2 stripe(s), 1 proactive flush(es), 1 terminate flush(es), 0 completion(s), 0 continuation(s) 
[4.864s][info   ][gc,marking  ] GC(3) Mark Stack Usage: 32M
[4.864s][info   ][gc,nmethod  ] GC(3) NMethods: 356 registered, 0 unregistered
[4.864s][info   ][gc,metaspace] GC(3) Metaspace: 0M used, 0M committed, 1032M reserved
[4.864s][info   ][gc,ref      ] GC(3) Soft: 97 encountered, 0 discovered, 0 enqueued
[4.864s][info   ][gc,ref      ] GC(3) Weak: 187 encountered, 0 discovered, 0 enqueued
[4.864s][info   ][gc,ref      ] GC(3) Final: 0 encountered, 0 discovered, 0 enqueued
[4.864s][info   ][gc,ref      ] GC(3) Phantom: 1 encountered, 0 discovered, 0 enqueued
[4.864s][info   ][gc,reloc    ] GC(3) Small Pages: 91 / 182M, Empty: 128M, Relocated: 1M, In-Place: 0
[4.864s][info   ][gc,reloc    ] GC(3) Medium Pages: 0 / 0M, Empty: 0M, Relocated: 0M, In-Place: 0
[4.864s][info   ][gc,reloc    ] GC(3) Large Pages: 1 / 2M, Empty: 0M, Relocated: 0M, In-Place: 0
[4.864s][info   ][gc,reloc    ] GC(3) Forwarding Usage: 0M
[4.864s][info   ][gc,heap     ] GC(3) Min Capacity: 8M(3%)
[4.864s][info   ][gc,heap     ] GC(3) Max Capacity: 256M(100%)
[4.864s][info   ][gc,heap     ] GC(3) Soft Max Capacity: 256M(100%)
[4.864s][info   ][gc,heap     ] GC(3)                Mark Start          Mark End        Relocate Start      Relocate End           High               Low         
[4.864s][info   ][gc,heap     ] GC(3)  Capacity:      256M (100%)        256M (100%)        256M (100%)        256M (100%)        256M (100%)        256M (100%)   
[4.864s][info   ][gc,heap     ] GC(3)      Free:       72M (28%)          56M (22%)         180M (70%)         180M (70%)         184M (72%)          56M (22%)    
[4.864s][info   ][gc,heap     ] GC(3)      Used:      184M (72%)         200M (78%)          76M (30%)          76M (30%)         200M (78%)          72M (28%)    
[4.865s][info   ][gc,heap     ] GC(3)      Live:         -                50M (20%)          50M (20%)          50M (20%)            -                  -          
[4.865s][info   ][gc,heap     ] GC(3) Allocated:         -                16M (6%)           20M (8%)           21M (9%)             -                  -          
[4.865s][info   ][gc,heap     ] GC(3)   Garbage:         -               133M (52%)           5M (2%)            3M (1%)             -                  -          
[4.865s][info   ][gc,heap     ] GC(3) Reclaimed:         -                  -               128M (50%)         129M (51%)            -                  -          
[4.865s][info   ][gc          ] GC(3) Garbage Collection (Allocation Rate) 184M(72%)->76M(30%)
[5.091s][info   ][gc,start    ] GC(4) Garbage Collection (Allocation Rate)
[5.091s][info   ][gc,task     ] GC(4) Using 2 workers
[5.092s][info   ][gc,phases   ] GC(4) Pause Mark Start 0.015ms
[5.149s][info   ][gc,phases   ] GC(4) Concurrent Mark 57.545ms
[5.150s][info   ][gc,phases   ] GC(4) Pause Mark End 0.020ms
[5.150s][info   ][gc,phases   ] GC(4) Concurrent Mark Free 0.001ms
[5.151s][info   ][gc,phases   ] GC(4) Concurrent Process Non-Strong References 1.455ms
[5.151s][info   ][gc,phases   ] GC(4) Concurrent Reset Relocation Set 0.003ms
[5.155s][info   ][gc,phases   ] GC(4) Concurrent Select Relocation Set 2.971ms
[5.155s][info   ][gc,phases   ] GC(4) Pause Relocate Start 0.011ms
[5.158s][info   ][gc,phases   ] GC(4) Concurrent Relocate 2.876ms
[5.158s][info   ][gc,load     ] GC(4) Load: 0.00/0.00/0.00
[5.158s][info   ][gc,mmu      ] GC(4) MMU: 2ms/97.2%, 5ms/98.9%, 10ms/99.4%, 20ms/99.5%, 50ms/99.8%, 100ms/99.9%
[5.158s][info   ][gc,marking  ] GC(4) Mark: 2 stripe(s), 1 proactive flush(es), 1 terminate flush(es), 0 completion(s), 0 continuation(s) 
[5.158s][info   ][gc,marking  ] GC(4) Mark Stack Usage: 32M
[5.158s][info   ][gc,nmethod  ] GC(4) NMethods: 356 registered, 0 unregistered
[5.158s][info   ][gc,metaspace] GC(4) Metaspace: 0M used, 0M committed, 1032M reserved
[5.158s][info   ][gc,ref      ] GC(4) Soft: 97 encountered, 0 discovered, 0 enqueued
[5.158s][info   ][gc,ref      ] GC(4) Weak: 187 encountered, 0 discovered, 0 enqueued
[5.158s][info   ][gc,ref      ] GC(4) Final: 0 encountered, 0 discovered, 0 enqueued
[5.158s][info   ][gc,ref      ] GC(4) Phantom: 1 encountered, 0 discovered, 0 enqueued
[5.158s][info   ][gc,reloc    ] GC(4) Small Pages: 74 / 148M, Empty: 92M, Relocated: 1M, In-Place: 0
[5.158s][info   ][gc,reloc    ] GC(4) Medium Pages: 0 / 0M, Empty: 0M, Relocated: 0M, In-Place: 0
[5.158s][info   ][gc,reloc    ] GC(4) Large Pages: 1 / 2M, Empty: 0M, Relocated: 0M, In-Place: 0
[5.158s][info   ][gc,reloc    ] GC(4) Forwarding Usage: 0M
[5.158s][info   ][gc,heap     ] GC(4) Min Capacity: 8M(3%)
[5.158s][info   ][gc,heap     ] GC(4) Max Capacity: 256M(100%)
[5.158s][info   ][gc,heap     ] GC(4) Soft Max Capacity: 256M(100%)
[5.158s][info   ][gc,heap     ] GC(4)                Mark Start          Mark End        Relocate Start      Relocate End           High               Low         
[5.158s][info   ][gc,heap     ] GC(4)  Capacity:      256M (100%)        256M (100%)        256M (100%)        256M (100%)        256M (100%)        256M (100%)   
[5.158s][info   ][gc,heap     ] GC(4)      Free:      106M (41%)         106M (41%)         188M (73%)         188M (73%)         190M (74%)          96M (38%)    
[5.158s][info   ][gc,heap     ] GC(4)      Used:      150M (59%)         150M (59%)          68M (27%)          68M (27%)         160M (62%)          66M (26%)    
[5.158s][info   ][gc,heap     ] GC(4)      Live:         -                50M (20%)          50M (20%)          50M (20%)            -                  -          
[5.158s][info   ][gc,heap     ] GC(4) Allocated:         -                 0M (0%)           10M (4%)           13M (5%)             -                  -          
[5.158s][info   ][gc,heap     ] GC(4)   Garbage:         -                99M (39%)           7M (3%)            3M (1%)             -                  -          
[5.158s][info   ][gc,heap     ] GC(4) Reclaimed:         -                  -                92M (36%)          95M (37%)            -                  -          
[5.158s][info   ][gc          ] GC(4) Garbage Collection (Allocation Rate) 150M(59%)->68M(27%)
[5.586s][info   ][gc,start    ] GC(5) Garbage Collection (Allocation Rate)
[5.586s][info   ][gc,task     ] GC(5) Using 2 workers
[5.586s][info   ][gc,phases   ] GC(5) Pause Mark Start 0.012ms
[5.691s][info   ][gc,phases   ] GC(5) Concurrent Mark 104.525ms
[5.691s][info   ][gc,phases   ] GC(5) Pause Mark End 0.035ms
[5.692s][info   ][gc,phases   ] GC(5) Concurrent Mark Free 0.002ms
[5.694s][info   ][gc,phases   ] GC(5) Concurrent Process Non-Strong References 1.877ms
[5.694s][info   ][gc,phases   ] GC(5) Concurrent Reset Relocation Set 0.003ms
[5.702s][info   ][gc,phases   ] GC(5) Concurrent Select Relocation Set 7.967ms
[5.702s][info   ][gc,phases   ] GC(5) Pause Relocate Start 0.027ms
[5.719s][info   ][gc,phases   ] GC(5) Concurrent Relocate 16.854ms
[5.720s][info   ][gc,load     ] GC(5) Load: 0.00/0.00/0.00
[5.720s][info   ][gc,mmu      ] GC(5) MMU: 2ms/97.2%, 5ms/98.9%, 10ms/99.4%, 20ms/99.5%, 50ms/99.8%, 100ms/99.9%
[5.720s][info   ][gc,marking  ] GC(5) Mark: 2 stripe(s), 3 proactive flush(es), 1 terminate flush(es), 0 completion(s), 0 continuation(s) 
[5.720s][info   ][gc,marking  ] GC(5) Mark Stack Usage: 32M
[5.720s][info   ][gc,nmethod  ] GC(5) NMethods: 356 registered, 0 unregistered
[5.720s][info   ][gc,metaspace] GC(5) Metaspace: 0M used, 0M committed, 1032M reserved
[5.720s][info   ][gc,ref      ] GC(5) Soft: 97 encountered, 0 discovered, 0 enqueued
[5.720s][info   ][gc,ref      ] GC(5) Weak: 187 encountered, 4 discovered, 0 enqueued
[5.720s][info   ][gc,ref      ] GC(5) Final: 0 encountered, 0 discovered, 0 enqueued
[5.720s][info   ][gc,ref      ] GC(5) Phantom: 1 encountered, 0 discovered, 0 enqueued
[5.720s][info   ][gc,reloc    ] GC(5) Small Pages: 82 / 164M, Empty: 100M, Relocated: 6M, In-Place: 0
[5.720s][info   ][gc,reloc    ] GC(5) Medium Pages: 0 / 0M, Empty: 0M, Relocated: 0M, In-Place: 0
[5.720s][info   ][gc,reloc    ] GC(5) Large Pages: 1 / 2M, Empty: 0M, Relocated: 0M, In-Place: 0
[5.721s][info   ][gc,reloc    ] GC(5) Forwarding Usage: 2M
[5.721s][info   ][gc,heap     ] GC(5) Min Capacity: 8M(3%)
[5.721s][info   ][gc,heap     ] GC(5) Max Capacity: 256M(100%)
[5.721s][info   ][gc,heap     ] GC(5) Soft Max Capacity: 256M(100%)
[5.721s][info   ][gc,heap     ] GC(5)                Mark Start          Mark End        Relocate Start      Relocate End           High               Low         
[5.721s][info   ][gc,heap     ] GC(5)  Capacity:      256M (100%)        256M (100%)        256M (100%)        256M (100%)        256M (100%)        256M (100%)   
[5.721s][info   ][gc,heap     ] GC(5)      Free:       90M (35%)          58M (23%)         158M (62%)         176M (69%)         176M (69%)          58M (23%)    
[5.721s][info   ][gc,heap     ] GC(5)      Used:      166M (65%)         198M (77%)          98M (38%)          80M (31%)         198M (77%)          80M (31%)    
[5.721s][info   ][gc,heap     ] GC(5)      Live:         -                45M (18%)          45M (18%)          45M (18%)            -                  -          
[5.721s][info   ][gc,heap     ] GC(5) Allocated:         -                32M (12%)          32M (12%)          32M (12%)            -                  -          
[5.721s][info   ][gc,heap     ] GC(5)   Garbage:         -               120M (47%)          20M (8%)            2M (1%)             -                  -          
[5.722s][info   ][gc,heap     ] GC(5) Reclaimed:         -                  -               100M (39%)         118M (46%)            -                  -          
[5.722s][info   ][gc          ] GC(5) Garbage Collection (Allocation Rate) 166M(65%)->80M(31%)
[6.184s][info   ][gc,start    ] GC(6) Garbage Collection (Allocation Rate)
[6.184s][info   ][gc,task     ] GC(6) Using 2 workers
[6.184s][info   ][gc,phases   ] GC(6) Pause Mark Start 0.013ms
[6.256s][info   ][gc,phases   ] GC(6) Concurrent Mark 71.588ms
[6.256s][info   ][gc,phases   ] GC(6) Pause Mark End 0.017ms
[6.256s][info   ][gc,phases   ] GC(6) Concurrent Mark Free 0.002ms
[6.257s][info   ][gc,phases   ] GC(6) Concurrent Process Non-Strong References 1.203ms
[6.257s][info   ][gc,phases   ] GC(6) Concurrent Reset Relocation Set 0.003ms
[6.260s][info   ][gc,phases   ] GC(6) Concurrent Select Relocation Set 2.939ms
[6.261s][info   ][gc,phases   ] GC(6) Pause Relocate Start 0.019ms
[6.269s][info   ][gc,phases   ] GC(6) Concurrent Relocate 7.780ms
[6.269s][info   ][gc,load     ] GC(6) Load: 0.00/0.00/0.00
[6.269s][info   ][gc,mmu      ] GC(6) MMU: 2ms/97.2%, 5ms/98.9%, 10ms/99.4%, 20ms/99.5%, 50ms/99.8%, 100ms/99.9%
[6.269s][info   ][gc,marking  ] GC(6) Mark: 2 stripe(s), 2 proactive flush(es), 1 terminate flush(es), 0 completion(s), 0 continuation(s) 
[6.269s][info   ][gc,marking  ] GC(6) Mark Stack Usage: 32M
[6.269s][info   ][gc,nmethod  ] GC(6) NMethods: 357 registered, 0 unregistered
[6.269s][info   ][gc,metaspace] GC(6) Metaspace: 0M used, 0M committed, 1032M reserved
[6.269s][info   ][gc,ref      ] GC(6) Soft: 97 encountered, 0 discovered, 0 enqueued
[6.269s][info   ][gc,ref      ] GC(6) Weak: 187 encountered, 6 discovered, 0 enqueued
[6.269s][info   ][gc,ref      ] GC(6) Final: 0 encountered, 0 discovered, 0 enqueued
[6.269s][info   ][gc,ref      ] GC(6) Phantom: 1 encountered, 0 discovered, 0 enqueued
[6.269s][info   ][gc,reloc    ] GC(6) Small Pages: 63 / 126M, Empty: 70M, Relocated: 4M, In-Place: 0
[6.269s][info   ][gc,reloc    ] GC(6) Medium Pages: 0 / 0M, Empty: 0M, Relocated: 0M, In-Place: 0
[6.269s][info   ][gc,reloc    ] GC(6) Large Pages: 1 / 2M, Empty: 0M, Relocated: 0M, In-Place: 0
[6.269s][info   ][gc,reloc    ] GC(6) Forwarding Usage: 1M
[6.270s][info   ][gc,heap     ] GC(6) Min Capacity: 8M(3%)
[6.270s][info   ][gc,heap     ] GC(6) Max Capacity: 256M(100%)
[6.270s][info   ][gc,heap     ] GC(6) Soft Max Capacity: 256M(100%)
[6.270s][info   ][gc,heap     ] GC(6)                Mark Start          Mark End        Relocate Start      Relocate End           High               Low         
[6.270s][info   ][gc,heap     ] GC(6)  Capacity:      256M (100%)        256M (100%)        256M (100%)        256M (100%)        256M (100%)        256M (100%)   
[6.270s][info   ][gc,heap     ] GC(6)      Free:      128M (50%)         126M (49%)         196M (77%)         206M (80%)         206M (80%)         126M (49%)    
[6.270s][info   ][gc,heap     ] GC(6)      Used:      128M (50%)         130M (51%)          60M (23%)          50M (20%)         130M (51%)          50M (20%)    
[6.270s][info   ][gc,heap     ] GC(6)      Live:         -                46M (18%)          46M (18%)          46M (18%)            -                  -          
[6.270s][info   ][gc,heap     ] GC(6) Allocated:         -                 2M (1%)            2M (1%)            2M (1%)             -                  -          
[6.270s][info   ][gc,heap     ] GC(6)   Garbage:         -                81M (32%)          11M (5%)            1M (1%)             -                  -          
[6.270s][info   ][gc,heap     ] GC(6) Reclaimed:         -                  -                70M (27%)          80M (31%)            -                  -          
[6.270s][info   ][gc          ] GC(6) Garbage Collection (Allocation Rate) 128M(50%)->50M(20%)
[6.487s][info   ][gc,start    ] GC(7) Garbage Collection (Allocation Rate)
[6.487s][info   ][gc,task     ] GC(7) Using 2 workers
[6.487s][info   ][gc,phases   ] GC(7) Pause Mark Start 0.019ms
[6.495s][info   ][gc,phases   ] GC(7) Concurrent Mark 7.365ms
[6.495s][info   ][gc,phases   ] GC(7) Pause Mark End 0.024ms
[6.495s][info   ][gc,phases   ] GC(7) Concurrent Mark Free 0.001ms
[6.497s][info   ][gc,phases   ] GC(7) Concurrent Process Non-Strong References 1.863ms
[6.497s][info   ][gc,phases   ] GC(7) Concurrent Reset Relocation Set 0.004ms
[6.504s][info   ][gc,phases   ] GC(7) Concurrent Select Relocation Set 6.786ms
[6.504s][info   ][gc,phases   ] GC(7) Pause Relocate Start 0.027ms
[6.508s][info   ][gc,phases   ] GC(7) Concurrent Relocate 3.281ms
[6.508s][info   ][gc,load     ] GC(7) Load: 0.00/0.00/0.00
[6.508s][info   ][gc,mmu      ] GC(7) MMU: 2ms/97.2%, 5ms/98.9%, 10ms/99.4%, 20ms/99.5%, 50ms/99.8%, 100ms/99.9%
[6.508s][info   ][gc,marking  ] GC(7) Mark: 2 stripe(s), 1 proactive flush(es), 1 terminate flush(es), 0 completion(s), 0 continuation(s) 
[6.508s][info   ][gc,marking  ] GC(7) Mark Stack Usage: 32M
[6.509s][info   ][gc,nmethod  ] GC(7) NMethods: 359 registered, 0 unregistered
[6.509s][info   ][gc,metaspace] GC(7) Metaspace: 0M used, 0M committed, 1032M reserved
[6.509s][info   ][gc,ref      ] GC(7) Soft: 97 encountered, 0 discovered, 0 enqueued
[6.509s][info   ][gc,ref      ] GC(7) Weak: 187 encountered, 0 discovered, 0 enqueued
[6.509s][info   ][gc,ref      ] GC(7) Final: 0 encountered, 0 discovered, 0 enqueued
[6.509s][info   ][gc,ref      ] GC(7) Phantom: 1 encountered, 0 discovered, 0 enqueued
[6.509s][info   ][gc,reloc    ] GC(7) Small Pages: 71 / 142M, Empty: 138M, Relocated: 1M, In-Place: 0
[6.510s][info   ][gc,reloc    ] GC(7) Medium Pages: 0 / 0M, Empty: 0M, Relocated: 0M, In-Place: 0
[6.510s][info   ][gc,reloc    ] GC(7) Large Pages: 1 / 2M, Empty: 0M, Relocated: 0M, In-Place: 0
[6.510s][info   ][gc,reloc    ] GC(7) Forwarding Usage: 0M
[6.510s][info   ][gc,heap     ] GC(7) Min Capacity: 8M(3%)
[6.510s][info   ][gc,heap     ] GC(7) Max Capacity: 256M(100%)
[6.510s][info   ][gc,heap     ] GC(7) Soft Max Capacity: 256M(100%)
[6.510s][info   ][gc,heap     ] GC(7)                Mark Start          Mark End        Relocate Start      Relocate End           High               Low         
[6.511s][info   ][gc,heap     ] GC(7)  Capacity:      256M (100%)        256M (100%)        256M (100%)        256M (100%)        256M (100%)        256M (100%)   
[6.511s][info   ][gc,heap     ] GC(7)      Free:      112M (44%)         112M (44%)         250M (98%)         250M (98%)         250M (98%)         112M (44%)    
[6.511s][info   ][gc,heap     ] GC(7)      Used:      144M (56%)         144M (56%)           6M (2%)            6M (2%)          144M (56%)           6M (2%)     
[6.512s][info   ][gc,heap     ] GC(7)      Live:         -                 3M (1%)            3M (1%)            3M (1%)             -                  -          
[6.512s][info   ][gc,heap     ] GC(7) Allocated:         -                 0M (0%)            0M (0%)            0M (0%)             -                  -          
[6.512s][info   ][gc,heap     ] GC(7)   Garbage:         -               140M (55%)           2M (1%)            2M (1%)             -                  -          
[6.513s][info   ][gc,heap     ] GC(7) Reclaimed:         -                  -               138M (54%)         138M (54%)            -                  -          
[6.513s][info   ][gc          ] GC(7) Garbage Collection (Allocation Rate) 144M(56%)->6M(2%)
[7.185s][info   ][gc,start    ] GC(8) Garbage Collection (Allocation Rate)
[7.185s][info   ][gc,task     ] GC(8) Using 2 workers
[7.185s][info   ][gc,phases   ] GC(8) Pause Mark Start 0.016ms
[7.214s][info   ][gc,phases   ] GC(8) Concurrent Mark 29.377ms
[7.215s][info   ][gc,phases   ] GC(8) Pause Mark End 0.030ms
[7.215s][info   ][gc,phases   ] GC(8) Concurrent Mark Free 0.002ms
[7.217s][info   ][gc,phases   ] GC(8) Concurrent Process Non-Strong References 1.851ms
[7.217s][info   ][gc,phases   ] GC(8) Concurrent Reset Relocation Set 0.002ms
[7.224s][info   ][gc,phases   ] GC(8) Concurrent Select Relocation Set 6.594ms
[7.224s][info   ][gc,phases   ] GC(8) Pause Relocate Start 0.023ms
[7.231s][info   ][gc,phases   ] GC(8) Concurrent Relocate 6.586ms
[7.231s][info   ][gc,load     ] GC(8) Load: 0.00/0.00/0.00
[7.231s][info   ][gc,mmu      ] GC(8) MMU: 2ms/97.2%, 5ms/98.9%, 10ms/99.4%, 20ms/99.5%, 50ms/99.8%, 100ms/99.9%
[7.231s][info   ][gc,marking  ] GC(8) Mark: 2 stripe(s), 2 proactive flush(es), 1 terminate flush(es), 0 completion(s), 0 continuation(s) 
[7.232s][info   ][gc,marking  ] GC(8) Mark Stack Usage: 32M
[7.232s][info   ][gc,nmethod  ] GC(8) NMethods: 359 registered, 0 unregistered
[7.232s][info   ][gc,metaspace] GC(8) Metaspace: 0M used, 0M committed, 1032M reserved
[7.232s][info   ][gc,ref      ] GC(8) Soft: 97 encountered, 0 discovered, 0 enqueued
[7.232s][info   ][gc,ref      ] GC(8) Weak: 187 encountered, 5 discovered, 0 enqueued
[7.232s][info   ][gc,ref      ] GC(8) Final: 0 encountered, 0 discovered, 0 enqueued
[7.232s][info   ][gc,ref      ] GC(8) Phantom: 1 encountered, 0 discovered, 0 enqueued
[7.232s][info   ][gc,reloc    ] GC(8) Small Pages: 74 / 148M, Empty: 122M, Relocated: 3M, In-Place: 0
[7.232s][info   ][gc,reloc    ] GC(8) Medium Pages: 0 / 0M, Empty: 0M, Relocated: 0M, In-Place: 0
[7.232s][info   ][gc,reloc    ] GC(8) Large Pages: 1 / 2M, Empty: 0M, Relocated: 0M, In-Place: 0
[7.232s][info   ][gc,reloc    ] GC(8) Forwarding Usage: 0M
[7.232s][info   ][gc,heap     ] GC(8) Min Capacity: 8M(3%)
[7.232s][info   ][gc,heap     ] GC(8) Max Capacity: 256M(100%)
[7.232s][info   ][gc,heap     ] GC(8) Soft Max Capacity: 256M(100%)
[7.233s][info   ][gc,heap     ] GC(8)                Mark Start          Mark End        Relocate Start      Relocate End           High               Low         
[7.233s][info   ][gc,heap     ] GC(8)  Capacity:      256M (100%)        256M (100%)        256M (100%)        256M (100%)        256M (100%)        256M (100%)   
[7.233s][info   ][gc,heap     ] GC(8)      Free:      106M (41%)         104M (41%)         226M (88%)         238M (93%)         238M (93%)         104M (41%)    
[7.233s][info   ][gc,heap     ] GC(8)      Used:      150M (59%)         152M (59%)          30M (12%)          18M (7%)          152M (59%)          18M (7%)     
[7.233s][info   ][gc,heap     ] GC(8)      Live:         -                14M (5%)           14M (5%)           14M (5%)             -                  -          
[7.233s][info   ][gc,heap     ] GC(8) Allocated:         -                 2M (1%)            2M (1%)            2M (1%)             -                  -          
[7.233s][info   ][gc,heap     ] GC(8)   Garbage:         -               135M (53%)          13M (5%)            1M (1%)             -                  -          
[7.233s][info   ][gc,heap     ] GC(8) Reclaimed:         -                  -               122M (48%)         134M (52%)            -                  -          
[7.233s][info   ][gc          ] GC(8) Garbage Collection (Allocation Rate) 150M(59%)->18M(7%)
[7.984s][info   ][gc,start    ] GC(9) Garbage Collection (Allocation Rate)
[7.984s][info   ][gc,task     ] GC(9) Using 1 workers
[7.984s][info   ][gc,phases   ] GC(9) Pause Mark Start 0.011ms
[8.019s][info   ][gc,phases   ] GC(9) Concurrent Mark 34.752ms
[8.019s][info   ][gc,phases   ] GC(9) Pause Mark End 0.020ms
[8.019s][info   ][gc,phases   ] GC(9) Concurrent Mark Free 0.001ms
[8.020s][info   ][gc,phases   ] GC(9) Concurrent Process Non-Strong References 1.505ms
[8.020s][info   ][gc,phases   ] GC(9) Concurrent Reset Relocation Set 0.002ms
[8.022s][info   ][gc,phases   ] GC(9) Concurrent Select Relocation Set 1.929ms
[8.023s][info   ][gc,phases   ] GC(9) Pause Relocate Start 0.012ms
[8.024s][info   ][gc,phases   ] GC(9) Concurrent Relocate 1.428ms
[8.024s][info   ][gc,load     ] GC(9) Load: 0.00/0.00/0.00
[8.024s][info   ][gc,mmu      ] GC(9) MMU: 2ms/97.2%, 5ms/98.9%, 10ms/99.4%, 20ms/99.5%, 50ms/99.8%, 100ms/99.9%
[8.024s][info   ][gc,marking  ] GC(9) Mark: 1 stripe(s), 2 proactive flush(es), 1 terminate flush(es), 0 completion(s), 0 continuation(s) 
[8.024s][info   ][gc,marking  ] GC(9) Mark Stack Usage: 32M
[8.024s][info   ][gc,nmethod  ] GC(9) NMethods: 359 registered, 0 unregistered
[8.024s][info   ][gc,metaspace] GC(9) Metaspace: 0M used, 0M committed, 1032M reserved
[8.024s][info   ][gc,ref      ] GC(9) Soft: 97 encountered, 0 discovered, 0 enqueued
[8.024s][info   ][gc,ref      ] GC(9) Weak: 187 encountered, 0 discovered, 0 enqueued
[8.024s][info   ][gc,ref      ] GC(9) Final: 0 encountered, 0 discovered, 0 enqueued
[8.024s][info   ][gc,ref      ] GC(9) Phantom: 1 encountered, 0 discovered, 0 enqueued
[8.024s][info   ][gc,reloc    ] GC(9) Small Pages: 79 / 158M, Empty: 122M, Relocated: 1M, In-Place: 0
[8.024s][info   ][gc,reloc    ] GC(9) Medium Pages: 0 / 0M, Empty: 0M, Relocated: 0M, In-Place: 0
[8.024s][info   ][gc,reloc    ] GC(9) Large Pages: 1 / 2M, Empty: 0M, Relocated: 0M, In-Place: 0
[8.024s][info   ][gc,reloc    ] GC(9) Forwarding Usage: 0M
[8.024s][info   ][gc,heap     ] GC(9) Min Capacity: 8M(3%)
[8.024s][info   ][gc,heap     ] GC(9) Max Capacity: 256M(100%)
[8.024s][info   ][gc,heap     ] GC(9) Soft Max Capacity: 256M(100%)
[8.024s][info   ][gc,heap     ] GC(9)                Mark Start          Mark End        Relocate Start      Relocate End           High               Low         
[8.024s][info   ][gc,heap     ] GC(9)  Capacity:      256M (100%)        256M (100%)        256M (100%)        256M (100%)        256M (100%)        256M (100%)   
[8.024s][info   ][gc,heap     ] GC(9)      Free:       96M (38%)          94M (37%)         216M (84%)         220M (86%)         220M (86%)          94M (37%)    
[8.024s][info   ][gc,heap     ] GC(9)      Used:      160M (62%)         162M (63%)          40M (16%)          36M (14%)         162M (63%)          36M (14%)    
[8.024s][info   ][gc,heap     ] GC(9)      Live:         -                32M (13%)          32M (13%)          32M (13%)            -                  -          
[8.024s][info   ][gc,heap     ] GC(9) Allocated:         -                 2M (1%)            2M (1%)            2M (1%)             -                  -          
[8.024s][info   ][gc,heap     ] GC(9)   Garbage:         -               127M (50%)           5M (2%)            1M (0%)             -                  -          
[8.024s][info   ][gc,heap     ] GC(9) Reclaimed:         -                  -               122M (48%)         126M (49%)            -                  -          
[8.025s][info   ][gc          ] GC(9) Garbage Collection (Allocation Rate) 160M(62%)->36M(14%)
[8.485s][info   ][gc,start    ] GC(10) Garbage Collection (Allocation Rate)
[8.485s][info   ][gc,task     ] GC(10) Using 1 workers
[8.485s][info   ][gc,phases   ] GC(10) Pause Mark Start 0.008ms
[8.556s][info   ][gc,phases   ] GC(10) Concurrent Mark 70.569ms
[8.556s][info   ][gc,phases   ] GC(10) Pause Mark End 0.013ms
[8.556s][info   ][gc,phases   ] GC(10) Concurrent Mark Free 0.001ms
[8.558s][info   ][gc,phases   ] GC(10) Concurrent Process Non-Strong References 1.588ms
[8.558s][info   ][gc,phases   ] GC(10) Concurrent Reset Relocation Set 0.002ms
[8.560s][info   ][gc,phases   ] GC(10) Concurrent Select Relocation Set 2.340ms
[8.561s][info   ][gc,phases   ] GC(10) Pause Relocate Start 0.012ms
[8.562s][info   ][gc,phases   ] GC(10) Concurrent Relocate 1.202ms
[8.562s][info   ][gc,load     ] GC(10) Load: 0.00/0.00/0.00
[8.562s][info   ][gc,mmu      ] GC(10) MMU: 2ms/97.2%, 5ms/98.9%, 10ms/99.4%, 20ms/99.5%, 50ms/99.8%, 100ms/99.9%
[8.562s][info   ][gc,marking  ] GC(10) Mark: 1 stripe(s), 1 proactive flush(es), 1 terminate flush(es), 0 completion(s), 0 continuation(s) 
[8.562s][info   ][gc,marking  ] GC(10) Mark Stack Usage: 32M
[8.562s][info   ][gc,nmethod  ] GC(10) NMethods: 360 registered, 0 unregistered
[8.562s][info   ][gc,metaspace] GC(10) Metaspace: 0M used, 0M committed, 1032M reserved
[8.562s][info   ][gc,ref      ] GC(10) Soft: 97 encountered, 0 discovered, 0 enqueued
[8.562s][info   ][gc,ref      ] GC(10) Weak: 187 encountered, 0 discovered, 0 enqueued
[8.562s][info   ][gc,ref      ] GC(10) Final: 0 encountered, 0 discovered, 0 enqueued
[8.562s][info   ][gc,ref      ] GC(10) Phantom: 1 encountered, 0 discovered, 0 enqueued
[8.562s][info   ][gc,reloc    ] GC(10) Small Pages: 88 / 176M, Empty: 124M, Relocated: 1M, In-Place: 0
[8.562s][info   ][gc,reloc    ] GC(10) Medium Pages: 0 / 0M, Empty: 0M, Relocated: 0M, In-Place: 0
[8.562s][info   ][gc,reloc    ] GC(10) Large Pages: 1 / 2M, Empty: 0M, Relocated: 0M, In-Place: 0
[8.562s][info   ][gc,reloc    ] GC(10) Forwarding Usage: 0M
[8.562s][info   ][gc,heap     ] GC(10) Min Capacity: 8M(3%)
[8.562s][info   ][gc,heap     ] GC(10) Max Capacity: 256M(100%)
[8.562s][info   ][gc,heap     ] GC(10) Soft Max Capacity: 256M(100%)
[8.562s][info   ][gc,heap     ] GC(10)                Mark Start          Mark End        Relocate Start      Relocate End           High               Low         
[8.562s][info   ][gc,heap     ] GC(10)  Capacity:      256M (100%)        256M (100%)        256M (100%)        256M (100%)        256M (100%)        256M (100%)   
[8.562s][info   ][gc,heap     ] GC(10)      Free:       78M (30%)          32M (12%)         154M (60%)         156M (61%)         156M (61%)          30M (12%)    
[8.562s][info   ][gc,heap     ] GC(10)      Used:      178M (70%)         224M (88%)         102M (40%)         100M (39%)         226M (88%)         100M (39%)    
[8.562s][info   ][gc,heap     ] GC(10)      Live:         -                50M (20%)          50M (20%)          50M (20%)            -                  -          
[8.562s][info   ][gc,heap     ] GC(10) Allocated:         -                46M (18%)          48M (19%)          48M (19%)            -                  -          
[8.562s][info   ][gc,heap     ] GC(10)   Garbage:         -               127M (50%)           3M (1%)            1M (1%)             -                  -          
[8.563s][info   ][gc,heap     ] GC(10) Reclaimed:         -                  -               124M (48%)         126M (49%)            -                  -          
[8.563s][info   ][gc          ] GC(10) Garbage Collection (Allocation Rate) 178M(70%)->100M(39%)
[8.884s][info   ][gc,start    ] GC(11) Garbage Collection (Allocation Rate)
[8.884s][info   ][gc,task     ] GC(11) Using 1 workers
[8.885s][info   ][gc,phases   ] GC(11) Pause Mark Start 0.015ms
[8.993s][info   ][gc,phases   ] GC(11) Concurrent Mark 108.001ms
[8.993s][info   ][gc,phases   ] GC(11) Pause Mark End 0.018ms
[8.993s][info   ][gc,phases   ] GC(11) Concurrent Mark Free 0.001ms
[8.995s][info   ][gc,phases   ] GC(11) Concurrent Process Non-Strong References 2.121ms
[8.995s][info   ][gc,phases   ] GC(11) Concurrent Reset Relocation Set 0.002ms
[8.999s][info   ][gc,phases   ] GC(11) Concurrent Select Relocation Set 3.224ms
[8.999s][info   ][gc,phases   ] GC(11) Pause Relocate Start 0.034ms
[9.002s][info   ][gc,phases   ] GC(11) Concurrent Relocate 3.365ms
[9.003s][info   ][gc,load     ] GC(11) Load: 0.00/0.00/0.00
[9.003s][info   ][gc,mmu      ] GC(11) MMU: 2ms/97.2%, 5ms/98.9%, 10ms/99.4%, 20ms/99.5%, 50ms/99.8%, 100ms/99.9%
[9.003s][info   ][gc,marking  ] GC(11) Mark: 1 stripe(s), 2 proactive flush(es), 1 terminate flush(es), 0 completion(s), 0 continuation(s) 
[9.003s][info   ][gc,marking  ] GC(11) Mark Stack Usage: 32M
[9.003s][info   ][gc,nmethod  ] GC(11) NMethods: 360 registered, 0 unregistered
[9.003s][info   ][gc,metaspace] GC(11) Metaspace: 0M used, 0M committed, 1032M reserved
[9.003s][info   ][gc,ref      ] GC(11) Soft: 97 encountered, 0 discovered, 0 enqueued
[9.003s][info   ][gc,ref      ] GC(11) Weak: 187 encountered, 0 discovered, 0 enqueued
[9.003s][info   ][gc,ref      ] GC(11) Final: 0 encountered, 0 discovered, 0 enqueued
[9.003s][info   ][gc,ref      ] GC(11) Phantom: 1 encountered, 0 discovered, 0 enqueued
[9.003s][info   ][gc,reloc    ] GC(11) Small Pages: 73 / 146M, Empty: 94M, Relocated: 1M, In-Place: 0
[9.003s][info   ][gc,reloc    ] GC(11) Medium Pages: 0 / 0M, Empty: 0M, Relocated: 0M, In-Place: 0
[9.003s][info   ][gc,reloc    ] GC(11) Large Pages: 1 / 2M, Empty: 0M, Relocated: 0M, In-Place: 0
[9.003s][info   ][gc,reloc    ] GC(11) Forwarding Usage: 0M
[9.003s][info   ][gc,heap     ] GC(11) Min Capacity: 8M(3%)
[9.003s][info   ][gc,heap     ] GC(11) Max Capacity: 256M(100%)
[9.003s][info   ][gc,heap     ] GC(11) Soft Max Capacity: 256M(100%)
[9.003s][info   ][gc,heap     ] GC(11)                Mark Start          Mark End        Relocate Start      Relocate End           High               Low         
[9.003s][info   ][gc,heap     ] GC(11)  Capacity:      256M (100%)        256M (100%)        256M (100%)        256M (100%)        256M (100%)        256M (100%)   
[9.003s][info   ][gc,heap     ] GC(11)      Free:      108M (42%)          60M (23%)         154M (60%)         156M (61%)         156M (61%)          60M (23%)    
[9.003s][info   ][gc,heap     ] GC(11)      Used:      148M (58%)         196M (77%)         102M (40%)         100M (39%)         196M (77%)         100M (39%)    
[9.003s][info   ][gc,heap     ] GC(11)      Live:         -                50M (20%)          50M (20%)          50M (20%)            -                  -          
[9.003s][info   ][gc,heap     ] GC(11) Allocated:         -                48M (19%)          48M (19%)          48M (19%)            -                  -          
[9.003s][info   ][gc,heap     ] GC(11)   Garbage:         -                97M (38%)           3M (1%)            1M (1%)             -                  -          
[9.003s][info   ][gc,heap     ] GC(11) Reclaimed:         -                  -                94M (37%)          96M (38%)            -                  -          
[9.003s][info   ][gc          ] GC(11) Garbage Collection (Allocation Rate) 148M(58%)->100M(39%)
[9.084s][info   ][gc,start    ] GC(12) Garbage Collection (Allocation Rate)
[9.085s][info   ][gc,task     ] GC(12) Using 2 workers
[9.085s][info   ][gc,phases   ] GC(12) Pause Mark Start 0.034ms
[9.142s][info   ][gc,phases   ] GC(12) Concurrent Mark 56.496ms
[9.142s][info   ][gc,phases   ] GC(12) Pause Mark End 0.021ms
[9.142s][info   ][gc,phases   ] GC(12) Concurrent Mark Free 0.001ms
[9.143s][info   ][gc,phases   ] GC(12) Concurrent Process Non-Strong References 0.977ms
[9.143s][info   ][gc,phases   ] GC(12) Concurrent Reset Relocation Set 0.002ms
[9.148s][info   ][gc,phases   ] GC(12) Concurrent Select Relocation Set 4.314ms
[9.148s][info   ][gc,phases   ] GC(12) Pause Relocate Start 0.016ms
[9.160s][info   ][gc,phases   ] GC(12) Concurrent Relocate 12.136ms
[9.160s][info   ][gc,load     ] GC(12) Load: 0.00/0.00/0.00
[9.161s][info   ][gc,mmu      ] GC(12) MMU: 2ms/97.2%, 5ms/98.9%, 10ms/99.4%, 20ms/99.5%, 50ms/99.8%, 100ms/99.9%
[9.161s][info   ][gc,marking  ] GC(12) Mark: 2 stripe(s), 1 proactive flush(es), 1 terminate flush(es), 0 completion(s), 0 continuation(s) 
[9.161s][info   ][gc,marking  ] GC(12) Mark Stack Usage: 32M
[9.161s][info   ][gc,nmethod  ] GC(12) NMethods: 362 registered, 0 unregistered
[9.161s][info   ][gc,metaspace] GC(12) Metaspace: 0M used, 0M committed, 1032M reserved
[9.161s][info   ][gc,ref      ] GC(12) Soft: 97 encountered, 0 discovered, 0 enqueued
[9.161s][info   ][gc,ref      ] GC(12) Weak: 187 encountered, 0 discovered, 0 enqueued
[9.161s][info   ][gc,ref      ] GC(12) Final: 0 encountered, 0 discovered, 0 enqueued
[9.161s][info   ][gc,ref      ] GC(12) Phantom: 1 encountered, 0 discovered, 0 enqueued
[9.161s][info   ][gc,reloc    ] GC(12) Small Pages: 73 / 146M, Empty: 86M, Relocated: 6M, In-Place: 0
[9.161s][info   ][gc,reloc    ] GC(12) Medium Pages: 0 / 0M, Empty: 0M, Relocated: 0M, In-Place: 0
[9.161s][info   ][gc,reloc    ] GC(12) Large Pages: 2 / 6M, Empty: 2M, Relocated: 0M, In-Place: 0
[9.161s][info   ][gc,reloc    ] GC(12) Forwarding Usage: 2M
[9.161s][info   ][gc,heap     ] GC(12) Min Capacity: 8M(3%)
[9.161s][info   ][gc,heap     ] GC(12) Max Capacity: 256M(100%)
[9.161s][info   ][gc,heap     ] GC(12) Soft Max Capacity: 256M(100%)
[9.161s][info   ][gc,heap     ] GC(12)                Mark Start          Mark End        Relocate Start      Relocate End           High               Low         
[9.161s][info   ][gc,heap     ] GC(12)  Capacity:      256M (100%)        256M (100%)        256M (100%)        256M (100%)        256M (100%)        256M (100%)   
[9.161s][info   ][gc,heap     ] GC(12)      Free:      104M (41%)         102M (40%)         190M (74%)         226M (88%)         226M (88%)         102M (40%)    
[9.161s][info   ][gc,heap     ] GC(12)      Used:      152M (59%)         154M (60%)          66M (26%)          30M (12%)         154M (60%)          30M (12%)    
[9.161s][info   ][gc,heap     ] GC(12)      Live:         -                26M (10%)          26M (10%)          26M (10%)            -                  -          
[9.161s][info   ][gc,heap     ] GC(12) Allocated:         -                 2M (1%)            2M (1%)            1M (1%)             -                  -          
[9.161s][info   ][gc,heap     ] GC(12)   Garbage:         -               125M (49%)          37M (15%)           1M (1%)             -                  -          
[9.161s][info   ][gc,heap     ] GC(12) Reclaimed:         -                  -                88M (34%)         123M (48%)            -                  -          
[9.161s][info   ][gc          ] GC(12) Garbage Collection (Allocation Rate) 152M(59%)->30M(12%)
[9.584s][info   ][gc,start    ] GC(13) Garbage Collection (Allocation Rate)
[9.585s][info   ][gc,task     ] GC(13) Using 1 workers
[9.585s][info   ][gc,phases   ] GC(13) Pause Mark Start 0.019ms
[9.636s][info   ][gc,phases   ] GC(13) Concurrent Mark 50.841ms
[9.636s][info   ][gc,phases   ] GC(13) Pause Mark End 0.010ms
[9.636s][info   ][gc,phases   ] GC(13) Concurrent Mark Free 0.001ms
[9.637s][info   ][gc,phases   ] GC(13) Concurrent Process Non-Strong References 1.156ms
[9.637s][info   ][gc,phases   ] GC(13) Concurrent Reset Relocation Set 0.004ms
[9.639s][info   ][gc,phases   ] GC(13) Concurrent Select Relocation Set 2.158ms
[9.640s][info   ][gc,phases   ] GC(13) Pause Relocate Start 0.009ms
[9.641s][info   ][gc,phases   ] GC(13) Concurrent Relocate 1.371ms
[9.641s][info   ][gc,load     ] GC(13) Load: 0.00/0.00/0.00
[9.641s][info   ][gc,mmu      ] GC(13) MMU: 2ms/97.2%, 5ms/98.9%, 10ms/99.4%, 20ms/99.5%, 50ms/99.8%, 100ms/99.9%
[9.641s][info   ][gc,marking  ] GC(13) Mark: 1 stripe(s), 1 proactive flush(es), 1 terminate flush(es), 0 completion(s), 0 continuation(s) 
[9.641s][info   ][gc,marking  ] GC(13) Mark Stack Usage: 32M
[9.641s][info   ][gc,nmethod  ] GC(13) NMethods: 365 registered, 0 unregistered
[9.641s][info   ][gc,metaspace] GC(13) Metaspace: 0M used, 0M committed, 1032M reserved
[9.641s][info   ][gc,ref      ] GC(13) Soft: 97 encountered, 0 discovered, 0 enqueued
[9.641s][info   ][gc,ref      ] GC(13) Weak: 187 encountered, 0 discovered, 0 enqueued
[9.641s][info   ][gc,ref      ] GC(13) Final: 0 encountered, 0 discovered, 0 enqueued
[9.641s][info   ][gc,ref      ] GC(13) Phantom: 1 encountered, 0 discovered, 0 enqueued
[9.641s][info   ][gc,reloc    ] GC(13) Small Pages: 60 / 120M, Empty: 64M, Relocated: 1M, In-Place: 0
[9.641s][info   ][gc,reloc    ] GC(13) Medium Pages: 0 / 0M, Empty: 0M, Relocated: 0M, In-Place: 0
[9.641s][info   ][gc,reloc    ] GC(13) Large Pages: 1 / 4M, Empty: 0M, Relocated: 0M, In-Place: 0
[9.641s][info   ][gc,reloc    ] GC(13) Forwarding Usage: 0M
[9.641s][info   ][gc,heap     ] GC(13) Min Capacity: 8M(3%)
[9.641s][info   ][gc,heap     ] GC(13) Max Capacity: 256M(100%)
[9.641s][info   ][gc,heap     ] GC(13) Soft Max Capacity: 256M(100%)
[9.641s][info   ][gc,heap     ] GC(13)                Mark Start          Mark End        Relocate Start      Relocate End           High               Low         
[9.641s][info   ][gc,heap     ] GC(13)  Capacity:      256M (100%)        256M (100%)        256M (100%)        256M (100%)        256M (100%)        256M (100%)   
[9.641s][info   ][gc,heap     ] GC(13)      Free:      132M (52%)          90M (35%)         148M (58%)         154M (60%)         154M (60%)          84M (33%)    
[9.641s][info   ][gc,heap     ] GC(13)      Used:      124M (48%)         166M (65%)         108M (42%)         102M (40%)         172M (67%)         102M (40%)    
[9.641s][info   ][gc,heap     ] GC(13)      Live:         -                52M (20%)          52M (20%)          52M (20%)            -                  -          
[9.641s][info   ][gc,heap     ] GC(13) Allocated:         -                42M (16%)          48M (19%)          47M (19%)            -                  -          
[9.641s][info   ][gc,heap     ] GC(13)   Garbage:         -                71M (28%)           7M (3%)            1M (1%)             -                  -          
[9.642s][info   ][gc,heap     ] GC(13) Reclaimed:         -                  -                64M (25%)          69M (27%)            -                  -          
[9.642s][info   ][gc          ] GC(13) Garbage Collection (Allocation Rate) 124M(48%)->102M(40%)
[9.784s][info   ][gc,start    ] GC(14) Garbage Collection (Allocation Rate)
[9.785s][info   ][gc,task     ] GC(14) Using 1 workers
[9.786s][info   ][gc,phases   ] GC(14) Pause Mark Start 0.086ms
[9.849s][info   ][gc,phases   ] GC(14) Concurrent Mark 62.262ms
[9.849s][info   ][gc,phases   ] GC(14) Pause Mark End 0.057ms
[9.850s][info   ][gc,phases   ] GC(14) Concurrent Mark Free 0.002ms
[9.857s][info   ][gc,phases   ] GC(14) Concurrent Process Non-Strong References 7.018ms
[9.857s][info   ][gc,phases   ] GC(14) Concurrent Reset Relocation Set 0.002ms
[9.862s][info   ][gc,phases   ] GC(14) Concurrent Select Relocation Set 4.923ms
[9.862s][info   ][gc,phases   ] GC(14) Pause Relocate Start 0.026ms
[9.864s][info   ][gc,phases   ] GC(14) Concurrent Relocate 1.493ms
[9.864s][info   ][gc,load     ] GC(14) Load: 0.00/0.00/0.00
[9.865s][info   ][gc,mmu      ] GC(14) MMU: 2ms/95.7%, 5ms/98.3%, 10ms/99.1%, 20ms/99.5%, 50ms/99.8%, 100ms/99.8%
[9.865s][info   ][gc,marking  ] GC(14) Mark: 1 stripe(s), 2 proactive flush(es), 1 terminate flush(es), 0 completion(s), 0 continuation(s) 
[9.865s][info   ][gc,marking  ] GC(14) Mark Stack Usage: 32M
[9.865s][info   ][gc,nmethod  ] GC(14) NMethods: 365 registered, 0 unregistered
[9.865s][info   ][gc,metaspace] GC(14) Metaspace: 0M used, 0M committed, 1032M reserved
[9.865s][info   ][gc,ref      ] GC(14) Soft: 97 encountered, 0 discovered, 0 enqueued
[9.865s][info   ][gc,ref      ] GC(14) Weak: 187 encountered, 0 discovered, 0 enqueued
[9.865s][info   ][gc,ref      ] GC(14) Final: 0 encountered, 0 discovered, 0 enqueued
[9.865s][info   ][gc,ref      ] GC(14) Phantom: 1 encountered, 0 discovered, 0 enqueued
[9.865s][info   ][gc,reloc    ] GC(14) Small Pages: 73 / 146M, Empty: 138M, Relocated: 0M, In-Place: 0
[9.865s][info   ][gc,reloc    ] GC(14) Medium Pages: 0 / 0M, Empty: 0M, Relocated: 0M, In-Place: 0
[9.865s][info   ][gc,reloc    ] GC(14) Large Pages: 1 / 4M, Empty: 0M, Relocated: 0M, In-Place: 0
[9.865s][info   ][gc,reloc    ] GC(14) Forwarding Usage: 0M
[9.866s][info   ][gc,heap     ] GC(14) Min Capacity: 8M(3%)
[9.866s][info   ][gc,heap     ] GC(14) Max Capacity: 256M(100%)
[9.866s][info   ][gc,heap     ] GC(14) Soft Max Capacity: 256M(100%)
[9.866s][info   ][gc,heap     ] GC(14)                Mark Start          Mark End        Relocate Start      Relocate End           High               Low         
[9.866s][info   ][gc,heap     ] GC(14)  Capacity:      256M (100%)        256M (100%)        256M (100%)        256M (100%)        256M (100%)        256M (100%)   
[9.866s][info   ][gc,heap     ] GC(14)      Free:      106M (41%)         104M (41%)         242M (95%)         244M (95%)         244M (95%)         104M (41%)    
[9.866s][info   ][gc,heap     ] GC(14)      Used:      150M (59%)         152M (59%)          14M (5%)           12M (5%)          152M (59%)          12M (5%)     
[9.866s][info   ][gc,heap     ] GC(14)      Live:         -                 8M (3%)            8M (3%)            8M (3%)             -                  -          
[9.866s][info   ][gc,heap     ] GC(14) Allocated:         -                 2M (1%)            2M (1%)            2M (1%)             -                  -          
[9.866s][info   ][gc,heap     ] GC(14)   Garbage:         -               141M (55%)           3M (2%)            1M (1%)             -                  -          
[9.866s][info   ][gc,heap     ] GC(14) Reclaimed:         -                  -               138M (54%)         140M (55%)            -                  -          
[9.866s][info   ][gc          ] GC(14) Garbage Collection (Allocation Rate) 150M(59%)->12M(5%)
[10.084s][info   ][gc,stats    ] === Garbage Collection Statistics =======================================================================================================================
[10.085s][info   ][gc,stats    ]                                                              Last 10s              Last 10m              Last 10h                Total
[10.085s][info   ][gc,stats    ]                                                              Avg / Max             Avg / Max             Avg / Max             Avg / Max
[10.085s][info   ][gc,stats    ]   Collector: Garbage Collection Cycle                     76.151 / 133.746      76.151 / 133.746      76.151 / 133.746      76.151 / 133.746     ms
[10.085s][info   ][gc,stats    ]  Contention: Mark Segment Reset Contention                     0 / 4                 0 / 4                 0 / 4                 0 / 4           ops/s
[10.085s][info   ][gc,stats    ]  Contention: Mark SeqNum Reset Contention                      0 / 1                 0 / 1                 0 / 1                 0 / 1           ops/s
[10.085s][info   ][gc,stats    ]    Critical: Allocation Stall                                  0 / 0                 0 / 0                 0 / 0                 0 / 0           ops/s
[10.085s][info   ][gc,stats    ]    Critical: Allocation Stall                              0.000 / 0.000         0.000 / 0.000         0.000 / 0.000         0.000 / 0.000       ms
[10.085s][info   ][gc,stats    ]    Critical: GC Locker Stall                                   0 / 0                 0 / 0                 0 / 0                 0 / 0           ops/s
[10.085s][info   ][gc,stats    ]    Critical: GC Locker Stall                               0.000 / 0.000         0.000 / 0.000         0.000 / 0.000         0.000 / 0.000       ms
[10.085s][info   ][gc,stats    ]    Critical: Relocation Stall                                  0 / 0                 0 / 0                 0 / 0                 0 / 0           ops/s
[10.085s][info   ][gc,stats    ]    Critical: Relocation Stall                              0.000 / 0.000         0.000 / 0.000         0.000 / 0.000         0.000 / 0.000       ms
[10.085s][info   ][gc,stats    ]      Memory: Allocation Rate                                 155 / 338             155 / 338             155 / 338             155 / 338         MB/s
[10.085s][info   ][gc,stats    ]      Memory: Out Of Memory                                     0 / 0                 0 / 0                 0 / 0                 0 / 0           ops/s
[10.085s][info   ][gc,stats    ]      Memory: Page Cache Flush                                  0 / 0                 0 / 0                 0 / 0                 0 / 0           MB/s
[10.085s][info   ][gc,stats    ]      Memory: Page Cache Hit L1                                69 / 156              69 / 156              69 / 156              69 / 156         ops/s
[10.085s][info   ][gc,stats    ]      Memory: Page Cache Hit L2                                 0 / 0                 0 / 0                 0 / 0                 0 / 0           ops/s
[10.085s][info   ][gc,stats    ]      Memory: Page Cache Hit L3                                11 / 71               11 / 71               11 / 71               11 / 71          ops/s
[10.085s][info   ][gc,stats    ]      Memory: Page Cache Miss                                   0 / 1                 0 / 1                 0 / 1                 0 / 1           ops/s
[10.085s][info   ][gc,stats    ]      Memory: Uncommit                                          0 / 0                 0 / 0                 0 / 0                 0 / 0           MB/s
[10.085s][info   ][gc,stats    ]      Memory: Undo Object Allocation Failed                     0 / 0                 0 / 0                 0 / 0                 0 / 0           ops/s
[10.085s][info   ][gc,stats    ]      Memory: Undo Object Allocation Succeeded                  0 / 1                 0 / 1                 0 / 1                 0 / 1           ops/s
[10.085s][info   ][gc,stats    ]      Memory: Undo Page Allocation                              0 / 0                 0 / 0                 0 / 0                 0 / 0           ops/s
[10.085s][info   ][gc,stats    ]       Phase: Concurrent Mark                              59.542 / 108.001      59.542 / 108.001      59.542 / 108.001      59.542 / 108.001     ms
[10.085s][info   ][gc,stats    ]       Phase: Concurrent Mark Continue                      0.000 / 0.000         0.000 / 0.000         0.000 / 0.000         0.000 / 0.000       ms
[10.085s][info   ][gc,stats    ]       Phase: Concurrent Mark Free                          0.001 / 0.003         0.001 / 0.003         0.001 / 0.003         0.001 / 0.003       ms
[10.085s][info   ][gc,stats    ]       Phase: Concurrent Process Non-Strong References      1.948 / 7.018         1.948 / 7.018         1.948 / 7.018         1.948 / 7.018       ms
[10.085s][info   ][gc,stats    ]       Phase: Concurrent Relocate                           6.051 / 16.854        6.051 / 16.854        6.051 / 16.854        6.051 / 16.854      ms
[10.085s][info   ][gc,stats    ]       Phase: Concurrent Reset Relocation Set               0.002 / 0.005         0.002 / 0.005         0.002 / 0.005         0.002 / 0.005       ms
[10.085s][info   ][gc,stats    ]       Phase: Concurrent Select Relocation Set              5.551 / 22.990        5.551 / 22.990        5.551 / 22.990        5.551 / 22.990      ms
[10.085s][info   ][gc,stats    ]       Phase: Pause Mark End                                0.025 / 0.057         0.025 / 0.057         0.025 / 0.057         0.025 / 0.057       ms
[10.085s][info   ][gc,stats    ]       Phase: Pause Mark Start                              0.024 / 0.086         0.024 / 0.086         0.024 / 0.086         0.024 / 0.086       ms
[10.085s][info   ][gc,stats    ]       Phase: Pause Relocate Start                          0.019 / 0.034         0.019 / 0.034         0.019 / 0.034         0.019 / 0.034       ms
[10.085s][info   ][gc,stats    ]    Subphase: Concurrent Classes Purge                      0.095 / 0.146         0.095 / 0.146         0.095 / 0.146         0.095 / 0.146       ms
[10.085s][info   ][gc,stats    ]    Subphase: Concurrent Classes Unlink                     0.678 / 1.357         0.678 / 1.357         0.678 / 1.357         0.678 / 1.357       ms
[10.086s][info   ][gc,stats    ]    Subphase: Concurrent Mark                              56.604 / 107.316      56.604 / 107.316      56.604 / 107.316      56.604 / 107.316     ms
[10.086s][info   ][gc,stats    ]    Subphase: Concurrent Mark Try Flush                     0.105 / 0.216         0.105 / 0.216         0.105 / 0.216         0.105 / 0.216       ms
[10.086s][info   ][gc,stats    ]    Subphase: Concurrent Mark Try Terminate                 1.038 / 11.204        1.038 / 11.204        1.038 / 11.204        1.038 / 11.204      ms
[10.086s][info   ][gc,stats    ]    Subphase: Concurrent References Enqueue                 0.001 / 0.007         0.001 / 0.007         0.001 / 0.007         0.001 / 0.007       ms
[10.086s][info   ][gc,stats    ]    Subphase: Concurrent References Process                 0.073 / 0.135         0.073 / 0.135         0.073 / 0.135         0.073 / 0.135       ms
[10.086s][info   ][gc,stats    ]    Subphase: Concurrent Roots ClassLoaderDataGraph         0.206 / 1.630         0.206 / 1.630         0.206 / 1.630         0.206 / 1.630       ms
[10.086s][info   ][gc,stats    ]    Subphase: Concurrent Roots CodeCache                    0.000 / 0.000         0.000 / 0.000         0.000 / 0.000         0.000 / 0.000       ms
[10.086s][info   ][gc,stats    ]    Subphase: Concurrent Roots JavaThreads                  0.369 / 2.585         0.369 / 2.585         0.369 / 2.585         0.369 / 2.585       ms
[10.086s][info   ][gc,stats    ]    Subphase: Concurrent Roots OopStorageSet                0.053 / 0.382         0.053 / 0.382         0.053 / 0.382         0.053 / 0.382       ms
[10.086s][info   ][gc,stats    ]    Subphase: Concurrent Weak Roots OopStorageSet           0.767 / 5.178         0.767 / 5.178         0.767 / 5.178         0.767 / 5.178       ms
[10.086s][info   ][gc,stats    ]    Subphase: Pause Mark Try Complete                       0.000 / 0.000         0.000 / 0.000         0.000 / 0.000         0.000 / 0.000       ms
[10.086s][info   ][gc,stats    ]      System: Java Threads                                     15 / 17               15 / 17               15 / 17               15 / 17          threads
[10.086s][info   ][gc,stats    ] =========================================================================================================================================================
[10.284s][info   ][gc,start    ] GC(15) Garbage Collection (Allocation Rate)
[10.284s][info   ][gc,task     ] GC(15) Using 1 workers
[10.285s][info   ][gc,phases   ] GC(15) Pause Mark Start 0.010ms
[10.306s][info   ][gc,phases   ] GC(15) Concurrent Mark 21.747ms
[10.307s][info   ][gc,phases   ] GC(15) Pause Mark End 0.013ms
[10.307s][info   ][gc,phases   ] GC(15) Concurrent Mark Free 0.001ms
[10.308s][info   ][gc,phases   ] GC(15) Concurrent Process Non-Strong References 1.012ms
[10.308s][info   ][gc,phases   ] GC(15) Concurrent Reset Relocation Set 0.001ms
[10.310s][info   ][gc,phases   ] GC(15) Concurrent Select Relocation Set 2.653ms
[10.311s][info   ][gc,phases   ] GC(15) Pause Relocate Start 0.012ms
[10.312s][info   ][gc,phases   ] GC(15) Concurrent Relocate 1.081ms
[10.312s][info   ][gc,load     ] GC(15) Load: 0.00/0.00/0.00
[10.312s][info   ][gc,mmu      ] GC(15) MMU: 2ms/95.7%, 5ms/98.3%, 10ms/99.1%, 20ms/99.5%, 50ms/99.8%, 100ms/99.8%
[10.312s][info   ][gc,marking  ] GC(15) Mark: 1 stripe(s), 2 proactive flush(es), 1 terminate flush(es), 0 completion(s), 0 continuation(s) 
[10.312s][info   ][gc,marking  ] GC(15) Mark Stack Usage: 32M
[10.312s][info   ][gc,nmethod  ] GC(15) NMethods: 366 registered, 0 unregistered
[10.312s][info   ][gc,metaspace] GC(15) Metaspace: 0M used, 0M committed, 1032M reserved
[10.312s][info   ][gc,ref      ] GC(15) Soft: 97 encountered, 0 discovered, 0 enqueued
[10.312s][info   ][gc,ref      ] GC(15) Weak: 187 encountered, 0 discovered, 0 enqueued
[10.312s][info   ][gc,ref      ] GC(15) Final: 0 encountered, 0 discovered, 0 enqueued
[10.312s][info   ][gc,ref      ] GC(15) Phantom: 1 encountered, 0 discovered, 0 enqueued
[10.312s][info   ][gc,reloc    ] GC(15) Small Pages: 75 / 150M, Empty: 124M, Relocated: 0M, In-Place: 0
[10.312s][info   ][gc,reloc    ] GC(15) Medium Pages: 0 / 0M, Empty: 0M, Relocated: 0M, In-Place: 0
[10.312s][info   ][gc,reloc    ] GC(15) Large Pages: 1 / 4M, Empty: 0M, Relocated: 0M, In-Place: 0
[10.312s][info   ][gc,reloc    ] GC(15) Forwarding Usage: 0M
[10.312s][info   ][gc,heap     ] GC(15) Min Capacity: 8M(3%)
[10.312s][info   ][gc,heap     ] GC(15) Max Capacity: 256M(100%)
[10.312s][info   ][gc,heap     ] GC(15) Soft Max Capacity: 256M(100%)
[10.312s][info   ][gc,heap     ] GC(15)                Mark Start          Mark End        Relocate Start      Relocate End           High               Low         
[10.312s][info   ][gc,heap     ] GC(15)  Capacity:      256M (100%)        256M (100%)        256M (100%)        256M (100%)        256M (100%)        256M (100%)   
[10.312s][info   ][gc,heap     ] GC(15)      Free:      102M (40%)         100M (39%)         224M (88%)         226M (88%)         226M (88%)         100M (39%)    
[10.312s][info   ][gc,heap     ] GC(15)      Used:      154M (60%)         156M (61%)          32M (12%)          30M (12%)         156M (61%)          30M (12%)    
[10.312s][info   ][gc,heap     ] GC(15)      Live:         -                25M (10%)          25M (10%)          25M (10%)            -                  -          
[10.312s][info   ][gc,heap     ] GC(15) Allocated:         -                 2M (1%)            2M (1%)            2M (1%)             -                  -          
[10.312s][info   ][gc,heap     ] GC(15)   Garbage:         -               128M (50%)           4M (2%)            2M (1%)             -                  -          
[10.312s][info   ][gc,heap     ] GC(15) Reclaimed:         -                  -               124M (48%)         126M (49%)            -                  -          
[10.312s][info   ][gc          ] GC(15) Garbage Collection (Allocation Rate) 154M(60%)->30M(12%)
[11.084s][info   ][gc,start    ] GC(16) Garbage Collection (Allocation Rate)
[11.084s][info   ][gc,task     ] GC(16) Using 1 workers
[11.084s][info   ][gc,phases   ] GC(16) Pause Mark Start 0.011ms
[11.088s][info   ][gc,phases   ] GC(16) Concurrent Mark 4.328ms
[11.089s][info   ][gc,phases   ] GC(16) Pause Mark End 0.013ms
[11.089s][info   ][gc,phases   ] GC(16) Concurrent Mark Free 0.001ms
[11.090s][info   ][gc,phases   ] GC(16) Concurrent Process Non-Strong References 1.315ms
[11.090s][info   ][gc,phases   ] GC(16) Concurrent Reset Relocation Set 0.001ms
[11.093s][info   ][gc,phases   ] GC(16) Concurrent Select Relocation Set 2.382ms
[11.093s][info   ][gc,phases   ] GC(16) Pause Relocate Start 0.012ms
[11.095s][info   ][gc,phases   ] GC(16) Concurrent Relocate 1.683ms
[11.095s][info   ][gc,load     ] GC(16) Load: 0.00/0.00/0.00
[11.095s][info   ][gc,mmu      ] GC(16) MMU: 2ms/95.7%, 5ms/98.3%, 10ms/99.1%, 20ms/99.5%, 50ms/99.8%, 100ms/99.8%
[11.095s][info   ][gc,marking  ] GC(16) Mark: 1 stripe(s), 1 proactive flush(es), 1 terminate flush(es), 0 completion(s), 0 continuation(s) 
[11.095s][info   ][gc,marking  ] GC(16) Mark Stack Usage: 32M
[11.095s][info   ][gc,nmethod  ] GC(16) NMethods: 366 registered, 0 unregistered
[11.095s][info   ][gc,metaspace] GC(16) Metaspace: 0M used, 0M committed, 1032M reserved
[11.095s][info   ][gc,ref      ] GC(16) Soft: 97 encountered, 0 discovered, 0 enqueued
[11.095s][info   ][gc,ref      ] GC(16) Weak: 187 encountered, 0 discovered, 0 enqueued
[11.095s][info   ][gc,ref      ] GC(16) Final: 0 encountered, 0 discovered, 0 enqueued
[11.095s][info   ][gc,ref      ] GC(16) Phantom: 1 encountered, 0 discovered, 0 enqueued
[11.095s][info   ][gc,reloc    ] GC(16) Small Pages: 60 / 120M, Empty: 116M, Relocated: 1M, In-Place: 0
[11.095s][info   ][gc,reloc    ] GC(16) Medium Pages: 0 / 0M, Empty: 0M, Relocated: 0M, In-Place: 0
[11.095s][info   ][gc,reloc    ] GC(16) Large Pages: 1 / 4M, Empty: 0M, Relocated: 0M, In-Place: 0
[11.095s][info   ][gc,reloc    ] GC(16) Forwarding Usage: 0M
[11.095s][info   ][gc,heap     ] GC(16) Min Capacity: 8M(3%)
[11.095s][info   ][gc,heap     ] GC(16) Max Capacity: 256M(100%)
[11.095s][info   ][gc,heap     ] GC(16) Soft Max Capacity: 256M(100%)
[11.095s][info   ][gc,heap     ] GC(16)                Mark Start          Mark End        Relocate Start      Relocate End           High               Low         
[11.095s][info   ][gc,heap     ] GC(16)  Capacity:      256M (100%)        256M (100%)        256M (100%)        256M (100%)        256M (100%)        256M (100%)   
[11.095s][info   ][gc,heap     ] GC(16)      Free:      132M (52%)         132M (52%)         242M (95%)         240M (94%)         242M (95%)         126M (49%)    
[11.095s][info   ][gc,heap     ] GC(16)      Used:      124M (48%)         124M (48%)          14M (5%)           16M (6%)          130M (51%)          14M (5%)     
[11.095s][info   ][gc,heap     ] GC(16)      Live:         -                 5M (2%)            5M (2%)            5M (2%)             -                  -          
[11.095s][info   ][gc,heap     ] GC(16) Allocated:         -                 0M (0%)            6M (2%)            9M (4%)             -                  -          
[11.095s][info   ][gc,heap     ] GC(16)   Garbage:         -               118M (46%)           2M (1%)            0M (0%)             -                  -          
[11.095s][info   ][gc,heap     ] GC(16) Reclaimed:         -                  -               116M (45%)         117M (46%)            -                  -          
[11.096s][info   ][gc          ] GC(16) Garbage Collection (Allocation Rate) 124M(48%)->16M(6%)
[11.384s][info   ][gc,start    ] GC(17) Garbage Collection (Allocation Rate)
[11.384s][info   ][gc,task     ] GC(17) Using 1 workers
[11.385s][info   ][gc,phases   ] GC(17) Pause Mark Start 0.039ms
[11.470s][info   ][gc,phases   ] GC(17) Concurrent Mark 84.011ms
[11.470s][info   ][gc,phases   ] GC(17) Pause Mark End 0.017ms
[11.470s][info   ][gc,phases   ] GC(17) Concurrent Mark Free 0.001ms
[11.472s][info   ][gc,phases   ] GC(17) Concurrent Process Non-Strong References 2.098ms
[11.472s][info   ][gc,phases   ] GC(17) Concurrent Reset Relocation Set 0.002ms
[11.476s][info   ][gc,phases   ] GC(17) Concurrent Select Relocation Set 3.219ms
[11.476s][info   ][gc,phases   ] GC(17) Pause Relocate Start 0.016ms
[11.479s][info   ][gc,phases   ] GC(17) Concurrent Relocate 3.138ms
[11.479s][info   ][gc,load     ] GC(17) Load: 0.00/0.00/0.00
[11.479s][info   ][gc,mmu      ] GC(17) MMU: 2ms/95.7%, 5ms/98.3%, 10ms/99.1%, 20ms/99.5%, 50ms/99.8%, 100ms/99.8%
[11.479s][info   ][gc,marking  ] GC(17) Mark: 1 stripe(s), 2 proactive flush(es), 1 terminate flush(es), 0 completion(s), 0 continuation(s) 
[11.479s][info   ][gc,marking  ] GC(17) Mark Stack Usage: 32M
[11.479s][info   ][gc,nmethod  ] GC(17) NMethods: 366 registered, 0 unregistered
[11.479s][info   ][gc,metaspace] GC(17) Metaspace: 0M used, 0M committed, 1032M reserved
[11.479s][info   ][gc,ref      ] GC(17) Soft: 97 encountered, 0 discovered, 0 enqueued
[11.479s][info   ][gc,ref      ] GC(17) Weak: 187 encountered, 0 discovered, 0 enqueued
[11.480s][info   ][gc,ref      ] GC(17) Final: 0 encountered, 0 discovered, 0 enqueued
[11.480s][info   ][gc,ref      ] GC(17) Phantom: 1 encountered, 0 discovered, 0 enqueued
[11.480s][info   ][gc,reloc    ] GC(17) Small Pages: 81 / 162M, Empty: 140M, Relocated: 1M, In-Place: 0
[11.480s][info   ][gc,reloc    ] GC(17) Medium Pages: 0 / 0M, Empty: 0M, Relocated: 0M, In-Place: 0
[11.480s][info   ][gc,reloc    ] GC(17) Large Pages: 1 / 4M, Empty: 0M, Relocated: 0M, In-Place: 0
[11.480s][info   ][gc,reloc    ] GC(17) Forwarding Usage: 0M
[11.480s][info   ][gc,heap     ] GC(17) Min Capacity: 8M(3%)
[11.480s][info   ][gc,heap     ] GC(17) Max Capacity: 256M(100%)
[11.480s][info   ][gc,heap     ] GC(17) Soft Max Capacity: 256M(100%)
[11.480s][info   ][gc,heap     ] GC(17)                Mark Start          Mark End        Relocate Start      Relocate End           High               Low         
[11.480s][info   ][gc,heap     ] GC(17)  Capacity:      256M (100%)        256M (100%)        256M (100%)        256M (100%)        256M (100%)        256M (100%)   
[11.480s][info   ][gc,heap     ] GC(17)      Free:       90M (35%)          58M (23%)         198M (77%)         202M (79%)         202M (79%)          58M (23%)    
[11.480s][info   ][gc,heap     ] GC(17)      Used:      166M (65%)         198M (77%)          58M (23%)          54M (21%)         198M (77%)          54M (21%)    
[11.480s][info   ][gc,heap     ] GC(17)      Live:         -                21M (8%)           21M (8%)           21M (8%)             -                  -          
[11.480s][info   ][gc,heap     ] GC(17) Allocated:         -                32M (12%)          32M (12%)          32M (12%)            -                  -          
[11.480s][info   ][gc,heap     ] GC(17)   Garbage:         -               144M (57%)           4M (2%)            0M (0%)             -                  -          
[11.480s][info   ][gc,heap     ] GC(17) Reclaimed:         -                  -               140M (55%)         144M (56%)            -                  -          
[11.480s][info   ][gc          ] GC(17) Garbage Collection (Allocation Rate) 166M(65%)->54M(21%)
[11.685s][info   ][gc,start    ] GC(18) Garbage Collection (Allocation Rate)
[11.685s][info   ][gc,task     ] GC(18) Using 2 workers
[11.685s][info   ][gc,phases   ] GC(18) Pause Mark Start 0.020ms
[11.730s][info   ][gc,phases   ] GC(18) Concurrent Mark 44.434ms
[11.730s][info   ][gc,phases   ] GC(18) Pause Mark End 0.017ms
[11.730s][info   ][gc,phases   ] GC(18) Concurrent Mark Free 0.001ms
[11.732s][info   ][gc,phases   ] GC(18) Concurrent Process Non-Strong References 1.536ms
[11.732s][info   ][gc,phases   ] GC(18) Concurrent Reset Relocation Set 0.002ms
[11.736s][info   ][gc,phases   ] GC(18) Concurrent Select Relocation Set 4.326ms
[11.736s][info   ][gc,phases   ] GC(18) Pause Relocate Start 0.014ms
[11.748s][info   ][gc,phases   ] GC(18) Concurrent Relocate 11.578ms
[11.748s][info   ][gc,load     ] GC(18) Load: 0.00/0.00/0.00
[11.748s][info   ][gc,mmu      ] GC(18) MMU: 2ms/95.7%, 5ms/98.3%, 10ms/99.1%, 20ms/99.5%, 50ms/99.8%, 100ms/99.8%
[11.748s][info   ][gc,marking  ] GC(18) Mark: 2 stripe(s), 1 proactive flush(es), 1 terminate flush(es), 0 completion(s), 0 continuation(s) 
[11.748s][info   ][gc,marking  ] GC(18) Mark Stack Usage: 32M
[11.748s][info   ][gc,nmethod  ] GC(18) NMethods: 367 registered, 0 unregistered
[11.748s][info   ][gc,metaspace] GC(18) Metaspace: 0M used, 0M committed, 1032M reserved
[11.748s][info   ][gc,ref      ] GC(18) Soft: 97 encountered, 0 discovered, 0 enqueued
[11.748s][info   ][gc,ref      ] GC(18) Weak: 187 encountered, 20 discovered, 0 enqueued
[11.748s][info   ][gc,ref      ] GC(18) Final: 0 encountered, 0 discovered, 0 enqueued
[11.748s][info   ][gc,ref      ] GC(18) Phantom: 1 encountered, 0 discovered, 0 enqueued
[11.748s][info   ][gc,reloc    ] GC(18) Small Pages: 72 / 144M, Empty: 78M, Relocated: 8M, In-Place: 0
[11.748s][info   ][gc,reloc    ] GC(18) Medium Pages: 0 / 0M, Empty: 0M, Relocated: 0M, In-Place: 0
[11.748s][info   ][gc,reloc    ] GC(18) Large Pages: 1 / 4M, Empty: 0M, Relocated: 0M, In-Place: 0
[11.748s][info   ][gc,reloc    ] GC(18) Forwarding Usage: 3M
[11.748s][info   ][gc,heap     ] GC(18) Min Capacity: 8M(3%)
[11.749s][info   ][gc,heap     ] GC(18) Max Capacity: 256M(100%)
[11.749s][info   ][gc,heap     ] GC(18) Soft Max Capacity: 256M(100%)
[11.749s][info   ][gc,heap     ] GC(18)                Mark Start          Mark End        Relocate Start      Relocate End           High               Low         
[11.749s][info   ][gc,heap     ] GC(18)  Capacity:      256M (100%)        256M (100%)        256M (100%)        256M (100%)        256M (100%)        256M (100%)   
[11.749s][info   ][gc,heap     ] GC(18)      Free:      108M (42%)         106M (41%)         184M (72%)         202M (79%)         202M (79%)         106M (41%)    
[11.749s][info   ][gc,heap     ] GC(18)      Used:      148M (58%)         150M (59%)          72M (28%)          54M (21%)         150M (59%)          54M (21%)    
[11.749s][info   ][gc,heap     ] GC(18)      Live:         -                49M (19%)          49M (19%)          49M (19%)            -                  -          
[11.749s][info   ][gc,heap     ] GC(18) Allocated:         -                 2M (1%)            2M (1%)            2M (1%)             -                  -          
[11.749s][info   ][gc,heap     ] GC(18)   Garbage:         -                98M (38%)          20M (8%)            2M (1%)             -                  -          
[11.749s][info   ][gc,heap     ] GC(18) Reclaimed:         -                  -                78M (30%)          96M (38%)            -                  -          
[11.749s][info   ][gc          ] GC(18) Garbage Collection (Allocation Rate) 148M(58%)->54M(21%)
[12.384s][info   ][gc,start    ] GC(19) Garbage Collection (Allocation Rate)
[12.385s][info   ][gc,task     ] GC(19) Using 1 workers
[12.385s][info   ][gc,phases   ] GC(19) Pause Mark Start 0.014ms
[12.436s][info   ][gc,phases   ] GC(19) Concurrent Mark 51.284ms
[12.436s][info   ][gc,phases   ] GC(19) Pause Mark End 0.019ms
[12.436s][info   ][gc,phases   ] GC(19) Concurrent Mark Free 0.001ms
[12.438s][info   ][gc,phases   ] GC(19) Concurrent Process Non-Strong References 1.672ms
[12.438s][info   ][gc,phases   ] GC(19) Concurrent Reset Relocation Set 0.003ms
[12.443s][info   ][gc,phases   ] GC(19) Concurrent Select Relocation Set 4.124ms
[12.443s][info   ][gc,phases   ] GC(19) Pause Relocate Start 0.013ms
[12.447s][info   ][gc,phases   ] GC(19) Concurrent Relocate 3.833ms
[12.447s][info   ][gc,load     ] GC(19) Load: 0.00/0.00/0.00
[12.447s][info   ][gc,mmu      ] GC(19) MMU: 2ms/95.7%, 5ms/98.3%, 10ms/99.1%, 20ms/99.5%, 50ms/99.8%, 100ms/99.8%
[12.447s][info   ][gc,marking  ] GC(19) Mark: 1 stripe(s), 1 proactive flush(es), 1 terminate flush(es), 0 completion(s), 0 continuation(s) 
[12.447s][info   ][gc,marking  ] GC(19) Mark Stack Usage: 32M
[12.447s][info   ][gc,nmethod  ] GC(19) NMethods: 375 registered, 0 unregistered
[12.447s][info   ][gc,metaspace] GC(19) Metaspace: 0M used, 0M committed, 1032M reserved
[12.447s][info   ][gc,ref      ] GC(19) Soft: 97 encountered, 0 discovered, 0 enqueued
[12.447s][info   ][gc,ref      ] GC(19) Weak: 187 encountered, 0 discovered, 0 enqueued
[12.447s][info   ][gc,ref      ] GC(19) Final: 0 encountered, 0 discovered, 0 enqueued
[12.447s][info   ][gc,ref      ] GC(19) Phantom: 1 encountered, 0 discovered, 0 enqueued
[12.447s][info   ][gc,reloc    ] GC(19) Small Pages: 72 / 144M, Empty: 90M, Relocated: 2M, In-Place: 0
[12.447s][info   ][gc,reloc    ] GC(19) Medium Pages: 0 / 0M, Empty: 0M, Relocated: 0M, In-Place: 0
[12.447s][info   ][gc,reloc    ] GC(19) Large Pages: 1 / 4M, Empty: 0M, Relocated: 0M, In-Place: 0
[12.447s][info   ][gc,reloc    ] GC(19) Forwarding Usage: 1M
[12.447s][info   ][gc,heap     ] GC(19) Min Capacity: 8M(3%)
[12.447s][info   ][gc,heap     ] GC(19) Max Capacity: 256M(100%)
[12.447s][info   ][gc,heap     ] GC(19) Soft Max Capacity: 256M(100%)
[12.447s][info   ][gc,heap     ] GC(19)                Mark Start          Mark End        Relocate Start      Relocate End           High               Low         
[12.447s][info   ][gc,heap     ] GC(19)  Capacity:      256M (100%)        256M (100%)        256M (100%)        256M (100%)        256M (100%)        256M (100%)   
[12.447s][info   ][gc,heap     ] GC(19)      Free:      108M (42%)         108M (42%)         198M (77%)         202M (79%)         202M (79%)         108M (42%)    
[12.447s][info   ][gc,heap     ] GC(19)      Used:      148M (58%)         148M (58%)          58M (23%)          54M (21%)         148M (58%)          54M (21%)    
[12.447s][info   ][gc,heap     ] GC(19)      Live:         -                52M (20%)          52M (20%)          52M (20%)            -                  -          
[12.447s][info   ][gc,heap     ] GC(19) Allocated:         -                 0M (0%)            0M (0%)            0M (0%)             -                  -          
[12.447s][info   ][gc,heap     ] GC(19)   Garbage:         -                95M (37%)           5M (2%)            1M (1%)             -                  -          
[12.447s][info   ][gc,heap     ] GC(19) Reclaimed:         -                  -                90M (35%)          94M (37%)            -                  -          
[12.447s][info   ][gc          ] GC(19) Garbage Collection (Allocation Rate) 148M(58%)->54M(21%)
[12.593s][info   ][gc,start    ] GC(20) Garbage Collection (Allocation Rate)
[12.593s][info   ][gc,task     ] GC(20) Using 1 workers
[12.593s][info   ][gc,phases   ] GC(20) Pause Mark Start 0.017ms
[12.649s][info   ][gc,phases   ] GC(20) Concurrent Mark 55.260ms
[12.649s][info   ][gc,phases   ] GC(20) Pause Mark End 0.028ms
[12.649s][info   ][gc,phases   ] GC(20) Concurrent Mark Free 0.001ms
[12.651s][info   ][gc,phases   ] GC(20) Concurrent Process Non-Strong References 2.184ms
[12.651s][info   ][gc,phases   ] GC(20) Concurrent Reset Relocation Set 0.003ms
[12.655s][info   ][gc,phases   ] GC(20) Concurrent Select Relocation Set 3.585ms
[12.655s][info   ][gc,phases   ] GC(20) Pause Relocate Start 0.012ms
[12.657s][info   ][gc,phases   ] GC(20) Concurrent Relocate 2.021ms
[12.657s][info   ][gc,load     ] GC(20) Load: 0.00/0.00/0.00
[12.657s][info   ][gc,mmu      ] GC(20) MMU: 2ms/95.7%, 5ms/98.3%, 10ms/99.1%, 20ms/99.5%, 50ms/99.8%, 100ms/99.8%
[12.657s][info   ][gc,marking  ] GC(20) Mark: 1 stripe(s), 2 proactive flush(es), 1 terminate flush(es), 0 completion(s), 0 continuation(s) 
[12.657s][info   ][gc,marking  ] GC(20) Mark Stack Usage: 32M
[12.657s][info   ][gc,nmethod  ] GC(20) NMethods: 375 registered, 0 unregistered
[12.657s][info   ][gc,metaspace] GC(20) Metaspace: 0M used, 0M committed, 1032M reserved
[12.658s][info   ][gc,ref      ] GC(20) Soft: 97 encountered, 0 discovered, 0 enqueued
[12.658s][info   ][gc,ref      ] GC(20) Weak: 187 encountered, 0 discovered, 0 enqueued
[12.658s][info   ][gc,ref      ] GC(20) Final: 0 encountered, 0 discovered, 0 enqueued
[12.658s][info   ][gc,ref      ] GC(20) Phantom: 1 encountered, 0 discovered, 0 enqueued
[12.658s][info   ][gc,reloc    ] GC(20) Small Pages: 65 / 130M, Empty: 94M, Relocated: 1M, In-Place: 0
[12.658s][info   ][gc,reloc    ] GC(20) Medium Pages: 0 / 0M, Empty: 0M, Relocated: 0M, In-Place: 0
[12.658s][info   ][gc,reloc    ] GC(20) Large Pages: 1 / 4M, Empty: 0M, Relocated: 0M, In-Place: 0
[12.658s][info   ][gc,reloc    ] GC(20) Forwarding Usage: 0M
[12.658s][info   ][gc,heap     ] GC(20) Min Capacity: 8M(3%)
[12.658s][info   ][gc,heap     ] GC(20) Max Capacity: 256M(100%)
[12.658s][info   ][gc,heap     ] GC(20) Soft Max Capacity: 256M(100%)
[12.658s][info   ][gc,heap     ] GC(20)                Mark Start          Mark End        Relocate Start      Relocate End           High               Low         
[12.658s][info   ][gc,heap     ] GC(20)  Capacity:      256M (100%)        256M (100%)        256M (100%)        256M (100%)        256M (100%)        256M (100%)   
[12.658s][info   ][gc,heap     ] GC(20)      Free:      122M (48%)         104M (41%)         198M (77%)         200M (78%)         200M (78%)         104M (41%)    
[12.658s][info   ][gc,heap     ] GC(20)      Used:      134M (52%)         152M (59%)          58M (23%)          56M (22%)         152M (59%)          56M (22%)    
[12.658s][info   ][gc,heap     ] GC(20)      Live:         -                36M (14%)          36M (14%)          36M (14%)            -                  -          
[12.658s][info   ][gc,heap     ] GC(20) Allocated:         -                18M (7%)           18M (7%)           18M (7%)             -                  -          
[12.658s][info   ][gc,heap     ] GC(20)   Garbage:         -                97M (38%)           3M (1%)            1M (0%)             -                  -          
[12.658s][info   ][gc,heap     ] GC(20) Reclaimed:         -                  -                94M (37%)          96M (38%)            -                  -          
[12.658s][info   ][gc          ] GC(20) Garbage Collection (Allocation Rate) 134M(52%)->56M(22%)
[13.184s][info   ][gc,start    ] GC(21) Garbage Collection (Allocation Rate)
[13.184s][info   ][gc,task     ] GC(21) Using 2 workers
[13.185s][info   ][gc,phases   ] GC(21) Pause Mark Start 0.024ms
[13.188s][info   ][gc,phases   ] GC(21) Concurrent Mark 3.435ms
[13.188s][info   ][gc,phases   ] GC(21) Pause Mark End 0.022ms
[13.188s][info   ][gc,phases   ] GC(21) Concurrent Mark Free 0.002ms
[13.190s][info   ][gc,phases   ] GC(21) Concurrent Process Non-Strong References 0.970ms
[13.190s][info   ][gc,phases   ] GC(21) Concurrent Reset Relocation Set 0.002ms
[13.193s][info   ][gc,phases   ] GC(21) Concurrent Select Relocation Set 3.121ms
[13.193s][info   ][gc,phases   ] GC(21) Pause Relocate Start 0.016ms
[13.193s][info   ][gc,phases   ] GC(21) Concurrent Relocate 0.084ms
[13.193s][info   ][gc,load     ] GC(21) Load: 0.00/0.00/0.00
[13.193s][info   ][gc,mmu      ] GC(21) MMU: 2ms/95.7%, 5ms/98.3%, 10ms/99.1%, 20ms/99.5%, 50ms/99.8%, 100ms/99.8%
[13.193s][info   ][gc,marking  ] GC(21) Mark: 2 stripe(s), 1 proactive flush(es), 1 terminate flush(es), 0 completion(s), 0 continuation(s) 
[13.193s][info   ][gc,marking  ] GC(21) Mark Stack Usage: 32M
[13.193s][info   ][gc,nmethod  ] GC(21) NMethods: 375 registered, 0 unregistered
[13.193s][info   ][gc,metaspace] GC(21) Metaspace: 0M used, 0M committed, 1032M reserved
[13.193s][info   ][gc,ref      ] GC(21) Soft: 97 encountered, 0 discovered, 0 enqueued
[13.193s][info   ][gc,ref      ] GC(21) Weak: 187 encountered, 11 discovered, 0 enqueued
[13.193s][info   ][gc,ref      ] GC(21) Final: 0 encountered, 0 discovered, 0 enqueued
[13.193s][info   ][gc,ref      ] GC(21) Phantom: 1 encountered, 0 discovered, 0 enqueued
[13.193s][info   ][gc,reloc    ] GC(21) Small Pages: 97 / 194M, Empty: 192M, Relocated: 0M, In-Place: 0
[13.193s][info   ][gc,reloc    ] GC(21) Medium Pages: 0 / 0M, Empty: 0M, Relocated: 0M, In-Place: 0
[13.193s][info   ][gc,reloc    ] GC(21) Large Pages: 1 / 4M, Empty: 0M, Relocated: 0M, In-Place: 0
[13.193s][info   ][gc,reloc    ] GC(21) Forwarding Usage: 0M
[13.193s][info   ][gc,heap     ] GC(21) Min Capacity: 8M(3%)
[13.194s][info   ][gc,heap     ] GC(21) Max Capacity: 256M(100%)
[13.194s][info   ][gc,heap     ] GC(21) Soft Max Capacity: 256M(100%)
[13.194s][info   ][gc,heap     ] GC(21)                Mark Start          Mark End        Relocate Start      Relocate End           High               Low         
[13.194s][info   ][gc,heap     ] GC(21)  Capacity:      256M (100%)        256M (100%)        256M (100%)        256M (100%)        256M (100%)        256M (100%)   
[13.194s][info   ][gc,heap     ] GC(21)      Free:       58M (23%)          58M (23%)         250M (98%)         250M (98%)         250M (98%)          58M (23%)    
[13.194s][info   ][gc,heap     ] GC(21)      Used:      198M (77%)         198M (77%)           6M (2%)            6M (2%)          198M (77%)           6M (2%)     
[13.194s][info   ][gc,heap     ] GC(21)      Live:         -                 5M (2%)            5M (2%)            5M (2%)             -                  -          
[13.194s][info   ][gc,heap     ] GC(21) Allocated:         -                 0M (0%)            0M (0%)            0M (0%)             -                  -          
[13.194s][info   ][gc,heap     ] GC(21)   Garbage:         -               192M (75%)           0M (0%)            0M (0%)             -                  -          
[13.194s][info   ][gc,heap     ] GC(21) Reclaimed:         -                  -               192M (75%)         192M (75%)            -                  -          
[13.194s][info   ][gc          ] GC(21) Garbage Collection (Allocation Rate) 198M(77%)->6M(2%)
[13.384s][info   ][gc,start    ] GC(22) Garbage Collection (Allocation Rate)
[13.384s][info   ][gc,task     ] GC(22) Using 2 workers
[13.385s][info   ][gc,phases   ] GC(22) Pause Mark Start 0.008ms
[13.532s][info   ][gc,phases   ] GC(22) Concurrent Mark 147.758ms
[13.533s][info   ][gc,phases   ] GC(22) Pause Mark End 0.056ms
[13.533s][info   ][gc,phases   ] GC(22) Concurrent Mark Free 0.002ms
[13.534s][info   ][gc,phases   ] GC(22) Concurrent Process Non-Strong References 1.015ms
[13.534s][info   ][gc,phases   ] GC(22) Concurrent Reset Relocation Set 0.001ms
[13.539s][info   ][gc,phases   ] GC(22) Concurrent Select Relocation Set 4.686ms
[13.539s][info   ][gc,phases   ] GC(22) Pause Relocate Start 0.018ms
[13.541s][info   ][gc,phases   ] GC(22) Concurrent Relocate 1.784ms
[13.541s][info   ][gc,load     ] GC(22) Load: 0.00/0.00/0.00
[13.541s][info   ][gc,mmu      ] GC(22) MMU: 2ms/95.7%, 5ms/98.3%, 10ms/99.1%, 20ms/99.5%, 50ms/99.8%, 100ms/99.8%
[13.541s][info   ][gc,marking  ] GC(22) Mark: 2 stripe(s), 3 proactive flush(es), 1 terminate flush(es), 0 completion(s), 0 continuation(s) 
[13.541s][info   ][gc,marking  ] GC(22) Mark Stack Usage: 32M
[13.541s][info   ][gc,nmethod  ] GC(22) NMethods: 375 registered, 0 unregistered
[13.541s][info   ][gc,metaspace] GC(22) Metaspace: 0M used, 0M committed, 1032M reserved
[13.542s][info   ][gc,ref      ] GC(22) Soft: 97 encountered, 0 discovered, 0 enqueued
[13.542s][info   ][gc,ref      ] GC(22) Weak: 187 encountered, 0 discovered, 0 enqueued
[13.542s][info   ][gc,ref      ] GC(22) Final: 0 encountered, 0 discovered, 0 enqueued
[13.542s][info   ][gc,ref      ] GC(22) Phantom: 1 encountered, 0 discovered, 0 enqueued
[13.542s][info   ][gc,reloc    ] GC(22) Small Pages: 73 / 146M, Empty: 0M, Relocated: 1M, In-Place: 0
[13.542s][info   ][gc,reloc    ] GC(22) Medium Pages: 0 / 0M, Empty: 0M, Relocated: 0M, In-Place: 0
[13.542s][info   ][gc,reloc    ] GC(22) Large Pages: 1 / 4M, Empty: 0M, Relocated: 0M, In-Place: 0
[13.542s][info   ][gc,reloc    ] GC(22) Forwarding Usage: 0M
[13.542s][info   ][gc,heap     ] GC(22) Min Capacity: 8M(3%)
[13.542s][info   ][gc,heap     ] GC(22) Max Capacity: 256M(100%)
[13.542s][info   ][gc,heap     ] GC(22) Soft Max Capacity: 256M(100%)
[13.542s][info   ][gc,heap     ] GC(22)                Mark Start          Mark End        Relocate Start      Relocate End           High               Low         
[13.542s][info   ][gc,heap     ] GC(22)  Capacity:      256M (100%)        256M (100%)        256M (100%)        256M (100%)        256M (100%)        256M (100%)   
[13.542s][info   ][gc,heap     ] GC(22)      Free:      106M (41%)          52M (20%)          52M (20%)          52M (20%)         106M (41%)          48M (19%)    
[13.542s][info   ][gc,heap     ] GC(22)      Used:      150M (59%)         204M (80%)         204M (80%)         204M (80%)         208M (81%)         150M (59%)    
[13.542s][info   ][gc,heap     ] GC(22)      Live:         -               146M (57%)         146M (57%)         146M (57%)            -                  -          
[13.542s][info   ][gc,heap     ] GC(22) Allocated:         -                54M (21%)          54M (21%)          54M (21%)            -                  -          
[13.542s][info   ][gc,heap     ] GC(22)   Garbage:         -                 3M (1%)            3M (1%)            3M (1%)             -                  -          
[13.542s][info   ][gc,heap     ] GC(22) Reclaimed:         -                  -                 0M (0%)            0M (0%)             -                  -          
[13.542s][info   ][gc          ] GC(22) Garbage Collection (Allocation Rate) 150M(59%)->204M(80%)
[13.584s][info   ][gc,start    ] GC(23) Garbage Collection (Allocation Rate)
[13.584s][info   ][gc,task     ] GC(23) Using 2 workers
[13.584s][info   ][gc,phases   ] GC(23) Pause Mark Start 0.021ms
[13.596s][info   ][gc,phases   ] GC(23) Concurrent Mark 12.096ms
[13.597s][info   ][gc,phases   ] GC(23) Pause Mark End 0.025ms
[13.597s][info   ][gc,phases   ] GC(23) Concurrent Mark Free 0.002ms
[13.599s][info   ][gc,phases   ] GC(23) Concurrent Process Non-Strong References 2.089ms
[13.599s][info   ][gc,phases   ] GC(23) Concurrent Reset Relocation Set 0.003ms
[13.603s][info   ][gc,phases   ] GC(23) Concurrent Select Relocation Set 3.802ms
[13.604s][info   ][gc,phases   ] GC(23) Pause Relocate Start 0.023ms
[13.604s][info   ][gc,phases   ] GC(23) Concurrent Relocate 0.095ms
[13.604s][info   ][gc,load     ] GC(23) Load: 0.00/0.00/0.00
[13.604s][info   ][gc,mmu      ] GC(23) MMU: 2ms/95.7%, 5ms/98.3%, 10ms/99.1%, 20ms/99.5%, 50ms/99.8%, 100ms/99.8%
[13.604s][info   ][gc,marking  ] GC(23) Mark: 2 stripe(s), 3 proactive flush(es), 1 terminate flush(es), 0 completion(s), 0 continuation(s) 
[13.604s][info   ][gc,marking  ] GC(23) Mark Stack Usage: 32M
[13.604s][info   ][gc,nmethod  ] GC(23) NMethods: 375 registered, 0 unregistered
[13.604s][info   ][gc,metaspace] GC(23) Metaspace: 0M used, 0M committed, 1032M reserved
[13.604s][info   ][gc,ref      ] GC(23) Soft: 97 encountered, 0 discovered, 0 enqueued
[13.604s][info   ][gc,ref      ] GC(23) Weak: 187 encountered, 4 discovered, 0 enqueued
[13.605s][info   ][gc,ref      ] GC(23) Final: 0 encountered, 0 discovered, 0 enqueued
[13.605s][info   ][gc,ref      ] GC(23) Phantom: 1 encountered, 0 discovered, 0 enqueued
[13.605s][info   ][gc,reloc    ] GC(23) Small Pages: 97 / 194M, Empty: 192M, Relocated: 0M, In-Place: 0
[13.605s][info   ][gc,reloc    ] GC(23) Medium Pages: 0 / 0M, Empty: 0M, Relocated: 0M, In-Place: 0
[13.605s][info   ][gc,reloc    ] GC(23) Large Pages: 2 / 10M, Empty: 4M, Relocated: 0M, In-Place: 0
[13.605s][info   ][gc,reloc    ] GC(23) Forwarding Usage: 0M
[13.605s][info   ][gc,heap     ] GC(23) Min Capacity: 8M(3%)
[13.605s][info   ][gc,heap     ] GC(23) Max Capacity: 256M(100%)
[13.605s][info   ][gc,heap     ] GC(23) Soft Max Capacity: 256M(100%)
[13.605s][info   ][gc,heap     ] GC(23)                Mark Start          Mark End        Relocate Start      Relocate End           High               Low         
[13.605s][info   ][gc,heap     ] GC(23)  Capacity:      256M (100%)        256M (100%)        256M (100%)        256M (100%)        256M (100%)        256M (100%)   
[13.605s][info   ][gc,heap     ] GC(23)      Free:       52M (20%)          52M (20%)         248M (97%)         248M (97%)         248M (97%)          52M (20%)    
[13.605s][info   ][gc,heap     ] GC(23)      Used:      204M (80%)         204M (80%)           8M (3%)            8M (3%)          204M (80%)           8M (3%)     
[13.605s][info   ][gc,heap     ] GC(23)      Live:         -                 7M (3%)            7M (3%)            7M (3%)             -                  -          
[13.606s][info   ][gc,heap     ] GC(23) Allocated:         -                 0M (0%)            0M (0%)            0M (0%)             -                  -          
[13.606s][info   ][gc,heap     ] GC(23)   Garbage:         -               196M (77%)           0M (0%)            0M (0%)             -                  -          
[13.606s][info   ][gc,heap     ] GC(23) Reclaimed:         -                  -               196M (77%)         196M (77%)            -                  -          
[13.606s][info   ][gc          ] GC(23) Garbage Collection (Allocation Rate) 204M(80%)->8M(3%)
[13.684s][info   ][gc,start    ] GC(24) Garbage Collection (Allocation Rate)
[13.685s][info   ][gc,task     ] GC(24) Using 2 workers
[13.685s][info   ][gc,phases   ] GC(24) Pause Mark Start 0.012ms
[13.722s][info   ][gc,phases   ] GC(24) Concurrent Mark 36.849ms
[13.722s][info   ][gc,phases   ] GC(24) Pause Mark End 0.014ms
[13.722s][info   ][gc,phases   ] GC(24) Concurrent Mark Free 0.001ms
[13.723s][info   ][gc,phases   ] GC(24) Concurrent Process Non-Strong References 0.689ms
[13.723s][info   ][gc,phases   ] GC(24) Concurrent Reset Relocation Set 0.000ms
[13.725s][info   ][gc,phases   ] GC(24) Concurrent Select Relocation Set 1.783ms
[13.725s][info   ][gc,phases   ] GC(24) Pause Relocate Start 0.011ms
[13.725s][info   ][gc,phases   ] GC(24) Concurrent Relocate 0.049ms
[13.725s][info   ][gc,load     ] GC(24) Load: 0.00/0.00/0.00
[13.725s][info   ][gc,mmu      ] GC(24) MMU: 2ms/95.7%, 5ms/98.3%, 10ms/99.1%, 20ms/99.5%, 50ms/99.8%, 100ms/99.8%
[13.725s][info   ][gc,marking  ] GC(24) Mark: 2 stripe(s), 2 proactive flush(es), 1 terminate flush(es), 0 completion(s), 0 continuation(s) 
[13.725s][info   ][gc,marking  ] GC(24) Mark Stack Usage: 32M
[13.725s][info   ][gc,nmethod  ] GC(24) NMethods: 375 registered, 0 unregistered
[13.725s][info   ][gc,metaspace] GC(24) Metaspace: 0M used, 0M committed, 1032M reserved
[13.725s][info   ][gc,ref      ] GC(24) Soft: 97 encountered, 0 discovered, 0 enqueued
[13.725s][info   ][gc,ref      ] GC(24) Weak: 187 encountered, 0 discovered, 0 enqueued
[13.725s][info   ][gc,ref      ] GC(24) Final: 0 encountered, 0 discovered, 0 enqueued
[13.725s][info   ][gc,ref      ] GC(24) Phantom: 1 encountered, 0 discovered, 0 enqueued
[13.725s][info   ][gc,reloc    ] GC(24) Small Pages: 24 / 48M, Empty: 0M, Relocated: 0M, In-Place: 0
[13.725s][info   ][gc,reloc    ] GC(24) Medium Pages: 0 / 0M, Empty: 0M, Relocated: 0M, In-Place: 0
[13.725s][info   ][gc,reloc    ] GC(24) Large Pages: 1 / 6M, Empty: 0M, Relocated: 0M, In-Place: 0
[13.725s][info   ][gc,reloc    ] GC(24) Forwarding Usage: 0M
[13.725s][info   ][gc,heap     ] GC(24) Min Capacity: 8M(3%)
[13.725s][info   ][gc,heap     ] GC(24) Max Capacity: 256M(100%)
[13.725s][info   ][gc,heap     ] GC(24) Soft Max Capacity: 256M(100%)
[13.725s][info   ][gc,heap     ] GC(24)                Mark Start          Mark End        Relocate Start      Relocate End           High               Low         
[13.725s][info   ][gc,heap     ] GC(24)  Capacity:      256M (100%)        256M (100%)        256M (100%)        256M (100%)        256M (100%)        256M (100%)   
[13.725s][info   ][gc,heap     ] GC(24)      Free:      202M (79%)         152M (59%)         152M (59%)         152M (59%)         202M (79%)         152M (59%)    
[13.725s][info   ][gc,heap     ] GC(24)      Used:       54M (21%)         104M (41%)         104M (41%)         104M (41%)         104M (41%)          54M (21%)    
[13.725s][info   ][gc,heap     ] GC(24)      Live:         -                52M (21%)          52M (21%)          52M (21%)            -                  -          
[13.725s][info   ][gc,heap     ] GC(24) Allocated:         -                50M (20%)          50M (20%)          50M (20%)            -                  -          
[13.725s][info   ][gc,heap     ] GC(24)   Garbage:         -                 1M (1%)            1M (1%)            1M (1%)             -                  -          
[13.725s][info   ][gc,heap     ] GC(24) Reclaimed:         -                  -                 0M (0%)            0M (0%)             -                  -          
[13.725s][info   ][gc          ] GC(24) Garbage Collection (Allocation Rate) 54M(21%)->104M(41%)
[13.793s][info   ][gc,start    ] GC(25) Garbage Collection (Allocation Rate)
[13.794s][info   ][gc,task     ] GC(25) Using 2 workers
[13.794s][info   ][gc,phases   ] GC(25) Pause Mark Start 0.013ms
[13.797s][info   ][gc,phases   ] GC(25) Concurrent Mark 3.668ms
[13.798s][info   ][gc,phases   ] GC(25) Pause Mark End 0.017ms
[13.798s][info   ][gc,phases   ] GC(25) Concurrent Mark Free 0.001ms
[13.798s][info   ][gc,phases   ] GC(25) Concurrent Process Non-Strong References 0.681ms
[13.799s][info   ][gc,phases   ] GC(25) Concurrent Reset Relocation Set 0.002ms
[13.802s][info   ][gc,phases   ] GC(25) Concurrent Select Relocation Set 3.483ms
[13.802s][info   ][gc,phases   ] GC(25) Pause Relocate Start 0.012ms
[13.803s][info   ][gc,phases   ] GC(25) Concurrent Relocate 0.067ms
[13.803s][info   ][gc,load     ] GC(25) Load: 0.00/0.00/0.00
[13.803s][info   ][gc,mmu      ] GC(25) MMU: 2ms/95.7%, 5ms/98.3%, 10ms/99.1%, 20ms/99.5%, 50ms/99.8%, 100ms/99.8%
[13.803s][info   ][gc,marking  ] GC(25) Mark: 2 stripe(s), 1 proactive flush(es), 1 terminate flush(es), 0 completion(s), 0 continuation(s) 
[13.803s][info   ][gc,marking  ] GC(25) Mark Stack Usage: 32M
[13.803s][info   ][gc,nmethod  ] GC(25) NMethods: 375 registered, 0 unregistered
[13.803s][info   ][gc,metaspace] GC(25) Metaspace: 0M used, 0M committed, 1032M reserved
[13.803s][info   ][gc,ref      ] GC(25) Soft: 97 encountered, 0 discovered, 0 enqueued
[13.803s][info   ][gc,ref      ] GC(25) Weak: 187 encountered, 8 discovered, 0 enqueued
[13.803s][info   ][gc,ref      ] GC(25) Final: 0 encountered, 0 discovered, 0 enqueued
[13.803s][info   ][gc,ref      ] GC(25) Phantom: 1 encountered, 0 discovered, 0 enqueued
[13.803s][info   ][gc,reloc    ] GC(25) Small Pages: 49 / 98M, Empty: 96M, Relocated: 0M, In-Place: 0
[13.803s][info   ][gc,reloc    ] GC(25) Medium Pages: 0 / 0M, Empty: 0M, Relocated: 0M, In-Place: 0
[13.803s][info   ][gc,reloc    ] GC(25) Large Pages: 1 / 6M, Empty: 0M, Relocated: 0M, In-Place: 0
[13.803s][info   ][gc,reloc    ] GC(25) Forwarding Usage: 0M
[13.803s][info   ][gc,heap     ] GC(25) Min Capacity: 8M(3%)
[13.803s][info   ][gc,heap     ] GC(25) Max Capacity: 256M(100%)
[13.803s][info   ][gc,heap     ] GC(25) Soft Max Capacity: 256M(100%)
[13.803s][info   ][gc,heap     ] GC(25)                Mark Start          Mark End        Relocate Start      Relocate End           High               Low         
[13.803s][info   ][gc,heap     ] GC(25)  Capacity:      256M (100%)        256M (100%)        256M (100%)        256M (100%)        256M (100%)        256M (100%)   
[13.803s][info   ][gc,heap     ] GC(25)      Free:      152M (59%)         152M (59%)         248M (97%)         248M (97%)         248M (97%)         152M (59%)    
[13.803s][info   ][gc,heap     ] GC(25)      Used:      104M (41%)         104M (41%)           8M (3%)            8M (3%)          104M (41%)           8M (3%)     
[13.803s][info   ][gc,heap     ] GC(25)      Live:         -                 7M (3%)            7M (3%)            7M (3%)             -                  -          
[13.803s][info   ][gc,heap     ] GC(25) Allocated:         -                 0M (0%)            0M (0%)            0M (0%)             -                  -          
[13.803s][info   ][gc,heap     ] GC(25)   Garbage:         -                96M (38%)           0M (0%)            0M (0%)             -                  -          
[13.803s][info   ][gc,heap     ] GC(25) Reclaimed:         -                  -                96M (38%)          96M (38%)            -                  -          
[13.803s][info   ][gc          ] GC(25) Garbage Collection (Allocation Rate) 104M(41%)->8M(3%)
[13.983s][info   ][gc,start    ] GC(26) Garbage Collection (Allocation Rate)
[13.984s][info   ][gc,task     ] GC(26) Using 2 workers
[13.984s][info   ][gc,phases   ] GC(26) Pause Mark Start 0.010ms
[14.026s][info   ][gc,phases   ] GC(26) Concurrent Mark 41.821ms
[14.026s][info   ][gc,phases   ] GC(26) Pause Mark End 0.032ms
[14.026s][info   ][gc,phases   ] GC(26) Concurrent Mark Free 0.002ms
[14.028s][info   ][gc,phases   ] GC(26) Concurrent Process Non-Strong References 1.491ms
[14.028s][info   ][gc,phases   ] GC(26) Concurrent Reset Relocation Set 0.002ms
[14.034s][info   ][gc,phases   ] GC(26) Concurrent Select Relocation Set 5.566ms
[14.034s][info   ][gc,phases   ] GC(26) Pause Relocate Start 0.025ms
[14.038s][info   ][gc,phases   ] GC(26) Concurrent Relocate 4.167ms
[14.039s][info   ][gc,load     ] GC(26) Load: 0.00/0.00/0.00
[14.039s][info   ][gc,mmu      ] GC(26) MMU: 2ms/95.7%, 5ms/98.3%, 10ms/99.1%, 20ms/99.5%, 50ms/99.8%, 100ms/99.8%
[14.039s][info   ][gc,marking  ] GC(26) Mark: 2 stripe(s), 1 proactive flush(es), 1 terminate flush(es), 0 completion(s), 0 continuation(s) 
[14.039s][info   ][gc,marking  ] GC(26) Mark Stack Usage: 32M
[14.039s][info   ][gc,nmethod  ] GC(26) NMethods: 375 registered, 0 unregistered
[14.039s][info   ][gc,metaspace] GC(26) Metaspace: 0M used, 0M committed, 1032M reserved
[14.039s][info   ][gc,ref      ] GC(26) Soft: 97 encountered, 0 discovered, 0 enqueued
[14.039s][info   ][gc,ref      ] GC(26) Weak: 187 encountered, 4 discovered, 0 enqueued
[14.039s][info   ][gc,ref      ] GC(26) Final: 0 encountered, 0 discovered, 0 enqueued
[14.039s][info   ][gc,ref      ] GC(26) Phantom: 1 encountered, 0 discovered, 0 enqueued
[14.039s][info   ][gc,reloc    ] GC(26) Small Pages: 49 / 98M, Empty: 46M, Relocated: 1M, In-Place: 0
[14.039s][info   ][gc,reloc    ] GC(26) Medium Pages: 0 / 0M, Empty: 0M, Relocated: 0M, In-Place: 0
[14.039s][info   ][gc,reloc    ] GC(26) Large Pages: 1 / 6M, Empty: 0M, Relocated: 0M, In-Place: 0
[14.039s][info   ][gc,reloc    ] GC(26) Forwarding Usage: 0M
[14.039s][info   ][gc,heap     ] GC(26) Min Capacity: 8M(3%)
[14.039s][info   ][gc,heap     ] GC(26) Max Capacity: 256M(100%)
[14.039s][info   ][gc,heap     ] GC(26) Soft Max Capacity: 256M(100%)
[14.040s][info   ][gc,heap     ] GC(26)                Mark Start          Mark End        Relocate Start      Relocate End           High               Low         
[14.040s][info   ][gc,heap     ] GC(26)  Capacity:      256M (100%)        256M (100%)        256M (100%)        256M (100%)        256M (100%)        256M (100%)   
[14.040s][info   ][gc,heap     ] GC(26)      Free:      152M (59%)         152M (59%)         198M (77%)         198M (77%)         198M (77%)         152M (59%)    
[14.040s][info   ][gc,heap     ] GC(26)      Used:      104M (41%)         104M (41%)          58M (23%)          58M (23%)         104M (41%)          58M (23%)    
[14.040s][info   ][gc,heap     ] GC(26)      Live:         -                54M (21%)          54M (21%)          54M (21%)            -                  -          
[14.040s][info   ][gc,heap     ] GC(26) Allocated:         -                 0M (0%)            0M (0%)            0M (0%)             -                  -          
[14.040s][info   ][gc,heap     ] GC(26)   Garbage:         -                49M (19%)           3M (1%)            3M (1%)             -                  -          
[14.040s][info   ][gc,heap     ] GC(26) Reclaimed:         -                  -                46M (18%)          46M (18%)            -                  -          
[14.040s][info   ][gc          ] GC(26) Garbage Collection (Allocation Rate) 104M(41%)->58M(23%)
[14.191s][info   ][gc,start    ] GC(27) Garbage Collection (Allocation Rate)
[14.191s][info   ][gc,task     ] GC(27) Using 2 workers
[14.191s][info   ][gc,phases   ] GC(27) Pause Mark Start 0.017ms
[14.229s][info   ][gc,phases   ] GC(27) Concurrent Mark 37.683ms
[14.229s][info   ][gc,phases   ] GC(27) Pause Mark End 0.024ms
[14.229s][info   ][gc,phases   ] GC(27) Concurrent Mark Free 0.001ms
[14.231s][info   ][gc,phases   ] GC(27) Concurrent Process Non-Strong References 1.187ms
[14.231s][info   ][gc,phases   ] GC(27) Concurrent Reset Relocation Set 0.002ms
[14.234s][info   ][gc,phases   ] GC(27) Concurrent Select Relocation Set 3.244ms
[14.234s][info   ][gc,phases   ] GC(27) Pause Relocate Start 0.015ms
[14.235s][info   ][gc,phases   ] GC(27) Concurrent Relocate 1.101ms
[14.235s][info   ][gc,load     ] GC(27) Load: 0.00/0.00/0.00
[14.236s][info   ][gc,mmu      ] GC(27) MMU: 2ms/95.7%, 5ms/98.3%, 10ms/99.1%, 20ms/99.5%, 50ms/99.8%, 100ms/99.8%
[14.236s][info   ][gc,marking  ] GC(27) Mark: 2 stripe(s), 3 proactive flush(es), 1 terminate flush(es), 0 completion(s), 0 continuation(s) 
[14.236s][info   ][gc,marking  ] GC(27) Mark Stack Usage: 32M
[14.236s][info   ][gc,nmethod  ] GC(27) NMethods: 375 registered, 0 unregistered
[14.236s][info   ][gc,metaspace] GC(27) Metaspace: 0M used, 0M committed, 1032M reserved
[14.236s][info   ][gc,ref      ] GC(27) Soft: 97 encountered, 0 discovered, 0 enqueued
[14.236s][info   ][gc,ref      ] GC(27) Weak: 187 encountered, 2 discovered, 0 enqueued
[14.236s][info   ][gc,ref      ] GC(27) Final: 0 encountered, 0 discovered, 0 enqueued
[14.236s][info   ][gc,ref      ] GC(27) Phantom: 1 encountered, 0 discovered, 0 enqueued
[14.236s][info   ][gc,reloc    ] GC(27) Small Pages: 74 / 148M, Empty: 96M, Relocated: 1M, In-Place: 0
[14.236s][info   ][gc,reloc    ] GC(27) Medium Pages: 0 / 0M, Empty: 0M, Relocated: 0M, In-Place: 0
[14.236s][info   ][gc,reloc    ] GC(27) Large Pages: 1 / 6M, Empty: 0M, Relocated: 0M, In-Place: 0
[14.236s][info   ][gc,reloc    ] GC(27) Forwarding Usage: 0M
[14.236s][info   ][gc,heap     ] GC(27) Min Capacity: 8M(3%)
[14.236s][info   ][gc,heap     ] GC(27) Max Capacity: 256M(100%)
[14.236s][info   ][gc,heap     ] GC(27) Soft Max Capacity: 256M(100%)
[14.236s][info   ][gc,heap     ] GC(27)                Mark Start          Mark End        Relocate Start      Relocate End           High               Low         
[14.236s][info   ][gc,heap     ] GC(27)  Capacity:      256M (100%)        256M (100%)        256M (100%)        256M (100%)        256M (100%)        256M (100%)   
[14.236s][info   ][gc,heap     ] GC(27)      Free:      102M (40%)         102M (40%)         198M (77%)         198M (77%)         198M (77%)         102M (40%)    
[14.236s][info   ][gc,heap     ] GC(27)      Used:      154M (60%)         154M (60%)          58M (23%)          58M (23%)         154M (60%)          58M (23%)    
[14.236s][info   ][gc,heap     ] GC(27)      Live:         -                54M (21%)          54M (21%)          54M (21%)            -                  -          
[14.236s][info   ][gc,heap     ] GC(27) Allocated:         -                 0M (0%)            0M (0%)            0M (0%)             -                  -          
[14.236s][info   ][gc,heap     ] GC(27)   Garbage:         -                99M (39%)           3M (1%)            3M (1%)             -                  -          
[14.236s][info   ][gc,heap     ] GC(27) Reclaimed:         -                  -                96M (38%)          96M (38%)            -                  -          
[14.236s][info   ][gc          ] GC(27) Garbage Collection (Allocation Rate) 154M(60%)->58M(23%)
[14.589s][info   ][gc,start    ] GC(28) Garbage Collection (Allocation Rate)
[14.589s][info   ][gc,task     ] GC(28) Using 2 workers
[14.589s][info   ][gc,phases   ] GC(28) Pause Mark Start 0.019ms
[14.650s][info   ][gc,phases   ] GC(28) Concurrent Mark 60.185ms
[14.650s][info   ][gc,phases   ] GC(28) Pause Mark End 0.017ms
[14.650s][info   ][gc,phases   ] GC(28) Concurrent Mark Free 0.001ms
[14.651s][info   ][gc,phases   ] GC(28) Concurrent Process Non-Strong References 0.737ms
[14.651s][info   ][gc,phases   ] GC(28) Concurrent Reset Relocation Set 0.002ms
[14.654s][info   ][gc,phases   ] GC(28) Concurrent Select Relocation Set 2.992ms
[14.654s][info   ][gc,phases   ] GC(28) Pause Relocate Start 0.014ms
[14.662s][info   ][gc,phases   ] GC(28) Concurrent Relocate 7.335ms
[14.662s][info   ][gc,load     ] GC(28) Load: 0.00/0.00/0.00
[14.662s][info   ][gc,mmu      ] GC(28) MMU: 2ms/95.7%, 5ms/98.3%, 10ms/99.1%, 20ms/99.5%, 50ms/99.8%, 100ms/99.8%
[14.662s][info   ][gc,marking  ] GC(28) Mark: 2 stripe(s), 2 proactive flush(es), 1 terminate flush(es), 0 completion(s), 0 continuation(s) 
[14.662s][info   ][gc,marking  ] GC(28) Mark Stack Usage: 32M
[14.662s][info   ][gc,nmethod  ] GC(28) NMethods: 375 registered, 0 unregistered
[14.662s][info   ][gc,metaspace] GC(28) Metaspace: 0M used, 0M committed, 1032M reserved
[14.662s][info   ][gc,ref      ] GC(28) Soft: 97 encountered, 0 discovered, 0 enqueued
[14.662s][info   ][gc,ref      ] GC(28) Weak: 187 encountered, 4 discovered, 0 enqueued
[14.662s][info   ][gc,ref      ] GC(28) Final: 0 encountered, 0 discovered, 0 enqueued
[14.662s][info   ][gc,ref      ] GC(28) Phantom: 1 encountered, 0 discovered, 0 enqueued
[14.662s][info   ][gc,reloc    ] GC(28) Small Pages: 71 / 142M, Empty: 54M, Relocated: 6M, In-Place: 0
[14.662s][info   ][gc,reloc    ] GC(28) Medium Pages: 0 / 0M, Empty: 0M, Relocated: 0M, In-Place: 0
[14.662s][info   ][gc,reloc    ] GC(28) Large Pages: 1 / 6M, Empty: 0M, Relocated: 0M, In-Place: 0
[14.662s][info   ][gc,reloc    ] GC(28) Forwarding Usage: 2M
[14.662s][info   ][gc,heap     ] GC(28) Min Capacity: 8M(3%)
[14.662s][info   ][gc,heap     ] GC(28) Max Capacity: 256M(100%)
[14.662s][info   ][gc,heap     ] GC(28) Soft Max Capacity: 256M(100%)
[14.662s][info   ][gc,heap     ] GC(28)                Mark Start          Mark End        Relocate Start      Relocate End           High               Low         
[14.662s][info   ][gc,heap     ] GC(28)  Capacity:      256M (100%)        256M (100%)        256M (100%)        256M (100%)        256M (100%)        256M (100%)   
[14.662s][info   ][gc,heap     ] GC(28)      Free:      108M (42%)         100M (39%)         154M (60%)         176M (69%)         176M (69%)         100M (39%)    
[14.662s][info   ][gc,heap     ] GC(28)      Used:      148M (58%)         156M (61%)         102M (40%)          80M (31%)         156M (61%)          80M (31%)    
[14.662s][info   ][gc,heap     ] GC(28)      Live:         -                69M (27%)          69M (27%)          69M (27%)            -                  -          
[14.662s][info   ][gc,heap     ] GC(28) Allocated:         -                 8M (3%)            8M (3%)            8M (3%)             -                  -          
[14.663s][info   ][gc,heap     ] GC(28)   Garbage:         -                78M (31%)          24M (9%)            2M (1%)             -                  -          
[14.663s][info   ][gc,heap     ] GC(28) Reclaimed:         -                  -                54M (21%)          76M (30%)            -                  -          
[14.663s][info   ][gc          ] GC(28) Garbage Collection (Allocation Rate) 148M(58%)->80M(31%)
[14.796s][info   ][gc,start    ] GC(29) Garbage Collection (Allocation Rate)
[14.796s][info   ][gc,task     ] GC(29) Using 2 workers
[14.797s][info   ][gc,phases   ] GC(29) Pause Mark Start 0.034ms
[14.992s][info   ][gc,phases   ] GC(29) Concurrent Mark 194.721ms
[14.992s][info   ][gc,phases   ] GC(29) Pause Mark End 0.016ms
[14.992s][info   ][gc,phases   ] GC(29) Concurrent Mark Free 0.001ms
[14.993s][info   ][gc,phases   ] GC(29) Concurrent Process Non-Strong References 1.007ms
[14.993s][info   ][gc,phases   ] GC(29) Concurrent Reset Relocation Set 0.003ms
[14.996s][info   ][gc,phases   ] GC(29) Concurrent Select Relocation Set 3.080ms
[14.997s][info   ][gc,phases   ] GC(29) Pause Relocate Start 0.013ms
[14.998s][info   ][gc,phases   ] GC(29) Concurrent Relocate 1.503ms
[14.998s][info   ][gc,load     ] GC(29) Load: 0.00/0.00/0.00
[14.998s][info   ][gc,mmu      ] GC(29) MMU: 2ms/95.7%, 5ms/98.3%, 10ms/99.1%, 20ms/99.5%, 50ms/99.8%, 100ms/99.8%
[14.998s][info   ][gc,marking  ] GC(29) Mark: 2 stripe(s), 2 proactive flush(es), 1 terminate flush(es), 0 completion(s), 0 continuation(s) 
[14.998s][info   ][gc,marking  ] GC(29) Mark Stack Usage: 32M
[14.998s][info   ][gc,nmethod  ] GC(29) NMethods: 375 registered, 0 unregistered
[14.998s][info   ][gc,metaspace] GC(29) Metaspace: 0M used, 0M committed, 1032M reserved
[14.998s][info   ][gc,ref      ] GC(29) Soft: 97 encountered, 0 discovered, 0 enqueued
[14.998s][info   ][gc,ref      ] GC(29) Weak: 187 encountered, 1 discovered, 0 enqueued
[14.998s][info   ][gc,ref      ] GC(29) Final: 0 encountered, 0 discovered, 0 enqueued
[14.998s][info   ][gc,ref      ] GC(29) Phantom: 1 encountered, 0 discovered, 0 enqueued
[14.998s][info   ][gc,reloc    ] GC(29) Small Pages: 82 / 164M, Empty: 84M, Relocated: 1M, In-Place: 0
[14.998s][info   ][gc,reloc    ] GC(29) Medium Pages: 0 / 0M, Empty: 0M, Relocated: 0M, In-Place: 0
[14.999s][info   ][gc,reloc    ] GC(29) Large Pages: 1 / 6M, Empty: 0M, Relocated: 0M, In-Place: 0
[14.999s][info   ][gc,reloc    ] GC(29) Forwarding Usage: 0M
[14.999s][info   ][gc,heap     ] GC(29) Min Capacity: 8M(3%)
[14.999s][info   ][gc,heap     ] GC(29) Max Capacity: 256M(100%)
[14.999s][info   ][gc,heap     ] GC(29) Soft Max Capacity: 256M(100%)
[14.999s][info   ][gc,heap     ] GC(29)                Mark Start          Mark End        Relocate Start      Relocate End           High               Low         
[14.999s][info   ][gc,heap     ] GC(29)  Capacity:      256M (100%)        256M (100%)        256M (100%)        256M (100%)        256M (100%)        256M (100%)   
[14.999s][info   ][gc,heap     ] GC(29)      Free:       86M (34%)          34M (13%)         118M (46%)         126M (49%)         126M (49%)          34M (13%)    
[14.999s][info   ][gc,heap     ] GC(29)      Used:      170M (66%)         222M (87%)         138M (54%)         130M (51%)         222M (87%)         130M (51%)    
[14.999s][info   ][gc,heap     ] GC(29)      Live:         -                73M (29%)          73M (29%)          73M (29%)            -                  -          
[14.999s][info   ][gc,heap     ] GC(29) Allocated:         -                52M (20%)          52M (20%)          52M (20%)            -                  -          
[14.999s][info   ][gc,heap     ] GC(29)   Garbage:         -                96M (38%)          12M (5%)            4M (2%)             -                  -          
[14.999s][info   ][gc,heap     ] GC(29) Reclaimed:         -                  -                84M (33%)          92M (36%)            -                  -          
[14.999s][info   ][gc          ] GC(29) Garbage Collection (Allocation Rate) 170M(66%)->130M(51%)
[15.084s][info   ][gc,start    ] GC(30) Garbage Collection (Allocation Rate)
[15.084s][info   ][gc,task     ] GC(30) Using 2 workers
[15.084s][info   ][gc,phases   ] GC(30) Pause Mark Start 0.015ms
[15.289s][info   ][gc,phases   ] GC(30) Concurrent Mark 204.849ms
[15.289s][info   ][gc,phases   ] GC(30) Pause Mark End 0.021ms
[15.290s][info   ][gc,phases   ] GC(30) Concurrent Mark Free 0.002ms
[15.291s][info   ][gc,phases   ] GC(30) Concurrent Process Non-Strong References 1.481ms
[15.291s][info   ][gc,phases   ] GC(30) Concurrent Reset Relocation Set 0.003ms
[15.295s][info   ][gc,phases   ] GC(30) Concurrent Select Relocation Set 3.347ms
[15.295s][info   ][gc,phases   ] GC(30) Pause Relocate Start 0.016ms
[15.297s][info   ][gc,phases   ] GC(30) Concurrent Relocate 2.281ms
[15.297s][info   ][gc,load     ] GC(30) Load: 0.00/0.00/0.00
[15.298s][info   ][gc,mmu      ] GC(30) MMU: 2ms/95.7%, 5ms/98.3%, 10ms/99.1%, 20ms/99.5%, 50ms/99.8%, 100ms/99.8%
[15.298s][info   ][gc,marking  ] GC(30) Mark: 2 stripe(s), 1 proactive flush(es), 1 terminate flush(es), 0 completion(s), 0 continuation(s) 
[15.298s][info   ][gc,marking  ] GC(30) Mark Stack Usage: 32M
[15.298s][info   ][gc,nmethod  ] GC(30) NMethods: 375 registered, 0 unregistered
[15.298s][info   ][gc,metaspace] GC(30) Metaspace: 0M used, 0M committed, 1032M reserved
[15.298s][info   ][gc,ref      ] GC(30) Soft: 97 encountered, 0 discovered, 0 enqueued
[15.298s][info   ][gc,ref      ] GC(30) Weak: 187 encountered, 169 discovered, 0 enqueued
[15.298s][info   ][gc,ref      ] GC(30) Final: 0 encountered, 0 discovered, 0 enqueued
[15.298s][info   ][gc,ref      ] GC(30) Phantom: 1 encountered, 0 discovered, 0 enqueued
[15.298s][info   ][gc,reloc    ] GC(30) Small Pages: 86 / 172M, Empty: 118M, Relocated: 1M, In-Place: 0
[15.298s][info   ][gc,reloc    ] GC(30) Medium Pages: 0 / 0M, Empty: 0M, Relocated: 0M, In-Place: 0
[15.298s][info   ][gc,reloc    ] GC(30) Large Pages: 1 / 6M, Empty: 0M, Relocated: 0M, In-Place: 0
[15.298s][info   ][gc,reloc    ] GC(30) Forwarding Usage: 0M
[15.298s][info   ][gc,heap     ] GC(30) Min Capacity: 8M(3%)
[15.298s][info   ][gc,heap     ] GC(30) Max Capacity: 256M(100%)
[15.299s][info   ][gc,heap     ] GC(30) Soft Max Capacity: 256M(100%)
[15.299s][info   ][gc,heap     ] GC(30)                Mark Start          Mark End        Relocate Start      Relocate End           High               Low         
[15.299s][info   ][gc,heap     ] GC(30)  Capacity:      256M (100%)        256M (100%)        256M (100%)        256M (100%)        256M (100%)        256M (100%)   
[15.299s][info   ][gc,heap     ] GC(30)      Free:       78M (30%)          30M (12%)         148M (58%)         150M (59%)         150M (59%)          30M (12%)    
[15.299s][info   ][gc,heap     ] GC(30)      Used:      178M (70%)         226M (88%)         108M (42%)         106M (41%)         226M (88%)         106M (41%)    
[15.299s][info   ][gc,heap     ] GC(30)      Live:         -                54M (21%)          54M (21%)          54M (21%)            -                  -          
[15.299s][info   ][gc,heap     ] GC(30) Allocated:         -                48M (19%)          48M (19%)          48M (19%)            -                  -          
[15.299s][info   ][gc,heap     ] GC(30)   Garbage:         -               123M (48%)           5M (2%)            3M (1%)             -                  -          
[15.299s][info   ][gc,heap     ] GC(30) Reclaimed:         -                  -               118M (46%)         120M (47%)            -                  -          
[15.299s][info   ][gc          ] GC(30) Garbage Collection (Allocation Rate) 178M(70%)->106M(41%)
[15.383s][info   ][gc,start    ] GC(31) Garbage Collection (Allocation Rate)
[15.384s][info   ][gc,task     ] GC(31) Using 2 workers
[15.384s][info   ][gc,phases   ] GC(31) Pause Mark Start 0.036ms
[15.418s][info   ][gc,phases   ] GC(31) Concurrent Mark 34.215ms
[15.418s][info   ][gc,phases   ] GC(31) Pause Mark End 0.017ms
[15.418s][info   ][gc,phases   ] GC(31) Concurrent Mark Free 0.001ms
[15.419s][info   ][gc,phases   ] GC(31) Concurrent Process Non-Strong References 0.920ms
[15.420s][info   ][gc,phases   ] GC(31) Concurrent Reset Relocation Set 0.001ms
[15.422s][info   ][gc,phases   ] GC(31) Concurrent Select Relocation Set 2.502ms
[15.422s][info   ][gc,phases   ] GC(31) Pause Relocate Start 0.016ms
[15.429s][info   ][gc,phases   ] GC(31) Concurrent Relocate 6.668ms
[15.429s][info   ][gc,load     ] GC(31) Load: 0.00/0.00/0.00
[15.429s][info   ][gc,mmu      ] GC(31) MMU: 2ms/95.7%, 5ms/98.3%, 10ms/99.1%, 20ms/99.5%, 50ms/99.8%, 100ms/99.8%
[15.429s][info   ][gc,marking  ] GC(31) Mark: 2 stripe(s), 2 proactive flush(es), 1 terminate flush(es), 0 completion(s), 0 continuation(s) 
[15.429s][info   ][gc,marking  ] GC(31) Mark Stack Usage: 32M
[15.429s][info   ][gc,nmethod  ] GC(31) NMethods: 375 registered, 0 unregistered
[15.429s][info   ][gc,metaspace] GC(31) Metaspace: 0M used, 0M committed, 1032M reserved
[15.429s][info   ][gc,ref      ] GC(31) Soft: 97 encountered, 0 discovered, 0 enqueued
[15.429s][info   ][gc,ref      ] GC(31) Weak: 187 encountered, 0 discovered, 0 enqueued
[15.429s][info   ][gc,ref      ] GC(31) Final: 0 encountered, 0 discovered, 0 enqueued
[15.429s][info   ][gc,ref      ] GC(31) Phantom: 1 encountered, 0 discovered, 0 enqueued
[15.429s][info   ][gc,reloc    ] GC(31) Small Pages: 74 / 148M, Empty: 102M, Relocated: 6M, In-Place: 0
[15.429s][info   ][gc,reloc    ] GC(31) Medium Pages: 0 / 0M, Empty: 0M, Relocated: 0M, In-Place: 0
[15.429s][info   ][gc,reloc    ] GC(31) Large Pages: 1 / 6M, Empty: 0M, Relocated: 0M, In-Place: 0
[15.429s][info   ][gc,reloc    ] GC(31) Forwarding Usage: 2M
[15.429s][info   ][gc,heap     ] GC(31) Min Capacity: 8M(3%)
[15.429s][info   ][gc,heap     ] GC(31) Max Capacity: 256M(100%)
[15.429s][info   ][gc,heap     ] GC(31) Soft Max Capacity: 256M(100%)
[15.429s][info   ][gc,heap     ] GC(31)                Mark Start          Mark End        Relocate Start      Relocate End           High               Low         
[15.429s][info   ][gc,heap     ] GC(31)  Capacity:      256M (100%)        256M (100%)        256M (100%)        256M (100%)        256M (100%)        256M (100%)   
[15.429s][info   ][gc,heap     ] GC(31)      Free:      102M (40%)         100M (39%)         202M (79%)         204M (80%)         208M (81%)         100M (39%)    
[15.429s][info   ][gc,heap     ] GC(31)      Used:      154M (60%)         156M (61%)          54M (21%)          52M (20%)         156M (61%)          48M (19%)    
[15.429s][info   ][gc,heap     ] GC(31)      Live:         -                40M (16%)          40M (16%)          40M (16%)            -                  -          
[15.429s][info   ][gc,heap     ] GC(31) Allocated:         -                 2M (1%)            2M (1%)            9M (4%)             -                  -          
[15.429s][info   ][gc,heap     ] GC(31)   Garbage:         -               113M (44%)          11M (5%)            1M (1%)             -                  -          
[15.429s][info   ][gc,heap     ] GC(31) Reclaimed:         -                  -               102M (40%)         111M (44%)            -                  -          
[15.430s][info   ][gc          ] GC(31) Garbage Collection (Allocation Rate) 154M(60%)->52M(20%)
[15.483s][info   ][gc,start    ] GC(32) Garbage Collection (Allocation Rate)
[15.483s][info   ][gc,task     ] GC(32) Using 2 workers
[15.483s][info   ][gc,phases   ] GC(32) Pause Mark Start 0.010ms
[15.621s][info   ][gc,phases   ] GC(32) Concurrent Mark 137.544ms
[15.622s][info   ][gc,phases   ] GC(32) Pause Mark End 0.120ms
[15.623s][info   ][gc,phases   ] GC(32) Concurrent Mark Free 0.002ms
[15.628s][info   ][gc,phases   ] GC(32) Concurrent Process Non-Strong References 4.886ms
[15.628s][info   ][gc,phases   ] GC(32) Concurrent Reset Relocation Set 0.025ms
[15.640s][info   ][gc,phases   ] GC(32) Concurrent Select Relocation Set 10.896ms
[15.640s][info   ][gc,phases   ] GC(32) Pause Relocate Start 0.034ms
[15.641s][info   ][gc,phases   ] GC(32) Concurrent Relocate 0.122ms
[15.641s][info   ][gc,load     ] GC(32) Load: 0.00/0.00/0.00
[15.641s][info   ][gc,mmu      ] GC(32) MMU: 2ms/94.0%, 5ms/97.6%, 10ms/98.8%, 20ms/99.2%, 50ms/99.7%, 100ms/99.8%
[15.641s][info   ][gc,marking  ] GC(32) Mark: 2 stripe(s), 2 proactive flush(es), 1 terminate flush(es), 0 completion(s), 0 continuation(s) 
[15.642s][info   ][gc,marking  ] GC(32) Mark Stack Usage: 32M
[15.642s][info   ][gc,nmethod  ] GC(32) NMethods: 375 registered, 0 unregistered
[15.642s][info   ][gc,metaspace] GC(32) Metaspace: 0M used, 0M committed, 1032M reserved
[15.642s][info   ][gc,ref      ] GC(32) Soft: 97 encountered, 0 discovered, 0 enqueued
[15.642s][info   ][gc,ref      ] GC(32) Weak: 187 encountered, 0 discovered, 0 enqueued
[15.642s][info   ][gc,ref      ] GC(32) Final: 0 encountered, 0 discovered, 0 enqueued
[15.642s][info   ][gc,ref      ] GC(32) Phantom: 1 encountered, 0 discovered, 0 enqueued
[15.643s][info   ][gc,reloc    ] GC(32) Small Pages: 42 / 84M, Empty: 34M, Relocated: 0M, In-Place: 0
[15.643s][info   ][gc,reloc    ] GC(32) Medium Pages: 0 / 0M, Empty: 0M, Relocated: 0M, In-Place: 0
[15.643s][info   ][gc,reloc    ] GC(32) Large Pages: 1 / 6M, Empty: 0M, Relocated: 0M, In-Place: 0
[15.643s][info   ][gc,reloc    ] GC(32) Forwarding Usage: 0M
[15.643s][info   ][gc,heap     ] GC(32) Min Capacity: 8M(3%)
[15.643s][info   ][gc,heap     ] GC(32) Max Capacity: 256M(100%)
[15.643s][info   ][gc,heap     ] GC(32) Soft Max Capacity: 256M(100%)
[15.643s][info   ][gc,heap     ] GC(32)                Mark Start          Mark End        Relocate Start      Relocate End           High               Low         
[15.644s][info   ][gc,heap     ] GC(32)  Capacity:      256M (100%)        256M (100%)        256M (100%)        256M (100%)        256M (100%)        256M (100%)   
[15.644s][info   ][gc,heap     ] GC(32)      Free:      166M (65%)         110M (43%)         140M (55%)         140M (55%)         166M (65%)         106M (41%)    
[15.644s][info   ][gc,heap     ] GC(32)      Used:       90M (35%)         146M (57%)         116M (45%)         116M (45%)         150M (59%)          90M (35%)    
[15.644s][info   ][gc,heap     ] GC(32)      Live:         -                54M (21%)          54M (21%)          54M (21%)            -                  -          
[15.644s][info   ][gc,heap     ] GC(32) Allocated:         -                56M (22%)          60M (23%)          60M (23%)            -                  -          
[15.644s][info   ][gc,heap     ] GC(32)   Garbage:         -                35M (14%)           1M (1%)            1M (1%)             -                  -          
[15.645s][info   ][gc,heap     ] GC(32) Reclaimed:         -                  -                34M (13%)          34M (13%)            -                  -          
[15.645s][info   ][gc          ] GC(32) Garbage Collection (Allocation Rate) 90M(35%)->116M(45%)
[15.684s][info   ][gc,start    ] GC(33) Garbage Collection (Allocation Rate)
[15.684s][info   ][gc,task     ] GC(33) Using 2 workers
[15.685s][info   ][gc,phases   ] GC(33) Pause Mark Start 0.023ms
[15.843s][info   ][gc,phases   ] GC(33) Concurrent Mark 158.099ms
[15.844s][info   ][gc,phases   ] GC(33) Pause Mark End 0.053ms
[15.844s][info   ][gc,phases   ] GC(33) Concurrent Mark Free 0.002ms
[15.845s][info   ][gc,phases   ] GC(33) Concurrent Process Non-Strong References 1.549ms
[15.846s][info   ][gc,phases   ] GC(33) Concurrent Reset Relocation Set 0.001ms
[15.855s][info   ][gc,phases   ] GC(33) Concurrent Select Relocation Set 9.255ms
[15.856s][info   ][gc,phases   ] GC(33) Pause Relocate Start 0.080ms
[15.937s][info   ][gc,phases   ] GC(33) Concurrent Relocate 79.700ms
[15.938s][info   ][gc,load     ] GC(33) Load: 0.00/0.00/0.00
[15.938s][info   ][gc,mmu      ] GC(33) MMU: 2ms/94.0%, 5ms/97.6%, 10ms/98.8%, 20ms/99.2%, 50ms/99.7%, 100ms/99.8%
[15.938s][info   ][gc,marking  ] GC(33) Mark: 2 stripe(s), 3 proactive flush(es), 1 terminate flush(es), 0 completion(s), 0 continuation(s) 
[15.939s][info   ][gc,marking  ] GC(33) Mark Stack Usage: 32M
[15.939s][info   ][gc,nmethod  ] GC(33) NMethods: 375 registered, 0 unregistered
[15.939s][info   ][gc,metaspace] GC(33) Metaspace: 0M used, 0M committed, 1032M reserved
[15.939s][info   ][gc,ref      ] GC(33) Soft: 97 encountered, 0 discovered, 0 enqueued
[15.939s][info   ][gc,ref      ] GC(33) Weak: 187 encountered, 9 discovered, 0 enqueued
[15.940s][info   ][gc,ref      ] GC(33) Final: 0 encountered, 0 discovered, 0 enqueued
[15.940s][info   ][gc,ref      ] GC(33) Phantom: 1 encountered, 0 discovered, 0 enqueued
[15.940s][info   ][gc,reloc    ] GC(33) Small Pages: 67 / 134M, Empty: 0M, Relocated: 3M, In-Place: 0
[15.940s][info   ][gc,reloc    ] GC(33) Medium Pages: 0 / 0M, Empty: 0M, Relocated: 0M, In-Place: 0
[15.940s][info   ][gc,reloc    ] GC(33) Large Pages: 1 / 6M, Empty: 0M, Relocated: 0M, In-Place: 0
[15.940s][info   ][gc,reloc    ] GC(33) Forwarding Usage: 1M
[15.941s][info   ][gc,heap     ] GC(33) Min Capacity: 8M(3%)
[15.941s][info   ][gc,heap     ] GC(33) Max Capacity: 256M(100%)
[15.941s][info   ][gc,heap     ] GC(33) Soft Max Capacity: 256M(100%)
[15.941s][info   ][gc,heap     ] GC(33)                Mark Start          Mark End        Relocate Start      Relocate End           High               Low         
[15.941s][info   ][gc,heap     ] GC(33)  Capacity:      256M (100%)        256M (100%)        256M (100%)        256M (100%)        256M (100%)        256M (100%)   
[15.942s][info   ][gc,heap     ] GC(33)      Free:      116M (45%)          28M (11%)          22M (9%)           18M (7%)          116M (45%)          16M (6%)     
[15.942s][info   ][gc,heap     ] GC(33)      Used:      140M (55%)         228M (89%)         234M (91%)         238M (93%)         240M (94%)         140M (55%)    
[15.942s][info   ][gc,heap     ] GC(33)      Live:         -               137M (54%)         137M (54%)         137M (54%)            -                  -          
[15.943s][info   ][gc,heap     ] GC(33) Allocated:         -                88M (34%)          94M (37%)          98M (38%)            -                  -          
[15.943s][info   ][gc,heap     ] GC(33)   Garbage:         -                 2M (1%)            2M (1%)            2M (1%)             -                  -          
[15.943s][info   ][gc,heap     ] GC(33) Reclaimed:         -                  -                 0M (0%)            0M (0%)             -                  -          
[15.943s][info   ][gc          ] GC(33) Garbage Collection (Allocation Rate) 140M(55%)->238M(93%)
[15.986s][info   ][gc,start    ] GC(34) Garbage Collection (Allocation Rate)
[15.986s][info   ][gc,task     ] GC(34) Using 2 workers
[15.987s][info   ][gc,phases   ] GC(34) Pause Mark Start 0.027ms
[16.027s][info   ][gc,phases   ] GC(34) Concurrent Mark 40.129ms
[16.027s][info   ][gc,phases   ] GC(34) Pause Mark End 0.018ms
[16.027s][info   ][gc,phases   ] GC(34) Concurrent Mark Free 0.001ms
[16.028s][info   ][gc,phases   ] GC(34) Concurrent Process Non-Strong References 1.098ms
[16.028s][info   ][gc,phases   ] GC(34) Concurrent Reset Relocation Set 0.002ms
[16.032s][info   ][gc,phases   ] GC(34) Concurrent Select Relocation Set 3.643ms
[16.032s][info   ][gc,phases   ] GC(34) Pause Relocate Start 0.015ms
[16.035s][info   ][gc,phases   ] GC(34) Concurrent Relocate 2.375ms
[16.035s][info   ][gc,load     ] GC(34) Load: 0.00/0.00/0.00
[16.035s][info   ][gc,mmu      ] GC(34) MMU: 2ms/94.0%, 5ms/97.6%, 10ms/98.8%, 20ms/99.2%, 50ms/99.7%, 100ms/99.8%
[16.035s][info   ][gc,marking  ] GC(34) Mark: 2 stripe(s), 2 proactive flush(es), 1 terminate flush(es), 0 completion(s), 0 continuation(s) 
[16.035s][info   ][gc,marking  ] GC(34) Mark Stack Usage: 32M
[16.035s][info   ][gc,nmethod  ] GC(34) NMethods: 375 registered, 0 unregistered
[16.035s][info   ][gc,metaspace] GC(34) Metaspace: 0M used, 0M committed, 1032M reserved
[16.035s][info   ][gc,ref      ] GC(34) Soft: 97 encountered, 0 discovered, 0 enqueued
[16.035s][info   ][gc,ref      ] GC(34) Weak: 187 encountered, 13 discovered, 0 enqueued
[16.035s][info   ][gc,ref      ] GC(34) Final: 0 encountered, 0 discovered, 0 enqueued
[16.035s][info   ][gc,ref      ] GC(34) Phantom: 1 encountered, 0 discovered, 0 enqueued
[16.035s][info   ][gc,reloc    ] GC(34) Small Pages: 121 / 242M, Empty: 216M, Relocated: 1M, In-Place: 0
[16.035s][info   ][gc,reloc    ] GC(34) Medium Pages: 0 / 0M, Empty: 0M, Relocated: 0M, In-Place: 0
[16.035s][info   ][gc,reloc    ] GC(34) Large Pages: 1 / 6M, Empty: 0M, Relocated: 0M, In-Place: 0
[16.035s][info   ][gc,reloc    ] GC(34) Forwarding Usage: 0M
[16.035s][info   ][gc,heap     ] GC(34) Min Capacity: 8M(3%)
[16.035s][info   ][gc,heap     ] GC(34) Max Capacity: 256M(100%)
[16.036s][info   ][gc,heap     ] GC(34) Soft Max Capacity: 256M(100%)
[16.036s][info   ][gc,heap     ] GC(34)                Mark Start          Mark End        Relocate Start      Relocate End           High               Low         
[16.036s][info   ][gc,heap     ] GC(34)  Capacity:      256M (100%)        256M (100%)        256M (100%)        256M (100%)        256M (100%)        256M (100%)   
[16.036s][info   ][gc,heap     ] GC(34)      Free:        8M (3%)            6M (2%)          222M (87%)         224M (88%)         224M (88%)           6M (2%)     
[16.036s][info   ][gc,heap     ] GC(34)      Used:      248M (97%)         250M (98%)          34M (13%)          32M (12%)         250M (98%)          32M (12%)    
[16.036s][info   ][gc,heap     ] GC(34)      Live:         -                26M (10%)          26M (10%)          26M (10%)            -                  -          
[16.036s][info   ][gc,heap     ] GC(34) Allocated:         -                 2M (1%)            2M (1%)            2M (1%)             -                  -          
[16.036s][info   ][gc,heap     ] GC(34)   Garbage:         -               221M (87%)           5M (2%)            3M (2%)             -                  -          
[16.036s][info   ][gc,heap     ] GC(34) Reclaimed:         -                  -               216M (84%)         218M (85%)            -                  -          
[16.036s][info   ][gc          ] GC(34) Garbage Collection (Allocation Rate) 248M(97%)->32M(12%)
[16.085s][info   ][gc,start    ] GC(35) Garbage Collection (Allocation Rate)
[16.085s][info   ][gc,task     ] GC(35) Using 2 workers
[16.085s][info   ][gc,phases   ] GC(35) Pause Mark Start 0.011ms
[16.090s][info   ][gc,phases   ] GC(35) Concurrent Mark 4.617ms
[16.090s][info   ][gc,phases   ] GC(35) Pause Mark End 0.014ms
[16.090s][info   ][gc,phases   ] GC(35) Concurrent Mark Free 0.001ms
[16.091s][info   ][gc,phases   ] GC(35) Concurrent Process Non-Strong References 0.728ms
[16.091s][info   ][gc,phases   ] GC(35) Concurrent Reset Relocation Set 0.002ms
[16.093s][info   ][gc,phases   ] GC(35) Concurrent Select Relocation Set 2.271ms
[16.093s][info   ][gc,phases   ] GC(35) Pause Relocate Start 0.013ms
[16.096s][info   ][gc,phases   ] GC(35) Concurrent Relocate 2.169ms
[16.096s][info   ][gc,load     ] GC(35) Load: 0.00/0.00/0.00
[16.096s][info   ][gc,mmu      ] GC(35) MMU: 2ms/94.0%, 5ms/97.6%, 10ms/98.8%, 20ms/99.2%, 50ms/99.7%, 100ms/99.8%
[16.096s][info   ][gc,marking  ] GC(35) Mark: 2 stripe(s), 1 proactive flush(es), 1 terminate flush(es), 0 completion(s), 0 continuation(s) 
[16.096s][info   ][gc,marking  ] GC(35) Mark Stack Usage: 32M
[16.096s][info   ][gc,nmethod  ] GC(35) NMethods: 375 registered, 0 unregistered
[16.096s][info   ][gc,metaspace] GC(35) Metaspace: 0M used, 0M committed, 1032M reserved
[16.096s][info   ][gc,ref      ] GC(35) Soft: 97 encountered, 0 discovered, 0 enqueued
[16.096s][info   ][gc,ref      ] GC(35) Weak: 187 encountered, 0 discovered, 0 enqueued
[16.096s][info   ][gc,ref      ] GC(35) Final: 0 encountered, 0 discovered, 0 enqueued
[16.096s][info   ][gc,ref      ] GC(35) Phantom: 1 encountered, 0 discovered, 0 enqueued
[16.096s][info   ][gc,reloc    ] GC(35) Small Pages: 13 / 26M, Empty: 22M, Relocated: 1M, In-Place: 0
[16.096s][info   ][gc,reloc    ] GC(35) Medium Pages: 0 / 0M, Empty: 0M, Relocated: 0M, In-Place: 0
[16.096s][info   ][gc,reloc    ] GC(35) Large Pages: 1 / 6M, Empty: 0M, Relocated: 0M, In-Place: 0
[16.096s][info   ][gc,reloc    ] GC(35) Forwarding Usage: 0M
[16.096s][info   ][gc,heap     ] GC(35) Min Capacity: 8M(3%)
[16.096s][info   ][gc,heap     ] GC(35) Max Capacity: 256M(100%)
[16.096s][info   ][gc,heap     ] GC(35) Soft Max Capacity: 256M(100%)
[16.096s][info   ][gc,heap     ] GC(35)                Mark Start          Mark End        Relocate Start      Relocate End           High               Low         
[16.096s][info   ][gc,heap     ] GC(35)  Capacity:      256M (100%)        256M (100%)        256M (100%)        256M (100%)        256M (100%)        256M (100%)   
[16.096s][info   ][gc,heap     ] GC(35)      Free:      224M (88%)         224M (88%)         246M (96%)         246M (96%)         246M (96%)         224M (88%)    
[16.096s][info   ][gc,heap     ] GC(35)      Used:       32M (12%)          32M (12%)          10M (4%)           10M (4%)           32M (12%)          10M (4%)     
[16.096s][info   ][gc,heap     ] GC(35)      Live:         -                 7M (3%)            7M (3%)            7M (3%)             -                  -          
[16.096s][info   ][gc,heap     ] GC(35) Allocated:         -                 0M (0%)            0M (0%)            0M (0%)             -                  -          
[16.096s][info   ][gc,heap     ] GC(35)   Garbage:         -                24M (10%)           2M (1%)            2M (1%)             -                  -          
[16.096s][info   ][gc,heap     ] GC(35) Reclaimed:         -                  -                22M (9%)           22M (9%)             -                  -          
[16.096s][info   ][gc          ] GC(35) Garbage Collection (Allocation Rate) 32M(12%)->10M(4%)
[16.385s][info   ][gc,start    ] GC(36) Garbage Collection (Allocation Rate)
[16.385s][info   ][gc,task     ] GC(36) Using 2 workers
[16.386s][info   ][gc,phases   ] GC(36) Pause Mark Start 0.028ms
[16.391s][info   ][gc,phases   ] GC(36) Concurrent Mark 5.348ms
[16.391s][info   ][gc,phases   ] GC(36) Pause Mark End 0.018ms
[16.391s][info   ][gc,phases   ] GC(36) Concurrent Mark Free 0.001ms
[16.393s][info   ][gc,phases   ] GC(36) Concurrent Process Non-Strong References 1.387ms
[16.393s][info   ][gc,phases   ] GC(36) Concurrent Reset Relocation Set 0.001ms
[16.396s][info   ][gc,phases   ] GC(36) Concurrent Select Relocation Set 2.756ms
[16.396s][info   ][gc,phases   ] GC(36) Pause Relocate Start 0.013ms
[16.398s][info   ][gc,phases   ] GC(36) Concurrent Relocate 1.840ms
[16.398s][info   ][gc,load     ] GC(36) Load: 0.00/0.00/0.00
[16.398s][info   ][gc,mmu      ] GC(36) MMU: 2ms/94.0%, 5ms/97.6%, 10ms/98.8%, 20ms/99.2%, 50ms/99.7%, 100ms/99.8%
[16.398s][info   ][gc,marking  ] GC(36) Mark: 2 stripe(s), 1 proactive flush(es), 1 terminate flush(es), 0 completion(s), 0 continuation(s) 
[16.398s][info   ][gc,marking  ] GC(36) Mark Stack Usage: 32M
[16.398s][info   ][gc,nmethod  ] GC(36) NMethods: 375 registered, 0 unregistered
[16.398s][info   ][gc,metaspace] GC(36) Metaspace: 0M used, 0M committed, 1032M reserved
[16.398s][info   ][gc,ref      ] GC(36) Soft: 97 encountered, 0 discovered, 0 enqueued
[16.398s][info   ][gc,ref      ] GC(36) Weak: 187 encountered, 0 discovered, 0 enqueued
[16.398s][info   ][gc,ref      ] GC(36) Final: 0 encountered, 0 discovered, 0 enqueued
[16.398s][info   ][gc,ref      ] GC(36) Phantom: 1 encountered, 0 discovered, 0 enqueued
[16.398s][info   ][gc,reloc    ] GC(36) Small Pages: 26 / 52M, Empty: 48M, Relocated: 1M, In-Place: 0
[16.398s][info   ][gc,reloc    ] GC(36) Medium Pages: 0 / 0M, Empty: 0M, Relocated: 0M, In-Place: 0
[16.398s][info   ][gc,reloc    ] GC(36) Large Pages: 1 / 6M, Empty: 0M, Relocated: 0M, In-Place: 0
[16.398s][info   ][gc,reloc    ] GC(36) Forwarding Usage: 0M
[16.398s][info   ][gc,heap     ] GC(36) Min Capacity: 8M(3%)
[16.398s][info   ][gc,heap     ] GC(36) Max Capacity: 256M(100%)
[16.398s][info   ][gc,heap     ] GC(36) Soft Max Capacity: 256M(100%)
[16.398s][info   ][gc,heap     ] GC(36)                Mark Start          Mark End        Relocate Start      Relocate End           High               Low         
[16.398s][info   ][gc,heap     ] GC(36)  Capacity:      256M (100%)        256M (100%)        256M (100%)        256M (100%)        256M (100%)        256M (100%)   
[16.398s][info   ][gc,heap     ] GC(36)      Free:      198M (77%)         198M (77%)         246M (96%)         246M (96%)         246M (96%)         198M (77%)    
[16.398s][info   ][gc,heap     ] GC(36)      Used:       58M (23%)          58M (23%)          10M (4%)           10M (4%)           58M (23%)          10M (4%)     
[16.398s][info   ][gc,heap     ] GC(36)      Live:         -                 7M (3%)            7M (3%)            7M (3%)             -                  -          
[16.398s][info   ][gc,heap     ] GC(36) Allocated:         -                 0M (0%)            0M (0%)            0M (0%)             -                  -          
[16.398s][info   ][gc,heap     ] GC(36)   Garbage:         -                50M (20%)           2M (1%)            2M (1%)             -                  -          
[16.398s][info   ][gc,heap     ] GC(36) Reclaimed:         -                  -                48M (19%)          48M (19%)            -                  -          
[16.398s][info   ][gc          ] GC(36) Garbage Collection (Allocation Rate) 58M(23%)->10M(4%)
[16.684s][info   ][gc,start    ] GC(37) Garbage Collection (Allocation Rate)
[16.684s][info   ][gc,task     ] GC(37) Using 2 workers
[16.685s][info   ][gc,phases   ] GC(37) Pause Mark Start 0.014ms
[16.691s][info   ][gc,phases   ] GC(37) Concurrent Mark 6.374ms
[16.691s][info   ][gc,phases   ] GC(37) Pause Mark End 0.020ms
[16.692s][info   ][gc,phases   ] GC(37) Concurrent Mark Free 0.002ms
[16.693s][info   ][gc,phases   ] GC(37) Concurrent Process Non-Strong References 1.461ms
[16.693s][info   ][gc,phases   ] GC(37) Concurrent Reset Relocation Set 0.002ms
[16.696s][info   ][gc,phases   ] GC(37) Concurrent Select Relocation Set 3.165ms
[16.697s][info   ][gc,phases   ] GC(37) Pause Relocate Start 0.015ms
[16.702s][info   ][gc,phases   ] GC(37) Concurrent Relocate 4.883ms
[16.702s][info   ][gc,load     ] GC(37) Load: 0.00/0.00/0.00
[16.702s][info   ][gc,mmu      ] GC(37) MMU: 2ms/94.0%, 5ms/97.6%, 10ms/98.8%, 20ms/99.2%, 50ms/99.7%, 100ms/99.8%
[16.702s][info   ][gc,marking  ] GC(37) Mark: 2 stripe(s), 1 proactive flush(es), 1 terminate flush(es), 0 completion(s), 0 continuation(s) 
[16.702s][info   ][gc,marking  ] GC(37) Mark Stack Usage: 32M
[16.703s][info   ][gc,nmethod  ] GC(37) NMethods: 379 registered, 0 unregistered
[16.703s][info   ][gc,metaspace] GC(37) Metaspace: 0M used, 0M committed, 1032M reserved
[16.703s][info   ][gc,ref      ] GC(37) Soft: 97 encountered, 0 discovered, 0 enqueued
[16.703s][info   ][gc,ref      ] GC(37) Weak: 187 encountered, 0 discovered, 0 enqueued
[16.703s][info   ][gc,ref      ] GC(37) Final: 0 encountered, 0 discovered, 0 enqueued
[16.703s][info   ][gc,ref      ] GC(37) Phantom: 1 encountered, 0 discovered, 0 enqueued
[16.703s][info   ][gc,reloc    ] GC(37) Small Pages: 50 / 100M, Empty: 96M, Relocated: 1M, In-Place: 0
[16.703s][info   ][gc,reloc    ] GC(37) Medium Pages: 0 / 0M, Empty: 0M, Relocated: 0M, In-Place: 0
[16.703s][info   ][gc,reloc    ] GC(37) Large Pages: 1 / 6M, Empty: 0M, Relocated: 0M, In-Place: 0
[16.703s][info   ][gc,reloc    ] GC(37) Forwarding Usage: 0M
[16.703s][info   ][gc,heap     ] GC(37) Min Capacity: 8M(3%)
[16.703s][info   ][gc,heap     ] GC(37) Max Capacity: 256M(100%)
[16.703s][info   ][gc,heap     ] GC(37) Soft Max Capacity: 256M(100%)
[16.703s][info   ][gc,heap     ] GC(37)                Mark Start          Mark End        Relocate Start      Relocate End           High               Low         
[16.703s][info   ][gc,heap     ] GC(37)  Capacity:      256M (100%)        256M (100%)        256M (100%)        256M (100%)        256M (100%)        256M (100%)   
[16.703s][info   ][gc,heap     ] GC(37)      Free:      150M (59%)         150M (59%)         246M (96%)         246M (96%)         246M (96%)         150M (59%)    
[16.703s][info   ][gc,heap     ] GC(37)      Used:      106M (41%)         106M (41%)          10M (4%)           10M (4%)          106M (41%)          10M (4%)     
[16.703s][info   ][gc,heap     ] GC(37)      Live:         -                 7M (3%)            7M (3%)            7M (3%)             -                  -          
[16.703s][info   ][gc,heap     ] GC(37) Allocated:         -                 0M (0%)            0M (0%)            0M (0%)             -                  -          
[16.703s][info   ][gc,heap     ] GC(37)   Garbage:         -                98M (39%)           2M (1%)            2M (1%)             -                  -          
[16.703s][info   ][gc,heap     ] GC(37) Reclaimed:         -                  -                96M (38%)          96M (38%)            -                  -          
[16.703s][info   ][gc          ] GC(37) Garbage Collection (Allocation Rate) 106M(41%)->10M(4%)
[16.983s][info   ][gc,start    ] GC(38) Garbage Collection (Allocation Rate)
[16.983s][info   ][gc,task     ] GC(38) Using 1 workers
[16.984s][info   ][gc,phases   ] GC(38) Pause Mark Start 0.027ms
[17.185s][info   ][gc,phases   ] GC(38) Concurrent Mark 201.040ms
[17.185s][info   ][gc,phases   ] GC(38) Pause Mark End 0.018ms
[17.186s][info   ][gc,phases   ] GC(38) Concurrent Mark Free 0.002ms
[17.188s][info   ][gc,phases   ] GC(38) Concurrent Process Non-Strong References 2.445ms
[17.188s][info   ][gc,phases   ] GC(38) Concurrent Reset Relocation Set 0.002ms
[17.192s][info   ][gc,phases   ] GC(38) Concurrent Select Relocation Set 3.581ms
[17.192s][info   ][gc,phases   ] GC(38) Pause Relocate Start 0.017ms
[17.195s][info   ][gc,phases   ] GC(38) Concurrent Relocate 2.964ms
[17.195s][info   ][gc,load     ] GC(38) Load: 0.00/0.00/0.00
[17.196s][info   ][gc,mmu      ] GC(38) MMU: 2ms/94.0%, 5ms/97.6%, 10ms/98.8%, 20ms/99.2%, 50ms/99.7%, 100ms/99.8%
[17.196s][info   ][gc,marking  ] GC(38) Mark: 1 stripe(s), 2 proactive flush(es), 1 terminate flush(es), 0 completion(s), 0 continuation(s) 
[17.196s][info   ][gc,marking  ] GC(38) Mark Stack Usage: 32M
[17.196s][info   ][gc,nmethod  ] GC(38) NMethods: 379 registered, 0 unregistered
[17.196s][info   ][gc,metaspace] GC(38) Metaspace: 0M used, 0M committed, 1032M reserved
[17.196s][info   ][gc,ref      ] GC(38) Soft: 97 encountered, 0 discovered, 0 enqueued
[17.196s][info   ][gc,ref      ] GC(38) Weak: 187 encountered, 0 discovered, 0 enqueued
[17.196s][info   ][gc,ref      ] GC(38) Final: 0 encountered, 0 discovered, 0 enqueued
[17.196s][info   ][gc,ref      ] GC(38) Phantom: 1 encountered, 0 discovered, 0 enqueued
[17.196s][info   ][gc,reloc    ] GC(38) Small Pages: 70 / 140M, Empty: 94M, Relocated: 1M, In-Place: 0
[17.196s][info   ][gc,reloc    ] GC(38) Medium Pages: 0 / 0M, Empty: 0M, Relocated: 0M, In-Place: 0
[17.196s][info   ][gc,reloc    ] GC(38) Large Pages: 1 / 6M, Empty: 0M, Relocated: 0M, In-Place: 0
[17.196s][info   ][gc,reloc    ] GC(38) Forwarding Usage: 0M
[17.196s][info   ][gc,heap     ] GC(38) Min Capacity: 8M(3%)
[17.196s][info   ][gc,heap     ] GC(38) Max Capacity: 256M(100%)
[17.196s][info   ][gc,heap     ] GC(38) Soft Max Capacity: 256M(100%)
[17.196s][info   ][gc,heap     ] GC(38)                Mark Start          Mark End        Relocate Start      Relocate End           High               Low         
[17.196s][info   ][gc,heap     ] GC(38)  Capacity:      256M (100%)        256M (100%)        256M (100%)        256M (100%)        256M (100%)        256M (100%)   
[17.196s][info   ][gc,heap     ] GC(38)      Free:      110M (43%)          46M (18%)         132M (52%)         132M (52%)         132M (52%)          38M (15%)    
[17.196s][info   ][gc,heap     ] GC(38)      Used:      146M (57%)         210M (82%)         124M (48%)         124M (48%)         218M (85%)         124M (48%)    
[17.196s][info   ][gc,heap     ] GC(38)      Live:         -                47M (19%)          47M (19%)          47M (19%)            -                  -          
[17.196s][info   ][gc,heap     ] GC(38) Allocated:         -                64M (25%)          72M (28%)          73M (29%)            -                  -          
[17.196s][info   ][gc,heap     ] GC(38)   Garbage:         -                98M (38%)           4M (2%)            2M (1%)             -                  -          
[17.197s][info   ][gc,heap     ] GC(38) Reclaimed:         -                  -                94M (37%)          95M (37%)            -                  -          
[17.197s][info   ][gc          ] GC(38) Garbage Collection (Allocation Rate) 146M(57%)->124M(48%)
[17.292s][info   ][gc,start    ] GC(39) Garbage Collection (Allocation Rate)
[17.292s][info   ][gc,task     ] GC(39) Using 2 workers
[17.292s][info   ][gc,phases   ] GC(39) Pause Mark Start 0.013ms
[17.297s][info   ][gc,phases   ] GC(39) Concurrent Mark 4.553ms
[17.297s][info   ][gc,phases   ] GC(39) Pause Mark End 0.015ms
[17.297s][info   ][gc,phases   ] GC(39) Concurrent Mark Free 0.001ms
[17.299s][info   ][gc,phases   ] GC(39) Concurrent Process Non-Strong References 1.123ms
[17.299s][info   ][gc,phases   ] GC(39) Concurrent Reset Relocation Set 0.002ms
[17.302s][info   ][gc,phases   ] GC(39) Concurrent Select Relocation Set 2.865ms
[17.302s][info   ][gc,phases   ] GC(39) Pause Relocate Start 0.011ms
[17.303s][info   ][gc,phases   ] GC(39) Concurrent Relocate 1.529ms
[17.303s][info   ][gc,load     ] GC(39) Load: 0.00/0.00/0.00
[17.303s][info   ][gc,mmu      ] GC(39) MMU: 2ms/94.0%, 5ms/97.6%, 10ms/98.8%, 20ms/99.2%, 50ms/99.7%, 100ms/99.8%
[17.303s][info   ][gc,marking  ] GC(39) Mark: 2 stripe(s), 1 proactive flush(es), 1 terminate flush(es), 0 completion(s), 0 continuation(s) 
[17.303s][info   ][gc,marking  ] GC(39) Mark Stack Usage: 32M
[17.304s][info   ][gc,nmethod  ] GC(39) NMethods: 379 registered, 0 unregistered
[17.304s][info   ][gc,metaspace] GC(39) Metaspace: 0M used, 0M committed, 1032M reserved
[17.304s][info   ][gc,ref      ] GC(39) Soft: 97 encountered, 0 discovered, 0 enqueued
[17.304s][info   ][gc,ref      ] GC(39) Weak: 187 encountered, 0 discovered, 0 enqueued
[17.304s][info   ][gc,ref      ] GC(39) Final: 0 encountered, 0 discovered, 0 enqueued
[17.304s][info   ][gc,ref      ] GC(39) Phantom: 1 encountered, 0 discovered, 0 enqueued
[17.304s][info   ][gc,reloc    ] GC(39) Small Pages: 73 / 146M, Empty: 142M, Relocated: 1M, In-Place: 0
[17.304s][info   ][gc,reloc    ] GC(39) Medium Pages: 0 / 0M, Empty: 0M, Relocated: 0M, In-Place: 0
[17.304s][info   ][gc,reloc    ] GC(39) Large Pages: 1 / 6M, Empty: 0M, Relocated: 0M, In-Place: 0
[17.304s][info   ][gc,reloc    ] GC(39) Forwarding Usage: 0M
[17.304s][info   ][gc,heap     ] GC(39) Min Capacity: 8M(3%)
[17.304s][info   ][gc,heap     ] GC(39) Max Capacity: 256M(100%)
[17.304s][info   ][gc,heap     ] GC(39) Soft Max Capacity: 256M(100%)
[17.304s][info   ][gc,heap     ] GC(39)                Mark Start          Mark End        Relocate Start      Relocate End           High               Low         
[17.304s][info   ][gc,heap     ] GC(39)  Capacity:      256M (100%)        256M (100%)        256M (100%)        256M (100%)        256M (100%)        256M (100%)   
[17.304s][info   ][gc,heap     ] GC(39)      Free:      104M (41%)         104M (41%)         246M (96%)         246M (96%)         246M (96%)         104M (41%)    
[17.304s][info   ][gc,heap     ] GC(39)      Used:      152M (59%)         152M (59%)          10M (4%)           10M (4%)          152M (59%)          10M (4%)     
[17.304s][info   ][gc,heap     ] GC(39)      Live:         -                 7M (3%)            7M (3%)            7M (3%)             -                  -          
[17.304s][info   ][gc,heap     ] GC(39) Allocated:         -                 0M (0%)            0M (0%)            0M (0%)             -                  -          
[17.304s][info   ][gc,heap     ] GC(39)   Garbage:         -               144M (57%)           2M (1%)            2M (1%)             -                  -          
[17.304s][info   ][gc,heap     ] GC(39) Reclaimed:         -                  -               142M (55%)         142M (55%)            -                  -          
[17.304s][info   ][gc          ] GC(39) Garbage Collection (Allocation Rate) 152M(59%)->10M(4%)
[17.584s][info   ][gc,start    ] GC(40) Garbage Collection (Allocation Rate)
[17.584s][info   ][gc,task     ] GC(40) Using 2 workers
[17.584s][info   ][gc,phases   ] GC(40) Pause Mark Start 0.010ms
[17.635s][info   ][gc,phases   ] GC(40) Concurrent Mark 50.637ms
[17.635s][info   ][gc,phases   ] GC(40) Pause Mark End 0.014ms
[17.635s][info   ][gc,phases   ] GC(40) Concurrent Mark Free 0.001ms
[17.636s][info   ][gc,phases   ] GC(40) Concurrent Process Non-Strong References 0.897ms
[17.636s][info   ][gc,phases   ] GC(40) Concurrent Reset Relocation Set 0.001ms
[17.639s][info   ][gc,phases   ] GC(40) Concurrent Select Relocation Set 2.469ms
[17.639s][info   ][gc,phases   ] GC(40) Pause Relocate Start 0.011ms
[17.641s][info   ][gc,phases   ] GC(40) Concurrent Relocate 2.423ms
[17.642s][info   ][gc,load     ] GC(40) Load: 0.00/0.00/0.00
[17.642s][info   ][gc,mmu      ] GC(40) MMU: 2ms/94.0%, 5ms/97.6%, 10ms/98.8%, 20ms/99.2%, 50ms/99.7%, 100ms/99.8%
[17.642s][info   ][gc,marking  ] GC(40) Mark: 2 stripe(s), 2 proactive flush(es), 1 terminate flush(es), 0 completion(s), 0 continuation(s) 
[17.642s][info   ][gc,marking  ] GC(40) Mark Stack Usage: 32M
[17.642s][info   ][gc,nmethod  ] GC(40) NMethods: 379 registered, 0 unregistered
[17.642s][info   ][gc,metaspace] GC(40) Metaspace: 0M used, 0M committed, 1032M reserved
[17.642s][info   ][gc,ref      ] GC(40) Soft: 97 encountered, 0 discovered, 0 enqueued
[17.642s][info   ][gc,ref      ] GC(40) Weak: 187 encountered, 0 discovered, 0 enqueued
[17.642s][info   ][gc,ref      ] GC(40) Final: 0 encountered, 0 discovered, 0 enqueued
[17.642s][info   ][gc,ref      ] GC(40) Phantom: 1 encountered, 0 discovered, 0 enqueued
[17.642s][info   ][gc,reloc    ] GC(40) Small Pages: 60 / 120M, Empty: 46M, Relocated: 3M, In-Place: 0
[17.642s][info   ][gc,reloc    ] GC(40) Medium Pages: 0 / 0M, Empty: 0M, Relocated: 0M, In-Place: 0
[17.642s][info   ][gc,reloc    ] GC(40) Large Pages: 1 / 6M, Empty: 0M, Relocated: 0M, In-Place: 0
[17.642s][info   ][gc,reloc    ] GC(40) Forwarding Usage: 1M
[17.642s][info   ][gc,heap     ] GC(40) Min Capacity: 8M(3%)
[17.642s][info   ][gc,heap     ] GC(40) Max Capacity: 256M(100%)
[17.642s][info   ][gc,heap     ] GC(40) Soft Max Capacity: 256M(100%)
[17.642s][info   ][gc,heap     ] GC(40)                Mark Start          Mark End        Relocate Start      Relocate End           High               Low         
[17.642s][info   ][gc,heap     ] GC(40)  Capacity:      256M (100%)        256M (100%)        256M (100%)        256M (100%)        256M (100%)        256M (100%)   
[17.642s][info   ][gc,heap     ] GC(40)      Free:      130M (51%)         102M (40%)         148M (58%)         156M (61%)         156M (61%)         102M (40%)    
[17.642s][info   ][gc,heap     ] GC(40)      Used:      126M (49%)         154M (60%)         108M (42%)         100M (39%)         154M (60%)         100M (39%)    
[17.642s][info   ][gc,heap     ] GC(40)      Live:         -                68M (27%)          68M (27%)          68M (27%)            -                  -          
[17.642s][info   ][gc,heap     ] GC(40) Allocated:         -                28M (11%)          28M (11%)          28M (11%)            -                  -          
[17.642s][info   ][gc,heap     ] GC(40)   Garbage:         -                57M (23%)          11M (5%)            3M (1%)             -                  -          
[17.642s][info   ][gc,heap     ] GC(40) Reclaimed:         -                  -                46M (18%)          54M (21%)            -                  -          
[17.642s][info   ][gc          ] GC(40) Garbage Collection (Allocation Rate) 126M(49%)->100M(39%)
[17.691s][info   ][gc,start    ] GC(41) Garbage Collection (Allocation Rate)
[17.691s][info   ][gc,task     ] GC(41) Using 2 workers
[17.692s][info   ][gc,phases   ] GC(41) Pause Mark Start 0.011ms
[17.696s][info   ][gc,phases   ] GC(41) Concurrent Mark 4.737ms
[17.697s][info   ][gc,phases   ] GC(41) Pause Mark End 0.017ms
[17.697s][info   ][gc,phases   ] GC(41) Concurrent Mark Free 0.001ms
[17.698s][info   ][gc,phases   ] GC(41) Concurrent Process Non-Strong References 1.221ms
[17.698s][info   ][gc,phases   ] GC(41) Concurrent Reset Relocation Set 0.002ms
[17.703s][info   ][gc,phases   ] GC(41) Concurrent Select Relocation Set 4.926ms
[17.703s][info   ][gc,phases   ] GC(41) Pause Relocate Start 0.013ms
[17.705s][info   ][gc,phases   ] GC(41) Concurrent Relocate 1.296ms
[17.705s][info   ][gc,load     ] GC(41) Load: 0.00/0.00/0.00
[17.705s][info   ][gc,mmu      ] GC(41) MMU: 2ms/94.0%, 5ms/97.6%, 10ms/98.8%, 20ms/99.2%, 50ms/99.7%, 100ms/99.8%
[17.705s][info   ][gc,marking  ] GC(41) Mark: 2 stripe(s), 1 proactive flush(es), 1 terminate flush(es), 0 completion(s), 0 continuation(s) 
[17.705s][info   ][gc,marking  ] GC(41) Mark Stack Usage: 32M
[17.705s][info   ][gc,nmethod  ] GC(41) NMethods: 379 registered, 0 unregistered
[17.705s][info   ][gc,metaspace] GC(41) Metaspace: 0M used, 0M committed, 1032M reserved
[17.705s][info   ][gc,ref      ] GC(41) Soft: 97 encountered, 0 discovered, 0 enqueued
[17.705s][info   ][gc,ref      ] GC(41) Weak: 187 encountered, 4 discovered, 0 enqueued
[17.705s][info   ][gc,ref      ] GC(41) Final: 0 encountered, 0 discovered, 0 enqueued
[17.705s][info   ][gc,ref      ] GC(41) Phantom: 1 encountered, 0 discovered, 0 enqueued
[17.705s][info   ][gc,reloc    ] GC(41) Small Pages: 47 / 94M, Empty: 88M, Relocated: 1M, In-Place: 0
[17.705s][info   ][gc,reloc    ] GC(41) Medium Pages: 0 / 0M, Empty: 0M, Relocated: 0M, In-Place: 0
[17.705s][info   ][gc,reloc    ] GC(41) Large Pages: 1 / 6M, Empty: 0M, Relocated: 0M, In-Place: 0
[17.705s][info   ][gc,reloc    ] GC(41) Forwarding Usage: 0M
[17.705s][info   ][gc,heap     ] GC(41) Min Capacity: 8M(3%)
[17.705s][info   ][gc,heap     ] GC(41) Max Capacity: 256M(100%)
[17.705s][info   ][gc,heap     ] GC(41) Soft Max Capacity: 256M(100%)
[17.705s][info   ][gc,heap     ] GC(41)                Mark Start          Mark End        Relocate Start      Relocate End           High               Low         
[17.705s][info   ][gc,heap     ] GC(41)  Capacity:      256M (100%)        256M (100%)        256M (100%)        256M (100%)        256M (100%)        256M (100%)   
[17.705s][info   ][gc,heap     ] GC(41)      Free:      156M (61%)         156M (61%)         244M (95%)         246M (96%)         246M (96%)         156M (61%)    
[17.705s][info   ][gc,heap     ] GC(41)      Used:      100M (39%)         100M (39%)          12M (5%)           10M (4%)          100M (39%)          10M (4%)     
[17.705s][info   ][gc,heap     ] GC(41)      Live:         -                 7M (3%)            7M (3%)            7M (3%)             -                  -          
[17.705s][info   ][gc,heap     ] GC(41) Allocated:         -                 0M (0%)            0M (0%)            0M (0%)             -                  -          
[17.705s][info   ][gc,heap     ] GC(41)   Garbage:         -                92M (36%)           4M (2%)            2M (1%)             -                  -          
[17.705s][info   ][gc,heap     ] GC(41) Reclaimed:         -                  -                88M (34%)          90M (35%)            -                  -          
[17.705s][info   ][gc          ] GC(41) Garbage Collection (Allocation Rate) 100M(39%)->10M(4%)
[18.085s][info   ][gc,start    ] GC(42) Garbage Collection (Allocation Rate)
[18.085s][info   ][gc,task     ] GC(42) Using 1 workers
[18.086s][info   ][gc,phases   ] GC(42) Pause Mark Start 0.025ms
[18.121s][info   ][gc,phases   ] GC(42) Concurrent Mark 34.861ms
[18.121s][info   ][gc,phases   ] GC(42) Pause Mark End 0.017ms
[18.121s][info   ][gc,phases   ] GC(42) Concurrent Mark Free 0.001ms
[18.123s][info   ][gc,phases   ] GC(42) Concurrent Process Non-Strong References 2.332ms
[18.124s][info   ][gc,phases   ] GC(42) Concurrent Reset Relocation Set 0.001ms
[18.127s][info   ][gc,phases   ] GC(42) Concurrent Select Relocation Set 3.069ms
[18.127s][info   ][gc,phases   ] GC(42) Pause Relocate Start 0.017ms
[18.129s][info   ][gc,phases   ] GC(42) Concurrent Relocate 1.710ms
[18.129s][info   ][gc,load     ] GC(42) Load: 0.00/0.00/0.00
[18.129s][info   ][gc,mmu      ] GC(42) MMU: 2ms/94.0%, 5ms/97.6%, 10ms/98.8%, 20ms/99.2%, 50ms/99.7%, 100ms/99.8%
[18.129s][info   ][gc,marking  ] GC(42) Mark: 1 stripe(s), 2 proactive flush(es), 1 terminate flush(es), 0 completion(s), 0 continuation(s) 
[18.129s][info   ][gc,marking  ] GC(42) Mark Stack Usage: 32M
[18.129s][info   ][gc,nmethod  ] GC(42) NMethods: 379 registered, 0 unregistered
[18.129s][info   ][gc,metaspace] GC(42) Metaspace: 0M used, 0M committed, 1032M reserved
[18.129s][info   ][gc,ref      ] GC(42) Soft: 97 encountered, 0 discovered, 0 enqueued
[18.129s][info   ][gc,ref      ] GC(42) Weak: 187 encountered, 0 discovered, 0 enqueued
[18.129s][info   ][gc,ref      ] GC(42) Final: 0 encountered, 0 discovered, 0 enqueued
[18.129s][info   ][gc,ref      ] GC(42) Phantom: 1 encountered, 0 discovered, 0 enqueued
[18.129s][info   ][gc,reloc    ] GC(42) Small Pages: 68 / 136M, Empty: 118M, Relocated: 0M, In-Place: 0
[18.129s][info   ][gc,reloc    ] GC(42) Medium Pages: 0 / 0M, Empty: 0M, Relocated: 0M, In-Place: 0
[18.129s][info   ][gc,reloc    ] GC(42) Large Pages: 1 / 6M, Empty: 0M, Relocated: 0M, In-Place: 0
[18.129s][info   ][gc,reloc    ] GC(42) Forwarding Usage: 0M
[18.129s][info   ][gc,heap     ] GC(42) Min Capacity: 8M(3%)
[18.129s][info   ][gc,heap     ] GC(42) Max Capacity: 256M(100%)
[18.130s][info   ][gc,heap     ] GC(42) Soft Max Capacity: 256M(100%)
[18.130s][info   ][gc,heap     ] GC(42)                Mark Start          Mark End        Relocate Start      Relocate End           High               Low         
[18.130s][info   ][gc,heap     ] GC(42)  Capacity:      256M (100%)        256M (100%)        256M (100%)        256M (100%)        256M (100%)        256M (100%)   
[18.130s][info   ][gc,heap     ] GC(42)      Free:      114M (45%)         102M (40%)         220M (86%)         226M (88%)         226M (88%)         102M (40%)    
[18.130s][info   ][gc,heap     ] GC(42)      Used:      142M (55%)         154M (60%)          36M (14%)          30M (12%)         154M (60%)          30M (12%)    
[18.130s][info   ][gc,heap     ] GC(42)      Live:         -                16M (6%)           16M (6%)           16M (6%)             -                  -          
[18.130s][info   ][gc,heap     ] GC(42) Allocated:         -                12M (5%)           12M (5%)           12M (5%)             -                  -          
[18.130s][info   ][gc,heap     ] GC(42)   Garbage:         -               125M (49%)           7M (3%)            1M (1%)             -                  -          
[18.130s][info   ][gc,heap     ] GC(42) Reclaimed:         -                  -               118M (46%)         124M (48%)            -                  -          
[18.130s][info   ][gc          ] GC(42) Garbage Collection (Allocation Rate) 142M(55%)->30M(12%)
[18.384s][info   ][gc,start    ] GC(43) Garbage Collection (Allocation Rate)
[18.384s][info   ][gc,task     ] GC(43) Using 1 workers
[18.385s][info   ][gc,phases   ] GC(43) Pause Mark Start 0.012ms
[18.435s][info   ][gc,phases   ] GC(43) Concurrent Mark 50.562ms
[18.437s][info   ][gc,phases   ] GC(43) Pause Mark End 0.097ms
[18.439s][info   ][gc,phases   ] GC(43) Concurrent Mark Free 0.003ms
[18.452s][info   ][gc,phases   ] GC(43) Concurrent Process Non-Strong References 12.470ms
[18.452s][info   ][gc,phases   ] GC(43) Concurrent Reset Relocation Set 0.005ms
[18.477s][info   ][gc,phases   ] GC(43) Concurrent Select Relocation Set 24.008ms
[18.477s][info   ][gc,phases   ] GC(43) Pause Relocate Start 0.038ms
[18.488s][info   ][gc,phases   ] GC(43) Concurrent Relocate 10.617ms
[18.489s][info   ][gc,load     ] GC(43) Load: 0.00/0.00/0.00
[18.489s][info   ][gc,mmu      ] GC(43) MMU: 2ms/94.0%, 5ms/97.6%, 10ms/98.8%, 20ms/99.2%, 50ms/99.7%, 100ms/99.8%
[18.489s][info   ][gc,marking  ] GC(43) Mark: 1 stripe(s), 2 proactive flush(es), 1 terminate flush(es), 0 completion(s), 0 continuation(s) 
[18.489s][info   ][gc,marking  ] GC(43) Mark Stack Usage: 32M
[18.489s][info   ][gc,nmethod  ] GC(43) NMethods: 379 registered, 0 unregistered
[18.490s][info   ][gc,metaspace] GC(43) Metaspace: 0M used, 0M committed, 1032M reserved
[18.490s][info   ][gc,ref      ] GC(43) Soft: 97 encountered, 0 discovered, 0 enqueued
[18.490s][info   ][gc,ref      ] GC(43) Weak: 187 encountered, 0 discovered, 0 enqueued
[18.490s][info   ][gc,ref      ] GC(43) Final: 0 encountered, 0 discovered, 0 enqueued
[18.490s][info   ][gc,ref      ] GC(43) Phantom: 1 encountered, 0 discovered, 0 enqueued
[18.490s][info   ][gc,reloc    ] GC(43) Small Pages: 83 / 166M, Empty: 152M, Relocated: 1M, In-Place: 0
[18.491s][info   ][gc,reloc    ] GC(43) Medium Pages: 0 / 0M, Empty: 0M, Relocated: 0M, In-Place: 0
[18.491s][info   ][gc,reloc    ] GC(43) Large Pages: 1 / 6M, Empty: 0M, Relocated: 0M, In-Place: 0
[18.491s][info   ][gc,reloc    ] GC(43) Forwarding Usage: 0M
[18.491s][info   ][gc,heap     ] GC(43) Min Capacity: 8M(3%)
[18.491s][info   ][gc,heap     ] GC(43) Max Capacity: 256M(100%)
[18.491s][info   ][gc,heap     ] GC(43) Soft Max Capacity: 256M(100%)
[18.491s][info   ][gc,heap     ] GC(43)                Mark Start          Mark End        Relocate Start      Relocate End           High               Low         
[18.492s][info   ][gc,heap     ] GC(43)  Capacity:      256M (100%)        256M (100%)        256M (100%)        256M (100%)        256M (100%)        256M (100%)   
[18.492s][info   ][gc,heap     ] GC(43)      Free:       84M (33%)          82M (32%)         228M (89%)         226M (88%)         228M (89%)          80M (31%)    
[18.492s][info   ][gc,heap     ] GC(43)      Used:      172M (67%)         174M (68%)          28M (11%)          30M (12%)         176M (69%)          28M (11%)    
[18.492s][info   ][gc,heap     ] GC(43)      Live:         -                16M (6%)           16M (6%)           16M (6%)             -                  -          
[18.492s][info   ][gc,heap     ] GC(43) Allocated:         -                 2M (1%)            8M (3%)           11M (5%)             -                  -          
[18.492s][info   ][gc,heap     ] GC(43)   Garbage:         -               155M (61%)           3M (1%)            1M (1%)             -                  -          
[18.493s][info   ][gc,heap     ] GC(43) Reclaimed:         -                  -               152M (59%)         153M (60%)            -                  -          
[18.493s][info   ][gc          ] GC(43) Garbage Collection (Allocation Rate) 172M(67%)->30M(12%)
[18.683s][info   ][gc,start    ] GC(44) Garbage Collection (Allocation Rate)
[18.684s][info   ][gc,task     ] GC(44) Using 1 workers
[18.684s][info   ][gc,phases   ] GC(44) Pause Mark Start 0.027ms
[18.719s][info   ][gc,phases   ] GC(44) Concurrent Mark 34.763ms
[18.719s][info   ][gc,phases   ] GC(44) Pause Mark End 0.012ms
[18.719s][info   ][gc,phases   ] GC(44) Concurrent Mark Free 0.001ms
[18.720s][info   ][gc,phases   ] GC(44) Concurrent Process Non-Strong References 1.324ms
[18.720s][info   ][gc,phases   ] GC(44) Concurrent Reset Relocation Set 0.001ms
[18.722s][info   ][gc,phases   ] GC(44) Concurrent Select Relocation Set 1.587ms
[18.722s][info   ][gc,phases   ] GC(44) Pause Relocate Start 0.010ms
[18.723s][info   ][gc,phases   ] GC(44) Concurrent Relocate 0.896ms
[18.723s][info   ][gc,load     ] GC(44) Load: 0.00/0.00/0.00
[18.723s][info   ][gc,mmu      ] GC(44) MMU: 2ms/94.0%, 5ms/97.6%, 10ms/98.8%, 20ms/99.2%, 50ms/99.7%, 100ms/99.8%
[18.723s][info   ][gc,marking  ] GC(44) Mark: 1 stripe(s), 2 proactive flush(es), 1 terminate flush(es), 0 completion(s), 0 continuation(s) 
[18.723s][info   ][gc,marking  ] GC(44) Mark Stack Usage: 32M
[18.723s][info   ][gc,nmethod  ] GC(44) NMethods: 379 registered, 0 unregistered
[18.723s][info   ][gc,metaspace] GC(44) Metaspace: 0M used, 0M committed, 1032M reserved
[18.723s][info   ][gc,ref      ] GC(44) Soft: 97 encountered, 0 discovered, 0 enqueued
[18.723s][info   ][gc,ref      ] GC(44) Weak: 187 encountered, 0 discovered, 0 enqueued
[18.723s][info   ][gc,ref      ] GC(44) Final: 0 encountered, 0 discovered, 0 enqueued
[18.723s][info   ][gc,ref      ] GC(44) Phantom: 1 encountered, 0 discovered, 0 enqueued
[18.723s][info   ][gc,reloc    ] GC(44) Small Pages: 54 / 108M, Empty: 74M, Relocated: 1M, In-Place: 0
[18.723s][info   ][gc,reloc    ] GC(44) Medium Pages: 0 / 0M, Empty: 0M, Relocated: 0M, In-Place: 0
[18.723s][info   ][gc,reloc    ] GC(44) Large Pages: 1 / 6M, Empty: 0M, Relocated: 0M, In-Place: 0
[18.723s][info   ][gc,reloc    ] GC(44) Forwarding Usage: 0M
[18.723s][info   ][gc,heap     ] GC(44) Min Capacity: 8M(3%)
[18.723s][info   ][gc,heap     ] GC(44) Max Capacity: 256M(100%)
[18.723s][info   ][gc,heap     ] GC(44) Soft Max Capacity: 256M(100%)
[18.723s][info   ][gc,heap     ] GC(44)                Mark Start          Mark End        Relocate Start      Relocate End           High               Low         
[18.723s][info   ][gc,heap     ] GC(44)  Capacity:      256M (100%)        256M (100%)        256M (100%)        256M (100%)        256M (100%)        256M (100%)   
[18.724s][info   ][gc,heap     ] GC(44)      Free:      142M (55%)         140M (55%)         214M (84%)         216M (84%)         216M (84%)         140M (55%)    
[18.724s][info   ][gc,heap     ] GC(44)      Used:      114M (45%)         116M (45%)          42M (16%)          40M (16%)         116M (45%)          40M (16%)    
[18.724s][info   ][gc,heap     ] GC(44)      Live:         -                37M (15%)          37M (15%)          37M (15%)            -                  -          
[18.724s][info   ][gc,heap     ] GC(44) Allocated:         -                 2M (1%)            2M (1%)            2M (1%)             -                  -          
[18.724s][info   ][gc,heap     ] GC(44)   Garbage:         -                76M (30%)           2M (1%)            0M (0%)             -                  -          
[18.724s][info   ][gc,heap     ] GC(44) Reclaimed:         -                  -                74M (29%)          76M (30%)            -                  -          
[18.724s][info   ][gc          ] GC(44) Garbage Collection (Allocation Rate) 114M(45%)->40M(16%)
[19.183s][info   ][gc,start    ] GC(45) Garbage Collection (Allocation Rate)
[19.184s][info   ][gc,task     ] GC(45) Using 1 workers
[19.184s][info   ][gc,phases   ] GC(45) Pause Mark Start 0.009ms
[19.193s][info   ][gc,phases   ] GC(45) Concurrent Mark 8.875ms
[19.193s][info   ][gc,phases   ] GC(45) Pause Mark End 0.012ms
[19.193s][info   ][gc,phases   ] GC(45) Concurrent Mark Free 0.001ms
[19.194s][info   ][gc,phases   ] GC(45) Concurrent Process Non-Strong References 1.273ms
[19.194s][info   ][gc,phases   ] GC(45) Concurrent Reset Relocation Set 0.001ms
[19.196s][info   ][gc,phases   ] GC(45) Concurrent Select Relocation Set 2.259ms
[19.197s][info   ][gc,phases   ] GC(45) Pause Relocate Start 0.011ms
[19.201s][info   ][gc,phases   ] GC(45) Concurrent Relocate 4.204ms
[19.201s][info   ][gc,load     ] GC(45) Load: 0.00/0.00/0.00
[19.201s][info   ][gc,mmu      ] GC(45) MMU: 2ms/94.0%, 5ms/97.6%, 10ms/98.8%, 20ms/99.2%, 50ms/99.7%, 100ms/99.8%
[19.201s][info   ][gc,marking  ] GC(45) Mark: 1 stripe(s), 2 proactive flush(es), 1 terminate flush(es), 0 completion(s), 0 continuation(s) 
[19.201s][info   ][gc,marking  ] GC(45) Mark Stack Usage: 32M
[19.201s][info   ][gc,nmethod  ] GC(45) NMethods: 380 registered, 0 unregistered
[19.201s][info   ][gc,metaspace] GC(45) Metaspace: 0M used, 0M committed, 1032M reserved
[19.201s][info   ][gc,ref      ] GC(45) Soft: 97 encountered, 0 discovered, 0 enqueued
[19.201s][info   ][gc,ref      ] GC(45) Weak: 187 encountered, 0 discovered, 0 enqueued
[19.201s][info   ][gc,ref      ] GC(45) Final: 0 encountered, 0 discovered, 0 enqueued
[19.201s][info   ][gc,ref      ] GC(45) Phantom: 1 encountered, 0 discovered, 0 enqueued
[19.201s][info   ][gc,reloc    ] GC(45) Small Pages: 64 / 128M, Empty: 118M, Relocated: 3M, In-Place: 0
[19.201s][info   ][gc,reloc    ] GC(45) Medium Pages: 0 / 0M, Empty: 0M, Relocated: 0M, In-Place: 0
[19.201s][info   ][gc,reloc    ] GC(45) Large Pages: 1 / 6M, Empty: 0M, Relocated: 0M, In-Place: 0
[19.201s][info   ][gc,reloc    ] GC(45) Forwarding Usage: 1M
[19.201s][info   ][gc,heap     ] GC(45) Min Capacity: 8M(3%)
[19.201s][info   ][gc,heap     ] GC(45) Max Capacity: 256M(100%)
[19.201s][info   ][gc,heap     ] GC(45) Soft Max Capacity: 256M(100%)
[19.201s][info   ][gc,heap     ] GC(45)                Mark Start          Mark End        Relocate Start      Relocate End           High               Low         
[19.201s][info   ][gc,heap     ] GC(45)  Capacity:      256M (100%)        256M (100%)        256M (100%)        256M (100%)        256M (100%)        256M (100%)   
[19.201s][info   ][gc,heap     ] GC(45)      Free:      122M (48%)         120M (47%)         238M (93%)         242M (95%)         242M (95%)         120M (47%)    
[19.201s][info   ][gc,heap     ] GC(45)      Used:      134M (52%)         136M (53%)          18M (7%)           14M (5%)          136M (53%)          14M (5%)     
[19.201s][info   ][gc,heap     ] GC(45)      Live:         -                11M (4%)           11M (4%)           11M (4%)             -                  -          
[19.201s][info   ][gc,heap     ] GC(45) Allocated:         -                 2M (1%)            2M (1%)            2M (1%)             -                  -          
[19.201s][info   ][gc,heap     ] GC(45)   Garbage:         -               122M (48%)           4M (2%)            0M (0%)             -                  -          
[19.201s][info   ][gc,heap     ] GC(45) Reclaimed:         -                  -               118M (46%)         122M (48%)            -                  -          
[19.201s][info   ][gc          ] GC(45) Garbage Collection (Allocation Rate) 134M(52%)->14M(5%)
[19.695s][info   ][gc,start    ] GC(46) Garbage Collection (Allocation Rate)
[19.695s][info   ][gc,task     ] GC(46) Using 2 workers
[19.695s][info   ][gc,phases   ] GC(46) Pause Mark Start 0.013ms
[19.781s][info   ][gc,phases   ] GC(46) Concurrent Mark 85.506ms
[19.781s][info   ][gc,phases   ] GC(46) Pause Mark End 0.017ms
[19.781s][info   ][gc,phases   ] GC(46) Concurrent Mark Free 0.001ms
[19.782s][info   ][gc,phases   ] GC(46) Concurrent Process Non-Strong References 1.109ms
[19.782s][info   ][gc,phases   ] GC(46) Concurrent Reset Relocation Set 0.002ms
[19.787s][info   ][gc,phases   ] GC(46) Concurrent Select Relocation Set 4.739ms
[19.787s][info   ][gc,phases   ] GC(46) Pause Relocate Start 0.016ms
[19.790s][info   ][gc,phases   ] GC(46) Concurrent Relocate 3.123ms
[19.790s][info   ][gc,load     ] GC(46) Load: 0.00/0.00/0.00
[19.791s][info   ][gc,mmu      ] GC(46) MMU: 2ms/94.0%, 5ms/97.6%, 10ms/98.8%, 20ms/99.2%, 50ms/99.7%, 100ms/99.8%
[19.791s][info   ][gc,marking  ] GC(46) Mark: 2 stripe(s), 1 proactive flush(es), 1 terminate flush(es), 0 completion(s), 0 continuation(s) 
[19.791s][info   ][gc,marking  ] GC(46) Mark Stack Usage: 32M
[19.791s][info   ][gc,nmethod  ] GC(46) NMethods: 380 registered, 0 unregistered
[19.791s][info   ][gc,metaspace] GC(46) Metaspace: 0M used, 0M committed, 1032M reserved
[19.791s][info   ][gc,ref      ] GC(46) Soft: 97 encountered, 0 discovered, 0 enqueued
[19.791s][info   ][gc,ref      ] GC(46) Weak: 187 encountered, 0 discovered, 0 enqueued
[19.791s][info   ][gc,ref      ] GC(46) Final: 0 encountered, 0 discovered, 0 enqueued
[19.791s][info   ][gc,ref      ] GC(46) Phantom: 1 encountered, 0 discovered, 0 enqueued
[19.791s][info   ][gc,reloc    ] GC(46) Small Pages: 98 / 196M, Empty: 50M, Relocated: 3M, In-Place: 0
[19.791s][info   ][gc,reloc    ] GC(46) Medium Pages: 0 / 0M, Empty: 0M, Relocated: 0M, In-Place: 0
[19.791s][info   ][gc,reloc    ] GC(46) Large Pages: 1 / 6M, Empty: 0M, Relocated: 0M, In-Place: 0
[19.791s][info   ][gc,reloc    ] GC(46) Forwarding Usage: 1M
[19.791s][info   ][gc,heap     ] GC(46) Min Capacity: 8M(3%)
[19.791s][info   ][gc,heap     ] GC(46) Max Capacity: 256M(100%)
[19.791s][info   ][gc,heap     ] GC(46) Soft Max Capacity: 256M(100%)
[19.791s][info   ][gc,heap     ] GC(46)                Mark Start          Mark End        Relocate Start      Relocate End           High               Low         
[19.791s][info   ][gc,heap     ] GC(46)  Capacity:      256M (100%)        256M (100%)        256M (100%)        256M (100%)        256M (100%)        256M (100%)   
[19.791s][info   ][gc,heap     ] GC(46)      Free:       54M (21%)           6M (2%)           56M (22%)          56M (22%)          56M (22%)           6M (2%)     
[19.791s][info   ][gc,heap     ] GC(46)      Used:      202M (79%)         250M (98%)         200M (78%)         200M (78%)         250M (98%)         200M (78%)    
[19.791s][info   ][gc,heap     ] GC(46)      Live:         -               148M (58%)         148M (58%)         148M (58%)            -                  -          
[19.791s][info   ][gc,heap     ] GC(46) Allocated:         -                48M (19%)          48M (19%)          48M (19%)            -                  -          
[19.791s][info   ][gc,heap     ] GC(46)   Garbage:         -                53M (21%)           3M (1%)            3M (1%)             -                  -          
[19.791s][info   ][gc,heap     ] GC(46) Reclaimed:         -                  -                50M (20%)          50M (20%)            -                  -          
[19.791s][info   ][gc          ] GC(46) Garbage Collection (Allocation Rate) 202M(79%)->200M(78%)
[19.884s][info   ][gc,start    ] GC(47) Garbage Collection (Allocation Rate)
[19.884s][info   ][gc,task     ] GC(47) Using 2 workers
[19.884s][info   ][gc,phases   ] GC(47) Pause Mark Start 0.017ms
[19.926s][info   ][gc,phases   ] GC(47) Concurrent Mark 41.560ms
[19.926s][info   ][gc,phases   ] GC(47) Pause Mark End 0.017ms
[19.926s][info   ][gc,phases   ] GC(47) Concurrent Mark Free 0.001ms
[19.928s][info   ][gc,phases   ] GC(47) Concurrent Process Non-Strong References 1.452ms
[19.928s][info   ][gc,phases   ] GC(47) Concurrent Reset Relocation Set 0.002ms
[19.931s][info   ][gc,phases   ] GC(47) Concurrent Select Relocation Set 2.892ms
[19.931s][info   ][gc,phases   ] GC(47) Pause Relocate Start 0.016ms
[19.934s][info   ][gc,phases   ] GC(47) Concurrent Relocate 2.428ms
[19.934s][info   ][gc,load     ] GC(47) Load: 0.00/0.00/0.00
[19.934s][info   ][gc,mmu      ] GC(47) MMU: 2ms/94.0%, 5ms/97.6%, 10ms/98.8%, 20ms/99.2%, 50ms/99.7%, 100ms/99.8%
[19.934s][info   ][gc,marking  ] GC(47) Mark: 2 stripe(s), 1 proactive flush(es), 1 terminate flush(es), 0 completion(s), 0 continuation(s) 
[19.934s][info   ][gc,marking  ] GC(47) Mark Stack Usage: 32M
[19.934s][info   ][gc,nmethod  ] GC(47) NMethods: 381 registered, 0 unregistered
[19.934s][info   ][gc,metaspace] GC(47) Metaspace: 0M used, 0M committed, 1032M reserved
[19.934s][info   ][gc,ref      ] GC(47) Soft: 97 encountered, 0 discovered, 0 enqueued
[19.934s][info   ][gc,ref      ] GC(47) Weak: 187 encountered, 9 discovered, 0 enqueued
[19.934s][info   ][gc,ref      ] GC(47) Final: 0 encountered, 0 discovered, 0 enqueued
[19.934s][info   ][gc,ref      ] GC(47) Phantom: 1 encountered, 0 discovered, 0 enqueued
[19.934s][info   ][gc,reloc    ] GC(47) Small Pages: 121 / 242M, Empty: 190M, Relocated: 1M, In-Place: 0
[19.934s][info   ][gc,reloc    ] GC(47) Medium Pages: 0 / 0M, Empty: 0M, Relocated: 0M, In-Place: 0
[19.934s][info   ][gc,reloc    ] GC(47) Large Pages: 1 / 6M, Empty: 0M, Relocated: 0M, In-Place: 0
[19.934s][info   ][gc,reloc    ] GC(47) Forwarding Usage: 0M
[19.934s][info   ][gc,heap     ] GC(47) Min Capacity: 8M(3%)
[19.934s][info   ][gc,heap     ] GC(47) Max Capacity: 256M(100%)
[19.934s][info   ][gc,heap     ] GC(47) Soft Max Capacity: 256M(100%)
[19.935s][info   ][gc,heap     ] GC(47)                Mark Start          Mark End        Relocate Start      Relocate End           High               Low         
[19.935s][info   ][gc,heap     ] GC(47)  Capacity:      256M (100%)        256M (100%)        256M (100%)        256M (100%)        256M (100%)        256M (100%)   
[19.935s][info   ][gc,heap     ] GC(47)      Free:        8M (3%)            8M (3%)          196M (77%)         192M (75%)         196M (77%)           8M (3%)     
[19.935s][info   ][gc,heap     ] GC(47)      Used:      248M (97%)         248M (97%)          60M (23%)          64M (25%)         248M (97%)          60M (23%)    
[19.935s][info   ][gc,heap     ] GC(47)      Live:         -                54M (21%)          54M (21%)          54M (21%)            -                  -          
[19.935s][info   ][gc,heap     ] GC(47) Allocated:         -                 0M (0%)            2M (1%)            6M (2%)             -                  -          
[19.935s][info   ][gc,heap     ] GC(47)   Garbage:         -               193M (76%)           3M (1%)            3M (1%)             -                  -          
[19.935s][info   ][gc,heap     ] GC(47) Reclaimed:         -                  -               190M (74%)         190M (74%)            -                  -          
[19.935s][info   ][gc          ] GC(47) Garbage Collection (Allocation Rate) 248M(97%)->64M(25%)
[19.984s][info   ][gc,start    ] GC(48) Garbage Collection (Allocation Rate)
[19.984s][info   ][gc,task     ] GC(48) Using 2 workers
[19.984s][info   ][gc,phases   ] GC(48) Pause Mark Start 0.022ms
[20.065s][info   ][gc,phases   ] GC(48) Concurrent Mark 80.921ms
[20.066s][info   ][gc,phases   ] GC(48) Pause Mark End 0.032ms
[20.066s][info   ][gc,phases   ] GC(48) Concurrent Mark Free 0.001ms
[20.067s][info   ][gc,phases   ] GC(48) Concurrent Process Non-Strong References 1.438ms
[20.067s][info   ][gc,phases   ] GC(48) Concurrent Reset Relocation Set 0.001ms
[20.071s][info   ][gc,phases   ] GC(48) Concurrent Select Relocation Set 3.322ms
[20.071s][info   ][gc,phases   ] GC(48) Pause Relocate Start 0.013ms
[20.074s][info   ][gc,phases   ] GC(48) Concurrent Relocate 3.080ms
[20.074s][info   ][gc,load     ] GC(48) Load: 0.00/0.00/0.00
[20.074s][info   ][gc,mmu      ] GC(48) MMU: 2ms/94.0%, 5ms/97.6%, 10ms/98.8%, 20ms/99.2%, 50ms/99.7%, 100ms/99.8%
[20.074s][info   ][gc,marking  ] GC(48) Mark: 2 stripe(s), 1 proactive flush(es), 1 terminate flush(es), 0 completion(s), 0 continuation(s) 
[20.074s][info   ][gc,marking  ] GC(48) Mark Stack Usage: 32M
[20.074s][info   ][gc,nmethod  ] GC(48) NMethods: 381 registered, 0 unregistered
[20.074s][info   ][gc,metaspace] GC(48) Metaspace: 0M used, 0M committed, 1032M reserved
[20.074s][info   ][gc,ref      ] GC(48) Soft: 97 encountered, 0 discovered, 0 enqueued
[20.075s][info   ][gc,ref      ] GC(48) Weak: 187 encountered, 7 discovered, 0 enqueued
[20.075s][info   ][gc,ref      ] GC(48) Final: 0 encountered, 0 discovered, 0 enqueued
[20.075s][info   ][gc,ref      ] GC(48) Phantom: 1 encountered, 0 discovered, 0 enqueued
[20.075s][info   ][gc,reloc    ] GC(48) Small Pages: 50 / 100M, Empty: 12M, Relocated: 3M, In-Place: 0
[20.075s][info   ][gc,reloc    ] GC(48) Medium Pages: 0 / 0M, Empty: 0M, Relocated: 0M, In-Place: 0
[20.075s][info   ][gc,reloc    ] GC(48) Large Pages: 1 / 6M, Empty: 0M, Relocated: 0M, In-Place: 0
[20.075s][info   ][gc,reloc    ] GC(48) Forwarding Usage: 1M
[20.075s][info   ][gc,heap     ] GC(48) Min Capacity: 8M(3%)
[20.075s][info   ][gc,heap     ] GC(48) Max Capacity: 256M(100%)
[20.075s][info   ][gc,heap     ] GC(48) Soft Max Capacity: 256M(100%)
[20.075s][info   ][gc,heap     ] GC(48)                Mark Start          Mark End        Relocate Start      Relocate End           High               Low         
[20.075s][info   ][gc,heap     ] GC(48)  Capacity:      256M (100%)        256M (100%)        256M (100%)        256M (100%)        256M (100%)        256M (100%)   
[20.075s][info   ][gc,heap     ] GC(48)      Free:      150M (59%)         102M (40%)         114M (45%)         118M (46%)         150M (59%)         102M (40%)    
[20.075s][info   ][gc,heap     ] GC(48)      Used:      106M (41%)         154M (60%)         142M (55%)         138M (54%)         154M (60%)         106M (41%)    
[20.075s][info   ][gc,heap     ] GC(48)      Live:         -                88M (35%)          88M (35%)          88M (35%)            -                  -          
[20.075s][info   ][gc,heap     ] GC(48) Allocated:         -                48M (19%)          48M (19%)          48M (19%)            -                  -          
[20.075s][info   ][gc,heap     ] GC(48)   Garbage:         -                17M (7%)            5M (2%)            1M (0%)             -                  -          
[20.075s][info   ][gc,heap     ] GC(48) Reclaimed:         -                  -                12M (5%)           16M (6%)             -                  -          
[20.075s][info   ][gc          ] GC(48) Garbage Collection (Allocation Rate) 106M(41%)->138M(54%)
[20.084s][info   ][gc,stats    ] === Garbage Collection Statistics =======================================================================================================================
[20.084s][info   ][gc,start    ] GC(49) Garbage Collection (Allocation Rate)
[20.084s][info   ][gc,stats    ]                                                              Last 10s              Last 10m              Last 10h                Total
[20.085s][info   ][gc,task     ] GC(49) Using 2 workers
[20.085s][info   ][gc,stats    ]                                                              Avg / Max             Avg / Max             Avg / Max             Avg / Max
[20.085s][info   ][gc,stats    ]   Collector: Garbage Collection Cycle                     71.567 / 253.716      72.970 / 253.716      72.970 / 253.716      72.970 / 253.716     ms
[20.085s][info   ][gc,stats    ]  Contention: Mark Segment Reset Contention                     1 / 4                 0 / 4                 0 / 4                 0 / 4           ops/s
[20.085s][info   ][gc,phases   ] GC(49) Pause Mark Start 0.017ms
[20.085s][info   ][gc,stats    ]  Contention: Mark SeqNum Reset Contention                      0 / 2                 0 / 2                 0 / 2                 0 / 2           ops/s
[20.085s][info   ][gc,stats    ]    Critical: Allocation Stall                                  0 / 0                 0 / 0                 0 / 0                 0 / 0           ops/s
[20.085s][info   ][gc,stats    ]    Critical: Allocation Stall                              0.000 / 0.000         0.000 / 0.000         0.000 / 0.000         0.000 / 0.000       ms
[20.085s][info   ][gc,stats    ]    Critical: GC Locker Stall                                   0 / 0                 0 / 0                 0 / 0                 0 / 0           ops/s
[20.085s][info   ][gc,stats    ]    Critical: GC Locker Stall                               0.000 / 0.000         0.000 / 0.000         0.000 / 0.000         0.000 / 0.000       ms
[20.085s][info   ][gc,stats    ]    Critical: Relocation Stall                                  0 / 0                 0 / 0                 0 / 0                 0 / 0           ops/s
[20.085s][info   ][gc,stats    ]    Critical: Relocation Stall                              0.000 / 0.000         0.000 / 0.000         0.000 / 0.000         0.000 / 0.000       ms
[20.085s][info   ][gc,stats    ]      Memory: Allocation Rate                                 327 / 466             241 / 466             241 / 466             241 / 466         MB/s
[20.085s][info   ][gc,stats    ]      Memory: Out Of Memory                                     0 / 0                 0 / 0                 0 / 0                 0 / 0           ops/s
[20.085s][info   ][gc,stats    ]      Memory: Page Cache Flush                                  0 / 0                 0 / 0                 0 / 0                 0 / 0           MB/s
[20.085s][info   ][gc,stats    ]      Memory: Page Cache Hit L1                               168 / 234             118 / 234             118 / 234             118 / 234         ops/s
[20.086s][info   ][gc,stats    ]      Memory: Page Cache Hit L2                                 0 / 0                 0 / 0                 0 / 0                 0 / 0           ops/s
[20.086s][info   ][gc,stats    ]      Memory: Page Cache Hit L3                                 0 / 7                 6 / 71                6 / 71                6 / 71          ops/s
[20.086s][info   ][gc,stats    ]      Memory: Page Cache Miss                                   0 / 0                 0 / 1                 0 / 1                 0 / 1           ops/s
[20.086s][info   ][gc,stats    ]      Memory: Uncommit                                          0 / 0                 0 / 0                 0 / 0                 0 / 0           MB/s
[20.086s][info   ][gc,stats    ]      Memory: Undo Object Allocation Failed                     0 / 0                 0 / 0                 0 / 0                 0 / 0           ops/s
[20.086s][info   ][gc,stats    ]      Memory: Undo Object Allocation Succeeded                  0 / 0                 0 / 1                 0 / 1                 0 / 1           ops/s
[20.086s][info   ][gc,stats    ]      Memory: Undo Page Allocation                              0 / 0                 0 / 0                 0 / 0                 0 / 0           ops/s
[20.086s][info   ][gc,stats    ]       Phase: Concurrent Mark                              58.484 / 204.849      58.808 / 204.849      58.808 / 204.849      58.808 / 204.849     ms
[20.086s][info   ][gc,stats    ]       Phase: Concurrent Mark Continue                      0.000 / 0.000         0.000 / 0.000         0.000 / 0.000         0.000 / 0.000       ms
[20.086s][info   ][gc,stats    ]       Phase: Concurrent Mark Free                          0.001 / 0.003         0.001 / 0.003         0.001 / 0.003         0.001 / 0.003       ms
[20.086s][info   ][gc,stats    ]       Phase: Concurrent Process Non-Strong References      1.773 / 12.470        1.827 / 12.470        1.827 / 12.470        1.827 / 12.470      ms
[20.086s][info   ][gc,stats    ]       Phase: Concurrent Relocate                           5.112 / 79.700        5.400 / 79.700        5.400 / 79.700        5.400 / 79.700      ms
[20.086s][info   ][gc,stats    ]       Phase: Concurrent Reset Relocation Set               0.002 / 0.025         0.002 / 0.025         0.002 / 0.025         0.002 / 0.025       ms
[20.086s][info   ][gc,stats    ]       Phase: Concurrent Select Relocation Set              4.282 / 24.008        4.671 / 24.008        4.671 / 24.008        4.671 / 24.008      ms
[20.086s][info   ][gc,stats    ]       Phase: Pause Mark End                                0.026 / 0.120         0.025 / 0.120         0.025 / 0.120         0.025 / 0.120       ms
[20.086s][info   ][gc,stats    ]       Phase: Pause Mark Start                              0.018 / 0.039         0.020 / 0.086         0.020 / 0.086         0.020 / 0.086       ms
[20.087s][info   ][gc,stats    ]       Phase: Pause Relocate Start                          0.018 / 0.080         0.018 / 0.080         0.018 / 0.080         0.018 / 0.080       ms
[20.087s][info   ][gc,stats    ]    Subphase: Concurrent Classes Purge                      0.100 / 0.338         0.098 / 0.338         0.098 / 0.338         0.098 / 0.338       ms
[20.087s][info   ][gc,stats    ]    Subphase: Concurrent Classes Unlink                     0.789 / 7.668         0.755 / 7.668         0.755 / 7.668         0.755 / 7.668       ms
[20.087s][info   ][gc,stats    ]    Subphase: Concurrent Mark                              57.939 / 204.459      57.536 / 204.459      57.536 / 204.459      57.536 / 204.459     ms
[20.087s][info   ][gc,stats    ]    Subphase: Concurrent Mark Try Flush                     0.144 / 1.011         0.133 / 1.011         0.133 / 1.011         0.133 / 1.011       ms
[20.087s][info   ][gc,stats    ]    Subphase: Concurrent Mark Try Terminate                 0.899 / 12.455        0.940 / 12.455        0.940 / 12.455        0.940 / 12.455      ms
[20.087s][info   ][gc,stats    ]    Subphase: Concurrent References Enqueue                 0.000 / 0.002         0.001 / 0.007         0.001 / 0.007         0.001 / 0.007       ms
[20.087s][info   ][gc,stats    ]    Subphase: Concurrent References Process                 0.077 / 0.249         0.076 / 0.249         0.076 / 0.249         0.076 / 0.249       ms
[20.087s][info   ][gc,stats    ]    Subphase: Concurrent Roots ClassLoaderDataGraph         0.133 / 0.727         0.155 / 1.630         0.155 / 1.630         0.155 / 1.630       ms
[20.087s][info   ][gc,stats    ]    Subphase: Concurrent Roots CodeCache                    0.000 / 0.000         0.000 / 0.000         0.000 / 0.000         0.000 / 0.000       ms
[20.087s][info   ][gc,stats    ]    Subphase: Concurrent Roots JavaThreads                  0.236 / 1.063         0.278 / 2.585         0.278 / 2.585         0.278 / 2.585       ms
[20.087s][info   ][gc,stats    ]    Subphase: Concurrent Roots OopStorageSet                0.026 / 0.121         0.034 / 0.382         0.034 / 0.382         0.034 / 0.382       ms
[20.087s][info   ][gc,stats    ]    Subphase: Concurrent Weak Roots OopStorageSet           0.513 / 2.869         0.589 / 5.178         0.589 / 5.178         0.589 / 5.178       ms
[20.087s][info   ][gc,stats    ]    Subphase: Pause Mark Try Complete                       0.000 / 0.000         0.000 / 0.000         0.000 / 0.000         0.000 / 0.000       ms
[20.087s][info   ][gc,stats    ]      System: Java Threads                                     15 / 15               15 / 17               15 / 17               15 / 17          threads
[20.087s][info   ][gc,stats    ] =========================================================================================================================================================
[20.091s][info   ][gc,phases   ] GC(49) Concurrent Mark 6.364ms
[20.092s][info   ][gc,phases   ] GC(49) Pause Mark End 0.017ms
[20.092s][info   ][gc,phases   ] GC(49) Concurrent Mark Free 0.001ms
[20.093s][info   ][gc,phases   ] GC(49) Concurrent Process Non-Strong References 1.149ms
[20.093s][info   ][gc,phases   ] GC(49) Concurrent Reset Relocation Set 0.002ms
[20.096s][info   ][gc,phases   ] GC(49) Concurrent Select Relocation Set 2.786ms
[20.096s][info   ][gc,phases   ] GC(49) Pause Relocate Start 0.013ms
[20.096s][info   ][gc,phases   ] GC(49) Concurrent Relocate 0.049ms
[20.096s][info   ][gc,load     ] GC(49) Load: 0.00/0.00/0.00
[20.096s][info   ][gc,mmu      ] GC(49) MMU: 2ms/94.0%, 5ms/97.6%, 10ms/98.8%, 20ms/99.2%, 50ms/99.7%, 100ms/99.8%
[20.096s][info   ][gc,marking  ] GC(49) Mark: 2 stripe(s), 1 proactive flush(es), 1 terminate flush(es), 0 completion(s), 0 continuation(s) 
[20.096s][info   ][gc,marking  ] GC(49) Mark Stack Usage: 32M
[20.096s][info   ][gc,nmethod  ] GC(49) NMethods: 381 registered, 0 unregistered
[20.096s][info   ][gc,metaspace] GC(49) Metaspace: 0M used, 0M committed, 1032M reserved
[20.096s][info   ][gc,ref      ] GC(49) Soft: 97 encountered, 0 discovered, 0 enqueued
[20.096s][info   ][gc,ref      ] GC(49) Weak: 187 encountered, 0 discovered, 0 enqueued
[20.096s][info   ][gc,ref      ] GC(49) Final: 0 encountered, 0 discovered, 0 enqueued
[20.096s][info   ][gc,ref      ] GC(49) Phantom: 1 encountered, 0 discovered, 0 enqueued
[20.096s][info   ][gc,reloc    ] GC(49) Small Pages: 66 / 132M, Empty: 130M, Relocated: 0M, In-Place: 0
[20.096s][info   ][gc,reloc    ] GC(49) Medium Pages: 0 / 0M, Empty: 0M, Relocated: 0M, In-Place: 0
[20.096s][info   ][gc,reloc    ] GC(49) Large Pages: 1 / 6M, Empty: 0M, Relocated: 0M, In-Place: 0
[20.097s][info   ][gc,reloc    ] GC(49) Forwarding Usage: 0M
[20.097s][info   ][gc,heap     ] GC(49) Min Capacity: 8M(3%)
[20.097s][info   ][gc,heap     ] GC(49) Max Capacity: 256M(100%)
[20.097s][info   ][gc,heap     ] GC(49) Soft Max Capacity: 256M(100%)
[20.097s][info   ][gc,heap     ] GC(49)                Mark Start          Mark End        Relocate Start      Relocate End           High               Low         
[20.097s][info   ][gc,heap     ] GC(49)  Capacity:      256M (100%)        256M (100%)        256M (100%)        256M (100%)        256M (100%)        256M (100%)   
[20.097s][info   ][gc,heap     ] GC(49)      Free:      118M (46%)         118M (46%)         248M (97%)         248M (97%)         248M (97%)         118M (46%)    
[20.097s][info   ][gc,heap     ] GC(49)      Used:      138M (54%)         138M (54%)           8M (3%)            8M (3%)          138M (54%)           8M (3%)     
[20.097s][info   ][gc,heap     ] GC(49)      Live:         -                 7M (3%)            7M (3%)            7M (3%)             -                  -          
[20.097s][info   ][gc,heap     ] GC(49) Allocated:         -                 0M (0%)            0M (0%)            0M (0%)             -                  -          
[20.097s][info   ][gc,heap     ] GC(49)   Garbage:         -               130M (51%)           0M (0%)            0M (0%)             -                  -          
[20.097s][info   ][gc,heap     ] GC(49) Reclaimed:         -                  -               130M (51%)         130M (51%)            -                  -          
[20.097s][info   ][gc          ] GC(49) Garbage Collection (Allocation Rate) 138M(54%)->8M(3%)
[20.184s][info   ][gc,start    ] GC(50) Garbage Collection (Allocation Rate)
[20.184s][info   ][gc,task     ] GC(50) Using 2 workers
[20.184s][info   ][gc,phases   ] GC(50) Pause Mark Start 0.011ms
[20.236s][info   ][gc,phases   ] GC(50) Concurrent Mark 51.415ms
[20.236s][info   ][gc,phases   ] GC(50) Pause Mark End 0.043ms
[20.236s][info   ][gc,phases   ] GC(50) Concurrent Mark Free 0.002ms
[20.238s][info   ][gc,phases   ] GC(50) Concurrent Process Non-Strong References 1.873ms
[20.239s][info   ][gc,phases   ] GC(50) Concurrent Reset Relocation Set 0.001ms
[20.245s][info   ][gc,phases   ] GC(50) Concurrent Select Relocation Set 6.799ms
[20.246s][info   ][gc,phases   ] GC(50) Pause Relocate Start 0.037ms
[20.246s][info   ][gc,phases   ] GC(50) Concurrent Relocate 0.128ms
[20.247s][info   ][gc,load     ] GC(50) Load: 0.00/0.00/0.00
[20.247s][info   ][gc,mmu      ] GC(50) MMU: 2ms/94.0%, 5ms/97.6%, 10ms/98.8%, 20ms/99.2%, 50ms/99.7%, 100ms/99.8%
[20.247s][info   ][gc,marking  ] GC(50) Mark: 2 stripe(s), 1 proactive flush(es), 1 terminate flush(es), 0 completion(s), 0 continuation(s) 
[20.247s][info   ][gc,marking  ] GC(50) Mark Stack Usage: 32M
[20.247s][info   ][gc,nmethod  ] GC(50) NMethods: 381 registered, 0 unregistered
[20.247s][info   ][gc,metaspace] GC(50) Metaspace: 0M used, 0M committed, 1032M reserved
[20.247s][info   ][gc,ref      ] GC(50) Soft: 97 encountered, 0 discovered, 0 enqueued
[20.248s][info   ][gc,ref      ] GC(50) Weak: 187 encountered, 0 discovered, 0 enqueued
[20.248s][info   ][gc,ref      ] GC(50) Final: 0 encountered, 0 discovered, 0 enqueued
[20.248s][info   ][gc,ref      ] GC(50) Phantom: 1 encountered, 0 discovered, 0 enqueued
[20.248s][info   ][gc,reloc    ] GC(50) Small Pages: 25 / 50M, Empty: 0M, Relocated: 0M, In-Place: 0
[20.248s][info   ][gc,reloc    ] GC(50) Medium Pages: 0 / 0M, Empty: 0M, Relocated: 0M, In-Place: 0
[20.248s][info   ][gc,reloc    ] GC(50) Large Pages: 1 / 6M, Empty: 0M, Relocated: 0M, In-Place: 0
[20.248s][info   ][gc,reloc    ] GC(50) Forwarding Usage: 0M
[20.248s][info   ][gc,heap     ] GC(50) Min Capacity: 8M(3%)
[20.248s][info   ][gc,heap     ] GC(50) Max Capacity: 256M(100%)
[20.249s][info   ][gc,heap     ] GC(50) Soft Max Capacity: 256M(100%)
[20.249s][info   ][gc,heap     ] GC(50)                Mark Start          Mark End        Relocate Start      Relocate End           High               Low         
[20.249s][info   ][gc,heap     ] GC(50)  Capacity:      256M (100%)        256M (100%)        256M (100%)        256M (100%)        256M (100%)        256M (100%)   
[20.249s][info   ][gc,heap     ] GC(50)      Free:      200M (78%)         152M (59%)         152M (59%)         152M (59%)         200M (78%)         152M (59%)    
[20.249s][info   ][gc,heap     ] GC(50)      Used:       56M (22%)         104M (41%)         104M (41%)         104M (41%)         104M (41%)          56M (22%)    
[20.249s][info   ][gc,heap     ] GC(50)      Live:         -                54M (21%)          54M (21%)          54M (21%)            -                  -          
[20.249s][info   ][gc,heap     ] GC(50) Allocated:         -                48M (19%)          48M (19%)          48M (19%)            -                  -          
[20.249s][info   ][gc,heap     ] GC(50)   Garbage:         -                 1M (1%)            1M (1%)            1M (1%)             -                  -          
[20.250s][info   ][gc,heap     ] GC(50) Reclaimed:         -                  -                 0M (0%)            0M (0%)             -                  -          
[20.250s][info   ][gc          ] GC(50) Garbage Collection (Allocation Rate) 56M(22%)->104M(41%)
[20.284s][info   ][gc,start    ] GC(51) Garbage Collection (Allocation Rate)
[20.284s][info   ][gc,task     ] GC(51) Using 2 workers
[20.285s][info   ][gc,phases   ] GC(51) Pause Mark Start 0.023ms
[20.309s][info   ][gc,phases   ] GC(51) Concurrent Mark 23.164ms
[20.309s][info   ][gc,phases   ] GC(51) Pause Mark End 0.034ms
[20.309s][info   ][gc,phases   ] GC(51) Concurrent Mark Free 0.002ms
[20.311s][info   ][gc,phases   ] GC(51) Concurrent Process Non-Strong References 1.576ms
[20.311s][info   ][gc,phases   ] GC(51) Concurrent Reset Relocation Set 0.001ms
[20.318s][info   ][gc,phases   ] GC(51) Concurrent Select Relocation Set 6.625ms
[20.318s][info   ][gc,phases   ] GC(51) Pause Relocate Start 0.021ms
[20.332s][info   ][gc,phases   ] GC(51) Concurrent Relocate 13.466ms
[20.332s][info   ][gc,load     ] GC(51) Load: 0.00/0.00/0.00
[20.332s][info   ][gc,mmu      ] GC(51) MMU: 2ms/94.0%, 5ms/97.6%, 10ms/98.8%, 20ms/99.2%, 50ms/99.7%, 100ms/99.8%
[20.332s][info   ][gc,marking  ] GC(51) Mark: 2 stripe(s), 1 proactive flush(es), 1 terminate flush(es), 0 completion(s), 0 continuation(s) 
[20.332s][info   ][gc,marking  ] GC(51) Mark Stack Usage: 32M
[20.332s][info   ][gc,nmethod  ] GC(51) NMethods: 381 registered, 0 unregistered
[20.332s][info   ][gc,metaspace] GC(51) Metaspace: 0M used, 0M committed, 1032M reserved
[20.332s][info   ][gc,ref      ] GC(51) Soft: 97 encountered, 0 discovered, 0 enqueued
[20.333s][info   ][gc,ref      ] GC(51) Weak: 187 encountered, 0 discovered, 0 enqueued
[20.333s][info   ][gc,ref      ] GC(51) Final: 0 encountered, 0 discovered, 0 enqueued
[20.333s][info   ][gc,ref      ] GC(51) Phantom: 1 encountered, 0 discovered, 0 enqueued
[20.333s][info   ][gc,reloc    ] GC(51) Small Pages: 49 / 98M, Empty: 68M, Relocated: 6M, In-Place: 0
[20.333s][info   ][gc,reloc    ] GC(51) Medium Pages: 0 / 0M, Empty: 0M, Relocated: 0M, In-Place: 0
[20.333s][info   ][gc,reloc    ] GC(51) Large Pages: 1 / 6M, Empty: 0M, Relocated: 0M, In-Place: 0
[20.333s][info   ][gc,reloc    ] GC(51) Forwarding Usage: 2M
[20.333s][info   ][gc,heap     ] GC(51) Min Capacity: 8M(3%)
[20.333s][info   ][gc,heap     ] GC(51) Max Capacity: 256M(100%)
[20.333s][info   ][gc,heap     ] GC(51) Soft Max Capacity: 256M(100%)
[20.333s][info   ][gc,heap     ] GC(51)                Mark Start          Mark End        Relocate Start      Relocate End           High               Low         
[20.333s][info   ][gc,heap     ] GC(51)  Capacity:      256M (100%)        256M (100%)        256M (100%)        256M (100%)        256M (100%)        256M (100%)   
[20.333s][info   ][gc,heap     ] GC(51)      Free:      152M (59%)         150M (59%)         218M (85%)         232M (91%)         234M (91%)         150M (59%)    
[20.334s][info   ][gc,heap     ] GC(51)      Used:      104M (41%)         106M (41%)          38M (15%)          24M (9%)          106M (41%)          22M (9%)     
[20.334s][info   ][gc,heap     ] GC(51)      Live:         -                12M (5%)           12M (5%)           12M (5%)             -                  -          
[20.334s][info   ][gc,heap     ] GC(51) Allocated:         -                 2M (1%)            2M (1%)            9M (4%)             -                  -          
[20.334s][info   ][gc,heap     ] GC(51)   Garbage:         -                91M (36%)          23M (9%)            1M (0%)             -                  -          
[20.334s][info   ][gc,heap     ] GC(51) Reclaimed:         -                  -                68M (27%)          89M (35%)            -                  -          
[20.334s][info   ][gc          ] GC(51) Garbage Collection (Allocation Rate) 104M(41%)->24M(9%)
[20.784s][info   ][gc,start    ] GC(52) Garbage Collection (Allocation Rate)
[20.784s][info   ][gc,task     ] GC(52) Using 1 workers
[20.784s][info   ][gc,phases   ] GC(52) Pause Mark Start 0.017ms
[20.841s][info   ][gc,phases   ] GC(52) Concurrent Mark 56.926ms
[20.841s][info   ][gc,phases   ] GC(52) Pause Mark End 0.014ms
[20.841s][info   ][gc,phases   ] GC(52) Concurrent Mark Free 0.001ms
[20.843s][info   ][gc,phases   ] GC(52) Concurrent Process Non-Strong References 1.615ms
[20.843s][info   ][gc,phases   ] GC(52) Concurrent Reset Relocation Set 0.004ms
[20.846s][info   ][gc,phases   ] GC(52) Concurrent Select Relocation Set 2.493ms
[20.846s][info   ][gc,phases   ] GC(52) Pause Relocate Start 0.011ms
[20.848s][info   ][gc,phases   ] GC(52) Concurrent Relocate 1.757ms
[20.848s][info   ][gc,load     ] GC(52) Load: 0.00/0.00/0.00
[20.848s][info   ][gc,mmu      ] GC(52) MMU: 2ms/94.0%, 5ms/97.6%, 10ms/98.8%, 20ms/99.2%, 50ms/99.7%, 100ms/99.8%
[20.848s][info   ][gc,marking  ] GC(52) Mark: 1 stripe(s), 1 proactive flush(es), 1 terminate flush(es), 0 completion(s), 0 continuation(s) 
[20.848s][info   ][gc,marking  ] GC(52) Mark Stack Usage: 32M
[20.848s][info   ][gc,nmethod  ] GC(52) NMethods: 387 registered, 0 unregistered
[20.848s][info   ][gc,metaspace] GC(52) Metaspace: 0M used, 0M committed, 1032M reserved
[20.848s][info   ][gc,ref      ] GC(52) Soft: 97 encountered, 0 discovered, 0 enqueued
[20.848s][info   ][gc,ref      ] GC(52) Weak: 187 encountered, 0 discovered, 0 enqueued
[20.848s][info   ][gc,ref      ] GC(52) Final: 0 encountered, 0 discovered, 0 enqueued
[20.848s][info   ][gc,ref      ] GC(52) Phantom: 1 encountered, 0 discovered, 0 enqueued
[20.848s][info   ][gc,reloc    ] GC(52) Small Pages: 52 / 104M, Empty: 50M, Relocated: 1M, In-Place: 0
[20.848s][info   ][gc,reloc    ] GC(52) Medium Pages: 0 / 0M, Empty: 0M, Relocated: 0M, In-Place: 0
[20.848s][info   ][gc,reloc    ] GC(52) Large Pages: 1 / 6M, Empty: 0M, Relocated: 0M, In-Place: 0
[20.848s][info   ][gc,reloc    ] GC(52) Forwarding Usage: 0M
[20.848s][info   ][gc,heap     ] GC(52) Min Capacity: 8M(3%)
[20.848s][info   ][gc,heap     ] GC(52) Max Capacity: 256M(100%)
[20.848s][info   ][gc,heap     ] GC(52) Soft Max Capacity: 256M(100%)
[20.848s][info   ][gc,heap     ] GC(52)                Mark Start          Mark End        Relocate Start      Relocate End           High               Low         
[20.848s][info   ][gc,heap     ] GC(52)  Capacity:      256M (100%)        256M (100%)        256M (100%)        256M (100%)        256M (100%)        256M (100%)   
[20.848s][info   ][gc,heap     ] GC(52)      Free:      146M (57%)         138M (54%)         176M (69%)         176M (69%)         178M (70%)         128M (50%)    
[20.848s][info   ][gc,heap     ] GC(52)      Used:      110M (43%)         118M (46%)          80M (31%)          80M (31%)         128M (50%)          78M (30%)    
[20.848s][info   ][gc,heap     ] GC(52)      Live:         -                54M (21%)          54M (21%)          54M (21%)            -                  -          
[20.848s][info   ][gc,heap     ] GC(52) Allocated:         -                 8M (3%)           20M (8%)           23M (9%)             -                  -          
[20.848s][info   ][gc,heap     ] GC(52)   Garbage:         -                55M (22%)           5M (2%)            1M (1%)             -                  -          
[20.848s][info   ][gc,heap     ] GC(52) Reclaimed:         -                  -                50M (20%)          53M (21%)            -                  -          
[20.848s][info   ][gc          ] GC(52) Garbage Collection (Allocation Rate) 110M(43%)->80M(31%)
[20.884s][info   ][gc,start    ] GC(53) Garbage Collection (Allocation Rate)
[20.884s][info   ][gc,task     ] GC(53) Using 1 workers
[20.884s][info   ][gc,phases   ] GC(53) Pause Mark Start 0.009ms
[20.943s][info   ][gc,phases   ] GC(53) Concurrent Mark 58.830ms
[20.943s][info   ][gc,phases   ] GC(53) Pause Mark End 0.019ms
[20.943s][info   ][gc,phases   ] GC(53) Concurrent Mark Free 0.001ms
[20.944s][info   ][gc,phases   ] GC(53) Concurrent Process Non-Strong References 0.839ms
[20.944s][info   ][gc,phases   ] GC(53) Concurrent Reset Relocation Set 0.001ms
[20.946s][info   ][gc,phases   ] GC(53) Concurrent Select Relocation Set 2.002ms
[20.946s][info   ][gc,phases   ] GC(53) Pause Relocate Start 0.009ms
[20.947s][info   ][gc,phases   ] GC(53) Concurrent Relocate 0.943ms
[20.947s][info   ][gc,load     ] GC(53) Load: 0.00/0.00/0.00
[20.947s][info   ][gc,mmu      ] GC(53) MMU: 2ms/94.0%, 5ms/97.6%, 10ms/98.8%, 20ms/99.2%, 50ms/99.7%, 100ms/99.8%
[20.947s][info   ][gc,marking  ] GC(53) Mark: 1 stripe(s), 2 proactive flush(es), 1 terminate flush(es), 0 completion(s), 0 continuation(s) 
[20.947s][info   ][gc,marking  ] GC(53) Mark Stack Usage: 32M
[20.947s][info   ][gc,nmethod  ] GC(53) NMethods: 392 registered, 0 unregistered
[20.947s][info   ][gc,metaspace] GC(53) Metaspace: 0M used, 0M committed, 1032M reserved
[20.947s][info   ][gc,ref      ] GC(53) Soft: 97 encountered, 0 discovered, 0 enqueued
[20.947s][info   ][gc,ref      ] GC(53) Weak: 187 encountered, 0 discovered, 0 enqueued
[20.947s][info   ][gc,ref      ] GC(53) Final: 0 encountered, 0 discovered, 0 enqueued
[20.947s][info   ][gc,ref      ] GC(53) Phantom: 1 encountered, 0 discovered, 0 enqueued
[20.947s][info   ][gc,reloc    ] GC(53) Small Pages: 49 / 98M, Empty: 32M, Relocated: 1M, In-Place: 0
[20.947s][info   ][gc,reloc    ] GC(53) Medium Pages: 0 / 0M, Empty: 0M, Relocated: 0M, In-Place: 0
[20.947s][info   ][gc,reloc    ] GC(53) Large Pages: 1 / 6M, Empty: 0M, Relocated: 0M, In-Place: 0
[20.947s][info   ][gc,reloc    ] GC(53) Forwarding Usage: 0M
[20.947s][info   ][gc,heap     ] GC(53) Min Capacity: 8M(3%)
[20.947s][info   ][gc,heap     ] GC(53) Max Capacity: 256M(100%)
[20.947s][info   ][gc,heap     ] GC(53) Soft Max Capacity: 256M(100%)
[20.948s][info   ][gc,heap     ] GC(53)                Mark Start          Mark End        Relocate Start      Relocate End           High               Low         
[20.948s][info   ][gc,heap     ] GC(53)  Capacity:      256M (100%)        256M (100%)        256M (100%)        256M (100%)        256M (100%)        256M (100%)   
[20.948s][info   ][gc,heap     ] GC(53)      Free:      152M (59%)         150M (59%)         182M (71%)         184M (72%)         184M (72%)         150M (59%)    
[20.948s][info   ][gc,heap     ] GC(53)      Used:      104M (41%)         106M (41%)          74M (29%)          72M (28%)         106M (41%)          72M (28%)    
[20.948s][info   ][gc,heap     ] GC(53)      Live:         -                67M (27%)          67M (27%)          67M (27%)            -                  -          
[20.948s][info   ][gc,heap     ] GC(53) Allocated:         -                 2M (1%)            2M (1%)            2M (1%)             -                  -          
[20.948s][info   ][gc,heap     ] GC(53)   Garbage:         -                36M (14%)           4M (2%)            2M (1%)             -                  -          
[20.948s][info   ][gc,heap     ] GC(53) Reclaimed:         -                  -                32M (12%)          34M (13%)            -                  -          
[20.948s][info   ][gc          ] GC(53) Garbage Collection (Allocation Rate) 104M(41%)->72M(28%)
[21.084s][info   ][gc,start    ] GC(54) Garbage Collection (Allocation Rate)
[21.084s][info   ][gc,task     ] GC(54) Using 1 workers
[21.084s][info   ][gc,phases   ] GC(54) Pause Mark Start 0.033ms
[21.154s][info   ][gc,phases   ] GC(54) Concurrent Mark 69.845ms
[21.154s][info   ][gc,phases   ] GC(54) Pause Mark End 0.015ms
[21.154s][info   ][gc,phases   ] GC(54) Concurrent Mark Free 0.001ms
[21.156s][info   ][gc,phases   ] GC(54) Concurrent Process Non-Strong References 1.917ms
[21.156s][info   ][gc,phases   ] GC(54) Concurrent Reset Relocation Set 0.001ms
[21.159s][info   ][gc,phases   ] GC(54) Concurrent Select Relocation Set 2.309ms
[21.159s][info   ][gc,phases   ] GC(54) Pause Relocate Start 0.012ms
[21.161s][info   ][gc,phases   ] GC(54) Concurrent Relocate 2.057ms
[21.161s][info   ][gc,load     ] GC(54) Load: 0.00/0.00/0.00
[21.161s][info   ][gc,mmu      ] GC(54) MMU: 2ms/94.0%, 5ms/97.6%, 10ms/98.8%, 20ms/99.2%, 50ms/99.7%, 100ms/99.8%
[21.161s][info   ][gc,marking  ] GC(54) Mark: 1 stripe(s), 1 proactive flush(es), 1 terminate flush(es), 0 completion(s), 0 continuation(s) 
[21.161s][info   ][gc,marking  ] GC(54) Mark Stack Usage: 32M
[21.161s][info   ][gc,nmethod  ] GC(54) NMethods: 393 registered, 0 unregistered
[21.161s][info   ][gc,metaspace] GC(54) Metaspace: 0M used, 0M committed, 1032M reserved
[21.161s][info   ][gc,ref      ] GC(54) Soft: 97 encountered, 0 discovered, 0 enqueued
[21.161s][info   ][gc,ref      ] GC(54) Weak: 187 encountered, 0 discovered, 0 enqueued
[21.161s][info   ][gc,ref      ] GC(54) Final: 0 encountered, 0 discovered, 0 enqueued
[21.161s][info   ][gc,ref      ] GC(54) Phantom: 1 encountered, 0 discovered, 0 enqueued
[21.161s][info   ][gc,reloc    ] GC(54) Small Pages: 56 / 112M, Empty: 60M, Relocated: 1M, In-Place: 0
[21.161s][info   ][gc,reloc    ] GC(54) Medium Pages: 0 / 0M, Empty: 0M, Relocated: 0M, In-Place: 0
[21.161s][info   ][gc,reloc    ] GC(54) Large Pages: 1 / 6M, Empty: 0M, Relocated: 0M, In-Place: 0
[21.161s][info   ][gc,reloc    ] GC(54) Forwarding Usage: 0M
[21.161s][info   ][gc,heap     ] GC(54) Min Capacity: 8M(3%)
[21.161s][info   ][gc,heap     ] GC(54) Max Capacity: 256M(100%)
[21.161s][info   ][gc,heap     ] GC(54) Soft Max Capacity: 256M(100%)
[21.162s][info   ][gc,heap     ] GC(54)                Mark Start          Mark End        Relocate Start      Relocate End           High               Low         
[21.162s][info   ][gc,heap     ] GC(54)  Capacity:      256M (100%)        256M (100%)        256M (100%)        256M (100%)        256M (100%)        256M (100%)   
[21.162s][info   ][gc,heap     ] GC(54)      Free:      138M (54%)         138M (54%)         198M (77%)         198M (77%)         198M (77%)         138M (54%)    
[21.162s][info   ][gc,heap     ] GC(54)      Used:      118M (46%)         118M (46%)          58M (23%)          58M (23%)         118M (46%)          58M (23%)    
[21.162s][info   ][gc,heap     ] GC(54)      Live:         -                54M (21%)          54M (21%)          54M (21%)            -                  -          
[21.162s][info   ][gc,heap     ] GC(54) Allocated:         -                 0M (0%)            0M (0%)            1M (1%)             -                  -          
[21.162s][info   ][gc,heap     ] GC(54)   Garbage:         -                63M (25%)           3M (1%)            1M (1%)             -                  -          
[21.162s][info   ][gc,heap     ] GC(54) Reclaimed:         -                  -                60M (23%)          61M (24%)            -                  -          
[21.162s][info   ][gc          ] GC(54) Garbage Collection (Allocation Rate) 118M(46%)->58M(23%)
[21.285s][info   ][gc,start    ] GC(55) Garbage Collection (Allocation Rate)
[21.285s][info   ][gc,task     ] GC(55) Using 1 workers
[21.285s][info   ][gc,phases   ] GC(55) Pause Mark Start 0.023ms
[21.317s][info   ][gc,phases   ] GC(55) Concurrent Mark 31.048ms
[21.317s][info   ][gc,phases   ] GC(55) Pause Mark End 0.061ms
[21.317s][info   ][gc,phases   ] GC(55) Concurrent Mark Free 0.001ms
[21.320s][info   ][gc,phases   ] GC(55) Concurrent Process Non-Strong References 2.351ms
[21.320s][info   ][gc,phases   ] GC(55) Concurrent Reset Relocation Set 0.001ms
[21.323s][info   ][gc,phases   ] GC(55) Concurrent Select Relocation Set 2.812ms
[21.323s][info   ][gc,phases   ] GC(55) Pause Relocate Start 0.020ms
[21.325s][info   ][gc,phases   ] GC(55) Concurrent Relocate 2.435ms
[21.326s][info   ][gc,load     ] GC(55) Load: 0.00/0.00/0.00
[21.326s][info   ][gc,mmu      ] GC(55) MMU: 2ms/94.0%, 5ms/97.6%, 10ms/98.8%, 20ms/99.2%, 50ms/99.7%, 100ms/99.8%
[21.326s][info   ][gc,marking  ] GC(55) Mark: 1 stripe(s), 2 proactive flush(es), 1 terminate flush(es), 0 completion(s), 0 continuation(s) 
[21.326s][info   ][gc,marking  ] GC(55) Mark Stack Usage: 32M
[21.326s][info   ][gc,nmethod  ] GC(55) NMethods: 393 registered, 0 unregistered
[21.326s][info   ][gc,metaspace] GC(55) Metaspace: 0M used, 0M committed, 1032M reserved
[21.326s][info   ][gc,ref      ] GC(55) Soft: 97 encountered, 0 discovered, 0 enqueued
[21.326s][info   ][gc,ref      ] GC(55) Weak: 187 encountered, 0 discovered, 0 enqueued
[21.326s][info   ][gc,ref      ] GC(55) Final: 0 encountered, 0 discovered, 0 enqueued
[21.326s][info   ][gc,ref      ] GC(55) Phantom: 1 encountered, 0 discovered, 0 enqueued
[21.326s][info   ][gc,reloc    ] GC(55) Small Pages: 49 / 98M, Empty: 78M, Relocated: 1M, In-Place: 0
[21.326s][info   ][gc,reloc    ] GC(55) Medium Pages: 0 / 0M, Empty: 0M, Relocated: 0M, In-Place: 0
[21.326s][info   ][gc,reloc    ] GC(55) Large Pages: 1 / 6M, Empty: 0M, Relocated: 0M, In-Place: 0
[21.326s][info   ][gc,reloc    ] GC(55) Forwarding Usage: 0M
[21.326s][info   ][gc,heap     ] GC(55) Min Capacity: 8M(3%)
[21.326s][info   ][gc,heap     ] GC(55) Max Capacity: 256M(100%)
[21.326s][info   ][gc,heap     ] GC(55) Soft Max Capacity: 256M(100%)
[21.326s][info   ][gc,heap     ] GC(55)                Mark Start          Mark End        Relocate Start      Relocate End           High               Low         
[21.326s][info   ][gc,heap     ] GC(55)  Capacity:      256M (100%)        256M (100%)        256M (100%)        256M (100%)        256M (100%)        256M (100%)   
[21.326s][info   ][gc,heap     ] GC(55)      Free:      152M (59%)         150M (59%)         228M (89%)         236M (92%)         236M (92%)         150M (59%)    
[21.326s][info   ][gc,heap     ] GC(55)      Used:      104M (41%)         106M (41%)          28M (11%)          20M (8%)          106M (41%)          20M (8%)     
[21.326s][info   ][gc,heap     ] GC(55)      Live:         -                16M (7%)           16M (7%)           16M (7%)             -                  -          
[21.326s][info   ][gc,heap     ] GC(55) Allocated:         -                 2M (1%)            2M (1%)            2M (1%)             -                  -          
[21.326s][info   ][gc,heap     ] GC(55)   Garbage:         -                87M (34%)           9M (4%)            1M (0%)             -                  -          
[21.326s][info   ][gc,heap     ] GC(55) Reclaimed:         -                  -                78M (30%)          86M (34%)            -                  -          
[21.326s][info   ][gc          ] GC(55) Garbage Collection (Allocation Rate) 104M(41%)->20M(8%)
[21.493s][info   ][gc,start    ] GC(56) Garbage Collection (Allocation Rate)
[21.494s][info   ][gc,task     ] GC(56) Using 1 workers
[21.495s][info   ][gc,phases   ] GC(56) Pause Mark Start 0.044ms
[21.550s][info   ][gc,phases   ] GC(56) Concurrent Mark 54.705ms
[21.550s][info   ][gc,phases   ] GC(56) Pause Mark End 0.020ms
[21.550s][info   ][gc,phases   ] GC(56) Concurrent Mark Free 0.002ms
[21.553s][info   ][gc,phases   ] GC(56) Concurrent Process Non-Strong References 2.526ms
[21.553s][info   ][gc,phases   ] GC(56) Concurrent Reset Relocation Set 0.003ms
[21.557s][info   ][gc,phases   ] GC(56) Concurrent Select Relocation Set 3.343ms
[21.557s][info   ][gc,phases   ] GC(56) Pause Relocate Start 0.028ms
[21.559s][info   ][gc,phases   ] GC(56) Concurrent Relocate 1.803ms
[21.559s][info   ][gc,load     ] GC(56) Load: 0.00/0.00/0.00
[21.559s][info   ][gc,mmu      ] GC(56) MMU: 2ms/94.0%, 5ms/97.6%, 10ms/98.8%, 20ms/99.2%, 50ms/99.7%, 100ms/99.8%
[21.559s][info   ][gc,marking  ] GC(56) Mark: 1 stripe(s), 2 proactive flush(es), 1 terminate flush(es), 0 completion(s), 0 continuation(s) 
[21.559s][info   ][gc,marking  ] GC(56) Mark Stack Usage: 32M
[21.559s][info   ][gc,nmethod  ] GC(56) NMethods: 393 registered, 0 unregistered
[21.559s][info   ][gc,metaspace] GC(56) Metaspace: 0M used, 0M committed, 1032M reserved
[21.559s][info   ][gc,ref      ] GC(56) Soft: 97 encountered, 0 discovered, 0 enqueued
[21.559s][info   ][gc,ref      ] GC(56) Weak: 187 encountered, 0 discovered, 0 enqueued
[21.559s][info   ][gc,ref      ] GC(56) Final: 0 encountered, 0 discovered, 0 enqueued
[21.559s][info   ][gc,ref      ] GC(56) Phantom: 1 encountered, 0 discovered, 0 enqueued
[21.560s][info   ][gc,reloc    ] GC(56) Small Pages: 82 / 164M, Empty: 150M, Relocated: 0M, In-Place: 0
[21.560s][info   ][gc,reloc    ] GC(56) Medium Pages: 0 / 0M, Empty: 0M, Relocated: 0M, In-Place: 0
[21.560s][info   ][gc,reloc    ] GC(56) Large Pages: 1 / 6M, Empty: 0M, Relocated: 0M, In-Place: 0
[21.560s][info   ][gc,reloc    ] GC(56) Forwarding Usage: 0M
[21.560s][info   ][gc,heap     ] GC(56) Min Capacity: 8M(3%)
[21.560s][info   ][gc,heap     ] GC(56) Max Capacity: 256M(100%)
[21.560s][info   ][gc,heap     ] GC(56) Soft Max Capacity: 256M(100%)
[21.560s][info   ][gc,heap     ] GC(56)                Mark Start          Mark End        Relocate Start      Relocate End           High               Low         
[21.560s][info   ][gc,heap     ] GC(56)  Capacity:      256M (100%)        256M (100%)        256M (100%)        256M (100%)        256M (100%)        256M (100%)   
[21.560s][info   ][gc,heap     ] GC(56)      Free:       86M (34%)          52M (20%)         196M (77%)         198M (77%)         198M (77%)          48M (19%)    
[21.560s][info   ][gc,heap     ] GC(56)      Used:      170M (66%)         204M (80%)          60M (23%)          58M (23%)         208M (81%)          58M (23%)    
[21.560s][info   ][gc,heap     ] GC(56)      Live:         -                15M (6%)           15M (6%)           15M (6%)             -                  -          
[21.560s][info   ][gc,heap     ] GC(56) Allocated:         -                34M (13%)          40M (16%)          40M (16%)            -                  -          
[21.560s][info   ][gc,heap     ] GC(56)   Garbage:         -               154M (60%)           4M (2%)            2M (1%)             -                  -          
[21.560s][info   ][gc,heap     ] GC(56) Reclaimed:         -                  -               150M (59%)         152M (59%)            -                  -          
[21.560s][info   ][gc          ] GC(56) Garbage Collection (Allocation Rate) 170M(66%)->58M(23%)
[21.784s][info   ][gc,start    ] GC(57) Garbage Collection (Allocation Rate)
[21.784s][info   ][gc,task     ] GC(57) Using 1 workers
[21.784s][info   ][gc,phases   ] GC(57) Pause Mark Start 0.014ms
[21.788s][info   ][gc,phases   ] GC(57) Concurrent Mark 3.277ms
[21.788s][info   ][gc,phases   ] GC(57) Pause Mark End 0.012ms
[21.788s][info   ][gc,phases   ] GC(57) Concurrent Mark Free 0.001ms
[21.789s][info   ][gc,phases   ] GC(57) Concurrent Process Non-Strong References 1.053ms
[21.789s][info   ][gc,phases   ] GC(57) Concurrent Reset Relocation Set 0.001ms
[21.791s][info   ][gc,phases   ] GC(57) Concurrent Select Relocation Set 1.929ms
[21.791s][info   ][gc,phases   ] GC(57) Pause Relocate Start 0.011ms
[21.794s][info   ][gc,phases   ] GC(57) Concurrent Relocate 2.385ms
[21.794s][info   ][gc,load     ] GC(57) Load: 0.00/0.00/0.00
[21.794s][info   ][gc,mmu      ] GC(57) MMU: 2ms/94.0%, 5ms/97.6%, 10ms/98.8%, 20ms/99.2%, 50ms/99.7%, 100ms/99.8%
[21.794s][info   ][gc,marking  ] GC(57) Mark: 1 stripe(s), 1 proactive flush(es), 1 terminate flush(es), 0 completion(s), 0 continuation(s) 
[21.794s][info   ][gc,marking  ] GC(57) Mark Stack Usage: 32M
[21.794s][info   ][gc,nmethod  ] GC(57) NMethods: 393 registered, 0 unregistered
[21.794s][info   ][gc,metaspace] GC(57) Metaspace: 0M used, 0M committed, 1032M reserved
[21.794s][info   ][gc,ref      ] GC(57) Soft: 97 encountered, 0 discovered, 0 enqueued
[21.794s][info   ][gc,ref      ] GC(57) Weak: 187 encountered, 0 discovered, 0 enqueued
[21.794s][info   ][gc,ref      ] GC(57) Final: 0 encountered, 0 discovered, 0 enqueued
[21.794s][info   ][gc,ref      ] GC(57) Phantom: 1 encountered, 0 discovered, 0 enqueued
[21.794s][info   ][gc,reloc    ] GC(57) Small Pages: 49 / 98M, Empty: 94M, Relocated: 1M, In-Place: 0
[21.794s][info   ][gc,reloc    ] GC(57) Medium Pages: 0 / 0M, Empty: 0M, Relocated: 0M, In-Place: 0
[21.794s][info   ][gc,reloc    ] GC(57) Large Pages: 1 / 6M, Empty: 0M, Relocated: 0M, In-Place: 0
[21.794s][info   ][gc,reloc    ] GC(57) Forwarding Usage: 0M
[21.794s][info   ][gc,heap     ] GC(57) Min Capacity: 8M(3%)
[21.794s][info   ][gc,heap     ] GC(57) Max Capacity: 256M(100%)
[21.794s][info   ][gc,heap     ] GC(57) Soft Max Capacity: 256M(100%)
[21.794s][info   ][gc,heap     ] GC(57)                Mark Start          Mark End        Relocate Start      Relocate End           High               Low         
[21.794s][info   ][gc,heap     ] GC(57)  Capacity:      256M (100%)        256M (100%)        256M (100%)        256M (100%)        256M (100%)        256M (100%)   
[21.794s][info   ][gc,heap     ] GC(57)      Free:      152M (59%)         152M (59%)         246M (96%)         248M (97%)         248M (97%)         152M (59%)    
[21.794s][info   ][gc,heap     ] GC(57)      Used:      104M (41%)         104M (41%)          10M (4%)            8M (3%)          104M (41%)           8M (3%)     
[21.794s][info   ][gc,heap     ] GC(57)      Live:         -                 7M (3%)            7M (3%)            7M (3%)             -                  -          
[21.794s][info   ][gc,heap     ] GC(57) Allocated:         -                 0M (0%)            0M (0%)            0M (0%)             -                  -          
[21.794s][info   ][gc,heap     ] GC(57)   Garbage:         -                96M (38%)           2M (1%)            0M (0%)             -                  -          
[21.794s][info   ][gc,heap     ] GC(57) Reclaimed:         -                  -                94M (37%)          96M (38%)            -                  -          
[21.794s][info   ][gc          ] GC(57) Garbage Collection (Allocation Rate) 104M(41%)->8M(3%)
[21.884s][info   ][gc,start    ] GC(58) Garbage Collection (Allocation Rate)
[21.884s][info   ][gc,task     ] GC(58) Using 1 workers
[21.884s][info   ][gc,phases   ] GC(58) Pause Mark Start 0.010ms
[22.073s][info   ][gc,phases   ] GC(58) Concurrent Mark 188.770ms
[22.073s][info   ][gc,phases   ] GC(58) Pause Mark End 0.022ms
[22.073s][info   ][gc,phases   ] GC(58) Concurrent Mark Free 0.001ms
[22.075s][info   ][gc,phases   ] GC(58) Concurrent Process Non-Strong References 2.221ms
[22.076s][info   ][gc,phases   ] GC(58) Concurrent Reset Relocation Set 0.001ms
[22.078s][info   ][gc,phases   ] GC(58) Concurrent Select Relocation Set 2.825ms
[22.079s][info   ][gc,phases   ] GC(58) Pause Relocate Start 0.013ms
[22.081s][info   ][gc,phases   ] GC(58) Concurrent Relocate 1.985ms
[22.081s][info   ][gc,load     ] GC(58) Load: 0.00/0.00/0.00
[22.081s][info   ][gc,mmu      ] GC(58) MMU: 2ms/94.0%, 5ms/97.6%, 10ms/98.8%, 20ms/99.2%, 50ms/99.7%, 100ms/99.8%
[22.081s][info   ][gc,marking  ] GC(58) Mark: 1 stripe(s), 2 proactive flush(es), 1 terminate flush(es), 0 completion(s), 0 continuation(s) 
[22.081s][info   ][gc,marking  ] GC(58) Mark Stack Usage: 32M
[22.081s][info   ][gc,nmethod  ] GC(58) NMethods: 393 registered, 0 unregistered
[22.081s][info   ][gc,metaspace] GC(58) Metaspace: 0M used, 0M committed, 1032M reserved
[22.081s][info   ][gc,ref      ] GC(58) Soft: 97 encountered, 0 discovered, 0 enqueued
[22.081s][info   ][gc,ref      ] GC(58) Weak: 187 encountered, 0 discovered, 0 enqueued
[22.081s][info   ][gc,ref      ] GC(58) Final: 0 encountered, 0 discovered, 0 enqueued
[22.081s][info   ][gc,ref      ] GC(58) Phantom: 1 encountered, 0 discovered, 0 enqueued
[22.081s][info   ][gc,reloc    ] GC(58) Small Pages: 49 / 98M, Empty: 2M, Relocated: 1M, In-Place: 0
[22.081s][info   ][gc,reloc    ] GC(58) Medium Pages: 0 / 0M, Empty: 0M, Relocated: 0M, In-Place: 0
[22.081s][info   ][gc,reloc    ] GC(58) Large Pages: 1 / 6M, Empty: 0M, Relocated: 0M, In-Place: 0
[22.081s][info   ][gc,reloc    ] GC(58) Forwarding Usage: 0M
[22.081s][info   ][gc,heap     ] GC(58) Min Capacity: 8M(3%)
[22.081s][info   ][gc,heap     ] GC(58) Max Capacity: 256M(100%)
[22.081s][info   ][gc,heap     ] GC(58) Soft Max Capacity: 256M(100%)
[22.081s][info   ][gc,heap     ] GC(58)                Mark Start          Mark End        Relocate Start      Relocate End           High               Low         
[22.081s][info   ][gc,heap     ] GC(58)  Capacity:      256M (100%)        256M (100%)        256M (100%)        256M (100%)        256M (100%)        256M (100%)   
[22.081s][info   ][gc,heap     ] GC(58)      Free:      152M (59%)         104M (41%)         106M (41%)         108M (42%)         152M (59%)         104M (41%)    
[22.082s][info   ][gc,heap     ] GC(58)      Used:      104M (41%)         152M (59%)         150M (59%)         148M (58%)         152M (59%)         104M (41%)    
[22.082s][info   ][gc,heap     ] GC(58)      Live:         -                99M (39%)          99M (39%)          99M (39%)            -                  -          
[22.082s][info   ][gc,heap     ] GC(58) Allocated:         -                48M (19%)          48M (19%)          48M (19%)            -                  -          
[22.082s][info   ][gc,heap     ] GC(58)   Garbage:         -                 4M (2%)            2M (1%)            0M (0%)             -                  -          
[22.082s][info   ][gc,heap     ] GC(58) Reclaimed:         -                  -                 2M (1%)            4M (2%)             -                  -          
[22.082s][info   ][gc          ] GC(58) Garbage Collection (Allocation Rate) 104M(41%)->148M(58%)
[22.099s][info   ][gc,start    ] GC(59) Garbage Collection (Allocation Rate)
[22.099s][info   ][gc,task     ] GC(59) Using 2 workers
[22.100s][info   ][gc,phases   ] GC(59) Pause Mark Start 0.033ms
[22.115s][info   ][gc,phases   ] GC(59) Concurrent Mark 15.093ms
[22.116s][info   ][gc,phases   ] GC(59) Pause Mark End 0.047ms
[22.116s][info   ][gc,phases   ] GC(59) Concurrent Mark Free 0.003ms
[22.117s][info   ][gc,phases   ] GC(59) Concurrent Process Non-Strong References 1.235ms
[22.117s][info   ][gc,phases   ] GC(59) Concurrent Reset Relocation Set 0.002ms
[22.120s][info   ][gc,phases   ] GC(59) Concurrent Select Relocation Set 2.609ms
[22.120s][info   ][gc,phases   ] GC(59) Pause Relocate Start 0.015ms
[22.122s][info   ][gc,phases   ] GC(59) Concurrent Relocate 1.659ms
[22.122s][info   ][gc,load     ] GC(59) Load: 0.00/0.00/0.00
[22.122s][info   ][gc,mmu      ] GC(59) MMU: 2ms/94.0%, 5ms/97.6%, 10ms/98.8%, 20ms/99.2%, 50ms/99.7%, 100ms/99.8%
[22.122s][info   ][gc,marking  ] GC(59) Mark: 2 stripe(s), 2 proactive flush(es), 1 terminate flush(es), 0 completion(s), 0 continuation(s) 
[22.122s][info   ][gc,marking  ] GC(59) Mark Stack Usage: 32M
[22.122s][info   ][gc,nmethod  ] GC(59) NMethods: 393 registered, 0 unregistered
[22.122s][info   ][gc,metaspace] GC(59) Metaspace: 0M used, 0M committed, 1032M reserved
[22.122s][info   ][gc,ref      ] GC(59) Soft: 97 encountered, 0 discovered, 0 enqueued
[22.122s][info   ][gc,ref      ] GC(59) Weak: 187 encountered, 2 discovered, 0 enqueued
[22.122s][info   ][gc,ref      ] GC(59) Final: 0 encountered, 0 discovered, 0 enqueued
[22.122s][info   ][gc,ref      ] GC(59) Phantom: 1 encountered, 0 discovered, 0 enqueued
[22.122s][info   ][gc,reloc    ] GC(59) Small Pages: 71 / 142M, Empty: 138M, Relocated: 1M, In-Place: 0
[22.122s][info   ][gc,reloc    ] GC(59) Medium Pages: 0 / 0M, Empty: 0M, Relocated: 0M, In-Place: 0
[22.122s][info   ][gc,reloc    ] GC(59) Large Pages: 1 / 6M, Empty: 0M, Relocated: 0M, In-Place: 0
[22.122s][info   ][gc,reloc    ] GC(59) Forwarding Usage: 0M
[22.122s][info   ][gc,heap     ] GC(59) Min Capacity: 8M(3%)
[22.122s][info   ][gc,heap     ] GC(59) Max Capacity: 256M(100%)
[22.122s][info   ][gc,heap     ] GC(59) Soft Max Capacity: 256M(100%)
[22.122s][info   ][gc,heap     ] GC(59)                Mark Start          Mark End        Relocate Start      Relocate End           High               Low         
[22.122s][info   ][gc,heap     ] GC(59)  Capacity:      256M (100%)        256M (100%)        256M (100%)        256M (100%)        256M (100%)        256M (100%)   
[22.123s][info   ][gc,heap     ] GC(59)      Free:      108M (42%)          84M (33%)         214M (84%)         212M (83%)         216M (84%)          82M (32%)    
[22.123s][info   ][gc,heap     ] GC(59)      Used:      148M (58%)         172M (67%)          42M (16%)          44M (17%)         174M (68%)          40M (16%)    
[22.123s][info   ][gc,heap     ] GC(59)      Live:         -                 7M (3%)            7M (3%)            7M (3%)             -                  -          
[22.123s][info   ][gc,heap     ] GC(59) Allocated:         -                24M (9%)           32M (12%)          33M (13%)            -                  -          
[22.123s][info   ][gc,heap     ] GC(59)   Garbage:         -               140M (55%)           2M (1%)            2M (1%)             -                  -          
[22.123s][info   ][gc,heap     ] GC(59) Reclaimed:         -                  -               138M (54%)         137M (54%)            -                  -          
[22.123s][info   ][gc          ] GC(59) Garbage Collection (Allocation Rate) 148M(58%)->44M(17%)
[22.194s][info   ][gc,start    ] GC(60) Garbage Collection (Allocation Rate)
[22.194s][info   ][gc,task     ] GC(60) Using 2 workers
[22.194s][info   ][gc,phases   ] GC(60) Pause Mark Start 0.008ms
[22.225s][info   ][gc,phases   ] GC(60) Concurrent Mark 31.043ms
[22.226s][info   ][gc,phases   ] GC(60) Pause Mark End 0.013ms
[22.226s][info   ][gc,phases   ] GC(60) Concurrent Mark Free 0.001ms
[22.227s][info   ][gc,phases   ] GC(60) Concurrent Process Non-Strong References 0.813ms
[22.227s][info   ][gc,phases   ] GC(60) Concurrent Reset Relocation Set 0.001ms
[22.229s][info   ][gc,phases   ] GC(60) Concurrent Select Relocation Set 2.207ms
[22.229s][info   ][gc,phases   ] GC(60) Pause Relocate Start 0.010ms
[22.233s][info   ][gc,phases   ] GC(60) Concurrent Relocate 3.579ms
[22.233s][info   ][gc,load     ] GC(60) Load: 0.00/0.00/0.00
[22.233s][info   ][gc,mmu      ] GC(60) MMU: 2ms/94.0%, 5ms/97.6%, 10ms/98.8%, 20ms/99.2%, 50ms/99.7%, 100ms/99.8%
[22.233s][info   ][gc,marking  ] GC(60) Mark: 2 stripe(s), 1 proactive flush(es), 1 terminate flush(es), 0 completion(s), 0 continuation(s) 
[22.233s][info   ][gc,marking  ] GC(60) Mark Stack Usage: 32M
[22.233s][info   ][gc,nmethod  ] GC(60) NMethods: 393 registered, 0 unregistered
[22.233s][info   ][gc,metaspace] GC(60) Metaspace: 0M used, 0M committed, 1032M reserved
[22.233s][info   ][gc,ref      ] GC(60) Soft: 97 encountered, 0 discovered, 0 enqueued
[22.233s][info   ][gc,ref      ] GC(60) Weak: 187 encountered, 0 discovered, 0 enqueued
[22.233s][info   ][gc,ref      ] GC(60) Final: 0 encountered, 0 discovered, 0 enqueued
[22.233s][info   ][gc,ref      ] GC(60) Phantom: 1 encountered, 0 discovered, 0 enqueued
[22.233s][info   ][gc,reloc    ] GC(60) Small Pages: 26 / 52M, Empty: 6M, Relocated: 4M, In-Place: 0
[22.233s][info   ][gc,reloc    ] GC(60) Medium Pages: 0 / 0M, Empty: 0M, Relocated: 0M, In-Place: 0
[22.233s][info   ][gc,reloc    ] GC(60) Large Pages: 1 / 6M, Empty: 0M, Relocated: 0M, In-Place: 0
[22.233s][info   ][gc,reloc    ] GC(60) Forwarding Usage: 2M
[22.233s][info   ][gc,heap     ] GC(60) Min Capacity: 8M(3%)
[22.233s][info   ][gc,heap     ] GC(60) Max Capacity: 256M(100%)
[22.233s][info   ][gc,heap     ] GC(60) Soft Max Capacity: 256M(100%)
[22.233s][info   ][gc,heap     ] GC(60)                Mark Start          Mark End        Relocate Start      Relocate End           High               Low         
[22.233s][info   ][gc,heap     ] GC(60)  Capacity:      256M (100%)        256M (100%)        256M (100%)        256M (100%)        256M (100%)        256M (100%)   
[22.233s][info   ][gc,heap     ] GC(60)      Free:      198M (77%)         196M (77%)         202M (79%)         214M (84%)         214M (84%)         196M (77%)    
[22.233s][info   ][gc,heap     ] GC(60)      Used:       58M (23%)          60M (23%)          54M (21%)          42M (16%)          60M (23%)          42M (16%)    
[22.233s][info   ][gc,heap     ] GC(60)      Live:         -                35M (14%)          35M (14%)          35M (14%)            -                  -          
[22.233s][info   ][gc,heap     ] GC(60) Allocated:         -                 2M (1%)            2M (1%)            2M (1%)             -                  -          
[22.233s][info   ][gc,heap     ] GC(60)   Garbage:         -                22M (9%)           16M (6%)            4M (2%)             -                  -          
[22.233s][info   ][gc,heap     ] GC(60) Reclaimed:         -                  -                 6M (2%)           18M (7%)             -                  -          
[22.233s][info   ][gc          ] GC(60) Garbage Collection (Allocation Rate) 58M(23%)->42M(16%)
[22.384s][info   ][gc,start    ] GC(61) Garbage Collection (Allocation Rate)
[22.384s][info   ][gc,task     ] GC(61) Using 2 workers
[22.385s][info   ][gc,phases   ] GC(61) Pause Mark Start 0.068ms
[22.534s][info   ][gc,phases   ] GC(61) Concurrent Mark 148.179ms
[22.534s][info   ][gc,phases   ] GC(61) Pause Mark End 0.017ms
[22.534s][info   ][gc,phases   ] GC(61) Concurrent Mark Free 0.001ms
[22.535s][info   ][gc,phases   ] GC(61) Concurrent Process Non-Strong References 0.765ms
[22.535s][info   ][gc,phases   ] GC(61) Concurrent Reset Relocation Set 0.002ms
[22.537s][info   ][gc,phases   ] GC(61) Concurrent Select Relocation Set 2.545ms
[22.538s][info   ][gc,phases   ] GC(61) Pause Relocate Start 0.023ms
[22.540s][info   ][gc,phases   ] GC(61) Concurrent Relocate 2.319ms
[22.540s][info   ][gc,load     ] GC(61) Load: 0.00/0.00/0.00
[22.540s][info   ][gc,mmu      ] GC(61) MMU: 2ms/94.0%, 5ms/97.6%, 10ms/98.8%, 20ms/99.2%, 50ms/99.7%, 100ms/99.8%
[22.540s][info   ][gc,marking  ] GC(61) Mark: 2 stripe(s), 2 proactive flush(es), 1 terminate flush(es), 0 completion(s), 0 continuation(s) 
[22.540s][info   ][gc,marking  ] GC(61) Mark Stack Usage: 32M
[22.540s][info   ][gc,nmethod  ] GC(61) NMethods: 393 registered, 0 unregistered
[22.540s][info   ][gc,metaspace] GC(61) Metaspace: 0M used, 0M committed, 1032M reserved
[22.540s][info   ][gc,ref      ] GC(61) Soft: 97 encountered, 0 discovered, 0 enqueued
[22.540s][info   ][gc,ref      ] GC(61) Weak: 187 encountered, 27 discovered, 0 enqueued
[22.540s][info   ][gc,ref      ] GC(61) Final: 0 encountered, 0 discovered, 0 enqueued
[22.540s][info   ][gc,ref      ] GC(61) Phantom: 1 encountered, 0 discovered, 0 enqueued
[22.540s][info   ][gc,reloc    ] GC(61) Small Pages: 68 / 136M, Empty: 30M, Relocated: 1M, In-Place: 0
[22.540s][info   ][gc,reloc    ] GC(61) Medium Pages: 0 / 0M, Empty: 0M, Relocated: 0M, In-Place: 0
[22.540s][info   ][gc,reloc    ] GC(61) Large Pages: 1 / 6M, Empty: 0M, Relocated: 0M, In-Place: 0
[22.540s][info   ][gc,reloc    ] GC(61) Forwarding Usage: 0M
[22.540s][info   ][gc,heap     ] GC(61) Min Capacity: 8M(3%)
[22.541s][info   ][gc,heap     ] GC(61) Max Capacity: 256M(100%)
[22.541s][info   ][gc,heap     ] GC(61) Soft Max Capacity: 256M(100%)
[22.541s][info   ][gc,heap     ] GC(61)                Mark Start          Mark End        Relocate Start      Relocate End           High               Low         
[22.541s][info   ][gc,heap     ] GC(61)  Capacity:      256M (100%)        256M (100%)        256M (100%)        256M (100%)        256M (100%)        256M (100%)   
[22.541s][info   ][gc,heap     ] GC(61)      Free:      114M (45%)          72M (28%)         102M (40%)         104M (41%)         114M (45%)          72M (28%)    
[22.541s][info   ][gc,heap     ] GC(61)      Used:      142M (55%)         184M (72%)         154M (60%)         152M (59%)         184M (72%)         142M (55%)    
[22.541s][info   ][gc,heap     ] GC(61)      Live:         -               106M (42%)         106M (42%)         106M (42%)            -                  -          
[22.541s][info   ][gc,heap     ] GC(61) Allocated:         -                42M (16%)          42M (16%)          42M (16%)            -                  -          
[22.541s][info   ][gc,heap     ] GC(61)   Garbage:         -                35M (14%)           5M (2%)            3M (1%)             -                  -          
[22.541s][info   ][gc,heap     ] GC(61) Reclaimed:         -                  -                30M (12%)          32M (12%)            -                  -          
[22.541s][info   ][gc          ] GC(61) Garbage Collection (Allocation Rate) 142M(55%)->152M(59%)
[22.584s][info   ][gc,start    ] GC(62) Garbage Collection (Allocation Rate)
[22.584s][info   ][gc,task     ] GC(62) Using 2 workers
[22.584s][info   ][gc,phases   ] GC(62) Pause Mark Start 0.011ms
[22.588s][info   ][gc,phases   ] GC(62) Concurrent Mark 3.688ms
[22.588s][info   ][gc,phases   ] GC(62) Pause Mark End 0.014ms
[22.588s][info   ][gc,phases   ] GC(62) Concurrent Mark Free 0.001ms
[22.589s][info   ][gc,phases   ] GC(62) Concurrent Process Non-Strong References 0.776ms
[22.589s][info   ][gc,phases   ] GC(62) Concurrent Reset Relocation Set 0.001ms
[22.591s][info   ][gc,phases   ] GC(62) Concurrent Select Relocation Set 2.027ms
[22.591s][info   ][gc,phases   ] GC(62) Pause Relocate Start 0.012ms
[22.593s][info   ][gc,phases   ] GC(62) Concurrent Relocate 1.845ms
[22.593s][info   ][gc,load     ] GC(62) Load: 0.00/0.00/0.00
[22.593s][info   ][gc,mmu      ] GC(62) MMU: 2ms/94.0%, 5ms/97.6%, 10ms/98.8%, 20ms/99.2%, 50ms/99.7%, 100ms/99.8%
[22.593s][info   ][gc,marking  ] GC(62) Mark: 2 stripe(s), 1 proactive flush(es), 1 terminate flush(es), 0 completion(s), 0 continuation(s) 
[22.593s][info   ][gc,marking  ] GC(62) Mark Stack Usage: 32M
[22.593s][info   ][gc,nmethod  ] GC(62) NMethods: 393 registered, 0 unregistered
[22.593s][info   ][gc,metaspace] GC(62) Metaspace: 0M used, 0M committed, 1032M reserved
[22.593s][info   ][gc,ref      ] GC(62) Soft: 97 encountered, 0 discovered, 0 enqueued
[22.593s][info   ][gc,ref      ] GC(62) Weak: 187 encountered, 0 discovered, 0 enqueued
[22.593s][info   ][gc,ref      ] GC(62) Final: 0 encountered, 0 discovered, 0 enqueued
[22.593s][info   ][gc,ref      ] GC(62) Phantom: 1 encountered, 0 discovered, 0 enqueued
[22.593s][info   ][gc,reloc    ] GC(62) Small Pages: 73 / 146M, Empty: 142M, Relocated: 1M, In-Place: 0
[22.593s][info   ][gc,reloc    ] GC(62) Medium Pages: 0 / 0M, Empty: 0M, Relocated: 0M, In-Place: 0
[22.593s][info   ][gc,reloc    ] GC(62) Large Pages: 1 / 6M, Empty: 0M, Relocated: 0M, In-Place: 0
[22.593s][info   ][gc,reloc    ] GC(62) Forwarding Usage: 0M
[22.593s][info   ][gc,heap     ] GC(62) Min Capacity: 8M(3%)
[22.593s][info   ][gc,heap     ] GC(62) Max Capacity: 256M(100%)
[22.593s][info   ][gc,heap     ] GC(62) Soft Max Capacity: 256M(100%)
[22.593s][info   ][gc,heap     ] GC(62)                Mark Start          Mark End        Relocate Start      Relocate End           High               Low         
[22.593s][info   ][gc,heap     ] GC(62)  Capacity:      256M (100%)        256M (100%)        256M (100%)        256M (100%)        256M (100%)        256M (100%)   
[22.593s][info   ][gc,heap     ] GC(62)      Free:      104M (41%)         104M (41%)         246M (96%)         246M (96%)         246M (96%)         104M (41%)    
[22.593s][info   ][gc,heap     ] GC(62)      Used:      152M (59%)         152M (59%)          10M (4%)           10M (4%)          152M (59%)          10M (4%)     
[22.593s][info   ][gc,heap     ] GC(62)      Live:         -                 7M (3%)            7M (3%)            7M (3%)             -                  -          
[22.594s][info   ][gc,heap     ] GC(62) Allocated:         -                 0M (0%)            0M (0%)            0M (0%)             -                  -          
[22.594s][info   ][gc,heap     ] GC(62)   Garbage:         -               144M (57%)           2M (1%)            2M (1%)             -                  -          
[22.594s][info   ][gc,heap     ] GC(62) Reclaimed:         -                  -               142M (55%)         142M (55%)            -                  -          
[22.594s][info   ][gc          ] GC(62) Garbage Collection (Allocation Rate) 152M(59%)->10M(4%)
[22.797s][info   ][gc,start    ] GC(63) Garbage Collection (Allocation Rate)
[22.798s][info   ][gc,task     ] GC(63) Using 2 workers
[22.798s][info   ][gc,phases   ] GC(63) Pause Mark Start 0.023ms
[22.865s][info   ][gc,phases   ] GC(63) Concurrent Mark 67.014ms
[22.866s][info   ][gc,phases   ] GC(63) Pause Mark End 0.038ms
[22.866s][info   ][gc,phases   ] GC(63) Concurrent Mark Free 0.002ms
[22.868s][info   ][gc,phases   ] GC(63) Concurrent Process Non-Strong References 1.533ms
[22.868s][info   ][gc,phases   ] GC(63) Concurrent Reset Relocation Set 0.002ms
[22.870s][info   ][gc,phases   ] GC(63) Concurrent Select Relocation Set 2.379ms
[22.870s][info   ][gc,phases   ] GC(63) Pause Relocate Start 0.013ms
[22.873s][info   ][gc,phases   ] GC(63) Concurrent Relocate 2.309ms
[22.873s][info   ][gc,load     ] GC(63) Load: 0.00/0.00/0.00
[22.873s][info   ][gc,mmu      ] GC(63) MMU: 2ms/94.0%, 5ms/97.6%, 10ms/98.8%, 20ms/99.2%, 50ms/99.7%, 100ms/99.8%
[22.873s][info   ][gc,marking  ] GC(63) Mark: 2 stripe(s), 2 proactive flush(es), 1 terminate flush(es), 0 completion(s), 0 continuation(s) 
[22.873s][info   ][gc,marking  ] GC(63) Mark Stack Usage: 32M
[22.873s][info   ][gc,nmethod  ] GC(63) NMethods: 393 registered, 0 unregistered
[22.873s][info   ][gc,metaspace] GC(63) Metaspace: 0M used, 0M committed, 1032M reserved
[22.873s][info   ][gc,ref      ] GC(63) Soft: 97 encountered, 0 discovered, 0 enqueued
[22.873s][info   ][gc,ref      ] GC(63) Weak: 187 encountered, 0 discovered, 0 enqueued
[22.873s][info   ][gc,ref      ] GC(63) Final: 0 encountered, 0 discovered, 0 enqueued
[22.873s][info   ][gc,ref      ] GC(63) Phantom: 1 encountered, 0 discovered, 0 enqueued
[22.873s][info   ][gc,reloc    ] GC(63) Small Pages: 24 / 48M, Empty: 0M, Relocated: 1M, In-Place: 0
[22.873s][info   ][gc,reloc    ] GC(63) Medium Pages: 0 / 0M, Empty: 0M, Relocated: 0M, In-Place: 0
[22.873s][info   ][gc,reloc    ] GC(63) Large Pages: 1 / 6M, Empty: 0M, Relocated: 0M, In-Place: 0
[22.873s][info   ][gc,reloc    ] GC(63) Forwarding Usage: 0M
[22.873s][info   ][gc,heap     ] GC(63) Min Capacity: 8M(3%)
[22.873s][info   ][gc,heap     ] GC(63) Max Capacity: 256M(100%)
[22.873s][info   ][gc,heap     ] GC(63) Soft Max Capacity: 256M(100%)
[22.873s][info   ][gc,heap     ] GC(63)                Mark Start          Mark End        Relocate Start      Relocate End           High               Low         
[22.873s][info   ][gc,heap     ] GC(63)  Capacity:      256M (100%)        256M (100%)        256M (100%)        256M (100%)        256M (100%)        256M (100%)   
[22.873s][info   ][gc,heap     ] GC(63)      Free:      202M (79%)         196M (77%)         196M (77%)         198M (77%)         202M (79%)         192M (75%)    
[22.873s][info   ][gc,heap     ] GC(63)      Used:       54M (21%)          60M (23%)          60M (23%)          58M (23%)          64M (25%)          54M (21%)    
[22.873s][info   ][gc,heap     ] GC(63)      Live:         -                49M (19%)          49M (19%)          49M (19%)            -                  -          
[22.873s][info   ][gc,heap     ] GC(63) Allocated:         -                 6M (2%)            6M (2%)            6M (2%)             -                  -          
[22.873s][info   ][gc,heap     ] GC(63)   Garbage:         -                 4M (2%)            4M (2%)            2M (1%)             -                  -          
[22.873s][info   ][gc,heap     ] GC(63) Reclaimed:         -                  -                 0M (0%)            2M (1%)             -                  -          
[22.873s][info   ][gc          ] GC(63) Garbage Collection (Allocation Rate) 54M(21%)->58M(23%)
[22.891s][info   ][gc,start    ] GC(64) Garbage Collection (Allocation Rate)
[22.892s][info   ][gc,task     ] GC(64) Using 2 workers
[22.892s][info   ][gc,phases   ] GC(64) Pause Mark Start 0.011ms
[22.929s][info   ][gc,phases   ] GC(64) Concurrent Mark 37.633ms
[22.930s][info   ][gc,phases   ] GC(64) Pause Mark End 0.013ms
[22.930s][info   ][gc,phases   ] GC(64) Concurrent Mark Free 0.001ms
[22.931s][info   ][gc,phases   ] GC(64) Concurrent Process Non-Strong References 0.910ms
[22.931s][info   ][gc,phases   ] GC(64) Concurrent Reset Relocation Set 0.001ms
[22.933s][info   ][gc,phases   ] GC(64) Concurrent Select Relocation Set 2.328ms
[22.933s][info   ][gc,phases   ] GC(64) Pause Relocate Start 0.012ms
[22.935s][info   ][gc,phases   ] GC(64) Concurrent Relocate 1.846ms
[22.935s][info   ][gc,load     ] GC(64) Load: 0.00/0.00/0.00
[22.935s][info   ][gc,mmu      ] GC(64) MMU: 2ms/94.0%, 5ms/97.6%, 10ms/98.8%, 20ms/99.2%, 50ms/99.7%, 100ms/99.8%
[22.935s][info   ][gc,marking  ] GC(64) Mark: 2 stripe(s), 3 proactive flush(es), 1 terminate flush(es), 0 completion(s), 0 continuation(s) 
[22.935s][info   ][gc,marking  ] GC(64) Mark Stack Usage: 32M
[22.935s][info   ][gc,nmethod  ] GC(64) NMethods: 393 registered, 0 unregistered
[22.935s][info   ][gc,metaspace] GC(64) Metaspace: 0M used, 0M committed, 1032M reserved
[22.935s][info   ][gc,ref      ] GC(64) Soft: 97 encountered, 0 discovered, 0 enqueued
[22.935s][info   ][gc,ref      ] GC(64) Weak: 187 encountered, 4 discovered, 0 enqueued
[22.935s][info   ][gc,ref      ] GC(64) Final: 0 encountered, 0 discovered, 0 enqueued
[22.935s][info   ][gc,ref      ] GC(64) Phantom: 1 encountered, 0 discovered, 0 enqueued
[22.935s][info   ][gc,reloc    ] GC(64) Small Pages: 26 / 52M, Empty: 0M, Relocated: 1M, In-Place: 0
[22.935s][info   ][gc,reloc    ] GC(64) Medium Pages: 0 / 0M, Empty: 0M, Relocated: 0M, In-Place: 0
[22.935s][info   ][gc,reloc    ] GC(64) Large Pages: 1 / 6M, Empty: 0M, Relocated: 0M, In-Place: 0
[22.935s][info   ][gc,reloc    ] GC(64) Forwarding Usage: 0M
[22.935s][info   ][gc,heap     ] GC(64) Min Capacity: 8M(3%)
[22.935s][info   ][gc,heap     ] GC(64) Max Capacity: 256M(100%)
[22.935s][info   ][gc,heap     ] GC(64) Soft Max Capacity: 256M(100%)
[22.935s][info   ][gc,heap     ] GC(64)                Mark Start          Mark End        Relocate Start      Relocate End           High               Low         
[22.935s][info   ][gc,heap     ] GC(64)  Capacity:      256M (100%)        256M (100%)        256M (100%)        256M (100%)        256M (100%)        256M (100%)   
[22.935s][info   ][gc,heap     ] GC(64)      Free:      198M (77%)         150M (59%)         150M (59%)         150M (59%)         198M (77%)         146M (57%)    
[22.935s][info   ][gc,heap     ] GC(64)      Used:       58M (23%)         106M (41%)         106M (41%)         106M (41%)         110M (43%)          58M (23%)    
[22.936s][info   ][gc,heap     ] GC(64)      Live:         -                54M (21%)          54M (21%)          54M (21%)            -                  -          
[22.936s][info   ][gc,heap     ] GC(64) Allocated:         -                48M (19%)          48M (19%)          48M (19%)            -                  -          
[22.936s][info   ][gc,heap     ] GC(64)   Garbage:         -                 3M (1%)            3M (1%)            3M (1%)             -                  -          
[22.936s][info   ][gc,heap     ] GC(64) Reclaimed:         -                  -                 0M (0%)            0M (0%)             -                  -          
[22.936s][info   ][gc          ] GC(64) Garbage Collection (Allocation Rate) 58M(23%)->106M(41%)
[22.983s][info   ][gc,start    ] GC(65) Garbage Collection (Allocation Rate)
[22.983s][info   ][gc,task     ] GC(65) Using 2 workers
[22.984s][info   ][gc,phases   ] GC(65) Pause Mark Start 0.013ms
[22.988s][info   ][gc,phases   ] GC(65) Concurrent Mark 4.590ms
[22.989s][info   ][gc,phases   ] GC(65) Pause Mark End 0.015ms
[22.989s][info   ][gc,phases   ] GC(65) Concurrent Mark Free 0.001ms
[22.990s][info   ][gc,phases   ] GC(65) Concurrent Process Non-Strong References 0.838ms
[22.990s][info   ][gc,phases   ] GC(65) Concurrent Reset Relocation Set 0.002ms
[22.992s][info   ][gc,phases   ] GC(65) Concurrent Select Relocation Set 2.722ms
[22.993s][info   ][gc,phases   ] GC(65) Pause Relocate Start 0.015ms
[22.993s][info   ][gc,phases   ] GC(65) Concurrent Relocate 0.067ms
[22.993s][info   ][gc,load     ] GC(65) Load: 0.00/0.00/0.00
[22.993s][info   ][gc,mmu      ] GC(65) MMU: 2ms/94.0%, 5ms/97.6%, 10ms/98.8%, 20ms/99.2%, 50ms/99.7%, 100ms/99.8%
[22.993s][info   ][gc,marking  ] GC(65) Mark: 2 stripe(s), 1 proactive flush(es), 1 terminate flush(es), 0 completion(s), 0 continuation(s) 
[22.993s][info   ][gc,marking  ] GC(65) Mark Stack Usage: 32M
[22.993s][info   ][gc,nmethod  ] GC(65) NMethods: 393 registered, 0 unregistered
[22.993s][info   ][gc,metaspace] GC(65) Metaspace: 0M used, 0M committed, 1032M reserved
[22.993s][info   ][gc,ref      ] GC(65) Soft: 97 encountered, 0 discovered, 0 enqueued
[22.993s][info   ][gc,ref      ] GC(65) Weak: 187 encountered, 7 discovered, 0 enqueued
[22.993s][info   ][gc,ref      ] GC(65) Final: 0 encountered, 0 discovered, 0 enqueued
[22.993s][info   ][gc,ref      ] GC(65) Phantom: 1 encountered, 0 discovered, 0 enqueued
[22.993s][info   ][gc,reloc    ] GC(65) Small Pages: 50 / 100M, Empty: 98M, Relocated: 0M, In-Place: 0
[22.993s][info   ][gc,reloc    ] GC(65) Medium Pages: 0 / 0M, Empty: 0M, Relocated: 0M, In-Place: 0
[22.993s][info   ][gc,reloc    ] GC(65) Large Pages: 1 / 6M, Empty: 0M, Relocated: 0M, In-Place: 0
[22.993s][info   ][gc,reloc    ] GC(65) Forwarding Usage: 0M
[22.993s][info   ][gc,heap     ] GC(65) Min Capacity: 8M(3%)
[22.993s][info   ][gc,heap     ] GC(65) Max Capacity: 256M(100%)
[22.993s][info   ][gc,heap     ] GC(65) Soft Max Capacity: 256M(100%)
[22.993s][info   ][gc,heap     ] GC(65)                Mark Start          Mark End        Relocate Start      Relocate End           High               Low         
[22.993s][info   ][gc,heap     ] GC(65)  Capacity:      256M (100%)        256M (100%)        256M (100%)        256M (100%)        256M (100%)        256M (100%)   
[22.993s][info   ][gc,heap     ] GC(65)      Free:      150M (59%)         150M (59%)         248M (97%)         248M (97%)         248M (97%)         150M (59%)    
[22.993s][info   ][gc,heap     ] GC(65)      Used:      106M (41%)         106M (41%)           8M (3%)            8M (3%)          106M (41%)           8M (3%)     
[22.993s][info   ][gc,heap     ] GC(65)      Live:         -                 7M (3%)            7M (3%)            7M (3%)             -                  -          
[22.993s][info   ][gc,heap     ] GC(65) Allocated:         -                 0M (0%)            0M (0%)            0M (0%)             -                  -          
[22.993s][info   ][gc,heap     ] GC(65)   Garbage:         -                98M (39%)           0M (0%)            0M (0%)             -                  -          
[22.994s][info   ][gc,heap     ] GC(65) Reclaimed:         -                  -                98M (38%)          98M (38%)            -                  -          
[22.994s][info   ][gc          ] GC(65) Garbage Collection (Allocation Rate) 106M(41%)->8M(3%)
[23.284s][info   ][gc,start    ] GC(66) Garbage Collection (Allocation Rate)
[23.284s][info   ][gc,task     ] GC(66) Using 2 workers
[23.284s][info   ][gc,phases   ] GC(66) Pause Mark Start 0.010ms
[23.349s][info   ][gc,phases   ] GC(66) Concurrent Mark 64.595ms
[23.349s][info   ][gc,phases   ] GC(66) Pause Mark End 0.013ms
[23.349s][info   ][gc,phases   ] GC(66) Concurrent Mark Free 0.001ms
[23.350s][info   ][gc,phases   ] GC(66) Concurrent Process Non-Strong References 0.555ms
[23.350s][info   ][gc,phases   ] GC(66) Concurrent Reset Relocation Set 0.000ms
[23.352s][info   ][gc,phases   ] GC(66) Concurrent Select Relocation Set 1.914ms
[23.352s][info   ][gc,phases   ] GC(66) Pause Relocate Start 0.010ms
[23.352s][info   ][gc,phases   ] GC(66) Concurrent Relocate 0.032ms
[23.352s][info   ][gc,load     ] GC(66) Load: 0.00/0.00/0.00
[23.352s][info   ][gc,mmu      ] GC(66) MMU: 2ms/94.0%, 5ms/97.6%, 10ms/98.8%, 20ms/99.2%, 50ms/99.7%, 100ms/99.8%
[23.352s][info   ][gc,marking  ] GC(66) Mark: 2 stripe(s), 1 proactive flush(es), 1 terminate flush(es), 0 completion(s), 0 continuation(s) 
[23.352s][info   ][gc,marking  ] GC(66) Mark Stack Usage: 32M
[23.352s][info   ][gc,nmethod  ] GC(66) NMethods: 393 registered, 0 unregistered
[23.352s][info   ][gc,metaspace] GC(66) Metaspace: 0M used, 0M committed, 1032M reserved
[23.352s][info   ][gc,ref      ] GC(66) Soft: 97 encountered, 0 discovered, 0 enqueued
[23.352s][info   ][gc,ref      ] GC(66) Weak: 187 encountered, 0 discovered, 0 enqueued
[23.352s][info   ][gc,ref      ] GC(66) Final: 0 encountered, 0 discovered, 0 enqueued
[23.352s][info   ][gc,ref      ] GC(66) Phantom: 1 encountered, 0 discovered, 0 enqueued
[23.352s][info   ][gc,reloc    ] GC(66) Small Pages: 96 / 192M, Empty: 94M, Relocated: 0M, In-Place: 0
[23.352s][info   ][gc,reloc    ] GC(66) Medium Pages: 0 / 0M, Empty: 0M, Relocated: 0M, In-Place: 0
[23.352s][info   ][gc,reloc    ] GC(66) Large Pages: 1 / 6M, Empty: 0M, Relocated: 0M, In-Place: 0
[23.352s][info   ][gc,reloc    ] GC(66) Forwarding Usage: 0M
[23.352s][info   ][gc,heap     ] GC(66) Min Capacity: 8M(3%)
[23.352s][info   ][gc,heap     ] GC(66) Max Capacity: 256M(100%)
[23.352s][info   ][gc,heap     ] GC(66) Soft Max Capacity: 256M(100%)
[23.352s][info   ][gc,heap     ] GC(66)                Mark Start          Mark End        Relocate Start      Relocate End           High               Low         
[23.352s][info   ][gc,heap     ] GC(66)  Capacity:      256M (100%)        256M (100%)        256M (100%)        256M (100%)        256M (100%)        256M (100%)   
[23.352s][info   ][gc,heap     ] GC(66)      Free:       58M (23%)          58M (23%)         152M (59%)         152M (59%)         152M (59%)          58M (23%)    
[23.352s][info   ][gc,heap     ] GC(66)      Used:      198M (77%)         198M (77%)         104M (41%)         104M (41%)         198M (77%)         104M (41%)    
[23.352s][info   ][gc,heap     ] GC(66)      Live:         -               101M (40%)         101M (40%)         101M (40%)            -                  -          
[23.352s][info   ][gc,heap     ] GC(66) Allocated:         -                 0M (0%)            0M (0%)            0M (0%)             -                  -          
[23.352s][info   ][gc,heap     ] GC(66)   Garbage:         -                96M (38%)           2M (1%)            2M (1%)             -                  -          
[23.352s][info   ][gc,heap     ] GC(66) Reclaimed:         -                  -                94M (37%)          94M (37%)            -                  -          
[23.352s][info   ][gc          ] GC(66) Garbage Collection (Allocation Rate) 198M(77%)->104M(41%)
[23.385s][info   ][gc,start    ] GC(67) Garbage Collection (Allocation Rate)
[23.385s][info   ][gc,task     ] GC(67) Using 2 workers
[23.385s][info   ][gc,phases   ] GC(67) Pause Mark Start 0.011ms
[23.436s][info   ][gc,phases   ] GC(67) Concurrent Mark 50.732ms
[23.436s][info   ][gc,phases   ] GC(67) Pause Mark End 0.014ms
[23.436s][info   ][gc,phases   ] GC(67) Concurrent Mark Free 0.001ms
[23.437s][info   ][gc,phases   ] GC(67) Concurrent Process Non-Strong References 0.651ms
[23.437s][info   ][gc,phases   ] GC(67) Concurrent Reset Relocation Set 0.000ms
[23.440s][info   ][gc,phases   ] GC(67) Concurrent Select Relocation Set 2.733ms
[23.440s][info   ][gc,phases   ] GC(67) Pause Relocate Start 0.011ms
[23.446s][info   ][gc,phases   ] GC(67) Concurrent Relocate 6.074ms
[23.446s][info   ][gc,load     ] GC(67) Load: 0.00/0.00/0.00
[23.446s][info   ][gc,mmu      ] GC(67) MMU: 2ms/94.0%, 5ms/97.6%, 10ms/98.8%, 20ms/99.2%, 50ms/99.7%, 100ms/99.8%
[23.446s][info   ][gc,marking  ] GC(67) Mark: 2 stripe(s), 1 proactive flush(es), 1 terminate flush(es), 0 completion(s), 0 continuation(s) 
[23.446s][info   ][gc,marking  ] GC(67) Mark Stack Usage: 32M
[23.446s][info   ][gc,nmethod  ] GC(67) NMethods: 393 registered, 0 unregistered
[23.446s][info   ][gc,metaspace] GC(67) Metaspace: 0M used, 0M committed, 1032M reserved
[23.446s][info   ][gc,ref      ] GC(67) Soft: 97 encountered, 0 discovered, 0 enqueued
[23.446s][info   ][gc,ref      ] GC(67) Weak: 187 encountered, 0 discovered, 0 enqueued
[23.446s][info   ][gc,ref      ] GC(67) Final: 0 encountered, 0 discovered, 0 enqueued
[23.446s][info   ][gc,ref      ] GC(67) Phantom: 1 encountered, 0 discovered, 0 enqueued
[23.446s][info   ][gc,reloc    ] GC(67) Small Pages: 73 / 146M, Empty: 22M, Relocated: 8M, In-Place: 0
[23.446s][info   ][gc,reloc    ] GC(67) Medium Pages: 0 / 0M, Empty: 0M, Relocated: 0M, In-Place: 0
[23.446s][info   ][gc,reloc    ] GC(67) Large Pages: 1 / 6M, Empty: 0M, Relocated: 0M, In-Place: 0
[23.446s][info   ][gc,reloc    ] GC(67) Forwarding Usage: 3M
[23.446s][info   ][gc,heap     ] GC(67) Min Capacity: 8M(3%)
[23.446s][info   ][gc,heap     ] GC(67) Max Capacity: 256M(100%)
[23.446s][info   ][gc,heap     ] GC(67) Soft Max Capacity: 256M(100%)
[23.446s][info   ][gc,heap     ] GC(67)                Mark Start          Mark End        Relocate Start      Relocate End           High               Low         
[23.446s][info   ][gc,heap     ] GC(67)  Capacity:      256M (100%)        256M (100%)        256M (100%)        256M (100%)        256M (100%)        256M (100%)   
[23.446s][info   ][gc,heap     ] GC(67)      Free:      104M (41%)         102M (40%)         124M (48%)         138M (54%)         138M (54%)         102M (40%)    
[23.446s][info   ][gc,heap     ] GC(67)      Used:      152M (59%)         154M (60%)         132M (52%)         118M (46%)         154M (60%)         118M (46%)    
[23.446s][info   ][gc,heap     ] GC(67)      Live:         -               108M (42%)         108M (42%)         108M (42%)            -                  -          
[23.446s][info   ][gc,heap     ] GC(67) Allocated:         -                 2M (1%)            2M (1%)            2M (1%)             -                  -          
[23.446s][info   ][gc,heap     ] GC(67)   Garbage:         -                43M (17%)          21M (8%)            7M (3%)             -                  -          
[23.447s][info   ][gc,heap     ] GC(67) Reclaimed:         -                  -                22M (9%)           36M (14%)            -                  -          
[23.447s][info   ][gc          ] GC(67) Garbage Collection (Allocation Rate) 152M(59%)->118M(46%)
[23.584s][info   ][gc,start    ] GC(68) Garbage Collection (Allocation Rate)
[23.584s][info   ][gc,task     ] GC(68) Using 2 workers
[23.584s][info   ][gc,phases   ] GC(68) Pause Mark Start 0.015ms
[23.632s][info   ][gc,phases   ] GC(68) Concurrent Mark 47.470ms
[23.632s][info   ][gc,phases   ] GC(68) Pause Mark End 0.030ms
[23.632s][info   ][gc,phases   ] GC(68) Concurrent Mark Free 0.001ms
[23.633s][info   ][gc,phases   ] GC(68) Concurrent Process Non-Strong References 0.854ms
[23.633s][info   ][gc,phases   ] GC(68) Concurrent Reset Relocation Set 0.004ms
[23.636s][info   ][gc,phases   ] GC(68) Concurrent Select Relocation Set 2.654ms
[23.636s][info   ][gc,phases   ] GC(68) Pause Relocate Start 0.011ms
[23.636s][info   ][gc,phases   ] GC(68) Concurrent Relocate 0.058ms
[23.636s][info   ][gc,load     ] GC(68) Load: 0.00/0.00/0.00
[23.636s][info   ][gc,mmu      ] GC(68) MMU: 2ms/94.0%, 5ms/97.6%, 10ms/98.8%, 20ms/99.2%, 50ms/99.7%, 100ms/99.8%
[23.637s][info   ][gc,marking  ] GC(68) Mark: 2 stripe(s), 1 proactive flush(es), 1 terminate flush(es), 0 completion(s), 0 continuation(s) 
[23.637s][info   ][gc,marking  ] GC(68) Mark Stack Usage: 32M
[23.637s][info   ][gc,nmethod  ] GC(68) NMethods: 393 registered, 0 unregistered
[23.637s][info   ][gc,metaspace] GC(68) Metaspace: 0M used, 0M committed, 1032M reserved
[23.637s][info   ][gc,ref      ] GC(68) Soft: 97 encountered, 0 discovered, 0 enqueued
[23.637s][info   ][gc,ref      ] GC(68) Weak: 187 encountered, 0 discovered, 0 enqueued
[23.637s][info   ][gc,ref      ] GC(68) Final: 0 encountered, 0 discovered, 0 enqueued
[23.637s][info   ][gc,ref      ] GC(68) Phantom: 1 encountered, 0 discovered, 0 enqueued
[23.637s][info   ][gc,reloc    ] GC(68) Small Pages: 79 / 158M, Empty: 108M, Relocated: 0M, In-Place: 0
[23.637s][info   ][gc,reloc    ] GC(68) Medium Pages: 0 / 0M, Empty: 0M, Relocated: 0M, In-Place: 0
[23.637s][info   ][gc,reloc    ] GC(68) Large Pages: 1 / 6M, Empty: 0M, Relocated: 0M, In-Place: 0
[23.637s][info   ][gc,reloc    ] GC(68) Forwarding Usage: 0M
[23.637s][info   ][gc,heap     ] GC(68) Min Capacity: 8M(3%)
[23.637s][info   ][gc,heap     ] GC(68) Max Capacity: 256M(100%)
[23.637s][info   ][gc,heap     ] GC(68) Soft Max Capacity: 256M(100%)
[23.637s][info   ][gc,heap     ] GC(68)                Mark Start          Mark End        Relocate Start      Relocate End           High               Low         
[23.637s][info   ][gc,heap     ] GC(68)  Capacity:      256M (100%)        256M (100%)        256M (100%)        256M (100%)        256M (100%)        256M (100%)   
[23.637s][info   ][gc,heap     ] GC(68)      Free:       92M (36%)          92M (36%)         200M (78%)         200M (78%)         200M (78%)          92M (36%)    
[23.637s][info   ][gc,heap     ] GC(68)      Used:      164M (64%)         164M (64%)          56M (22%)          56M (22%)         164M (64%)          56M (22%)    
[23.637s][info   ][gc,heap     ] GC(68)      Live:         -                54M (21%)          54M (21%)          54M (21%)            -                  -          
[23.637s][info   ][gc,heap     ] GC(68) Allocated:         -                 0M (0%)            0M (0%)            0M (0%)             -                  -          
[23.637s][info   ][gc,heap     ] GC(68)   Garbage:         -               109M (43%)           1M (1%)            1M (1%)             -                  -          
[23.637s][info   ][gc,heap     ] GC(68) Reclaimed:         -                  -               108M (42%)         108M (42%)            -                  -          
[23.637s][info   ][gc          ] GC(68) Garbage Collection (Allocation Rate) 164M(64%)->56M(22%)
[23.783s][info   ][gc,start    ] GC(69) Garbage Collection (Allocation Rate)
[23.784s][info   ][gc,task     ] GC(69) Using 2 workers
[23.784s][info   ][gc,phases   ] GC(69) Pause Mark Start 0.010ms
[23.811s][info   ][gc,phases   ] GC(69) Concurrent Mark 27.678ms
[23.812s][info   ][gc,phases   ] GC(69) Pause Mark End 0.017ms
[23.812s][info   ][gc,phases   ] GC(69) Concurrent Mark Free 0.001ms
[23.813s][info   ][gc,phases   ] GC(69) Concurrent Process Non-Strong References 0.982ms
[23.813s][info   ][gc,phases   ] GC(69) Concurrent Reset Relocation Set 0.001ms
[23.817s][info   ][gc,phases   ] GC(69) Concurrent Select Relocation Set 3.991ms
[23.817s][info   ][gc,phases   ] GC(69) Pause Relocate Start 0.032ms
[23.818s][info   ][gc,phases   ] GC(69) Concurrent Relocate 0.073ms
[23.818s][info   ][gc,load     ] GC(69) Load: 0.00/0.00/0.00
[23.818s][info   ][gc,mmu      ] GC(69) MMU: 2ms/94.0%, 5ms/97.6%, 10ms/98.8%, 20ms/99.2%, 50ms/99.7%, 100ms/99.8%
[23.818s][info   ][gc,marking  ] GC(69) Mark: 2 stripe(s), 2 proactive flush(es), 1 terminate flush(es), 0 completion(s), 0 continuation(s) 
[23.818s][info   ][gc,marking  ] GC(69) Mark Stack Usage: 32M
[23.818s][info   ][gc,nmethod  ] GC(69) NMethods: 393 registered, 0 unregistered
[23.818s][info   ][gc,metaspace] GC(69) Metaspace: 0M used, 0M committed, 1032M reserved
[23.818s][info   ][gc,ref      ] GC(69) Soft: 97 encountered, 0 discovered, 0 enqueued
[23.818s][info   ][gc,ref      ] GC(69) Weak: 187 encountered, 0 discovered, 0 enqueued
[23.818s][info   ][gc,ref      ] GC(69) Final: 0 encountered, 0 discovered, 0 enqueued
[23.818s][info   ][gc,ref      ] GC(69) Phantom: 1 encountered, 0 discovered, 0 enqueued
[23.818s][info   ][gc,reloc    ] GC(69) Small Pages: 97 / 194M, Empty: 150M, Relocated: 0M, In-Place: 0
[23.818s][info   ][gc,reloc    ] GC(69) Medium Pages: 0 / 0M, Empty: 0M, Relocated: 0M, In-Place: 0
[23.818s][info   ][gc,reloc    ] GC(69) Large Pages: 1 / 6M, Empty: 0M, Relocated: 0M, In-Place: 0
[23.818s][info   ][gc,reloc    ] GC(69) Forwarding Usage: 0M
[23.818s][info   ][gc,heap     ] GC(69) Min Capacity: 8M(3%)
[23.818s][info   ][gc,heap     ] GC(69) Max Capacity: 256M(100%)
[23.818s][info   ][gc,heap     ] GC(69) Soft Max Capacity: 256M(100%)
[23.818s][info   ][gc,heap     ] GC(69)                Mark Start          Mark End        Relocate Start      Relocate End           High               Low         
[23.818s][info   ][gc,heap     ] GC(69)  Capacity:      256M (100%)        256M (100%)        256M (100%)        256M (100%)        256M (100%)        256M (100%)   
[23.818s][info   ][gc,heap     ] GC(69)      Free:       56M (22%)          54M (21%)         204M (80%)         204M (80%)         204M (80%)          54M (21%)    
[23.818s][info   ][gc,heap     ] GC(69)      Used:      200M (78%)         202M (79%)          52M (20%)          52M (20%)         202M (79%)          52M (20%)    
[23.818s][info   ][gc,heap     ] GC(69)      Live:         -                47M (19%)          47M (19%)          47M (19%)            -                  -          
[23.818s][info   ][gc,heap     ] GC(69) Allocated:         -                 2M (1%)            2M (1%)            2M (1%)             -                  -          
[23.818s][info   ][gc,heap     ] GC(69)   Garbage:         -               152M (60%)           2M (1%)            2M (1%)             -                  -          
[23.818s][info   ][gc,heap     ] GC(69) Reclaimed:         -                  -               150M (59%)         150M (59%)            -                  -          
[23.818s][info   ][gc          ] GC(69) Garbage Collection (Allocation Rate) 200M(78%)->52M(20%)
[23.884s][info   ][gc,start    ] GC(70) Garbage Collection (Allocation Rate)
[23.884s][info   ][gc,task     ] GC(70) Using 2 workers
[23.884s][info   ][gc,phases   ] GC(70) Pause Mark Start 0.015ms
[23.919s][info   ][gc,phases   ] GC(70) Concurrent Mark 35.385ms
[23.920s][info   ][gc,phases   ] GC(70) Pause Mark End 0.015ms
[23.920s][info   ][gc,phases   ] GC(70) Concurrent Mark Free 0.001ms
[23.920s][info   ][gc,phases   ] GC(70) Concurrent Process Non-Strong References 0.606ms
[23.920s][info   ][gc,phases   ] GC(70) Concurrent Reset Relocation Set 0.001ms
[23.923s][info   ][gc,phases   ] GC(70) Concurrent Select Relocation Set 2.126ms
[23.923s][info   ][gc,phases   ] GC(70) Pause Relocate Start 0.012ms
[23.923s][info   ][gc,phases   ] GC(70) Concurrent Relocate 0.029ms
[23.923s][info   ][gc,load     ] GC(70) Load: 0.00/0.00/0.00
[23.923s][info   ][gc,mmu      ] GC(70) MMU: 2ms/94.0%, 5ms/97.6%, 10ms/98.8%, 20ms/99.2%, 50ms/99.7%, 100ms/99.8%
[23.923s][info   ][gc,marking  ] GC(70) Mark: 2 stripe(s), 1 proactive flush(es), 1 terminate flush(es), 0 completion(s), 0 continuation(s) 
[23.923s][info   ][gc,marking  ] GC(70) Mark Stack Usage: 32M
[23.923s][info   ][gc,nmethod  ] GC(70) NMethods: 393 registered, 0 unregistered
[23.923s][info   ][gc,metaspace] GC(70) Metaspace: 0M used, 0M committed, 1032M reserved
[23.923s][info   ][gc,ref      ] GC(70) Soft: 97 encountered, 0 discovered, 0 enqueued
[23.923s][info   ][gc,ref      ] GC(70) Weak: 187 encountered, 11 discovered, 0 enqueued
[23.923s][info   ][gc,ref      ] GC(70) Final: 0 encountered, 0 discovered, 0 enqueued
[23.923s][info   ][gc,ref      ] GC(70) Phantom: 1 encountered, 0 discovered, 0 enqueued
[23.923s][info   ][gc,reloc    ] GC(70) Small Pages: 46 / 92M, Empty: 42M, Relocated: 0M, In-Place: 0
[23.923s][info   ][gc,reloc    ] GC(70) Medium Pages: 0 / 0M, Empty: 0M, Relocated: 0M, In-Place: 0
[23.923s][info   ][gc,reloc    ] GC(70) Large Pages: 1 / 6M, Empty: 0M, Relocated: 0M, In-Place: 0
[23.923s][info   ][gc,reloc    ] GC(70) Forwarding Usage: 0M
[23.923s][info   ][gc,heap     ] GC(70) Min Capacity: 8M(3%)
[23.923s][info   ][gc,heap     ] GC(70) Max Capacity: 256M(100%)
[23.923s][info   ][gc,heap     ] GC(70) Soft Max Capacity: 256M(100%)
[23.923s][info   ][gc,heap     ] GC(70)                Mark Start          Mark End        Relocate Start      Relocate End           High               Low         
[23.923s][info   ][gc,heap     ] GC(70)  Capacity:      256M (100%)        256M (100%)        256M (100%)        256M (100%)        256M (100%)        256M (100%)   
[23.923s][info   ][gc,heap     ] GC(70)      Free:      158M (62%)         158M (62%)         200M (78%)         200M (78%)         200M (78%)         158M (62%)    
[23.923s][info   ][gc,heap     ] GC(70)      Used:       98M (38%)          98M (38%)          56M (22%)          56M (22%)          98M (38%)          56M (22%)    
[23.923s][info   ][gc,heap     ] GC(70)      Live:         -                54M (21%)          54M (21%)          54M (21%)            -                  -          
[23.923s][info   ][gc,heap     ] GC(70) Allocated:         -                 0M (0%)            0M (0%)            0M (0%)             -                  -          
[23.923s][info   ][gc,heap     ] GC(70)   Garbage:         -                43M (17%)           1M (1%)            1M (1%)             -                  -          
[23.923s][info   ][gc,heap     ] GC(70) Reclaimed:         -                  -                42M (16%)          42M (16%)            -                  -          
[23.923s][info   ][gc          ] GC(70) Garbage Collection (Allocation Rate) 98M(38%)->56M(22%)
[24.183s][info   ][gc,start    ] GC(71) Garbage Collection (Allocation Rate)
[24.183s][info   ][gc,task     ] GC(71) Using 1 workers
[24.183s][info   ][gc,phases   ] GC(71) Pause Mark Start 0.022ms
[24.187s][info   ][gc,phases   ] GC(71) Concurrent Mark 3.053ms
[24.187s][info   ][gc,phases   ] GC(71) Pause Mark End 0.011ms
[24.187s][info   ][gc,phases   ] GC(71) Concurrent Mark Free 0.001ms
[24.188s][info   ][gc,phases   ] GC(71) Concurrent Process Non-Strong References 1.452ms
[24.188s][info   ][gc,phases   ] GC(71) Concurrent Reset Relocation Set 0.001ms
[24.191s][info   ][gc,phases   ] GC(71) Concurrent Select Relocation Set 2.615ms
[24.191s][info   ][gc,phases   ] GC(71) Pause Relocate Start 0.013ms
[24.192s][info   ][gc,phases   ] GC(71) Concurrent Relocate 0.118ms
[24.192s][info   ][gc,load     ] GC(71) Load: 0.00/0.00/0.00
[24.192s][info   ][gc,mmu      ] GC(71) MMU: 2ms/94.0%, 5ms/97.6%, 10ms/98.8%, 20ms/99.2%, 50ms/99.7%, 100ms/99.8%
[24.192s][info   ][gc,marking  ] GC(71) Mark: 1 stripe(s), 1 proactive flush(es), 1 terminate flush(es), 0 completion(s), 0 continuation(s) 
[24.192s][info   ][gc,marking  ] GC(71) Mark Stack Usage: 32M
[24.192s][info   ][gc,nmethod  ] GC(71) NMethods: 393 registered, 0 unregistered
[24.192s][info   ][gc,metaspace] GC(71) Metaspace: 0M used, 0M committed, 1032M reserved
[24.192s][info   ][gc,ref      ] GC(71) Soft: 97 encountered, 0 discovered, 0 enqueued
[24.192s][info   ][gc,ref      ] GC(71) Weak: 187 encountered, 0 discovered, 0 enqueued
[24.192s][info   ][gc,ref      ] GC(71) Final: 0 encountered, 0 discovered, 0 enqueued
[24.192s][info   ][gc,ref      ] GC(71) Phantom: 1 encountered, 0 discovered, 0 enqueued
[24.192s][info   ][gc,reloc    ] GC(71) Small Pages: 49 / 98M, Empty: 96M, Relocated: 0M, In-Place: 0
[24.192s][info   ][gc,reloc    ] GC(71) Medium Pages: 0 / 0M, Empty: 0M, Relocated: 0M, In-Place: 0
[24.192s][info   ][gc,reloc    ] GC(71) Large Pages: 1 / 6M, Empty: 0M, Relocated: 0M, In-Place: 0
[24.192s][info   ][gc,reloc    ] GC(71) Forwarding Usage: 0M
[24.192s][info   ][gc,heap     ] GC(71) Min Capacity: 8M(3%)
[24.192s][info   ][gc,heap     ] GC(71) Max Capacity: 256M(100%)
[24.192s][info   ][gc,heap     ] GC(71) Soft Max Capacity: 256M(100%)
[24.192s][info   ][gc,heap     ] GC(71)                Mark Start          Mark End        Relocate Start      Relocate End           High               Low         
[24.192s][info   ][gc,heap     ] GC(71)  Capacity:      256M (100%)        256M (100%)        256M (100%)        256M (100%)        256M (100%)        256M (100%)   
[24.192s][info   ][gc,heap     ] GC(71)      Free:      152M (59%)         152M (59%)         248M (97%)         248M (97%)         248M (97%)         152M (59%)    
[24.192s][info   ][gc,heap     ] GC(71)      Used:      104M (41%)         104M (41%)           8M (3%)            8M (3%)          104M (41%)           8M (3%)     
[24.192s][info   ][gc,heap     ] GC(71)      Live:         -                 7M (3%)            7M (3%)            7M (3%)             -                  -          
[24.192s][info   ][gc,heap     ] GC(71) Allocated:         -                 0M (0%)            0M (0%)            0M (0%)             -                  -          
[24.192s][info   ][gc,heap     ] GC(71)   Garbage:         -                96M (38%)           0M (0%)            0M (0%)             -                  -          
[24.192s][info   ][gc,heap     ] GC(71) Reclaimed:         -                  -                96M (38%)          96M (38%)            -                  -          
[24.192s][info   ][gc          ] GC(71) Garbage Collection (Allocation Rate) 104M(41%)->8M(3%)
[24.399s][info   ][gc,start    ] GC(72) Garbage Collection (Allocation Rate)
[24.399s][info   ][gc,task     ] GC(72) Using 1 workers
[24.400s][info   ][gc,phases   ] GC(72) Pause Mark Start 0.039ms
[24.433s][info   ][gc,phases   ] GC(72) Concurrent Mark 33.287ms
[24.434s][info   ][gc,phases   ] GC(72) Pause Mark End 0.025ms
[24.434s][info   ][gc,phases   ] GC(72) Concurrent Mark Free 0.002ms
[24.436s][info   ][gc,phases   ] GC(72) Concurrent Process Non-Strong References 2.210ms
[24.436s][info   ][gc,phases   ] GC(72) Concurrent Reset Relocation Set 0.001ms
[24.441s][info   ][gc,phases   ] GC(72) Concurrent Select Relocation Set 4.764ms
[24.442s][info   ][gc,phases   ] GC(72) Pause Relocate Start 0.017ms
[24.446s][info   ][gc,phases   ] GC(72) Concurrent Relocate 4.415ms
[24.447s][info   ][gc,load     ] GC(72) Load: 0.00/0.00/0.00
[24.447s][info   ][gc,mmu      ] GC(72) MMU: 2ms/94.0%, 5ms/97.6%, 10ms/98.8%, 20ms/99.2%, 50ms/99.7%, 100ms/99.8%
[24.447s][info   ][gc,marking  ] GC(72) Mark: 1 stripe(s), 2 proactive flush(es), 1 terminate flush(es), 0 completion(s), 0 continuation(s) 
[24.447s][info   ][gc,marking  ] GC(72) Mark Stack Usage: 32M
[24.447s][info   ][gc,nmethod  ] GC(72) NMethods: 393 registered, 0 unregistered
[24.447s][info   ][gc,metaspace] GC(72) Metaspace: 0M used, 0M committed, 1032M reserved
[24.447s][info   ][gc,ref      ] GC(72) Soft: 97 encountered, 0 discovered, 0 enqueued
[24.447s][info   ][gc,ref      ] GC(72) Weak: 187 encountered, 0 discovered, 0 enqueued
[24.447s][info   ][gc,ref      ] GC(72) Final: 0 encountered, 0 discovered, 0 enqueued
[24.447s][info   ][gc,ref      ] GC(72) Phantom: 1 encountered, 0 discovered, 0 enqueued
[24.447s][info   ][gc,reloc    ] GC(72) Small Pages: 52 / 104M, Empty: 94M, Relocated: 1M, In-Place: 0
[24.447s][info   ][gc,reloc    ] GC(72) Medium Pages: 0 / 0M, Empty: 0M, Relocated: 0M, In-Place: 0
[24.447s][info   ][gc,reloc    ] GC(72) Large Pages: 1 / 6M, Empty: 0M, Relocated: 0M, In-Place: 0
[24.447s][info   ][gc,reloc    ] GC(72) Forwarding Usage: 0M
[24.447s][info   ][gc,heap     ] GC(72) Min Capacity: 8M(3%)
[24.447s][info   ][gc,heap     ] GC(72) Max Capacity: 256M(100%)
[24.447s][info   ][gc,heap     ] GC(72) Soft Max Capacity: 256M(100%)
[24.447s][info   ][gc,heap     ] GC(72)                Mark Start          Mark End        Relocate Start      Relocate End           High               Low         
[24.447s][info   ][gc,heap     ] GC(72)  Capacity:      256M (100%)        256M (100%)        256M (100%)        256M (100%)        256M (100%)        256M (100%)   
[24.447s][info   ][gc,heap     ] GC(72)      Free:      146M (57%)         120M (47%)         206M (80%)         204M (80%)         208M (81%)         114M (45%)    
[24.447s][info   ][gc,heap     ] GC(72)      Used:      110M (43%)         136M (53%)          50M (20%)          52M (20%)         142M (55%)          48M (19%)    
[24.447s][info   ][gc,heap     ] GC(72)      Live:         -                12M (5%)           12M (5%)           12M (5%)             -                  -          
[24.448s][info   ][gc,heap     ] GC(72) Allocated:         -                26M (10%)          34M (13%)          37M (15%)            -                  -          
[24.448s][info   ][gc,heap     ] GC(72)   Garbage:         -                97M (38%)           3M (1%)            1M (0%)             -                  -          
[24.448s][info   ][gc,heap     ] GC(72) Reclaimed:         -                  -                94M (37%)          95M (37%)            -                  -          
[24.448s][info   ][gc          ] GC(72) Garbage Collection (Allocation Rate) 110M(43%)->52M(20%)
[24.784s][info   ][gc,start    ] GC(73) Garbage Collection (Allocation Rate)
[24.784s][info   ][gc,task     ] GC(73) Using 1 workers
[24.785s][info   ][gc,phases   ] GC(73) Pause Mark Start 0.009ms
[24.839s][info   ][gc,phases   ] GC(73) Concurrent Mark 54.301ms
[24.839s][info   ][gc,phases   ] GC(73) Pause Mark End 0.013ms
[24.839s][info   ][gc,phases   ] GC(73) Concurrent Mark Free 0.001ms
[24.841s][info   ][gc,phases   ] GC(73) Concurrent Process Non-Strong References 1.537ms
[24.841s][info   ][gc,phases   ] GC(73) Concurrent Reset Relocation Set 0.001ms
[24.843s][info   ][gc,phases   ] GC(73) Concurrent Select Relocation Set 1.835ms
[24.843s][info   ][gc,phases   ] GC(73) Pause Relocate Start 0.010ms
[24.844s][info   ][gc,phases   ] GC(73) Concurrent Relocate 1.081ms
[24.844s][info   ][gc,load     ] GC(73) Load: 0.00/0.00/0.00
[24.844s][info   ][gc,mmu      ] GC(73) MMU: 2ms/94.0%, 5ms/97.6%, 10ms/98.8%, 20ms/99.2%, 50ms/99.7%, 100ms/99.8%
[24.844s][info   ][gc,marking  ] GC(73) Mark: 1 stripe(s), 2 proactive flush(es), 1 terminate flush(es), 0 completion(s), 0 continuation(s) 
[24.844s][info   ][gc,marking  ] GC(73) Mark Stack Usage: 32M
[24.844s][info   ][gc,nmethod  ] GC(73) NMethods: 393 registered, 0 unregistered
[24.844s][info   ][gc,metaspace] GC(73) Metaspace: 0M used, 0M committed, 1032M reserved
[24.844s][info   ][gc,ref      ] GC(73) Soft: 97 encountered, 0 discovered, 0 enqueued
[24.844s][info   ][gc,ref      ] GC(73) Weak: 187 encountered, 0 discovered, 0 enqueued
[24.844s][info   ][gc,ref      ] GC(73) Final: 0 encountered, 0 discovered, 0 enqueued
[24.844s][info   ][gc,ref      ] GC(73) Phantom: 1 encountered, 0 discovered, 0 enqueued
[24.844s][info   ][gc,reloc    ] GC(73) Small Pages: 73 / 146M, Empty: 92M, Relocated: 1M, In-Place: 0
[24.844s][info   ][gc,reloc    ] GC(73) Medium Pages: 0 / 0M, Empty: 0M, Relocated: 0M, In-Place: 0
[24.844s][info   ][gc,reloc    ] GC(73) Large Pages: 1 / 6M, Empty: 0M, Relocated: 0M, In-Place: 0
[24.844s][info   ][gc,reloc    ] GC(73) Forwarding Usage: 0M
[24.844s][info   ][gc,heap     ] GC(73) Min Capacity: 8M(3%)
[24.844s][info   ][gc,heap     ] GC(73) Max Capacity: 256M(100%)
[24.844s][info   ][gc,heap     ] GC(73) Soft Max Capacity: 256M(100%)
[24.844s][info   ][gc,heap     ] GC(73)                Mark Start          Mark End        Relocate Start      Relocate End           High               Low         
[24.844s][info   ][gc,heap     ] GC(73)  Capacity:      256M (100%)        256M (100%)        256M (100%)        256M (100%)        256M (100%)        256M (100%)   
[24.844s][info   ][gc,heap     ] GC(73)      Free:      104M (41%)          56M (22%)         148M (58%)         152M (59%)         152M (59%)          56M (22%)    
[24.844s][info   ][gc,heap     ] GC(73)      Used:      152M (59%)         200M (78%)         108M (42%)         104M (41%)         200M (78%)         104M (41%)    
[24.844s][info   ][gc,heap     ] GC(73)      Live:         -                54M (21%)          54M (21%)          54M (21%)            -                  -          
[24.844s][info   ][gc,heap     ] GC(73) Allocated:         -                48M (19%)          48M (19%)          48M (19%)            -                  -          
[24.844s][info   ][gc,heap     ] GC(73)   Garbage:         -                97M (38%)           5M (2%)            1M (1%)             -                  -          
[24.844s][info   ][gc,heap     ] GC(73) Reclaimed:         -                  -                92M (36%)          96M (38%)            -                  -          
[24.844s][info   ][gc          ] GC(73) Garbage Collection (Allocation Rate) 152M(59%)->104M(41%)
[24.883s][info   ][gc,start    ] GC(74) Garbage Collection (Allocation Rate)
[24.883s][info   ][gc,task     ] GC(74) Using 1 workers
[24.884s][info   ][gc,phases   ] GC(74) Pause Mark Start 0.008ms
[24.889s][info   ][gc,phases   ] GC(74) Concurrent Mark 4.953ms
[24.889s][info   ][gc,phases   ] GC(74) Pause Mark End 0.009ms
[24.889s][info   ][gc,phases   ] GC(74) Concurrent Mark Free 0.001ms
[24.890s][info   ][gc,phases   ] GC(74) Concurrent Process Non-Strong References 1.152ms
[24.890s][info   ][gc,phases   ] GC(74) Concurrent Reset Relocation Set 0.001ms
[24.892s][info   ][gc,phases   ] GC(74) Concurrent Select Relocation Set 1.826ms
[24.892s][info   ][gc,phases   ] GC(74) Pause Relocate Start 0.009ms
[24.893s][info   ][gc,phases   ] GC(74) Concurrent Relocate 0.919ms
[24.893s][info   ][gc,load     ] GC(74) Load: 0.00/0.00/0.00
[24.893s][info   ][gc,mmu      ] GC(74) MMU: 2ms/94.0%, 5ms/97.6%, 10ms/98.8%, 20ms/99.2%, 50ms/99.7%, 100ms/99.8%
[24.893s][info   ][gc,marking  ] GC(74) Mark: 1 stripe(s), 2 proactive flush(es), 1 terminate flush(es), 0 completion(s), 0 continuation(s) 
[24.893s][info   ][gc,marking  ] GC(74) Mark Stack Usage: 32M
[24.893s][info   ][gc,nmethod  ] GC(74) NMethods: 393 registered, 0 unregistered
[24.893s][info   ][gc,metaspace] GC(74) Metaspace: 0M used, 0M committed, 1032M reserved
[24.893s][info   ][gc,ref      ] GC(74) Soft: 97 encountered, 0 discovered, 0 enqueued
[24.893s][info   ][gc,ref      ] GC(74) Weak: 187 encountered, 0 discovered, 0 enqueued
[24.893s][info   ][gc,ref      ] GC(74) Final: 0 encountered, 0 discovered, 0 enqueued
[24.893s][info   ][gc,ref      ] GC(74) Phantom: 1 encountered, 0 discovered, 0 enqueued
[24.893s][info   ][gc,reloc    ] GC(74) Small Pages: 73 / 146M, Empty: 140M, Relocated: 1M, In-Place: 0
[24.893s][info   ][gc,reloc    ] GC(74) Medium Pages: 0 / 0M, Empty: 0M, Relocated: 0M, In-Place: 0
[24.893s][info   ][gc,reloc    ] GC(74) Large Pages: 1 / 6M, Empty: 0M, Relocated: 0M, In-Place: 0
[24.893s][info   ][gc,reloc    ] GC(74) Forwarding Usage: 0M
[24.893s][info   ][gc,heap     ] GC(74) Min Capacity: 8M(3%)
[24.893s][info   ][gc,heap     ] GC(74) Max Capacity: 256M(100%)
[24.893s][info   ][gc,heap     ] GC(74) Soft Max Capacity: 256M(100%)
[24.893s][info   ][gc,heap     ] GC(74)                Mark Start          Mark End        Relocate Start      Relocate End           High               Low         
[24.893s][info   ][gc,heap     ] GC(74)  Capacity:      256M (100%)        256M (100%)        256M (100%)        256M (100%)        256M (100%)        256M (100%)   
[24.893s][info   ][gc,heap     ] GC(74)      Free:      104M (41%)         102M (40%)         242M (95%)         244M (95%)         244M (95%)         102M (40%)    
[24.893s][info   ][gc,heap     ] GC(74)      Used:      152M (59%)         154M (60%)          14M (5%)           12M (5%)          154M (60%)          12M (5%)     
[24.893s][info   ][gc,heap     ] GC(74)      Live:         -                 8M (3%)            8M (3%)            8M (3%)             -                  -          
[24.893s][info   ][gc,heap     ] GC(74) Allocated:         -                 2M (1%)            2M (1%)            2M (1%)             -                  -          
[24.894s][info   ][gc,heap     ] GC(74)   Garbage:         -               143M (56%)           3M (1%)            1M (1%)             -                  -          
[24.894s][info   ][gc,heap     ] GC(74) Reclaimed:         -                  -               140M (55%)         142M (55%)            -                  -          
[24.894s][info   ][gc          ] GC(74) Garbage Collection (Allocation Rate) 152M(59%)->12M(5%)
[25.191s][info   ][gc,start    ] GC(75) Garbage Collection (Allocation Rate)
[25.191s][info   ][gc,task     ] GC(75) Using 1 workers
[25.191s][info   ][gc,phases   ] GC(75) Pause Mark Start 0.017ms
[25.304s][info   ][gc,phases   ] GC(75) Concurrent Mark 112.340ms
[25.304s][info   ][gc,phases   ] GC(75) Pause Mark End 0.014ms
[25.304s][info   ][gc,phases   ] GC(75) Concurrent Mark Free 0.001ms
[25.305s][info   ][gc,phases   ] GC(75) Concurrent Process Non-Strong References 1.133ms
[25.305s][info   ][gc,phases   ] GC(75) Concurrent Reset Relocation Set 0.001ms
[25.308s][info   ][gc,phases   ] GC(75) Concurrent Select Relocation Set 2.352ms
[25.308s][info   ][gc,phases   ] GC(75) Pause Relocate Start 0.012ms
[25.310s][info   ][gc,phases   ] GC(75) Concurrent Relocate 1.899ms
[25.310s][info   ][gc,load     ] GC(75) Load: 0.00/0.00/0.00
[25.310s][info   ][gc,mmu      ] GC(75) MMU: 2ms/94.0%, 5ms/97.6%, 10ms/98.8%, 20ms/99.2%, 50ms/99.7%, 100ms/99.8%
[25.310s][info   ][gc,marking  ] GC(75) Mark: 1 stripe(s), 2 proactive flush(es), 1 terminate flush(es), 0 completion(s), 0 continuation(s) 
[25.310s][info   ][gc,marking  ] GC(75) Mark Stack Usage: 32M
[25.310s][info   ][gc,nmethod  ] GC(75) NMethods: 393 registered, 0 unregistered
[25.310s][info   ][gc,metaspace] GC(75) Metaspace: 0M used, 0M committed, 1032M reserved
[25.310s][info   ][gc,ref      ] GC(75) Soft: 97 encountered, 0 discovered, 0 enqueued
[25.310s][info   ][gc,ref      ] GC(75) Weak: 187 encountered, 0 discovered, 0 enqueued
[25.310s][info   ][gc,ref      ] GC(75) Final: 0 encountered, 0 discovered, 0 enqueued
[25.310s][info   ][gc,ref      ] GC(75) Phantom: 1 encountered, 0 discovered, 0 enqueued
[25.310s][info   ][gc,reloc    ] GC(75) Small Pages: 74 / 148M, Empty: 74M, Relocated: 1M, In-Place: 0
[25.310s][info   ][gc,reloc    ] GC(75) Medium Pages: 0 / 0M, Empty: 0M, Relocated: 0M, In-Place: 0
[25.310s][info   ][gc,reloc    ] GC(75) Large Pages: 1 / 6M, Empty: 0M, Relocated: 0M, In-Place: 0
[25.310s][info   ][gc,reloc    ] GC(75) Forwarding Usage: 0M
[25.310s][info   ][gc,heap     ] GC(75) Min Capacity: 8M(3%)
[25.310s][info   ][gc,heap     ] GC(75) Max Capacity: 256M(100%)
[25.310s][info   ][gc,heap     ] GC(75) Soft Max Capacity: 256M(100%)
[25.310s][info   ][gc,heap     ] GC(75)                Mark Start          Mark End        Relocate Start      Relocate End           High               Low         
[25.310s][info   ][gc,heap     ] GC(75)  Capacity:      256M (100%)        256M (100%)        256M (100%)        256M (100%)        256M (100%)        256M (100%)   
[25.310s][info   ][gc,heap     ] GC(75)      Free:      102M (40%)          54M (21%)         128M (50%)         130M (51%)         130M (51%)          54M (21%)    
[25.310s][info   ][gc,heap     ] GC(75)      Used:      154M (60%)         202M (79%)         128M (50%)         126M (49%)         202M (79%)         126M (49%)    
[25.311s][info   ][gc,heap     ] GC(75)      Live:         -                76M (30%)          76M (30%)          76M (30%)            -                  -          
[25.311s][info   ][gc,heap     ] GC(75) Allocated:         -                48M (19%)          48M (19%)          48M (19%)            -                  -          
[25.311s][info   ][gc,heap     ] GC(75)   Garbage:         -                77M (30%)           3M (1%)            1M (0%)             -                  -          
[25.311s][info   ][gc,heap     ] GC(75) Reclaimed:         -                  -                74M (29%)          76M (30%)            -                  -          
[25.311s][info   ][gc          ] GC(75) Garbage Collection (Allocation Rate) 154M(60%)->126M(49%)
[25.384s][info   ][gc,start    ] GC(76) Garbage Collection (Allocation Rate)
[25.384s][info   ][gc,task     ] GC(76) Using 2 workers
[25.384s][info   ][gc,phases   ] GC(76) Pause Mark Start 0.010ms
[25.389s][info   ][gc,phases   ] GC(76) Concurrent Mark 4.664ms
[25.389s][info   ][gc,phases   ] GC(76) Pause Mark End 0.014ms
[25.389s][info   ][gc,phases   ] GC(76) Concurrent Mark Free 0.001ms
[25.390s][info   ][gc,phases   ] GC(76) Concurrent Process Non-Strong References 1.020ms
[25.390s][info   ][gc,phases   ] GC(76) Concurrent Reset Relocation Set 0.001ms
[25.393s][info   ][gc,phases   ] GC(76) Concurrent Select Relocation Set 2.259ms
[25.393s][info   ][gc,phases   ] GC(76) Pause Relocate Start 0.013ms
[25.393s][info   ][gc,phases   ] GC(76) Concurrent Relocate 0.066ms
[25.393s][info   ][gc,load     ] GC(76) Load: 0.00/0.00/0.00
[25.393s][info   ][gc,mmu      ] GC(76) MMU: 2ms/94.0%, 5ms/97.6%, 10ms/98.8%, 20ms/99.2%, 50ms/99.7%, 100ms/99.8%
[25.393s][info   ][gc,marking  ] GC(76) Mark: 2 stripe(s), 1 proactive flush(es), 1 terminate flush(es), 0 completion(s), 0 continuation(s) 
[25.393s][info   ][gc,marking  ] GC(76) Mark Stack Usage: 32M
[25.393s][info   ][gc,nmethod  ] GC(76) NMethods: 393 registered, 0 unregistered
[25.393s][info   ][gc,metaspace] GC(76) Metaspace: 0M used, 0M committed, 1032M reserved
[25.393s][info   ][gc,ref      ] GC(76) Soft: 97 encountered, 0 discovered, 0 enqueued
[25.393s][info   ][gc,ref      ] GC(76) Weak: 187 encountered, 4 discovered, 0 enqueued
[25.393s][info   ][gc,ref      ] GC(76) Final: 0 encountered, 0 discovered, 0 enqueued
[25.393s][info   ][gc,ref      ] GC(76) Phantom: 1 encountered, 0 discovered, 0 enqueued
[25.393s][info   ][gc,reloc    ] GC(76) Small Pages: 60 / 120M, Empty: 118M, Relocated: 0M, In-Place: 0
[25.393s][info   ][gc,reloc    ] GC(76) Medium Pages: 0 / 0M, Empty: 0M, Relocated: 0M, In-Place: 0
[25.393s][info   ][gc,reloc    ] GC(76) Large Pages: 1 / 6M, Empty: 0M, Relocated: 0M, In-Place: 0
[25.393s][info   ][gc,reloc    ] GC(76) Forwarding Usage: 0M
[25.393s][info   ][gc,heap     ] GC(76) Min Capacity: 8M(3%)
[25.393s][info   ][gc,heap     ] GC(76) Max Capacity: 256M(100%)
[25.393s][info   ][gc,heap     ] GC(76) Soft Max Capacity: 256M(100%)
[25.393s][info   ][gc,heap     ] GC(76)                Mark Start          Mark End        Relocate Start      Relocate End           High               Low         
[25.393s][info   ][gc,heap     ] GC(76)  Capacity:      256M (100%)        256M (100%)        256M (100%)        256M (100%)        256M (100%)        256M (100%)   
[25.393s][info   ][gc,heap     ] GC(76)      Free:      130M (51%)         130M (51%)         248M (97%)         248M (97%)         248M (97%)         130M (51%)    
[25.394s][info   ][gc,heap     ] GC(76)      Used:      126M (49%)         126M (49%)           8M (3%)            8M (3%)          126M (49%)           8M (3%)     
[25.394s][info   ][gc,heap     ] GC(76)      Live:         -                 7M (3%)            7M (3%)            7M (3%)             -                  -          
[25.394s][info   ][gc,heap     ] GC(76) Allocated:         -                 0M (0%)            0M (0%)            0M (0%)             -                  -          
[25.394s][info   ][gc,heap     ] GC(76)   Garbage:         -               118M (46%)           0M (0%)            0M (0%)             -                  -          
[25.394s][info   ][gc,heap     ] GC(76) Reclaimed:         -                  -               118M (46%)         118M (46%)            -                  -          
[25.394s][info   ][gc          ] GC(76) Garbage Collection (Allocation Rate) 126M(49%)->8M(3%)
[25.589s][info   ][gc,start    ] GC(77) Garbage Collection (Allocation Rate)
[25.589s][info   ][gc,task     ] GC(77) Using 2 workers
[25.589s][info   ][gc,phases   ] GC(77) Pause Mark Start 0.011ms
[25.773s][info   ][gc,phases   ] GC(77) Concurrent Mark 183.605ms
[25.773s][info   ][gc,phases   ] GC(77) Pause Mark End 0.020ms
[25.773s][info   ][gc,phases   ] GC(77) Concurrent Mark Free 0.001ms
[25.774s][info   ][gc,phases   ] GC(77) Concurrent Process Non-Strong References 0.865ms
[25.774s][info   ][gc,phases   ] GC(77) Concurrent Reset Relocation Set 0.000ms
[25.777s][info   ][gc,phases   ] GC(77) Concurrent Select Relocation Set 2.790ms
[25.777s][info   ][gc,phases   ] GC(77) Pause Relocate Start 0.013ms
[25.788s][info   ][gc,phases   ] GC(77) Concurrent Relocate 10.607ms
[25.788s][info   ][gc,load     ] GC(77) Load: 0.00/0.00/0.00
[25.788s][info   ][gc,mmu      ] GC(77) MMU: 2ms/94.0%, 5ms/97.6%, 10ms/98.8%, 20ms/99.2%, 50ms/99.7%, 100ms/99.8%
[25.788s][info   ][gc,marking  ] GC(77) Mark: 2 stripe(s), 2 proactive flush(es), 1 terminate flush(es), 0 completion(s), 0 continuation(s) 
[25.788s][info   ][gc,marking  ] GC(77) Mark Stack Usage: 32M
[25.788s][info   ][gc,nmethod  ] GC(77) NMethods: 393 registered, 0 unregistered
[25.788s][info   ][gc,metaspace] GC(77) Metaspace: 0M used, 0M committed, 1032M reserved
[25.788s][info   ][gc,ref      ] GC(77) Soft: 97 encountered, 0 discovered, 0 enqueued
[25.788s][info   ][gc,ref      ] GC(77) Weak: 187 encountered, 4 discovered, 0 enqueued
[25.788s][info   ][gc,ref      ] GC(77) Final: 0 encountered, 0 discovered, 0 enqueued
[25.788s][info   ][gc,ref      ] GC(77) Phantom: 1 encountered, 0 discovered, 0 enqueued
[25.788s][info   ][gc,reloc    ] GC(77) Small Pages: 49 / 98M, Empty: 2M, Relocated: 5M, In-Place: 0
[25.788s][info   ][gc,reloc    ] GC(77) Medium Pages: 0 / 0M, Empty: 0M, Relocated: 0M, In-Place: 0
[25.788s][info   ][gc,reloc    ] GC(77) Large Pages: 1 / 6M, Empty: 0M, Relocated: 0M, In-Place: 0
[25.788s][info   ][gc,reloc    ] GC(77) Forwarding Usage: 2M
[25.788s][info   ][gc,heap     ] GC(77) Min Capacity: 8M(3%)
[25.788s][info   ][gc,heap     ] GC(77) Max Capacity: 256M(100%)
[25.788s][info   ][gc,heap     ] GC(77) Soft Max Capacity: 256M(100%)
[25.788s][info   ][gc,heap     ] GC(77)                Mark Start          Mark End        Relocate Start      Relocate End           High               Low         
[25.788s][info   ][gc,heap     ] GC(77)  Capacity:      256M (100%)        256M (100%)        256M (100%)        256M (100%)        256M (100%)        256M (100%)   
[25.788s][info   ][gc,heap     ] GC(77)      Free:      152M (59%)         104M (41%)         106M (41%)         116M (45%)         152M (59%)         102M (40%)    
[25.789s][info   ][gc,heap     ] GC(77)      Used:      104M (41%)         152M (59%)         150M (59%)         140M (55%)         154M (60%)         104M (41%)    
[25.789s][info   ][gc,heap     ] GC(77)      Live:         -                88M (35%)          88M (35%)          88M (35%)            -                  -          
[25.789s][info   ][gc,heap     ] GC(77) Allocated:         -                48M (19%)          48M (19%)          48M (19%)            -                  -          
[25.789s][info   ][gc,heap     ] GC(77)   Garbage:         -                15M (6%)           13M (5%)            3M (1%)             -                  -          
[25.789s][info   ][gc,heap     ] GC(77) Reclaimed:         -                  -                 2M (1%)           12M (5%)             -                  -          
[25.789s][info   ][gc          ] GC(77) Garbage Collection (Allocation Rate) 104M(41%)->140M(55%)
[25.797s][info   ][gc,start    ] GC(78) Garbage Collection (Allocation Rate)
[25.797s][info   ][gc,task     ] GC(78) Using 2 workers
[25.797s][info   ][gc,phases   ] GC(78) Pause Mark Start 0.025ms
[25.804s][info   ][gc,phases   ] GC(78) Concurrent Mark 6.477ms
[25.804s][info   ][gc,phases   ] GC(78) Pause Mark End 0.017ms
[25.804s][info   ][gc,phases   ] GC(78) Concurrent Mark Free 0.001ms
[25.805s][info   ][gc,phases   ] GC(78) Concurrent Process Non-Strong References 1.098ms
[25.805s][info   ][gc,phases   ] GC(78) Concurrent Reset Relocation Set 0.002ms
[25.808s][info   ][gc,phases   ] GC(78) Concurrent Select Relocation Set 2.800ms
[25.808s][info   ][gc,phases   ] GC(78) Pause Relocate Start 0.010ms
[25.808s][info   ][gc,phases   ] GC(78) Concurrent Relocate 0.040ms
[25.809s][info   ][gc,load     ] GC(78) Load: 0.00/0.00/0.00
[25.809s][info   ][gc,mmu      ] GC(78) MMU: 2ms/94.0%, 5ms/97.6%, 10ms/98.8%, 20ms/99.2%, 50ms/99.7%, 100ms/99.8%
[25.809s][info   ][gc,marking  ] GC(78) Mark: 2 stripe(s), 1 proactive flush(es), 1 terminate flush(es), 0 completion(s), 0 continuation(s) 
[25.809s][info   ][gc,marking  ] GC(78) Mark Stack Usage: 32M
[25.809s][info   ][gc,nmethod  ] GC(78) NMethods: 393 registered, 0 unregistered
[25.809s][info   ][gc,metaspace] GC(78) Metaspace: 0M used, 0M committed, 1032M reserved
[25.809s][info   ][gc,ref      ] GC(78) Soft: 97 encountered, 0 discovered, 0 enqueued
[25.809s][info   ][gc,ref      ] GC(78) Weak: 187 encountered, 4 discovered, 0 enqueued
[25.809s][info   ][gc,ref      ] GC(78) Final: 0 encountered, 0 discovered, 0 enqueued
[25.809s][info   ][gc,ref      ] GC(78) Phantom: 1 encountered, 0 discovered, 0 enqueued
[25.809s][info   ][gc,reloc    ] GC(78) Small Pages: 67 / 134M, Empty: 132M, Relocated: 0M, In-Place: 0
[25.809s][info   ][gc,reloc    ] GC(78) Medium Pages: 0 / 0M, Empty: 0M, Relocated: 0M, In-Place: 0
[25.809s][info   ][gc,reloc    ] GC(78) Large Pages: 1 / 6M, Empty: 0M, Relocated: 0M, In-Place: 0
[25.809s][info   ][gc,reloc    ] GC(78) Forwarding Usage: 0M
[25.809s][info   ][gc,heap     ] GC(78) Min Capacity: 8M(3%)
[25.809s][info   ][gc,heap     ] GC(78) Max Capacity: 256M(100%)
[25.809s][info   ][gc,heap     ] GC(78) Soft Max Capacity: 256M(100%)
[25.809s][info   ][gc,heap     ] GC(78)                Mark Start          Mark End        Relocate Start      Relocate End           High               Low         
[25.809s][info   ][gc,heap     ] GC(78)  Capacity:      256M (100%)        256M (100%)        256M (100%)        256M (100%)        256M (100%)        256M (100%)   
[25.809s][info   ][gc,heap     ] GC(78)      Free:      116M (45%)         116M (45%)         248M (97%)         248M (97%)         248M (97%)         116M (45%)    
[25.809s][info   ][gc,heap     ] GC(78)      Used:      140M (55%)         140M (55%)           8M (3%)            8M (3%)          140M (55%)           8M (3%)     
[25.809s][info   ][gc,heap     ] GC(78)      Live:         -                 7M (3%)            7M (3%)            7M (3%)             -                  -          
[25.809s][info   ][gc,heap     ] GC(78) Allocated:         -                 0M (0%)            0M (0%)            0M (0%)             -                  -          
[25.810s][info   ][gc,heap     ] GC(78)   Garbage:         -               132M (52%)           0M (0%)            0M (0%)             -                  -          
[25.810s][info   ][gc,heap     ] GC(78) Reclaimed:         -                  -               132M (52%)         132M (52%)            -                  -          
[25.810s][info   ][gc          ] GC(78) Garbage Collection (Allocation Rate) 140M(55%)->8M(3%)
[25.884s][info   ][gc,start    ] GC(79) Garbage Collection (Allocation Rate)
[25.884s][info   ][gc,task     ] GC(79) Using 2 workers
[25.884s][info   ][gc,phases   ] GC(79) Pause Mark Start 0.017ms
[25.909s][info   ][gc,phases   ] GC(79) Concurrent Mark 24.303ms
[25.909s][info   ][gc,phases   ] GC(79) Pause Mark End 0.020ms
[25.909s][info   ][gc,phases   ] GC(79) Concurrent Mark Free 0.002ms
[25.911s][info   ][gc,phases   ] GC(79) Concurrent Process Non-Strong References 1.102ms
[25.911s][info   ][gc,phases   ] GC(79) Concurrent Reset Relocation Set 0.001ms
[25.914s][info   ][gc,phases   ] GC(79) Concurrent Select Relocation Set 3.045ms
[25.914s][info   ][gc,phases   ] GC(79) Pause Relocate Start 0.015ms
[25.914s][info   ][gc,phases   ] GC(79) Concurrent Relocate 0.064ms
[25.914s][info   ][gc,load     ] GC(79) Load: 0.00/0.00/0.00
[25.914s][info   ][gc,mmu      ] GC(79) MMU: 2ms/94.0%, 5ms/97.6%, 10ms/98.8%, 20ms/99.2%, 50ms/99.7%, 100ms/99.8%
[25.914s][info   ][gc,marking  ] GC(79) Mark: 2 stripe(s), 2 proactive flush(es), 1 terminate flush(es), 0 completion(s), 0 continuation(s) 
[25.914s][info   ][gc,marking  ] GC(79) Mark Stack Usage: 32M
[25.915s][info   ][gc,nmethod  ] GC(79) NMethods: 393 registered, 0 unregistered
[25.915s][info   ][gc,metaspace] GC(79) Metaspace: 0M used, 0M committed, 1032M reserved
[25.915s][info   ][gc,ref      ] GC(79) Soft: 97 encountered, 0 discovered, 0 enqueued
[25.915s][info   ][gc,ref      ] GC(79) Weak: 187 encountered, 20 discovered, 0 enqueued
[25.915s][info   ][gc,ref      ] GC(79) Final: 0 encountered, 0 discovered, 0 enqueued
[25.915s][info   ][gc,ref      ] GC(79) Phantom: 1 encountered, 0 discovered, 0 enqueued
[25.915s][info   ][gc,reloc    ] GC(79) Small Pages: 4 / 8M, Empty: 0M, Relocated: 0M, In-Place: 0
[25.915s][info   ][gc,reloc    ] GC(79) Medium Pages: 0 / 0M, Empty: 0M, Relocated: 0M, In-Place: 0
[25.915s][info   ][gc,reloc    ] GC(79) Large Pages: 1 / 6M, Empty: 0M, Relocated: 0M, In-Place: 0
[25.915s][info   ][gc,reloc    ] GC(79) Forwarding Usage: 0M
[25.915s][info   ][gc,heap     ] GC(79) Min Capacity: 8M(3%)
[25.915s][info   ][gc,heap     ] GC(79) Max Capacity: 256M(100%)
[25.915s][info   ][gc,heap     ] GC(79) Soft Max Capacity: 256M(100%)
[25.915s][info   ][gc,heap     ] GC(79)                Mark Start          Mark End        Relocate Start      Relocate End           High               Low         
[25.915s][info   ][gc,heap     ] GC(79)  Capacity:      256M (100%)        256M (100%)        256M (100%)        256M (100%)        256M (100%)        256M (100%)   
[25.915s][info   ][gc,heap     ] GC(79)      Free:      242M (95%)         210M (82%)         204M (80%)         204M (80%)         242M (95%)         204M (80%)    
[25.915s][info   ][gc,heap     ] GC(79)      Used:       14M (5%)           46M (18%)          52M (20%)          52M (20%)          52M (20%)          14M (5%)     
[25.915s][info   ][gc,heap     ] GC(79)      Live:         -                12M (5%)           12M (5%)           12M (5%)             -                  -          
[25.915s][info   ][gc,heap     ] GC(79) Allocated:         -                32M (12%)          38M (15%)          38M (15%)            -                  -          
[25.915s][info   ][gc,heap     ] GC(79)   Garbage:         -                 1M (1%)            1M (1%)            1M (1%)             -                  -          
[25.915s][info   ][gc,heap     ] GC(79) Reclaimed:         -                  -                 0M (0%)            0M (0%)             -                  -          
[25.915s][info   ][gc          ] GC(79) Garbage Collection (Allocation Rate) 14M(5%)->52M(20%)
[25.988s][info   ][gc,start    ] GC(80) Garbage Collection (Allocation Rate)
[25.988s][info   ][gc,task     ] GC(80) Using 2 workers
[25.988s][info   ][gc,phases   ] GC(80) Pause Mark Start 0.010ms
[26.050s][info   ][gc,phases   ] GC(80) Concurrent Mark 61.633ms
[26.050s][info   ][gc,phases   ] GC(80) Pause Mark End 0.016ms
[26.050s][info   ][gc,phases   ] GC(80) Concurrent Mark Free 0.001ms
[26.051s][info   ][gc,phases   ] GC(80) Concurrent Process Non-Strong References 0.738ms
[26.051s][info   ][gc,phases   ] GC(80) Concurrent Reset Relocation Set 0.001ms
[26.053s][info   ][gc,phases   ] GC(80) Concurrent Select Relocation Set 2.111ms
[26.053s][info   ][gc,phases   ] GC(80) Pause Relocate Start 0.013ms
[26.053s][info   ][gc,phases   ] GC(80) Concurrent Relocate 0.042ms
[26.053s][info   ][gc,load     ] GC(80) Load: 0.00/0.00/0.00
[26.053s][info   ][gc,mmu      ] GC(80) MMU: 2ms/94.0%, 5ms/97.6%, 10ms/98.8%, 20ms/99.2%, 50ms/99.7%, 100ms/99.8%
[26.054s][info   ][gc,marking  ] GC(80) Mark: 2 stripe(s), 3 proactive flush(es), 1 terminate flush(es), 0 completion(s), 0 continuation(s) 
[26.054s][info   ][gc,marking  ] GC(80) Mark Stack Usage: 32M
[26.054s][info   ][gc,nmethod  ] GC(80) NMethods: 393 registered, 0 unregistered
[26.054s][info   ][gc,metaspace] GC(80) Metaspace: 0M used, 0M committed, 1032M reserved
[26.054s][info   ][gc,ref      ] GC(80) Soft: 97 encountered, 0 discovered, 0 enqueued
[26.054s][info   ][gc,ref      ] GC(80) Weak: 187 encountered, 0 discovered, 0 enqueued
[26.054s][info   ][gc,ref      ] GC(80) Final: 0 encountered, 0 discovered, 0 enqueued
[26.054s][info   ][gc,ref      ] GC(80) Phantom: 1 encountered, 0 discovered, 0 enqueued
[26.054s][info   ][gc,reloc    ] GC(80) Small Pages: 49 / 98M, Empty: 0M, Relocated: 0M, In-Place: 0
[26.054s][info   ][gc,reloc    ] GC(80) Medium Pages: 0 / 0M, Empty: 0M, Relocated: 0M, In-Place: 0
[26.054s][info   ][gc,reloc    ] GC(80) Large Pages: 1 / 6M, Empty: 0M, Relocated: 0M, In-Place: 0
[26.054s][info   ][gc,reloc    ] GC(80) Forwarding Usage: 0M
[26.054s][info   ][gc,heap     ] GC(80) Min Capacity: 8M(3%)
[26.054s][info   ][gc,heap     ] GC(80) Max Capacity: 256M(100%)
[26.054s][info   ][gc,heap     ] GC(80) Soft Max Capacity: 256M(100%)
[26.054s][info   ][gc,heap     ] GC(80)                Mark Start          Mark End        Relocate Start      Relocate End           High               Low         
[26.054s][info   ][gc,heap     ] GC(80)  Capacity:      256M (100%)        256M (100%)        256M (100%)        256M (100%)        256M (100%)        256M (100%)   
[26.054s][info   ][gc,heap     ] GC(80)      Free:      152M (59%)         152M (59%)         152M (59%)         152M (59%)         152M (59%)         152M (59%)    
[26.054s][info   ][gc,heap     ] GC(80)      Used:      104M (41%)         104M (41%)         104M (41%)         104M (41%)         104M (41%)         104M (41%)    
[26.054s][info   ][gc,heap     ] GC(80)      Live:         -               101M (40%)         101M (40%)         101M (40%)            -                  -          
[26.054s][info   ][gc,heap     ] GC(80) Allocated:         -                 0M (0%)            0M (0%)            0M (0%)             -                  -          
[26.054s][info   ][gc,heap     ] GC(80)   Garbage:         -                 2M (1%)            2M (1%)            2M (1%)             -                  -          
[26.054s][info   ][gc,heap     ] GC(80) Reclaimed:         -                  -                 0M (0%)            0M (0%)             -                  -          
[26.054s][info   ][gc          ] GC(80) Garbage Collection (Allocation Rate) 104M(41%)->104M(41%)
[26.084s][info   ][gc,start    ] GC(81) Garbage Collection (Allocation Rate)
[26.084s][info   ][gc,task     ] GC(81) Using 2 workers
[26.084s][info   ][gc,phases   ] GC(81) Pause Mark Start 0.020ms
[26.088s][info   ][gc,phases   ] GC(81) Concurrent Mark 3.589ms
[26.088s][info   ][gc,phases   ] GC(81) Pause Mark End 0.015ms
[26.088s][info   ][gc,phases   ] GC(81) Concurrent Mark Free 0.001ms
[26.089s][info   ][gc,phases   ] GC(81) Concurrent Process Non-Strong References 0.702ms
[26.089s][info   ][gc,phases   ] GC(81) Concurrent Reset Relocation Set 0.001ms
[26.091s][info   ][gc,phases   ] GC(81) Concurrent Select Relocation Set 2.065ms
[26.091s][info   ][gc,phases   ] GC(81) Pause Relocate Start 0.011ms
[26.091s][info   ][gc,phases   ] GC(81) Concurrent Relocate 0.064ms
[26.091s][info   ][gc,load     ] GC(81) Load: 0.00/0.00/0.00
[26.091s][info   ][gc,mmu      ] GC(81) MMU: 2ms/94.0%, 5ms/97.6%, 10ms/98.8%, 20ms/99.2%, 50ms/99.7%, 100ms/99.8%
[26.091s][info   ][gc,marking  ] GC(81) Mark: 2 stripe(s), 1 proactive flush(es), 1 terminate flush(es), 0 completion(s), 0 continuation(s) 
[26.092s][info   ][gc,marking  ] GC(81) Mark Stack Usage: 32M
[26.092s][info   ][gc,nmethod  ] GC(81) NMethods: 393 registered, 0 unregistered
[26.092s][info   ][gc,metaspace] GC(81) Metaspace: 0M used, 0M committed, 1032M reserved
[26.092s][info   ][gc,ref      ] GC(81) Soft: 97 encountered, 0 discovered, 0 enqueued
[26.092s][info   ][gc,ref      ] GC(81) Weak: 187 encountered, 4 discovered, 0 enqueued
[26.092s][info   ][gc,ref      ] GC(81) Final: 0 encountered, 0 discovered, 0 enqueued
[26.092s][info   ][gc,ref      ] GC(81) Phantom: 1 encountered, 0 discovered, 0 enqueued
[26.092s][info   ][gc,reloc    ] GC(81) Small Pages: 50 / 100M, Empty: 98M, Relocated: 0M, In-Place: 0
[26.092s][info   ][gc,reloc    ] GC(81) Medium Pages: 0 / 0M, Empty: 0M, Relocated: 0M, In-Place: 0
[26.092s][info   ][gc,reloc    ] GC(81) Large Pages: 1 / 6M, Empty: 0M, Relocated: 0M, In-Place: 0
[26.092s][info   ][gc,reloc    ] GC(81) Forwarding Usage: 0M
[26.092s][info   ][gc,heap     ] GC(81) Min Capacity: 8M(3%)
[26.092s][info   ][gc,heap     ] GC(81) Max Capacity: 256M(100%)
[26.092s][info   ][gc,heap     ] GC(81) Soft Max Capacity: 256M(100%)
[26.092s][info   ][gc,heap     ] GC(81)                Mark Start          Mark End        Relocate Start      Relocate End           High               Low         
[26.092s][info   ][gc,heap     ] GC(81)  Capacity:      256M (100%)        256M (100%)        256M (100%)        256M (100%)        256M (100%)        256M (100%)   
[26.092s][info   ][gc,heap     ] GC(81)      Free:      150M (59%)         150M (59%)         248M (97%)         248M (97%)         248M (97%)         150M (59%)    
[26.092s][info   ][gc,heap     ] GC(81)      Used:      106M (41%)         106M (41%)           8M (3%)            8M (3%)          106M (41%)           8M (3%)     
[26.092s][info   ][gc,heap     ] GC(81)      Live:         -                 7M (3%)            7M (3%)            7M (3%)             -                  -          
[26.092s][info   ][gc,heap     ] GC(81) Allocated:         -                 0M (0%)            0M (0%)            0M (0%)             -                  -          
[26.092s][info   ][gc,heap     ] GC(81)   Garbage:         -                98M (39%)           0M (0%)            0M (0%)             -                  -          
[26.092s][info   ][gc,heap     ] GC(81) Reclaimed:         -                  -                98M (38%)          98M (38%)            -                  -          
[26.092s][info   ][gc          ] GC(81) Garbage Collection (Allocation Rate) 106M(41%)->8M(3%)
[26.384s][info   ][gc,start    ] GC(82) Garbage Collection (Allocation Rate)
[26.384s][info   ][gc,task     ] GC(82) Using 2 workers
[26.384s][info   ][gc,phases   ] GC(82) Pause Mark Start 0.009ms
[26.407s][info   ][gc,phases   ] GC(82) Concurrent Mark 22.794ms
[26.407s][info   ][gc,phases   ] GC(82) Pause Mark End 0.013ms
[26.407s][info   ][gc,phases   ] GC(82) Concurrent Mark Free 0.001ms
[26.408s][info   ][gc,phases   ] GC(82) Concurrent Process Non-Strong References 0.749ms
[26.408s][info   ][gc,phases   ] GC(82) Concurrent Reset Relocation Set 0.000ms
[26.410s][info   ][gc,phases   ] GC(82) Concurrent Select Relocation Set 2.256ms
[26.411s][info   ][gc,phases   ] GC(82) Pause Relocate Start 0.015ms
[26.414s][info   ][gc,phases   ] GC(82) Concurrent Relocate 3.143ms
[26.414s][info   ][gc,load     ] GC(82) Load: 0.00/0.00/0.00
[26.414s][info   ][gc,mmu      ] GC(82) MMU: 2ms/94.0%, 5ms/97.6%, 10ms/98.8%, 20ms/99.2%, 50ms/99.7%, 100ms/99.8%
[26.414s][info   ][gc,marking  ] GC(82) Mark: 2 stripe(s), 3 proactive flush(es), 1 terminate flush(es), 0 completion(s), 0 continuation(s) 
[26.414s][info   ][gc,marking  ] GC(82) Mark Stack Usage: 32M
[26.414s][info   ][gc,nmethod  ] GC(82) NMethods: 393 registered, 0 unregistered
[26.414s][info   ][gc,metaspace] GC(82) Metaspace: 0M used, 0M committed, 1032M reserved
[26.414s][info   ][gc,ref      ] GC(82) Soft: 97 encountered, 0 discovered, 0 enqueued
[26.414s][info   ][gc,ref      ] GC(82) Weak: 187 encountered, 0 discovered, 0 enqueued
[26.414s][info   ][gc,ref      ] GC(82) Final: 0 encountered, 0 discovered, 0 enqueued
[26.414s][info   ][gc,ref      ] GC(82) Phantom: 1 encountered, 0 discovered, 0 enqueued
[26.414s][info   ][gc,reloc    ] GC(82) Small Pages: 73 / 146M, Empty: 74M, Relocated: 5M, In-Place: 0
[26.414s][info   ][gc,reloc    ] GC(82) Medium Pages: 0 / 0M, Empty: 0M, Relocated: 0M, In-Place: 0
[26.414s][info   ][gc,reloc    ] GC(82) Large Pages: 1 / 6M, Empty: 0M, Relocated: 0M, In-Place: 0
[26.414s][info   ][gc,reloc    ] GC(82) Forwarding Usage: 1M
[26.414s][info   ][gc,heap     ] GC(82) Min Capacity: 8M(3%)
[26.414s][info   ][gc,heap     ] GC(82) Max Capacity: 256M(100%)
[26.414s][info   ][gc,heap     ] GC(82) Soft Max Capacity: 256M(100%)
[26.414s][info   ][gc,heap     ] GC(82)                Mark Start          Mark End        Relocate Start      Relocate End           High               Low         
[26.414s][info   ][gc,heap     ] GC(82)  Capacity:      256M (100%)        256M (100%)        256M (100%)        256M (100%)        256M (100%)        256M (100%)   
[26.414s][info   ][gc,heap     ] GC(82)      Free:      104M (41%)         102M (40%)         176M (69%)         208M (81%)         208M (81%)         102M (40%)    
[26.414s][info   ][gc,heap     ] GC(82)      Used:      152M (59%)         154M (60%)          80M (31%)          48M (19%)         154M (60%)          48M (19%)    
[26.414s][info   ][gc,heap     ] GC(82)      Live:         -                41M (16%)          41M (16%)          41M (16%)            -                  -          
[26.414s][info   ][gc,heap     ] GC(82) Allocated:         -                 2M (1%)            2M (1%)            2M (1%)             -                  -          
[26.414s][info   ][gc,heap     ] GC(82)   Garbage:         -               110M (43%)          36M (14%)           4M (2%)             -                  -          
[26.414s][info   ][gc,heap     ] GC(82) Reclaimed:         -                  -                74M (29%)         106M (41%)            -                  -          
[26.414s][info   ][gc          ] GC(82) Garbage Collection (Allocation Rate) 152M(59%)->48M(19%)
[26.591s][info   ][gc,start    ] GC(83) Garbage Collection (Allocation Rate)
[26.591s][info   ][gc,task     ] GC(83) Using 2 workers
[26.591s][info   ][gc,phases   ] GC(83) Pause Mark Start 0.014ms
[26.716s][info   ][gc,phases   ] GC(83) Concurrent Mark 124.491ms
[26.716s][info   ][gc,phases   ] GC(83) Pause Mark End 0.020ms
[26.716s][info   ][gc,phases   ] GC(83) Concurrent Mark Free 0.001ms
[26.718s][info   ][gc,phases   ] GC(83) Concurrent Process Non-Strong References 1.352ms
[26.718s][info   ][gc,phases   ] GC(83) Concurrent Reset Relocation Set 0.005ms
[26.721s][info   ][gc,phases   ] GC(83) Concurrent Select Relocation Set 3.398ms
[26.721s][info   ][gc,phases   ] GC(83) Pause Relocate Start 0.016ms
[26.723s][info   ][gc,phases   ] GC(83) Concurrent Relocate 1.094ms
[26.723s][info   ][gc,load     ] GC(83) Load: 0.00/0.00/0.00
[26.723s][info   ][gc,mmu      ] GC(83) MMU: 2ms/94.0%, 5ms/97.6%, 10ms/98.8%, 20ms/99.2%, 50ms/99.7%, 100ms/99.8%
[26.723s][info   ][gc,marking  ] GC(83) Mark: 2 stripe(s), 1 proactive flush(es), 1 terminate flush(es), 0 completion(s), 0 continuation(s) 
[26.723s][info   ][gc,marking  ] GC(83) Mark Stack Usage: 32M
[26.723s][info   ][gc,nmethod  ] GC(83) NMethods: 393 registered, 0 unregistered
[26.723s][info   ][gc,metaspace] GC(83) Metaspace: 0M used, 0M committed, 1032M reserved
[26.723s][info   ][gc,ref      ] GC(83) Soft: 97 encountered, 0 discovered, 0 enqueued
[26.723s][info   ][gc,ref      ] GC(83) Weak: 187 encountered, 0 discovered, 0 enqueued
[26.723s][info   ][gc,ref      ] GC(83) Final: 0 encountered, 0 discovered, 0 enqueued
[26.723s][info   ][gc,ref      ] GC(83) Phantom: 1 encountered, 0 discovered, 0 enqueued
[26.723s][info   ][gc,reloc    ] GC(83) Small Pages: 68 / 136M, Empty: 36M, Relocated: 1M, In-Place: 0
[26.723s][info   ][gc,reloc    ] GC(83) Medium Pages: 0 / 0M, Empty: 0M, Relocated: 0M, In-Place: 0
[26.723s][info   ][gc,reloc    ] GC(83) Large Pages: 1 / 6M, Empty: 0M, Relocated: 0M, In-Place: 0
[26.723s][info   ][gc,reloc    ] GC(83) Forwarding Usage: 0M
[26.723s][info   ][gc,heap     ] GC(83) Min Capacity: 8M(3%)
[26.723s][info   ][gc,heap     ] GC(83) Max Capacity: 256M(100%)
[26.723s][info   ][gc,heap     ] GC(83) Soft Max Capacity: 256M(100%)
[26.723s][info   ][gc,heap     ] GC(83)                Mark Start          Mark End        Relocate Start      Relocate End           High               Low         
[26.723s][info   ][gc,heap     ] GC(83)  Capacity:      256M (100%)        256M (100%)        256M (100%)        256M (100%)        256M (100%)        256M (100%)   
[26.723s][info   ][gc,heap     ] GC(83)      Free:      114M (45%)          66M (26%)         102M (40%)         102M (40%)         114M (45%)          66M (26%)    
[26.723s][info   ][gc,heap     ] GC(83)      Used:      142M (55%)         190M (74%)         154M (60%)         154M (60%)         190M (74%)         142M (55%)    
[26.724s][info   ][gc,heap     ] GC(83)      Live:         -               101M (40%)         101M (40%)         101M (40%)            -                  -          
[26.724s][info   ][gc,heap     ] GC(83) Allocated:         -                48M (19%)          48M (19%)          48M (19%)            -                  -          
[26.724s][info   ][gc,heap     ] GC(83)   Garbage:         -                40M (16%)           4M (2%)            4M (2%)             -                  -          
[26.724s][info   ][gc,heap     ] GC(83) Reclaimed:         -                  -                36M (14%)          36M (14%)            -                  -          
[26.724s][info   ][gc          ] GC(83) Garbage Collection (Allocation Rate) 142M(55%)->154M(60%)
[26.794s][info   ][gc,start    ] GC(84) Garbage Collection (Allocation Rate)
[26.794s][info   ][gc,task     ] GC(84) Using 2 workers
[26.794s][info   ][gc,phases   ] GC(84) Pause Mark Start 0.014ms
[26.826s][info   ][gc,phases   ] GC(84) Concurrent Mark 31.577ms
[26.826s][info   ][gc,phases   ] GC(84) Pause Mark End 0.017ms
[26.826s][info   ][gc,phases   ] GC(84) Concurrent Mark Free 0.001ms
[26.827s][info   ][gc,phases   ] GC(84) Concurrent Process Non-Strong References 0.810ms
[26.827s][info   ][gc,phases   ] GC(84) Concurrent Reset Relocation Set 0.001ms
[26.830s][info   ][gc,phases   ] GC(84) Concurrent Select Relocation Set 3.066ms
[26.830s][info   ][gc,phases   ] GC(84) Pause Relocate Start 0.012ms
[26.834s][info   ][gc,phases   ] GC(84) Concurrent Relocate 3.142ms
[26.834s][info   ][gc,load     ] GC(84) Load: 0.00/0.00/0.00
[26.834s][info   ][gc,mmu      ] GC(84) MMU: 2ms/94.0%, 5ms/97.6%, 10ms/98.8%, 20ms/99.2%, 50ms/99.7%, 100ms/99.8%
[26.834s][info   ][gc,marking  ] GC(84) Mark: 2 stripe(s), 2 proactive flush(es), 1 terminate flush(es), 0 completion(s), 0 continuation(s) 
[26.834s][info   ][gc,marking  ] GC(84) Mark Stack Usage: 32M
[26.834s][info   ][gc,nmethod  ] GC(84) NMethods: 393 registered, 0 unregistered
[26.834s][info   ][gc,metaspace] GC(84) Metaspace: 0M used, 0M committed, 1032M reserved
[26.834s][info   ][gc,ref      ] GC(84) Soft: 97 encountered, 0 discovered, 0 enqueued
[26.834s][info   ][gc,ref      ] GC(84) Weak: 187 encountered, 0 discovered, 0 enqueued
[26.834s][info   ][gc,ref      ] GC(84) Final: 0 encountered, 0 discovered, 0 enqueued
[26.834s][info   ][gc,ref      ] GC(84) Phantom: 1 encountered, 0 discovered, 0 enqueued
[26.834s][info   ][gc,reloc    ] GC(84) Small Pages: 117 / 234M, Empty: 194M, Relocated: 3M, In-Place: 0
[26.834s][info   ][gc,reloc    ] GC(84) Medium Pages: 0 / 0M, Empty: 0M, Relocated: 0M, In-Place: 0
[26.834s][info   ][gc,reloc    ] GC(84) Large Pages: 1 / 6M, Empty: 0M, Relocated: 0M, In-Place: 0
[26.834s][info   ][gc,reloc    ] GC(84) Forwarding Usage: 1M
[26.834s][info   ][gc,heap     ] GC(84) Min Capacity: 8M(3%)
[26.834s][info   ][gc,heap     ] GC(84) Max Capacity: 256M(100%)
[26.834s][info   ][gc,heap     ] GC(84) Soft Max Capacity: 256M(100%)
[26.834s][info   ][gc,heap     ] GC(84)                Mark Start          Mark End        Relocate Start      Relocate End           High               Low         
[26.834s][info   ][gc,heap     ] GC(84)  Capacity:      256M (100%)        256M (100%)        256M (100%)        256M (100%)        256M (100%)        256M (100%)   
[26.834s][info   ][gc,heap     ] GC(84)      Free:       16M (6%)            0M (0%)          186M (73%)         188M (73%)         188M (73%)           0M (0%)     
[26.835s][info   ][gc,heap     ] GC(84)      Used:      240M (94%)         256M (100%)         70M (27%)          68M (27%)         256M (100%)         68M (27%)    
[26.835s][info   ][gc,heap     ] GC(84)      Live:         -                37M (15%)          37M (15%)          37M (15%)            -                  -          
[26.835s][info   ][gc,heap     ] GC(84) Allocated:         -                16M (6%)           24M (9%)           27M (11%)            -                  -          
[26.835s][info   ][gc,heap     ] GC(84)   Garbage:         -               202M (79%)           8M (3%)            2M (1%)             -                  -          
[26.835s][info   ][gc,heap     ] GC(84) Reclaimed:         -                  -               194M (76%)         199M (78%)            -                  -          
[26.835s][info   ][gc          ] GC(84) Garbage Collection (Allocation Rate) 240M(94%)->68M(27%)
[26.889s][info   ][gc,start    ] GC(85) Garbage Collection (Allocation Rate)
[26.889s][info   ][gc,task     ] GC(85) Using 2 workers
[26.890s][info   ][gc,phases   ] GC(85) Pause Mark Start 0.009ms
[26.969s][info   ][gc,phases   ] GC(85) Concurrent Mark 79.738ms
[26.970s][info   ][gc,phases   ] GC(85) Pause Mark End 0.044ms
[26.970s][info   ][gc,phases   ] GC(85) Concurrent Mark Free 0.002ms
[26.973s][info   ][gc,phases   ] GC(85) Concurrent Process Non-Strong References 2.876ms
[26.973s][info   ][gc,phases   ] GC(85) Concurrent Reset Relocation Set 0.003ms
[26.978s][info   ][gc,phases   ] GC(85) Concurrent Select Relocation Set 4.776ms
[26.979s][info   ][gc,phases   ] GC(85) Pause Relocate Start 0.024ms
[26.979s][info   ][gc,phases   ] GC(85) Concurrent Relocate 0.108ms
[26.979s][info   ][gc,load     ] GC(85) Load: 0.00/0.00/0.00
[26.979s][info   ][gc,mmu      ] GC(85) MMU: 2ms/94.0%, 5ms/97.6%, 10ms/98.8%, 20ms/99.2%, 50ms/99.7%, 100ms/99.8%
[26.979s][info   ][gc,marking  ] GC(85) Mark: 2 stripe(s), 2 proactive flush(es), 1 terminate flush(es), 0 completion(s), 0 continuation(s) 
[26.980s][info   ][gc,marking  ] GC(85) Mark Stack Usage: 32M
[26.980s][info   ][gc,nmethod  ] GC(85) NMethods: 393 registered, 0 unregistered
[26.980s][info   ][gc,metaspace] GC(85) Metaspace: 0M used, 0M committed, 1032M reserved
[26.980s][info   ][gc,ref      ] GC(85) Soft: 97 encountered, 0 discovered, 0 enqueued
[26.980s][info   ][gc,ref      ] GC(85) Weak: 187 encountered, 2 discovered, 0 enqueued
[26.980s][info   ][gc,ref      ] GC(85) Final: 0 encountered, 0 discovered, 0 enqueued
[26.980s][info   ][gc,ref      ] GC(85) Phantom: 1 encountered, 0 discovered, 0 enqueued
[26.981s][info   ][gc,reloc    ] GC(85) Small Pages: 45 / 90M, Empty: 40M, Relocated: 0M, In-Place: 0
[26.981s][info   ][gc,reloc    ] GC(85) Medium Pages: 0 / 0M, Empty: 0M, Relocated: 0M, In-Place: 0
[26.981s][info   ][gc,reloc    ] GC(85) Large Pages: 1 / 6M, Empty: 0M, Relocated: 0M, In-Place: 0
[26.981s][info   ][gc,reloc    ] GC(85) Forwarding Usage: 0M
[26.981s][info   ][gc,heap     ] GC(85) Min Capacity: 8M(3%)
[26.981s][info   ][gc,heap     ] GC(85) Max Capacity: 256M(100%)
[26.981s][info   ][gc,heap     ] GC(85) Soft Max Capacity: 256M(100%)
[26.981s][info   ][gc,heap     ] GC(85)                Mark Start          Mark End        Relocate Start      Relocate End           High               Low         
[26.982s][info   ][gc,heap     ] GC(85)  Capacity:      256M (100%)        256M (100%)        256M (100%)        256M (100%)        256M (100%)        256M (100%)   
[26.982s][info   ][gc,heap     ] GC(85)      Free:      160M (62%)         112M (44%)         152M (59%)         152M (59%)         160M (62%)         112M (44%)    
[26.982s][info   ][gc,heap     ] GC(85)      Used:       96M (38%)         144M (56%)         104M (41%)         104M (41%)         144M (56%)          96M (38%)    
[26.982s][info   ][gc,heap     ] GC(85)      Live:         -                54M (21%)          54M (21%)          54M (21%)            -                  -          
[26.982s][info   ][gc,heap     ] GC(85) Allocated:         -                48M (19%)          48M (19%)          48M (19%)            -                  -          
[26.982s][info   ][gc,heap     ] GC(85)   Garbage:         -                41M (16%)           1M (1%)            1M (1%)             -                  -          
[26.982s][info   ][gc,heap     ] GC(85) Reclaimed:         -                  -                40M (16%)          40M (16%)            -                  -          
[26.982s][info   ][gc          ] GC(85) Garbage Collection (Allocation Rate) 96M(38%)->104M(41%)
[26.983s][info   ][gc,start    ] GC(86) Garbage Collection (Allocation Rate)
[26.983s][info   ][gc,task     ] GC(86) Using 2 workers
[26.984s][info   ][gc,phases   ] GC(86) Pause Mark Start 0.016ms
[27.103s][info   ][gc,phases   ] GC(86) Concurrent Mark 119.313ms
[27.103s][info   ][gc,phases   ] GC(86) Pause Mark End 0.014ms
[27.103s][info   ][gc,phases   ] GC(86) Concurrent Mark Free 0.001ms
[27.104s][info   ][gc,phases   ] GC(86) Concurrent Process Non-Strong References 0.744ms
[27.104s][info   ][gc,phases   ] GC(86) Concurrent Reset Relocation Set 0.001ms
[27.107s][info   ][gc,phases   ] GC(86) Concurrent Select Relocation Set 2.484ms
[27.107s][info   ][gc,phases   ] GC(86) Pause Relocate Start 0.012ms
[27.109s][info   ][gc,phases   ] GC(86) Concurrent Relocate 1.837ms
[27.109s][info   ][gc,load     ] GC(86) Load: 0.00/0.00/0.00
[27.109s][info   ][gc,mmu      ] GC(86) MMU: 2ms/94.0%, 5ms/97.6%, 10ms/98.8%, 20ms/99.2%, 50ms/99.7%, 100ms/99.8%
[27.109s][info   ][gc,marking  ] GC(86) Mark: 2 stripe(s), 2 proactive flush(es), 1 terminate flush(es), 0 completion(s), 0 continuation(s) 
[27.109s][info   ][gc,marking  ] GC(86) Mark Stack Usage: 32M
[27.109s][info   ][gc,nmethod  ] GC(86) NMethods: 393 registered, 0 unregistered
[27.109s][info   ][gc,metaspace] GC(86) Metaspace: 0M used, 0M committed, 1032M reserved
[27.109s][info   ][gc,ref      ] GC(86) Soft: 97 encountered, 0 discovered, 0 enqueued
[27.109s][info   ][gc,ref      ] GC(86) Weak: 187 encountered, 0 discovered, 0 enqueued
[27.109s][info   ][gc,ref      ] GC(86) Final: 0 encountered, 0 discovered, 0 enqueued
[27.109s][info   ][gc,ref      ] GC(86) Phantom: 1 encountered, 0 discovered, 0 enqueued
[27.109s][info   ][gc,reloc    ] GC(86) Small Pages: 50 / 100M, Empty: 0M, Relocated: 1M, In-Place: 0
[27.109s][info   ][gc,reloc    ] GC(86) Medium Pages: 0 / 0M, Empty: 0M, Relocated: 0M, In-Place: 0
[27.109s][info   ][gc,reloc    ] GC(86) Large Pages: 1 / 6M, Empty: 0M, Relocated: 0M, In-Place: 0
[27.109s][info   ][gc,reloc    ] GC(86) Forwarding Usage: 0M
[27.109s][info   ][gc,heap     ] GC(86) Min Capacity: 8M(3%)
[27.109s][info   ][gc,heap     ] GC(86) Max Capacity: 256M(100%)
[27.109s][info   ][gc,heap     ] GC(86) Soft Max Capacity: 256M(100%)
[27.109s][info   ][gc,heap     ] GC(86)                Mark Start          Mark End        Relocate Start      Relocate End           High               Low         
[27.109s][info   ][gc,heap     ] GC(86)  Capacity:      256M (100%)        256M (100%)        256M (100%)        256M (100%)        256M (100%)        256M (100%)   
[27.109s][info   ][gc,heap     ] GC(86)      Free:      150M (59%)         102M (40%)         102M (40%)         102M (40%)         150M (59%)          98M (38%)    
[27.109s][info   ][gc,heap     ] GC(86)      Used:      106M (41%)         154M (60%)         154M (60%)         154M (60%)         158M (62%)         106M (41%)    
[27.110s][info   ][gc,heap     ] GC(86)      Live:         -               102M (40%)         102M (40%)         102M (40%)            -                  -          
[27.110s][info   ][gc,heap     ] GC(86) Allocated:         -                48M (19%)          48M (19%)          48M (19%)            -                  -          
[27.110s][info   ][gc,heap     ] GC(86)   Garbage:         -                 3M (1%)            3M (1%)            3M (1%)             -                  -          
[27.110s][info   ][gc,heap     ] GC(86) Reclaimed:         -                  -                 0M (0%)            0M (0%)             -                  -          
[27.110s][info   ][gc          ] GC(86) Garbage Collection (Allocation Rate) 106M(41%)->154M(60%)
[27.183s][info   ][gc,start    ] GC(87) Garbage Collection (Allocation Rate)
[27.183s][info   ][gc,task     ] GC(87) Using 2 workers
[27.184s][info   ][gc,phases   ] GC(87) Pause Mark Start 0.015ms
[27.337s][info   ][gc,phases   ] GC(87) Concurrent Mark 153.568ms
[27.338s][info   ][gc,phases   ] GC(87) Pause Mark End 0.023ms
[27.338s][info   ][gc,phases   ] GC(87) Concurrent Mark Free 0.002ms
[27.340s][info   ][gc,phases   ] GC(87) Concurrent Process Non-Strong References 1.687ms
[27.340s][info   ][gc,phases   ] GC(87) Concurrent Reset Relocation Set 0.002ms
[27.343s][info   ][gc,phases   ] GC(87) Concurrent Select Relocation Set 3.502ms
[27.344s][info   ][gc,phases   ] GC(87) Pause Relocate Start 0.023ms
[27.348s][info   ][gc,phases   ] GC(87) Concurrent Relocate 3.741ms
[27.348s][info   ][gc,load     ] GC(87) Load: 0.00/0.00/0.00
[27.348s][info   ][gc,mmu      ] GC(87) MMU: 2ms/94.0%, 5ms/97.6%, 10ms/98.8%, 20ms/99.2%, 50ms/99.7%, 100ms/99.8%
[27.348s][info   ][gc,marking  ] GC(87) Mark: 2 stripe(s), 2 proactive flush(es), 1 terminate flush(es), 0 completion(s), 0 continuation(s) 
[27.348s][info   ][gc,marking  ] GC(87) Mark Stack Usage: 32M
[27.348s][info   ][gc,nmethod  ] GC(87) NMethods: 393 registered, 0 unregistered
[27.348s][info   ][gc,metaspace] GC(87) Metaspace: 0M used, 0M committed, 1032M reserved
[27.348s][info   ][gc,ref      ] GC(87) Soft: 97 encountered, 0 discovered, 0 enqueued
[27.348s][info   ][gc,ref      ] GC(87) Weak: 187 encountered, 14 discovered, 0 enqueued
[27.348s][info   ][gc,ref      ] GC(87) Final: 0 encountered, 0 discovered, 0 enqueued
[27.348s][info   ][gc,ref      ] GC(87) Phantom: 1 encountered, 0 discovered, 0 enqueued
[27.348s][info   ][gc,reloc    ] GC(87) Small Pages: 97 / 194M, Empty: 142M, Relocated: 1M, In-Place: 0
[27.348s][info   ][gc,reloc    ] GC(87) Medium Pages: 0 / 0M, Empty: 0M, Relocated: 0M, In-Place: 0
[27.348s][info   ][gc,reloc    ] GC(87) Large Pages: 1 / 6M, Empty: 0M, Relocated: 0M, In-Place: 0
[27.348s][info   ][gc,reloc    ] GC(87) Forwarding Usage: 0M
[27.348s][info   ][gc,heap     ] GC(87) Min Capacity: 8M(3%)
[27.348s][info   ][gc,heap     ] GC(87) Max Capacity: 256M(100%)
[27.348s][info   ][gc,heap     ] GC(87) Soft Max Capacity: 256M(100%)
[27.349s][info   ][gc,heap     ] GC(87)                Mark Start          Mark End        Relocate Start      Relocate End           High               Low         
[27.349s][info   ][gc,heap     ] GC(87)  Capacity:      256M (100%)        256M (100%)        256M (100%)        256M (100%)        256M (100%)        256M (100%)   
[27.349s][info   ][gc,heap     ] GC(87)      Free:       56M (22%)          18M (7%)          154M (60%)         152M (59%)         156M (61%)          16M (6%)     
[27.349s][info   ][gc,heap     ] GC(87)      Used:      200M (78%)         238M (93%)         102M (40%)         104M (41%)         240M (94%)         100M (39%)    
[27.349s][info   ][gc,heap     ] GC(87)      Live:         -                54M (21%)          54M (21%)          54M (21%)            -                  -          
[27.349s][info   ][gc,heap     ] GC(87) Allocated:         -                38M (15%)          44M (17%)          47M (19%)            -                  -          
[27.349s][info   ][gc,heap     ] GC(87)   Garbage:         -               145M (57%)           3M (1%)            1M (1%)             -                  -          
[27.349s][info   ][gc,heap     ] GC(87) Reclaimed:         -                  -               142M (55%)         143M (56%)            -                  -          
[27.349s][info   ][gc          ] GC(87) Garbage Collection (Allocation Rate) 200M(78%)->104M(41%)
[27.384s][info   ][gc,start    ] GC(88) Garbage Collection (Allocation Rate)
[27.384s][info   ][gc,task     ] GC(88) Using 2 workers
[27.385s][info   ][gc,phases   ] GC(88) Pause Mark Start 0.011ms
[27.395s][info   ][gc,phases   ] GC(88) Concurrent Mark 10.502ms
[27.396s][info   ][gc,phases   ] GC(88) Pause Mark End 0.020ms
[27.396s][info   ][gc,phases   ] GC(88) Concurrent Mark Free 0.001ms
[27.397s][info   ][gc,phases   ] GC(88) Concurrent Process Non-Strong References 1.082ms
[27.397s][info   ][gc,phases   ] GC(88) Concurrent Reset Relocation Set 0.001ms
[27.399s][info   ][gc,phases   ] GC(88) Concurrent Select Relocation Set 2.414ms
[27.400s][info   ][gc,phases   ] GC(88) Pause Relocate Start 0.014ms
[27.401s][info   ][gc,phases   ] GC(88) Concurrent Relocate 1.711ms
[27.401s][info   ][gc,load     ] GC(88) Load: 0.00/0.00/0.00
[27.401s][info   ][gc,mmu      ] GC(88) MMU: 2ms/94.0%, 5ms/97.6%, 10ms/98.8%, 20ms/99.2%, 50ms/99.7%, 100ms/99.8%
[27.402s][info   ][gc,marking  ] GC(88) Mark: 2 stripe(s), 2 proactive flush(es), 1 terminate flush(es), 0 completion(s), 0 continuation(s) 
[27.402s][info   ][gc,marking  ] GC(88) Mark Stack Usage: 32M
[27.402s][info   ][gc,nmethod  ] GC(88) NMethods: 393 registered, 0 unregistered
[27.402s][info   ][gc,metaspace] GC(88) Metaspace: 0M used, 0M committed, 1032M reserved
[27.402s][info   ][gc,ref      ] GC(88) Soft: 97 encountered, 0 discovered, 0 enqueued
[27.402s][info   ][gc,ref      ] GC(88) Weak: 187 encountered, 0 discovered, 0 enqueued
[27.402s][info   ][gc,ref      ] GC(88) Final: 0 encountered, 0 discovered, 0 enqueued
[27.402s][info   ][gc,ref      ] GC(88) Phantom: 1 encountered, 0 discovered, 0 enqueued
[27.402s][info   ][gc,reloc    ] GC(88) Small Pages: 49 / 98M, Empty: 86M, Relocated: 1M, In-Place: 0
[27.402s][info   ][gc,reloc    ] GC(88) Medium Pages: 0 / 0M, Empty: 0M, Relocated: 0M, In-Place: 0
[27.402s][info   ][gc,reloc    ] GC(88) Large Pages: 1 / 6M, Empty: 0M, Relocated: 0M, In-Place: 0
[27.402s][info   ][gc,reloc    ] GC(88) Forwarding Usage: 0M
[27.402s][info   ][gc,heap     ] GC(88) Min Capacity: 8M(3%)
[27.402s][info   ][gc,heap     ] GC(88) Max Capacity: 256M(100%)
[27.402s][info   ][gc,heap     ] GC(88) Soft Max Capacity: 256M(100%)
[27.402s][info   ][gc,heap     ] GC(88)                Mark Start          Mark End        Relocate Start      Relocate End           High               Low         
[27.402s][info   ][gc,heap     ] GC(88)  Capacity:      256M (100%)        256M (100%)        256M (100%)        256M (100%)        256M (100%)        256M (100%)   
[27.402s][info   ][gc,heap     ] GC(88)      Free:      152M (59%)         150M (59%)         236M (92%)         238M (93%)         238M (93%)         150M (59%)    
[27.402s][info   ][gc,heap     ] GC(88)      Used:      104M (41%)         106M (41%)          20M (8%)           18M (7%)          106M (41%)          18M (7%)     
[27.402s][info   ][gc,heap     ] GC(88)      Live:         -                13M (5%)           13M (5%)           13M (5%)             -                  -          
[27.402s][info   ][gc,heap     ] GC(88) Allocated:         -                 2M (1%)            2M (1%)            2M (1%)             -                  -          
[27.402s][info   ][gc,heap     ] GC(88)   Garbage:         -                90M (35%)           4M (2%)            2M (1%)             -                  -          
[27.402s][info   ][gc,heap     ] GC(88) Reclaimed:         -                  -                86M (34%)          88M (34%)            -                  -          
[27.402s][info   ][gc          ] GC(88) Garbage Collection (Allocation Rate) 104M(41%)->18M(7%)
[27.484s][info   ][gc,start    ] GC(89) Garbage Collection (Allocation Rate)
[27.484s][info   ][gc,task     ] GC(89) Using 2 workers
[27.484s][info   ][gc,phases   ] GC(89) Pause Mark Start 0.009ms
[27.516s][info   ][gc,phases   ] GC(89) Concurrent Mark 31.745ms
[27.516s][info   ][gc,phases   ] GC(89) Pause Mark End 0.020ms
[27.516s][info   ][gc,phases   ] GC(89) Concurrent Mark Free 0.001ms
[27.518s][info   ][gc,phases   ] GC(89) Concurrent Process Non-Strong References 1.756ms
[27.518s][info   ][gc,phases   ] GC(89) Concurrent Reset Relocation Set 0.002ms
[27.521s][info   ][gc,phases   ] GC(89) Concurrent Select Relocation Set 3.068ms
[27.522s][info   ][gc,phases   ] GC(89) Pause Relocate Start 0.019ms
[27.522s][info   ][gc,phases   ] GC(89) Concurrent Relocate 0.070ms
[27.522s][info   ][gc,load     ] GC(89) Load: 0.00/0.00/0.00
[27.522s][info   ][gc,mmu      ] GC(89) MMU: 2ms/94.0%, 5ms/97.6%, 10ms/98.8%, 20ms/99.2%, 50ms/99.7%, 100ms/99.8%
[27.522s][info   ][gc,marking  ] GC(89) Mark: 2 stripe(s), 1 proactive flush(es), 1 terminate flush(es), 0 completion(s), 0 continuation(s) 
[27.522s][info   ][gc,marking  ] GC(89) Mark Stack Usage: 32M
[27.522s][info   ][gc,nmethod  ] GC(89) NMethods: 393 registered, 0 unregistered
[27.522s][info   ][gc,metaspace] GC(89) Metaspace: 0M used, 0M committed, 1032M reserved
[27.522s][info   ][gc,ref      ] GC(89) Soft: 97 encountered, 0 discovered, 0 enqueued
[27.522s][info   ][gc,ref      ] GC(89) Weak: 187 encountered, 0 discovered, 0 enqueued
[27.522s][info   ][gc,ref      ] GC(89) Final: 0 encountered, 0 discovered, 0 enqueued
[27.522s][info   ][gc,ref      ] GC(89) Phantom: 1 encountered, 0 discovered, 0 enqueued
[27.522s][info   ][gc,reloc    ] GC(89) Small Pages: 29 / 58M, Empty: 8M, Relocated: 0M, In-Place: 0
[27.522s][info   ][gc,reloc    ] GC(89) Medium Pages: 0 / 0M, Empty: 0M, Relocated: 0M, In-Place: 0
[27.522s][info   ][gc,reloc    ] GC(89) Large Pages: 1 / 6M, Empty: 0M, Relocated: 0M, In-Place: 0
[27.522s][info   ][gc,reloc    ] GC(89) Forwarding Usage: 0M
[27.522s][info   ][gc,heap     ] GC(89) Min Capacity: 8M(3%)
[27.523s][info   ][gc,heap     ] GC(89) Max Capacity: 256M(100%)
[27.523s][info   ][gc,heap     ] GC(89) Soft Max Capacity: 256M(100%)
[27.523s][info   ][gc,heap     ] GC(89)                Mark Start          Mark End        Relocate Start      Relocate End           High               Low         
[27.523s][info   ][gc,heap     ] GC(89)  Capacity:      256M (100%)        256M (100%)        256M (100%)        256M (100%)        256M (100%)        256M (100%)   
[27.523s][info   ][gc,heap     ] GC(89)      Free:      192M (75%)         192M (75%)         200M (78%)         200M (78%)         200M (78%)         192M (75%)    
[27.523s][info   ][gc,heap     ] GC(89)      Used:       64M (25%)          64M (25%)          56M (22%)          56M (22%)          64M (25%)          56M (22%)    
[27.523s][info   ][gc,heap     ] GC(89)      Live:         -                54M (21%)          54M (21%)          54M (21%)            -                  -          
[27.523s][info   ][gc,heap     ] GC(89) Allocated:         -                 0M (0%)            0M (0%)            0M (0%)             -                  -          
[27.523s][info   ][gc,heap     ] GC(89)   Garbage:         -                 9M (4%)            1M (1%)            1M (1%)             -                  -          
[27.523s][info   ][gc,heap     ] GC(89) Reclaimed:         -                  -                 8M (3%)            8M (3%)             -                  -          
[27.523s][info   ][gc          ] GC(89) Garbage Collection (Allocation Rate) 64M(25%)->56M(22%)
[27.584s][info   ][gc,start    ] GC(90) Garbage Collection (Allocation Rate)
[27.584s][info   ][gc,task     ] GC(90) Using 2 workers
[27.584s][info   ][gc,phases   ] GC(90) Pause Mark Start 0.018ms
[27.666s][info   ][gc,phases   ] GC(90) Concurrent Mark 81.160ms
[27.666s][info   ][gc,phases   ] GC(90) Pause Mark End 0.015ms
[27.666s][info   ][gc,phases   ] GC(90) Concurrent Mark Free 0.001ms
[27.667s][info   ][gc,phases   ] GC(90) Concurrent Process Non-Strong References 0.793ms
[27.667s][info   ][gc,phases   ] GC(90) Concurrent Reset Relocation Set 0.001ms
[27.669s][info   ][gc,phases   ] GC(90) Concurrent Select Relocation Set 2.289ms
[27.670s][info   ][gc,phases   ] GC(90) Pause Relocate Start 0.012ms
[27.671s][info   ][gc,phases   ] GC(90) Concurrent Relocate 1.666ms
[27.671s][info   ][gc,load     ] GC(90) Load: 0.00/0.00/0.00
[27.671s][info   ][gc,mmu      ] GC(90) MMU: 2ms/94.0%, 5ms/97.6%, 10ms/98.8%, 20ms/99.2%, 50ms/99.7%, 100ms/99.8%
[27.671s][info   ][gc,marking  ] GC(90) Mark: 2 stripe(s), 2 proactive flush(es), 1 terminate flush(es), 0 completion(s), 0 continuation(s) 
[27.671s][info   ][gc,marking  ] GC(90) Mark Stack Usage: 32M
[27.671s][info   ][gc,nmethod  ] GC(90) NMethods: 393 registered, 0 unregistered
[27.671s][info   ][gc,metaspace] GC(90) Metaspace: 0M used, 0M committed, 1032M reserved
[27.672s][info   ][gc,ref      ] GC(90) Soft: 97 encountered, 0 discovered, 0 enqueued
[27.672s][info   ][gc,ref      ] GC(90) Weak: 187 encountered, 0 discovered, 0 enqueued
[27.672s][info   ][gc,ref      ] GC(90) Final: 0 encountered, 0 discovered, 0 enqueued
[27.672s][info   ][gc,ref      ] GC(90) Phantom: 1 encountered, 0 discovered, 0 enqueued
[27.672s][info   ][gc,reloc    ] GC(90) Small Pages: 42 / 84M, Empty: 0M, Relocated: 1M, In-Place: 0
[27.672s][info   ][gc,reloc    ] GC(90) Medium Pages: 0 / 0M, Empty: 0M, Relocated: 0M, In-Place: 0
[27.672s][info   ][gc,reloc    ] GC(90) Large Pages: 1 / 6M, Empty: 0M, Relocated: 0M, In-Place: 0
[27.672s][info   ][gc,reloc    ] GC(90) Forwarding Usage: 0M
[27.672s][info   ][gc,heap     ] GC(90) Min Capacity: 8M(3%)
[27.672s][info   ][gc,heap     ] GC(90) Max Capacity: 256M(100%)
[27.672s][info   ][gc,heap     ] GC(90) Soft Max Capacity: 256M(100%)
[27.672s][info   ][gc,heap     ] GC(90)                Mark Start          Mark End        Relocate Start      Relocate End           High               Low         
[27.672s][info   ][gc,heap     ] GC(90)  Capacity:      256M (100%)        256M (100%)        256M (100%)        256M (100%)        256M (100%)        256M (100%)   
[27.672s][info   ][gc,heap     ] GC(90)      Free:      166M (65%)         150M (59%)         150M (59%)         150M (59%)         166M (65%)         146M (57%)    
[27.672s][info   ][gc,heap     ] GC(90)      Used:       90M (35%)         106M (41%)         106M (41%)         106M (41%)         110M (43%)          90M (35%)    
[27.672s][info   ][gc,heap     ] GC(90)      Live:         -                86M (34%)          86M (34%)          86M (34%)            -                  -          
[27.672s][info   ][gc,heap     ] GC(90) Allocated:         -                16M (6%)           16M (6%)           16M (6%)             -                  -          
[27.672s][info   ][gc,heap     ] GC(90)   Garbage:         -                 3M (1%)            3M (1%)            3M (1%)             -                  -          
[27.672s][info   ][gc,heap     ] GC(90) Reclaimed:         -                  -                 0M (0%)            0M (0%)             -                  -          
[27.672s][info   ][gc          ] GC(90) Garbage Collection (Allocation Rate) 90M(35%)->106M(41%)
[27.685s][info   ][gc,start    ] GC(91) Garbage Collection (Allocation Rate)
[27.685s][info   ][gc,task     ] GC(91) Using 2 workers
[27.685s][info   ][gc,phases   ] GC(91) Pause Mark Start 0.010ms
[27.778s][info   ][gc,phases   ] GC(91) Concurrent Mark 92.581ms
[27.778s][info   ][gc,phases   ] GC(91) Pause Mark End 0.017ms
[27.778s][info   ][gc,phases   ] GC(91) Concurrent Mark Free 0.001ms
[27.779s][info   ][gc,phases   ] GC(91) Concurrent Process Non-Strong References 1.187ms
[27.779s][info   ][gc,phases   ] GC(91) Concurrent Reset Relocation Set 0.001ms
[27.782s][info   ][gc,phases   ] GC(91) Concurrent Select Relocation Set 3.082ms
[27.783s][info   ][gc,phases   ] GC(91) Pause Relocate Start 0.014ms
[27.785s][info   ][gc,phases   ] GC(91) Concurrent Relocate 2.110ms
[27.785s][info   ][gc,load     ] GC(91) Load: 0.00/0.00/0.00
[27.785s][info   ][gc,mmu      ] GC(91) MMU: 2ms/94.0%, 5ms/97.6%, 10ms/98.8%, 20ms/99.2%, 50ms/99.7%, 100ms/99.8%
[27.785s][info   ][gc,marking  ] GC(91) Mark: 2 stripe(s), 3 proactive flush(es), 1 terminate flush(es), 0 completion(s), 0 continuation(s) 
[27.785s][info   ][gc,marking  ] GC(91) Mark Stack Usage: 32M
[27.785s][info   ][gc,nmethod  ] GC(91) NMethods: 393 registered, 0 unregistered
[27.785s][info   ][gc,metaspace] GC(91) Metaspace: 0M used, 0M committed, 1032M reserved
[27.785s][info   ][gc,ref      ] GC(91) Soft: 97 encountered, 0 discovered, 0 enqueued
[27.785s][info   ][gc,ref      ] GC(91) Weak: 187 encountered, 26 discovered, 0 enqueued
[27.785s][info   ][gc,ref      ] GC(91) Final: 0 encountered, 0 discovered, 0 enqueued
[27.785s][info   ][gc,ref      ] GC(91) Phantom: 1 encountered, 0 discovered, 0 enqueued
[27.785s][info   ][gc,reloc    ] GC(91) Small Pages: 50 / 100M, Empty: 0M, Relocated: 1M, In-Place: 0
[27.785s][info   ][gc,reloc    ] GC(91) Medium Pages: 0 / 0M, Empty: 0M, Relocated: 0M, In-Place: 0
[27.785s][info   ][gc,reloc    ] GC(91) Large Pages: 1 / 6M, Empty: 0M, Relocated: 0M, In-Place: 0
[27.785s][info   ][gc,reloc    ] GC(91) Forwarding Usage: 0M
[27.785s][info   ][gc,heap     ] GC(91) Min Capacity: 8M(3%)
[27.785s][info   ][gc,heap     ] GC(91) Max Capacity: 256M(100%)
[27.785s][info   ][gc,heap     ] GC(91) Soft Max Capacity: 256M(100%)
[27.786s][info   ][gc,heap     ] GC(91)                Mark Start          Mark End        Relocate Start      Relocate End           High               Low         
[27.786s][info   ][gc,heap     ] GC(91)  Capacity:      256M (100%)        256M (100%)        256M (100%)        256M (100%)        256M (100%)        256M (100%)   
[27.786s][info   ][gc,heap     ] GC(91)      Free:      150M (59%)          54M (21%)          54M (21%)          54M (21%)         150M (59%)          50M (20%)    
[27.786s][info   ][gc,heap     ] GC(91)      Used:      106M (41%)         202M (79%)         202M (79%)         202M (79%)         206M (80%)         106M (41%)    
[27.786s][info   ][gc,heap     ] GC(91)      Live:         -               101M (40%)         101M (40%)         101M (40%)            -                  -          
[27.786s][info   ][gc,heap     ] GC(91) Allocated:         -                96M (38%)          96M (38%)          96M (38%)            -                  -          
[27.786s][info   ][gc,heap     ] GC(91)   Garbage:         -                 4M (2%)            4M (2%)            4M (2%)             -                  -          
[27.786s][info   ][gc,heap     ] GC(91) Reclaimed:         -                  -                 0M (0%)            0M (0%)             -                  -          
[27.786s][info   ][gc          ] GC(91) Garbage Collection (Allocation Rate) 106M(41%)->202M(79%)
[27.796s][info   ][gc,start    ] GC(92) Garbage Collection (Allocation Rate)
[27.796s][info   ][gc,task     ] GC(92) Using 2 workers
[27.796s][info   ][gc,phases   ] GC(92) Pause Mark Start 0.011ms
[27.843s][info   ][gc,phases   ] GC(92) Concurrent Mark 46.635ms
[27.843s][info   ][gc,phases   ] GC(92) Pause Mark End 0.020ms
[27.843s][info   ][gc,phases   ] GC(92) Concurrent Mark Free 0.001ms
[27.844s][info   ][gc,phases   ] GC(92) Concurrent Process Non-Strong References 1.259ms
[27.844s][info   ][gc,phases   ] GC(92) Concurrent Reset Relocation Set 0.002ms
[27.847s][info   ][gc,phases   ] GC(92) Concurrent Select Relocation Set 2.568ms
[27.847s][info   ][gc,phases   ] GC(92) Pause Relocate Start 0.038ms
[27.852s][info   ][gc,phases   ] GC(92) Concurrent Relocate 4.434ms
[27.852s][info   ][gc,load     ] GC(92) Load: 0.00/0.00/0.00
[27.852s][info   ][gc,mmu      ] GC(92) MMU: 2ms/94.0%, 5ms/97.6%, 10ms/98.8%, 20ms/99.2%, 50ms/99.7%, 100ms/99.8%
[27.852s][info   ][gc,marking  ] GC(92) Mark: 2 stripe(s), 2 proactive flush(es), 1 terminate flush(es), 0 completion(s), 0 continuation(s) 
[27.852s][info   ][gc,marking  ] GC(92) Mark Stack Usage: 32M
[27.852s][info   ][gc,nmethod  ] GC(92) NMethods: 393 registered, 0 unregistered
[27.852s][info   ][gc,metaspace] GC(92) Metaspace: 0M used, 0M committed, 1032M reserved
[27.852s][info   ][gc,ref      ] GC(92) Soft: 97 encountered, 0 discovered, 0 enqueued
[27.852s][info   ][gc,ref      ] GC(92) Weak: 187 encountered, 0 discovered, 0 enqueued
[27.852s][info   ][gc,ref      ] GC(92) Final: 0 encountered, 0 discovered, 0 enqueued
[27.852s][info   ][gc,ref      ] GC(92) Phantom: 1 encountered, 0 discovered, 0 enqueued
[27.852s][info   ][gc,reloc    ] GC(92) Small Pages: 98 / 196M, Empty: 136M, Relocated: 1M, In-Place: 0
[27.852s][info   ][gc,reloc    ] GC(92) Medium Pages: 0 / 0M, Empty: 0M, Relocated: 0M, In-Place: 0
[27.852s][info   ][gc,reloc    ] GC(92) Large Pages: 1 / 6M, Empty: 0M, Relocated: 0M, In-Place: 0
[27.852s][info   ][gc,reloc    ] GC(92) Forwarding Usage: 0M
[27.852s][info   ][gc,heap     ] GC(92) Min Capacity: 8M(3%)
[27.852s][info   ][gc,heap     ] GC(92) Max Capacity: 256M(100%)
[27.852s][info   ][gc,heap     ] GC(92) Soft Max Capacity: 256M(100%)
[27.852s][info   ][gc,heap     ] GC(92)                Mark Start          Mark End        Relocate Start      Relocate End           High               Low         
[27.852s][info   ][gc,heap     ] GC(92)  Capacity:      256M (100%)        256M (100%)        256M (100%)        256M (100%)        256M (100%)        256M (100%)   
[27.852s][info   ][gc,heap     ] GC(92)      Free:       54M (21%)          52M (20%)         188M (73%)         190M (74%)         190M (74%)          52M (20%)    
[27.852s][info   ][gc,heap     ] GC(92)      Used:      202M (79%)         204M (80%)          68M (27%)          66M (26%)         204M (80%)          66M (26%)    
[27.852s][info   ][gc,heap     ] GC(92)      Live:         -                59M (23%)          59M (23%)          59M (23%)            -                  -          
[27.852s][info   ][gc,heap     ] GC(92) Allocated:         -                 2M (1%)            2M (1%)            2M (1%)             -                  -          
[27.852s][info   ][gc,heap     ] GC(92)   Garbage:         -               142M (56%)           6M (3%)            4M (2%)             -                  -          
[27.852s][info   ][gc,heap     ] GC(92) Reclaimed:         -                  -               136M (53%)         138M (54%)            -                  -          
[27.852s][info   ][gc          ] GC(92) Garbage Collection (Allocation Rate) 202M(79%)->66M(26%)
[27.987s][info   ][gc,start    ] GC(93) Garbage Collection (Allocation Rate)
[27.987s][info   ][gc,task     ] GC(93) Using 2 workers
[27.987s][info   ][gc,phases   ] GC(93) Pause Mark Start 0.013ms
[27.990s][info   ][gc,phases   ] GC(93) Concurrent Mark 2.618ms
[27.990s][info   ][gc,phases   ] GC(93) Pause Mark End 0.014ms
[27.990s][info   ][gc,phases   ] GC(93) Concurrent Mark Free 0.001ms
[27.991s][info   ][gc,phases   ] GC(93) Concurrent Process Non-Strong References 0.726ms
[27.991s][info   ][gc,phases   ] GC(93) Concurrent Reset Relocation Set 0.001ms
[27.993s][info   ][gc,phases   ] GC(93) Concurrent Select Relocation Set 1.990ms
[27.993s][info   ][gc,phases   ] GC(93) Pause Relocate Start 0.011ms
[27.993s][info   ][gc,phases   ] GC(93) Concurrent Relocate 0.103ms
[27.993s][info   ][gc,load     ] GC(93) Load: 0.00/0.00/0.00
[27.993s][info   ][gc,mmu      ] GC(93) MMU: 2ms/94.0%, 5ms/97.6%, 10ms/98.8%, 20ms/99.2%, 50ms/99.7%, 100ms/99.8%
[27.993s][info   ][gc,marking  ] GC(93) Mark: 2 stripe(s), 1 proactive flush(es), 1 terminate flush(es), 0 completion(s), 0 continuation(s) 
[27.993s][info   ][gc,marking  ] GC(93) Mark Stack Usage: 32M
[27.993s][info   ][gc,nmethod  ] GC(93) NMethods: 393 registered, 0 unregistered
[27.993s][info   ][gc,metaspace] GC(93) Metaspace: 0M used, 0M committed, 1032M reserved
[27.993s][info   ][gc,ref      ] GC(93) Soft: 97 encountered, 0 discovered, 0 enqueued
[27.993s][info   ][gc,ref      ] GC(93) Weak: 187 encountered, 0 discovered, 0 enqueued
[27.993s][info   ][gc,ref      ] GC(93) Final: 0 encountered, 0 discovered, 0 enqueued
[27.993s][info   ][gc,ref      ] GC(93) Phantom: 1 encountered, 0 discovered, 0 enqueued
[27.993s][info   ][gc,reloc    ] GC(93) Small Pages: 30 / 60M, Empty: 58M, Relocated: 0M, In-Place: 0
[27.993s][info   ][gc,reloc    ] GC(93) Medium Pages: 0 / 0M, Empty: 0M, Relocated: 0M, In-Place: 0
[27.993s][info   ][gc,reloc    ] GC(93) Large Pages: 1 / 6M, Empty: 0M, Relocated: 0M, In-Place: 0
[27.993s][info   ][gc,reloc    ] GC(93) Forwarding Usage: 0M
[27.993s][info   ][gc,heap     ] GC(93) Min Capacity: 8M(3%)
[27.993s][info   ][gc,heap     ] GC(93) Max Capacity: 256M(100%)
[27.993s][info   ][gc,heap     ] GC(93) Soft Max Capacity: 256M(100%)
[27.993s][info   ][gc,heap     ] GC(93)                Mark Start          Mark End        Relocate Start      Relocate End           High               Low         
[27.993s][info   ][gc,heap     ] GC(93)  Capacity:      256M (100%)        256M (100%)        256M (100%)        256M (100%)        256M (100%)        256M (100%)   
[27.994s][info   ][gc,heap     ] GC(93)      Free:      190M (74%)         190M (74%)         248M (97%)         248M (97%)         248M (97%)         190M (74%)    
[27.994s][info   ][gc,heap     ] GC(93)      Used:       66M (26%)          66M (26%)           8M (3%)            8M (3%)           66M (26%)           8M (3%)     
[27.994s][info   ][gc,heap     ] GC(93)      Live:         -                 7M (3%)            7M (3%)            7M (3%)             -                  -          
[27.994s][info   ][gc,heap     ] GC(93) Allocated:         -                 0M (0%)            0M (0%)            0M (0%)             -                  -          
[27.994s][info   ][gc,heap     ] GC(93)   Garbage:         -                58M (23%)           0M (0%)            0M (0%)             -                  -          
[27.994s][info   ][gc,heap     ] GC(93) Reclaimed:         -                  -                58M (23%)          58M (23%)            -                  -          
[27.994s][info   ][gc          ] GC(93) Garbage Collection (Allocation Rate) 66M(26%)->8M(3%)
[28.192s][info   ][gc,start    ] GC(94) Garbage Collection (Allocation Rate)
[28.194s][info   ][gc,task     ] GC(94) Using 2 workers
[28.197s][info   ][gc,phases   ] GC(94) Pause Mark Start 0.082ms
[28.358s][info   ][gc,phases   ] GC(94) Concurrent Mark 159.284ms
[28.358s][info   ][gc,phases   ] GC(94) Pause Mark End 0.020ms
[28.358s][info   ][gc,phases   ] GC(94) Concurrent Mark Free 0.002ms
[28.359s][info   ][gc,phases   ] GC(94) Concurrent Process Non-Strong References 1.082ms
[28.359s][info   ][gc,phases   ] GC(94) Concurrent Reset Relocation Set 0.001ms
[28.365s][info   ][gc,phases   ] GC(94) Concurrent Select Relocation Set 5.302ms
[28.365s][info   ][gc,phases   ] GC(94) Pause Relocate Start 0.015ms
[28.373s][info   ][gc,phases   ] GC(94) Concurrent Relocate 8.442ms
[28.374s][info   ][gc,load     ] GC(94) Load: 0.00/0.00/0.00
[28.374s][info   ][gc,mmu      ] GC(94) MMU: 2ms/94.0%, 5ms/97.6%, 10ms/98.8%, 20ms/99.2%, 50ms/99.7%, 100ms/99.8%
[28.374s][info   ][gc,marking  ] GC(94) Mark: 2 stripe(s), 2 proactive flush(es), 1 terminate flush(es), 0 completion(s), 0 continuation(s) 
[28.374s][info   ][gc,marking  ] GC(94) Mark Stack Usage: 32M
[28.374s][info   ][gc,nmethod  ] GC(94) NMethods: 393 registered, 0 unregistered
[28.374s][info   ][gc,metaspace] GC(94) Metaspace: 0M used, 0M committed, 1032M reserved
[28.374s][info   ][gc,ref      ] GC(94) Soft: 97 encountered, 0 discovered, 0 enqueued
[28.374s][info   ][gc,ref      ] GC(94) Weak: 187 encountered, 0 discovered, 0 enqueued
[28.374s][info   ][gc,ref      ] GC(94) Final: 0 encountered, 0 discovered, 0 enqueued
[28.374s][info   ][gc,ref      ] GC(94) Phantom: 1 encountered, 0 discovered, 0 enqueued
[28.374s][info   ][gc,reloc    ] GC(94) Small Pages: 56 / 112M, Empty: 62M, Relocated: 4M, In-Place: 0
[28.374s][info   ][gc,reloc    ] GC(94) Medium Pages: 0 / 0M, Empty: 0M, Relocated: 0M, In-Place: 0
[28.374s][info   ][gc,reloc    ] GC(94) Large Pages: 1 / 6M, Empty: 0M, Relocated: 0M, In-Place: 0
[28.374s][info   ][gc,reloc    ] GC(94) Forwarding Usage: 1M
[28.374s][info   ][gc,heap     ] GC(94) Min Capacity: 8M(3%)
[28.374s][info   ][gc,heap     ] GC(94) Max Capacity: 256M(100%)
[28.374s][info   ][gc,heap     ] GC(94) Soft Max Capacity: 256M(100%)
[28.374s][info   ][gc,heap     ] GC(94)                Mark Start          Mark End        Relocate Start      Relocate End           High               Low         
[28.374s][info   ][gc,heap     ] GC(94)  Capacity:      256M (100%)        256M (100%)        256M (100%)        256M (100%)        256M (100%)        256M (100%)   
[28.374s][info   ][gc,heap     ] GC(94)      Free:      138M (54%)         104M (41%)         166M (65%)         176M (69%)         176M (69%)         104M (41%)    
[28.374s][info   ][gc,heap     ] GC(94)      Used:      118M (46%)         152M (59%)          90M (35%)          80M (31%)         152M (59%)          80M (31%)    
[28.374s][info   ][gc,heap     ] GC(94)      Live:         -                44M (17%)          44M (17%)          44M (17%)            -                  -          
[28.374s][info   ][gc,heap     ] GC(94) Allocated:         -                34M (13%)          34M (13%)          34M (13%)            -                  -          
[28.374s][info   ][gc,heap     ] GC(94)   Garbage:         -                73M (29%)          11M (5%)            1M (1%)             -                  -          
[28.374s][info   ][gc,heap     ] GC(94) Reclaimed:         -                  -                62M (24%)          72M (28%)            -                  -          
[28.374s][info   ][gc          ] GC(94) Garbage Collection (Allocation Rate) 118M(46%)->80M(31%)
[28.397s][info   ][gc,start    ] GC(95) Garbage Collection (Allocation Rate)
[28.397s][info   ][gc,task     ] GC(95) Using 2 workers
[28.397s][info   ][gc,phases   ] GC(95) Pause Mark Start 0.022ms
[28.403s][info   ][gc,phases   ] GC(95) Concurrent Mark 5.456ms
[28.403s][info   ][gc,phases   ] GC(95) Pause Mark End 0.013ms
[28.403s][info   ][gc,phases   ] GC(95) Concurrent Mark Free 0.001ms
[28.404s][info   ][gc,phases   ] GC(95) Concurrent Process Non-Strong References 0.891ms
[28.404s][info   ][gc,phases   ] GC(95) Concurrent Reset Relocation Set 0.002ms
[28.406s][info   ][gc,phases   ] GC(95) Concurrent Select Relocation Set 2.260ms
[28.406s][info   ][gc,phases   ] GC(95) Pause Relocate Start 0.013ms
[28.408s][info   ][gc,phases   ] GC(95) Concurrent Relocate 1.918ms
[28.408s][info   ][gc,load     ] GC(95) Load: 0.00/0.00/0.00
[28.408s][info   ][gc,mmu      ] GC(95) MMU: 2ms/94.0%, 5ms/97.6%, 10ms/98.8%, 20ms/99.2%, 50ms/99.7%, 100ms/99.8%
[28.408s][info   ][gc,marking  ] GC(95) Mark: 2 stripe(s), 1 proactive flush(es), 1 terminate flush(es), 0 completion(s), 0 continuation(s) 
[28.408s][info   ][gc,marking  ] GC(95) Mark Stack Usage: 32M
[28.409s][info   ][gc,nmethod  ] GC(95) NMethods: 393 registered, 0 unregistered
[28.409s][info   ][gc,metaspace] GC(95) Metaspace: 0M used, 0M committed, 1032M reserved
[28.409s][info   ][gc,ref      ] GC(95) Soft: 97 encountered, 0 discovered, 0 enqueued
[28.409s][info   ][gc,ref      ] GC(95) Weak: 187 encountered, 0 discovered, 0 enqueued
[28.409s][info   ][gc,ref      ] GC(95) Final: 0 encountered, 0 discovered, 0 enqueued
[28.409s][info   ][gc,ref      ] GC(95) Phantom: 1 encountered, 0 discovered, 0 enqueued
[28.409s][info   ][gc,reloc    ] GC(95) Small Pages: 37 / 74M, Empty: 70M, Relocated: 1M, In-Place: 0
[28.409s][info   ][gc,reloc    ] GC(95) Medium Pages: 0 / 0M, Empty: 0M, Relocated: 0M, In-Place: 0
[28.409s][info   ][gc,reloc    ] GC(95) Large Pages: 1 / 6M, Empty: 0M, Relocated: 0M, In-Place: 0
[28.409s][info   ][gc,reloc    ] GC(95) Forwarding Usage: 0M
[28.409s][info   ][gc,heap     ] GC(95) Min Capacity: 8M(3%)
[28.409s][info   ][gc,heap     ] GC(95) Max Capacity: 256M(100%)
[28.409s][info   ][gc,heap     ] GC(95) Soft Max Capacity: 256M(100%)
[28.409s][info   ][gc,heap     ] GC(95)                Mark Start          Mark End        Relocate Start      Relocate End           High               Low         
[28.409s][info   ][gc,heap     ] GC(95)  Capacity:      256M (100%)        256M (100%)        256M (100%)        256M (100%)        256M (100%)        256M (100%)   
[28.409s][info   ][gc,heap     ] GC(95)      Free:      176M (69%)         176M (69%)         246M (96%)         246M (96%)         246M (96%)         176M (69%)    
[28.409s][info   ][gc,heap     ] GC(95)      Used:       80M (31%)          80M (31%)          10M (4%)           10M (4%)           80M (31%)          10M (4%)     
[28.409s][info   ][gc,heap     ] GC(95)      Live:         -                 7M (3%)            7M (3%)            7M (3%)             -                  -          
[28.409s][info   ][gc,heap     ] GC(95) Allocated:         -                 0M (0%)            0M (0%)            0M (0%)             -                  -          
[28.409s][info   ][gc,heap     ] GC(95)   Garbage:         -                72M (28%)           2M (1%)            2M (1%)             -                  -          
[28.409s][info   ][gc,heap     ] GC(95) Reclaimed:         -                  -                70M (27%)          70M (27%)            -                  -          
[28.409s][info   ][gc          ] GC(95) Garbage Collection (Allocation Rate) 80M(31%)->10M(4%)
[28.484s][info   ][gc,start    ] GC(96) Garbage Collection (Allocation Rate)
[28.484s][info   ][gc,task     ] GC(96) Using 2 workers
[28.484s][info   ][gc,phases   ] GC(96) Pause Mark Start 0.012ms
[28.522s][info   ][gc,phases   ] GC(96) Concurrent Mark 37.718ms
[28.522s][info   ][gc,phases   ] GC(96) Pause Mark End 0.028ms
[28.523s][info   ][gc,phases   ] GC(96) Concurrent Mark Free 0.003ms
[28.525s][info   ][gc,phases   ] GC(96) Concurrent Process Non-Strong References 2.548ms
[28.526s][info   ][gc,phases   ] GC(96) Concurrent Reset Relocation Set 0.003ms
[28.530s][info   ][gc,phases   ] GC(96) Concurrent Select Relocation Set 4.603ms
[28.531s][info   ][gc,phases   ] GC(96) Pause Relocate Start 0.022ms
[28.535s][info   ][gc,phases   ] GC(96) Concurrent Relocate 4.211ms
[28.535s][info   ][gc,load     ] GC(96) Load: 0.00/0.00/0.00
[28.535s][info   ][gc,mmu      ] GC(96) MMU: 2ms/94.0%, 5ms/97.6%, 10ms/98.8%, 20ms/99.2%, 50ms/99.7%, 100ms/99.8%
[28.535s][info   ][gc,marking  ] GC(96) Mark: 2 stripe(s), 2 proactive flush(es), 1 terminate flush(es), 0 completion(s), 0 continuation(s) 
[28.535s][info   ][gc,marking  ] GC(96) Mark Stack Usage: 32M
[28.536s][info   ][gc,nmethod  ] GC(96) NMethods: 393 registered, 0 unregistered
[28.536s][info   ][gc,metaspace] GC(96) Metaspace: 0M used, 0M committed, 1032M reserved
[28.536s][info   ][gc,ref      ] GC(96) Soft: 97 encountered, 0 discovered, 0 enqueued
[28.536s][info   ][gc,ref      ] GC(96) Weak: 187 encountered, 162 discovered, 0 enqueued
[28.536s][info   ][gc,ref      ] GC(96) Final: 0 encountered, 0 discovered, 0 enqueued
[28.536s][info   ][gc,ref      ] GC(96) Phantom: 1 encountered, 0 discovered, 0 enqueued
[28.536s][info   ][gc,reloc    ] GC(96) Small Pages: 50 / 100M, Empty: 30M, Relocated: 1M, In-Place: 0
[28.536s][info   ][gc,reloc    ] GC(96) Medium Pages: 0 / 0M, Empty: 0M, Relocated: 0M, In-Place: 0
[28.536s][info   ][gc,reloc    ] GC(96) Large Pages: 1 / 6M, Empty: 0M, Relocated: 0M, In-Place: 0
[28.536s][info   ][gc,reloc    ] GC(96) Forwarding Usage: 0M
[28.536s][info   ][gc,heap     ] GC(96) Min Capacity: 8M(3%)
[28.536s][info   ][gc,heap     ] GC(96) Max Capacity: 256M(100%)
[28.536s][info   ][gc,heap     ] GC(96) Soft Max Capacity: 256M(100%)
[28.536s][info   ][gc,heap     ] GC(96)                Mark Start          Mark End        Relocate Start      Relocate End           High               Low         
[28.536s][info   ][gc,heap     ] GC(96)  Capacity:      256M (100%)        256M (100%)        256M (100%)        256M (100%)        256M (100%)        256M (100%)   
[28.536s][info   ][gc,heap     ] GC(96)      Free:      150M (59%)         148M (58%)         178M (70%)         178M (70%)         178M (70%)         148M (58%)    
[28.536s][info   ][gc,heap     ] GC(96)      Used:      106M (41%)         108M (42%)          78M (30%)          78M (30%)         108M (42%)          78M (30%)    
[28.537s][info   ][gc,heap     ] GC(96)      Live:         -                72M (28%)          72M (28%)          72M (28%)            -                  -          
[28.537s][info   ][gc,heap     ] GC(96) Allocated:         -                 2M (1%)            2M (1%)            2M (1%)             -                  -          
[28.537s][info   ][gc,heap     ] GC(96)   Garbage:         -                33M (13%)           3M (1%)            3M (1%)             -                  -          
[28.537s][info   ][gc,heap     ] GC(96) Reclaimed:         -                  -                30M (12%)          30M (12%)            -                  -          
[28.537s][info   ][gc          ] GC(96) Garbage Collection (Allocation Rate) 106M(41%)->78M(30%)
[28.585s][info   ][gc,start    ] GC(97) Garbage Collection (Allocation Rate)
[28.585s][info   ][gc,task     ] GC(97) Using 2 workers
[28.585s][info   ][gc,phases   ] GC(97) Pause Mark Start 0.017ms
[28.621s][info   ][gc,phases   ] GC(97) Concurrent Mark 35.411ms
[28.621s][info   ][gc,phases   ] GC(97) Pause Mark End 0.016ms
[28.621s][info   ][gc,phases   ] GC(97) Concurrent Mark Free 0.001ms
[28.622s][info   ][gc,phases   ] GC(97) Concurrent Process Non-Strong References 1.144ms
[28.622s][info   ][gc,phases   ] GC(97) Concurrent Reset Relocation Set 0.001ms
[28.625s][info   ][gc,phases   ] GC(97) Concurrent Select Relocation Set 2.260ms
[28.625s][info   ][gc,phases   ] GC(97) Pause Relocate Start 0.013ms
[28.627s][info   ][gc,phases   ] GC(97) Concurrent Relocate 1.747ms
[28.627s][info   ][gc,load     ] GC(97) Load: 0.00/0.00/0.00
[28.627s][info   ][gc,mmu      ] GC(97) MMU: 2ms/94.0%, 5ms/97.6%, 10ms/98.8%, 20ms/99.2%, 50ms/99.7%, 100ms/99.8%
[28.627s][info   ][gc,marking  ] GC(97) Mark: 2 stripe(s), 2 proactive flush(es), 1 terminate flush(es), 0 completion(s), 0 continuation(s) 
[28.627s][info   ][gc,marking  ] GC(97) Mark Stack Usage: 32M
[28.627s][info   ][gc,nmethod  ] GC(97) NMethods: 393 registered, 0 unregistered
[28.627s][info   ][gc,metaspace] GC(97) Metaspace: 0M used, 0M committed, 1032M reserved
[28.627s][info   ][gc,ref      ] GC(97) Soft: 97 encountered, 0 discovered, 0 enqueued
[28.627s][info   ][gc,ref      ] GC(97) Weak: 187 encountered, 0 discovered, 0 enqueued
[28.627s][info   ][gc,ref      ] GC(97) Final: 0 encountered, 0 discovered, 0 enqueued
[28.627s][info   ][gc,ref      ] GC(97) Phantom: 1 encountered, 0 discovered, 0 enqueued
[28.627s][info   ][gc,reloc    ] GC(97) Small Pages: 44 / 88M, Empty: 66M, Relocated: 1M, In-Place: 0
[28.627s][info   ][gc,reloc    ] GC(97) Medium Pages: 0 / 0M, Empty: 0M, Relocated: 0M, In-Place: 0
[28.627s][info   ][gc,reloc    ] GC(97) Large Pages: 1 / 6M, Empty: 0M, Relocated: 0M, In-Place: 0
[28.627s][info   ][gc,reloc    ] GC(97) Forwarding Usage: 0M
[28.627s][info   ][gc,heap     ] GC(97) Min Capacity: 8M(3%)
[28.627s][info   ][gc,heap     ] GC(97) Max Capacity: 256M(100%)
[28.627s][info   ][gc,heap     ] GC(97) Soft Max Capacity: 256M(100%)
[28.627s][info   ][gc,heap     ] GC(97)                Mark Start          Mark End        Relocate Start      Relocate End           High               Low         
[28.627s][info   ][gc,heap     ] GC(97)  Capacity:      256M (100%)        256M (100%)        256M (100%)        256M (100%)        256M (100%)        256M (100%)   
[28.627s][info   ][gc,heap     ] GC(97)      Free:      162M (63%)         132M (52%)         198M (77%)         198M (77%)         198M (77%)         132M (52%)    
[28.627s][info   ][gc,heap     ] GC(97)      Used:       94M (37%)         124M (48%)          58M (23%)          58M (23%)         124M (48%)          58M (23%)    
[28.627s][info   ][gc,heap     ] GC(97)      Live:         -                24M (10%)          24M (10%)          24M (10%)            -                  -          
[28.627s][info   ][gc,heap     ] GC(97) Allocated:         -                30M (12%)          30M (12%)          30M (12%)            -                  -          
[28.627s][info   ][gc,heap     ] GC(97)   Garbage:         -                69M (27%)           3M (1%)            3M (1%)             -                  -          
[28.627s][info   ][gc,heap     ] GC(97) Reclaimed:         -                  -                66M (26%)          66M (26%)            -                  -          
[28.627s][info   ][gc          ] GC(97) Garbage Collection (Allocation Rate) 94M(37%)->58M(23%)
[28.793s][info   ][gc,start    ] GC(98) Garbage Collection (Allocation Rate)
[28.793s][info   ][gc,task     ] GC(98) Using 2 workers
[28.793s][info   ][gc,phases   ] GC(98) Pause Mark Start 0.014ms
[28.872s][info   ][gc,phases   ] GC(98) Concurrent Mark 78.714ms
[28.873s][info   ][gc,phases   ] GC(98) Pause Mark End 0.034ms
[28.873s][info   ][gc,phases   ] GC(98) Concurrent Mark Free 0.009ms
[28.875s][info   ][gc,phases   ] GC(98) Concurrent Process Non-Strong References 2.361ms
[28.875s][info   ][gc,phases   ] GC(98) Concurrent Reset Relocation Set 0.002ms
[28.882s][info   ][gc,phases   ] GC(98) Concurrent Select Relocation Set 6.226ms
[28.882s][info   ][gc,phases   ] GC(98) Pause Relocate Start 0.024ms
[28.888s][info   ][gc,phases   ] GC(98) Concurrent Relocate 6.048ms
[28.888s][info   ][gc,load     ] GC(98) Load: 0.00/0.00/0.00
[28.889s][info   ][gc,mmu      ] GC(98) MMU: 2ms/94.0%, 5ms/97.6%, 10ms/98.8%, 20ms/99.2%, 50ms/99.7%, 100ms/99.8%
[28.889s][info   ][gc,marking  ] GC(98) Mark: 2 stripe(s), 2 proactive flush(es), 1 terminate flush(es), 0 completion(s), 0 continuation(s) 
[28.889s][info   ][gc,marking  ] GC(98) Mark Stack Usage: 32M
[28.889s][info   ][gc,nmethod  ] GC(98) NMethods: 393 registered, 0 unregistered
[28.889s][info   ][gc,metaspace] GC(98) Metaspace: 0M used, 0M committed, 1032M reserved
[28.889s][info   ][gc,ref      ] GC(98) Soft: 97 encountered, 0 discovered, 0 enqueued
[28.889s][info   ][gc,ref      ] GC(98) Weak: 187 encountered, 0 discovered, 0 enqueued
[28.889s][info   ][gc,ref      ] GC(98) Final: 0 encountered, 0 discovered, 0 enqueued
[28.889s][info   ][gc,ref      ] GC(98) Phantom: 1 encountered, 0 discovered, 0 enqueued
[28.889s][info   ][gc,reloc    ] GC(98) Small Pages: 74 / 148M, Empty: 108M, Relocated: 3M, In-Place: 0
[28.889s][info   ][gc,reloc    ] GC(98) Medium Pages: 0 / 0M, Empty: 0M, Relocated: 0M, In-Place: 0
[28.889s][info   ][gc,reloc    ] GC(98) Large Pages: 1 / 6M, Empty: 0M, Relocated: 0M, In-Place: 0
[28.889s][info   ][gc,reloc    ] GC(98) Forwarding Usage: 1M
[28.889s][info   ][gc,heap     ] GC(98) Min Capacity: 8M(3%)
[28.889s][info   ][gc,heap     ] GC(98) Max Capacity: 256M(100%)
[28.889s][info   ][gc,heap     ] GC(98) Soft Max Capacity: 256M(100%)
[28.889s][info   ][gc,heap     ] GC(98)                Mark Start          Mark End        Relocate Start      Relocate End           High               Low         
[28.889s][info   ][gc,heap     ] GC(98)  Capacity:      256M (100%)        256M (100%)        256M (100%)        256M (100%)        256M (100%)        256M (100%)   
[28.889s][info   ][gc,heap     ] GC(98)      Free:      102M (40%)         100M (39%)         208M (81%)         210M (82%)         210M (82%)         100M (39%)    
[28.890s][info   ][gc,heap     ] GC(98)      Used:      154M (60%)         156M (61%)          48M (19%)          46M (18%)         156M (61%)          46M (18%)    
[28.890s][info   ][gc,heap     ] GC(98)      Live:         -                41M (16%)          41M (16%)          41M (16%)            -                  -          
[28.890s][info   ][gc,heap     ] GC(98) Allocated:         -                 2M (1%)            2M (1%)            2M (1%)             -                  -          
[28.890s][info   ][gc,heap     ] GC(98)   Garbage:         -               112M (44%)           4M (2%)            2M (1%)             -                  -          
[28.890s][info   ][gc,heap     ] GC(98) Reclaimed:         -                  -               108M (42%)         110M (43%)            -                  -          
[28.890s][info   ][gc          ] GC(98) Garbage Collection (Allocation Rate) 154M(60%)->46M(18%)
[29.484s][info   ][gc,start    ] GC(99) Garbage Collection (Allocation Rate)
[29.484s][info   ][gc,task     ] GC(99) Using 2 workers
[29.485s][info   ][gc,phases   ] GC(99) Pause Mark Start 0.013ms
[29.500s][info   ][gc,phases   ] GC(99) Concurrent Mark 15.690ms
[29.501s][info   ][gc,phases   ] GC(99) Pause Mark End 0.017ms
[29.501s][info   ][gc,phases   ] GC(99) Concurrent Mark Free 0.001ms
[29.502s][info   ][gc,phases   ] GC(99) Concurrent Process Non-Strong References 1.374ms
[29.502s][info   ][gc,phases   ] GC(99) Concurrent Reset Relocation Set 0.002ms
[29.505s][info   ][gc,phases   ] GC(99) Concurrent Select Relocation Set 2.443ms
[29.505s][info   ][gc,phases   ] GC(99) Pause Relocate Start 0.012ms
[29.505s][info   ][gc,phases   ] GC(99) Concurrent Relocate 0.066ms
[29.505s][info   ][gc,load     ] GC(99) Load: 0.00/0.00/0.00
[29.505s][info   ][gc,mmu      ] GC(99) MMU: 2ms/94.0%, 5ms/97.6%, 10ms/98.8%, 20ms/99.2%, 50ms/99.7%, 100ms/99.8%
[29.505s][info   ][gc,marking  ] GC(99) Mark: 2 stripe(s), 1 proactive flush(es), 1 terminate flush(es), 0 completion(s), 0 continuation(s) 
[29.505s][info   ][gc,marking  ] GC(99) Mark Stack Usage: 32M
[29.505s][info   ][gc,nmethod  ] GC(99) NMethods: 402 registered, 0 unregistered
[29.505s][info   ][gc,metaspace] GC(99) Metaspace: 0M used, 0M committed, 1032M reserved
[29.506s][info   ][gc,ref      ] GC(99) Soft: 97 encountered, 0 discovered, 0 enqueued
[29.506s][info   ][gc,ref      ] GC(99) Weak: 187 encountered, 0 discovered, 0 enqueued
[29.506s][info   ][gc,ref      ] GC(99) Final: 0 encountered, 0 discovered, 0 enqueued
[29.506s][info   ][gc,ref      ] GC(99) Phantom: 1 encountered, 0 discovered, 0 enqueued
[29.506s][info   ][gc,reloc    ] GC(99) Small Pages: 43 / 86M, Empty: 84M, Relocated: 0M, In-Place: 0
[29.506s][info   ][gc,reloc    ] GC(99) Medium Pages: 0 / 0M, Empty: 0M, Relocated: 0M, In-Place: 0
[29.506s][info   ][gc,reloc    ] GC(99) Large Pages: 1 / 6M, Empty: 0M, Relocated: 0M, In-Place: 0
[29.506s][info   ][gc,reloc    ] GC(99) Forwarding Usage: 0M
[29.506s][info   ][gc,heap     ] GC(99) Min Capacity: 8M(3%)
[29.506s][info   ][gc,heap     ] GC(99) Max Capacity: 256M(100%)
[29.506s][info   ][gc,heap     ] GC(99) Soft Max Capacity: 256M(100%)
[29.506s][info   ][gc,heap     ] GC(99)                Mark Start          Mark End        Relocate Start      Relocate End           High               Low         
[29.506s][info   ][gc,heap     ] GC(99)  Capacity:      256M (100%)        256M (100%)        256M (100%)        256M (100%)        256M (100%)        256M (100%)   
[29.506s][info   ][gc,heap     ] GC(99)      Free:      164M (64%)         162M (63%)         238M (93%)         238M (93%)         240M (94%)         156M (61%)    
[29.506s][info   ][gc,heap     ] GC(99)      Used:       92M (36%)          94M (37%)          18M (7%)           18M (7%)          100M (39%)          16M (6%)     
[29.506s][info   ][gc,heap     ] GC(99)      Live:         -                 7M (3%)            7M (3%)            7M (3%)             -                  -          
[29.506s][info   ][gc,heap     ] GC(99) Allocated:         -                 2M (1%)           10M (4%)           10M (4%)             -                  -          
[29.506s][info   ][gc,heap     ] GC(99)   Garbage:         -                84M (33%)           0M (0%)            0M (0%)             -                  -          
[29.506s][info   ][gc,heap     ] GC(99) Reclaimed:         -                  -                84M (33%)          84M (33%)            -                  -          
[29.506s][info   ][gc          ] GC(99) Garbage Collection (Allocation Rate) 92M(36%)->18M(7%)
[29.785s][info   ][gc,start    ] GC(100) Garbage Collection (Allocation Rate)
[29.785s][info   ][gc,task     ] GC(100) Using 2 workers
[29.786s][info   ][gc,phases   ] GC(100) Pause Mark Start 0.024ms
[29.799s][info   ][gc,phases   ] GC(100) Concurrent Mark 12.617ms
[29.799s][info   ][gc,phases   ] GC(100) Pause Mark End 0.045ms
[29.799s][info   ][gc,phases   ] GC(100) Concurrent Mark Free 0.009ms
[29.802s][info   ][gc,phases   ] GC(100) Concurrent Process Non-Strong References 2.087ms
[29.802s][info   ][gc,phases   ] GC(100) Concurrent Reset Relocation Set 0.002ms
[29.807s][info   ][gc,phases   ] GC(100) Concurrent Select Relocation Set 4.904ms
[29.807s][info   ][gc,phases   ] GC(100) Pause Relocate Start 0.022ms
[29.810s][info   ][gc,phases   ] GC(100) Concurrent Relocate 2.627ms
[29.810s][info   ][gc,load     ] GC(100) Load: 0.00/0.00/0.00
[29.810s][info   ][gc,mmu      ] GC(100) MMU: 2ms/94.0%, 5ms/97.6%, 10ms/98.8%, 20ms/99.2%, 50ms/99.7%, 100ms/99.8%
[29.811s][info   ][gc,marking  ] GC(100) Mark: 2 stripe(s), 1 proactive flush(es), 1 terminate flush(es), 0 completion(s), 0 continuation(s) 
[29.811s][info   ][gc,marking  ] GC(100) Mark Stack Usage: 32M
[29.811s][info   ][gc,nmethod  ] GC(100) NMethods: 402 registered, 0 unregistered
[29.811s][info   ][gc,metaspace] GC(100) Metaspace: 0M used, 0M committed, 1032M reserved
[29.811s][info   ][gc,ref      ] GC(100) Soft: 97 encountered, 0 discovered, 0 enqueued
[29.811s][info   ][gc,ref      ] GC(100) Weak: 187 encountered, 0 discovered, 0 enqueued
[29.811s][info   ][gc,ref      ] GC(100) Final: 0 encountered, 0 discovered, 0 enqueued
[29.811s][info   ][gc,ref      ] GC(100) Phantom: 1 encountered, 0 discovered, 0 enqueued
[29.811s][info   ][gc,reloc    ] GC(100) Small Pages: 49 / 98M, Empty: 92M, Relocated: 1M, In-Place: 0
[29.811s][info   ][gc,reloc    ] GC(100) Medium Pages: 0 / 0M, Empty: 0M, Relocated: 0M, In-Place: 0
[29.812s][info   ][gc,reloc    ] GC(100) Large Pages: 1 / 6M, Empty: 0M, Relocated: 0M, In-Place: 0
[29.812s][info   ][gc,reloc    ] GC(100) Forwarding Usage: 0M
[29.812s][info   ][gc,heap     ] GC(100) Min Capacity: 8M(3%)
[29.812s][info   ][gc,heap     ] GC(100) Max Capacity: 256M(100%)
[29.812s][info   ][gc,heap     ] GC(100) Soft Max Capacity: 256M(100%)
[29.812s][info   ][gc,heap     ] GC(100)                Mark Start          Mark End        Relocate Start      Relocate End           High               Low         
[29.812s][info   ][gc,heap     ] GC(100)  Capacity:      256M (100%)        256M (100%)        256M (100%)        256M (100%)        256M (100%)        256M (100%)   
[29.812s][info   ][gc,heap     ] GC(100)      Free:      152M (59%)         150M (59%)         242M (95%)         242M (95%)         242M (95%)         150M (59%)    
[29.812s][info   ][gc,heap     ] GC(100)      Used:      104M (41%)         106M (41%)          14M (5%)           14M (5%)          106M (41%)          14M (5%)     
[29.812s][info   ][gc,heap     ] GC(100)      Live:         -                 8M (3%)            8M (3%)            8M (3%)             -                  -          
[29.812s][info   ][gc,heap     ] GC(100) Allocated:         -                 2M (1%)            2M (1%)            2M (1%)             -                  -          
[29.812s][info   ][gc,heap     ] GC(100)   Garbage:         -                95M (37%)           3M (1%)            3M (1%)             -                  -          
[29.812s][info   ][gc,heap     ] GC(100) Reclaimed:         -                  -                92M (36%)          92M (36%)            -                  -          
[29.812s][info   ][gc          ] GC(100) Garbage Collection (Allocation Rate) 104M(41%)->14M(5%)
[30.085s][info   ][gc,stats    ] === Garbage Collection Statistics =======================================================================================================================
[30.085s][info   ][gc,stats    ]                                                              Last 10s              Last 10m              Last 10h                Total
[30.085s][info   ][gc,stats    ]                                                              Avg / Max             Avg / Max             Avg / Max             Avg / Max
[30.085s][info   ][gc,stats    ]   Collector: Garbage Collection Cycle                     60.346 / 199.065      66.471 / 253.716      66.471 / 253.716      66.471 / 253.716     ms
[30.085s][info   ][gc,stats    ]  Contention: Mark Segment Reset Contention                     0 / 2                 0 / 4                 0 / 4                 0 / 4           ops/s
[30.085s][info   ][gc,stats    ]  Contention: Mark SeqNum Reset Contention                      0 / 1                 0 / 2                 0 / 2                 0 / 2           ops/s
[30.085s][info   ][gc,stats    ]    Critical: Allocation Stall                                  0 / 0                 0 / 0                 0 / 0                 0 / 0           ops/s
[30.085s][info   ][gc,stats    ]    Critical: Allocation Stall                              0.000 / 0.000         0.000 / 0.000         0.000 / 0.000         0.000 / 0.000       ms
[30.085s][info   ][gc,stats    ]    Critical: GC Locker Stall                                   0 / 0                 0 / 0                 0 / 0                 0 / 0           ops/s
[30.085s][info   ][gc,stats    ]    Critical: GC Locker Stall                               0.000 / 0.000         0.000 / 0.000         0.000 / 0.000         0.000 / 0.000       ms
[30.085s][info   ][gc,stats    ]    Critical: Relocation Stall                                  0 / 0                 0 / 0                 0 / 0                 0 / 0           ops/s
[30.085s][info   ][gc,stats    ]    Critical: Relocation Stall                              0.000 / 0.000         0.000 / 0.000         0.000 / 0.000         0.000 / 0.000       ms
[30.085s][info   ][gc,stats    ]      Memory: Allocation Rate                                 369 / 528             284 / 528             284 / 528             284 / 528         MB/s
[30.085s][info   ][gc,stats    ]      Memory: Out Of Memory                                     0 / 0                 0 / 0                 0 / 0                 0 / 0           ops/s
[30.085s][info   ][gc,stats    ]      Memory: Page Cache Flush                                  0 / 0                 0 / 0                 0 / 0                 0 / 0           MB/s
[30.085s][info   ][gc,stats    ]      Memory: Page Cache Hit L1                               192 / 271             143 / 271             143 / 271             143 / 271         ops/s
[30.085s][info   ][gc,stats    ]      Memory: Page Cache Hit L2                                 0 / 0                 0 / 0                 0 / 0                 0 / 0           ops/s
[30.085s][info   ][gc,stats    ]      Memory: Page Cache Hit L3                                 0 / 2                 4 / 71                4 / 71                4 / 71          ops/s
[30.085s][info   ][gc,stats    ]      Memory: Page Cache Miss                                   0 / 0                 0 / 1                 0 / 1                 0 / 1           ops/s
[30.085s][info   ][gc,stats    ]      Memory: Uncommit                                          0 / 0                 0 / 0                 0 / 0                 0 / 0           MB/s
[30.085s][info   ][gc,stats    ]      Memory: Undo Object Allocation Failed                     0 / 0                 0 / 0                 0 / 0                 0 / 0           ops/s
[30.085s][info   ][gc,stats    ]      Memory: Undo Object Allocation Succeeded                  0 / 0                 0 / 1                 0 / 1                 0 / 1           ops/s
[30.085s][info   ][gc,stats    ]      Memory: Undo Page Allocation                              0 / 0                 0 / 0                 0 / 0                 0 / 0           ops/s
[30.085s][info   ][gc,stats    ]       Phase: Concurrent Mark                              52.140 / 188.770      55.375 / 204.849      55.375 / 204.849      55.375 / 204.849     ms
[30.085s][info   ][gc,stats    ]       Phase: Concurrent Mark Continue                      0.000 / 0.000         0.000 / 0.000         0.000 / 0.000         0.000 / 0.000       ms
[30.085s][info   ][gc,stats    ]       Phase: Concurrent Mark Free                          0.001 / 0.009         0.001 / 0.009         0.001 / 0.009         0.001 / 0.009       ms
[30.085s][info   ][gc,stats    ]       Phase: Concurrent Process Non-Strong References      1.291 / 2.876         1.551 / 12.470        1.551 / 12.470        1.551 / 12.470      ms
[30.085s][info   ][gc,stats    ]       Phase: Concurrent Relocate                           2.201 / 13.466        3.753 / 79.700        3.753 / 79.700        3.753 / 79.700      ms
[30.085s][info   ][gc,stats    ]       Phase: Concurrent Reset Relocation Set               0.001 / 0.005         0.002 / 0.025         0.002 / 0.025         0.002 / 0.025       ms
[30.085s][info   ][gc,stats    ]       Phase: Concurrent Select Relocation Set              2.990 / 6.799         3.806 / 24.008        3.806 / 24.008        3.806 / 24.008      ms
[30.085s][info   ][gc,stats    ]       Phase: Pause Mark End                                0.021 / 0.061         0.023 / 0.120         0.023 / 0.120         0.023 / 0.120       ms
[30.085s][info   ][gc,stats    ]       Phase: Pause Mark Start                              0.018 / 0.082         0.019 / 0.086         0.019 / 0.086         0.019 / 0.086       ms
[30.086s][info   ][gc,stats    ]       Phase: Pause Relocate Start                          0.016 / 0.038         0.017 / 0.080         0.017 / 0.080         0.017 / 0.080       ms
[30.086s][info   ][gc,stats    ]    Subphase: Concurrent Classes Purge                      0.082 / 0.172         0.090 / 0.338         0.090 / 0.338         0.090 / 0.338       ms
[30.086s][info   ][gc,stats    ]    Subphase: Concurrent Classes Unlink                     0.551 / 1.154         0.650 / 7.668         0.650 / 7.668         0.650 / 7.668       ms
[30.086s][info   ][gc,stats    ]    Subphase: Concurrent Mark                              49.750 / 188.277      53.443 / 204.459      53.443 / 204.459      53.443 / 204.459     ms
[30.086s][info   ][gc,stats    ]    Subphase: Concurrent Mark Try Flush                     0.113 / 0.776         0.122 / 1.011         0.122 / 1.011         0.122 / 1.011       ms
[30.086s][info   ][gc,stats    ]    Subphase: Concurrent Mark Try Terminate                 1.677 / 16.171        1.328 / 16.171        1.328 / 16.171        1.328 / 16.171      ms
[30.086s][info   ][gc,stats    ]    Subphase: Concurrent References Enqueue                 0.000 / 0.001         0.000 / 0.007         0.000 / 0.007         0.000 / 0.007       ms
[30.086s][info   ][gc,stats    ]    Subphase: Concurrent References Process                 0.065 / 0.216         0.070 / 0.249         0.070 / 0.249         0.070 / 0.249       ms
[30.086s][info   ][gc,stats    ]    Subphase: Concurrent Roots ClassLoaderDataGraph         0.119 / 0.736         0.136 / 1.630         0.136 / 1.630         0.136 / 1.630       ms
[30.086s][info   ][gc,stats    ]    Subphase: Concurrent Roots CodeCache                    0.000 / 0.000         0.000 / 0.000         0.000 / 0.000         0.000 / 0.000       ms
[30.086s][info   ][gc,stats    ]    Subphase: Concurrent Roots JavaThreads                  0.244 / 1.491         0.260 / 2.585         0.260 / 2.585         0.260 / 2.585       ms
[30.086s][info   ][gc,stats    ]    Subphase: Concurrent Roots OopStorageSet                0.024 / 0.126         0.029 / 0.382         0.029 / 0.382         0.029 / 0.382       ms
[30.086s][info   ][gc,stats    ]    Subphase: Concurrent Weak Roots OopStorageSet           0.403 / 1.236         0.491 / 5.178         0.491 / 5.178         0.491 / 5.178       ms
[30.086s][info   ][gc,stats    ]    Subphase: Pause Mark Try Complete                       0.000 / 0.000         0.000 / 0.000         0.000 / 0.000         0.000 / 0.000       ms
[30.086s][info   ][gc,stats    ]      System: Java Threads                                     15 / 15               15 / 17               15 / 17               15 / 17          threads
[30.086s][info   ][gc,stats    ] =========================================================================================================================================================
[30.390s][info   ][gc,start    ] GC(101) Garbage Collection (Allocation Rate)
[30.390s][info   ][gc,task     ] GC(101) Using 2 workers
[30.390s][info   ][gc,phases   ] GC(101) Pause Mark Start 0.008ms
[30.564s][info   ][gc,phases   ] GC(101) Concurrent Mark 174.260ms
[30.564s][info   ][gc,phases   ] GC(101) Pause Mark End 0.020ms
[30.565s][info   ][gc,phases   ] GC(101) Concurrent Mark Free 0.001ms
[30.565s][info   ][gc,phases   ] GC(101) Concurrent Process Non-Strong References 0.697ms
[30.565s][info   ][gc,phases   ] GC(101) Concurrent Reset Relocation Set 0.001ms
[30.569s][info   ][gc          ] Allocation Stall (main) 23.506ms
[30.569s][info   ][gc,phases   ] GC(101) Concurrent Select Relocation Set 3.421ms
[30.569s][info   ][gc,phases   ] GC(101) Pause Relocate Start 0.012ms
[30.569s][info   ][gc,phases   ] GC(101) Concurrent Relocate 0.038ms
[30.569s][info   ][gc,load     ] GC(101) Load: 0.00/0.00/0.00
[30.569s][info   ][gc,mmu      ] GC(101) MMU: 2ms/94.0%, 5ms/97.6%, 10ms/98.8%, 20ms/99.2%, 50ms/99.7%, 100ms/99.8%
[30.569s][info   ][gc,marking  ] GC(101) Mark: 2 stripe(s), 2 proactive flush(es), 1 terminate flush(es), 0 completion(s), 0 continuation(s) 
[30.569s][info   ][gc,marking  ] GC(101) Mark Stack Usage: 32M
[30.569s][info   ][gc,nmethod  ] GC(101) NMethods: 402 registered, 0 unregistered
[30.569s][info   ][gc,metaspace] GC(101) Metaspace: 0M used, 0M committed, 1032M reserved
[30.569s][info   ][gc,ref      ] GC(101) Soft: 97 encountered, 0 discovered, 0 enqueued
[30.569s][info   ][gc,ref      ] GC(101) Weak: 187 encountered, 26 discovered, 0 enqueued
[30.569s][info   ][gc,ref      ] GC(101) Final: 0 encountered, 0 discovered, 0 enqueued
[30.569s][info   ][gc,ref      ] GC(101) Phantom: 1 encountered, 0 discovered, 0 enqueued
[30.569s][info   ][gc,reloc    ] GC(101) Small Pages: 98 / 196M, Empty: 98M, Relocated: 0M, In-Place: 0
[30.569s][info   ][gc,reloc    ] GC(101) Medium Pages: 0 / 0M, Empty: 0M, Relocated: 0M, In-Place: 0
[30.569s][info   ][gc,reloc    ] GC(101) Large Pages: 1 / 6M, Empty: 0M, Relocated: 0M, In-Place: 0
[30.569s][info   ][gc,reloc    ] GC(101) Forwarding Usage: 0M
[30.569s][info   ][gc,heap     ] GC(101) Min Capacity: 8M(3%)
[30.570s][info   ][gc,heap     ] GC(101) Max Capacity: 256M(100%)
[30.570s][info   ][gc,heap     ] GC(101) Soft Max Capacity: 256M(100%)
[30.570s][info   ][gc,heap     ] GC(101)                Mark Start          Mark End        Relocate Start      Relocate End           High               Low         
[30.570s][info   ][gc,heap     ] GC(101)  Capacity:      256M (100%)        256M (100%)        256M (100%)        256M (100%)        256M (100%)        256M (100%)   
[30.570s][info   ][gc,heap     ] GC(101)      Free:       54M (21%)           0M (0%)           96M (38%)          96M (38%)          98M (38%)           0M (0%)     
[30.570s][info   ][gc,heap     ] GC(101)      Used:      202M (79%)         256M (100%)        160M (62%)         160M (62%)         256M (100%)        158M (62%)    
[30.570s][info   ][gc,heap     ] GC(101)      Live:         -               101M (40%)         101M (40%)         101M (40%)            -                  -          
[30.570s][info   ][gc,heap     ] GC(101) Allocated:         -                54M (21%)          56M (22%)          56M (22%)            -                  -          
[30.570s][info   ][gc,heap     ] GC(101)   Garbage:         -               100M (39%)           2M (1%)            2M (1%)             -                  -          
[30.570s][info   ][gc,heap     ] GC(101) Reclaimed:         -                  -                98M (38%)          98M (38%)            -                  -          
[30.570s][info   ][gc          ] GC(101) Garbage Collection (Allocation Rate) 202M(79%)->160M(62%)
[30.595s][info   ][gc,start    ] GC(102) Garbage Collection (Allocation Stall)
[30.595s][info   ][gc,ref      ] GC(102) Clearing All SoftReferences
[30.595s][info   ][gc,task     ] GC(102) Using 2 workers
[30.595s][info   ][gc,phases   ] GC(102) Pause Mark Start 0.013ms
[30.784s][info   ][gc,phases   ] GC(102) Concurrent Mark 188.596ms
[30.784s][info   ][gc,phases   ] GC(102) Pause Mark End 0.018ms
[30.784s][info   ][gc,phases   ] GC(102) Concurrent Mark Free 0.002ms
[30.786s][info   ][gc,phases   ] GC(102) Concurrent Process Non-Strong References 2.346ms
[30.786s][info   ][gc,phases   ] GC(102) Concurrent Reset Relocation Set 0.001ms
[30.791s][info   ][gc,phases   ] GC(102) Concurrent Select Relocation Set 5.019ms
[30.792s][info   ][gc,phases   ] GC(102) Pause Relocate Start 0.017ms
[30.810s][info   ][gc,phases   ] GC(102) Concurrent Relocate 18.561ms
[30.811s][info   ][gc,load     ] GC(102) Load: 0.00/0.00/0.00
[30.811s][info   ][gc,mmu      ] GC(102) MMU: 2ms/94.0%, 5ms/97.6%, 10ms/98.8%, 20ms/99.2%, 50ms/99.7%, 100ms/99.8%
[30.811s][info   ][gc,marking  ] GC(102) Mark: 2 stripe(s), 1 proactive flush(es), 1 terminate flush(es), 0 completion(s), 0 continuation(s) 
[30.811s][info   ][gc,marking  ] GC(102) Mark Stack Usage: 32M
[30.811s][info   ][gc,nmethod  ] GC(102) NMethods: 402 registered, 0 unregistered
[30.811s][info   ][gc,metaspace] GC(102) Metaspace: 0M used, 0M committed, 1032M reserved
[30.811s][info   ][gc,ref      ] GC(102) Soft: 88 encountered, 61 discovered, 25 enqueued
[30.811s][info   ][gc,ref      ] GC(102) Weak: 187 encountered, 3 discovered, 3 enqueued
[30.811s][info   ][gc,ref      ] GC(102) Final: 0 encountered, 0 discovered, 0 enqueued
[30.811s][info   ][gc,ref      ] GC(102) Phantom: 1 encountered, 0 discovered, 0 enqueued
[30.811s][info   ][gc,reloc    ] GC(102) Small Pages: 97 / 194M, Empty: 22M, Relocated: 10M, In-Place: 0
[30.811s][info   ][gc,reloc    ] GC(102) Medium Pages: 0 / 0M, Empty: 0M, Relocated: 0M, In-Place: 0
[30.811s][info   ][gc,reloc    ] GC(102) Large Pages: 1 / 6M, Empty: 0M, Relocated: 0M, In-Place: 0
[30.811s][info   ][gc,reloc    ] GC(102) Forwarding Usage: 4M
[30.811s][info   ][gc,heap     ] GC(102) Min Capacity: 8M(3%)
[30.811s][info   ][gc,heap     ] GC(102) Max Capacity: 256M(100%)
[30.811s][info   ][gc,heap     ] GC(102) Soft Max Capacity: 256M(100%)
[30.811s][info   ][gc,heap     ] GC(102)                Mark Start          Mark End        Relocate Start      Relocate End           High               Low         
[30.811s][info   ][gc,heap     ] GC(102)  Capacity:      256M (100%)        256M (100%)        256M (100%)        256M (100%)        256M (100%)        256M (100%)   
[30.811s][info   ][gc,heap     ] GC(102)      Free:       56M (22%)           8M (3%)           30M (12%)          44M (17%)          56M (22%)           8M (3%)     
[30.811s][info   ][gc,heap     ] GC(102)      Used:      200M (78%)         248M (97%)         226M (88%)         212M (83%)         248M (97%)         200M (78%)    
[30.811s][info   ][gc,heap     ] GC(102)      Live:         -               159M (62%)         159M (62%)         159M (62%)            -                  -          
[30.811s][info   ][gc,heap     ] GC(102) Allocated:         -                48M (19%)          48M (19%)          48M (19%)            -                  -          
[30.811s][info   ][gc,heap     ] GC(102)   Garbage:         -                40M (16%)          18M (7%)            4M (2%)             -                  -          
[30.812s][info   ][gc,heap     ] GC(102) Reclaimed:         -                  -                22M (9%)           36M (14%)            -                  -          
[30.812s][info   ][gc          ] GC(102) Garbage Collection (Allocation Stall) 200M(78%)->212M(83%)
[30.869s][info   ][gc,start    ] GC(103) Garbage Collection (Allocation Stall)
[30.869s][info   ][gc,ref      ] GC(103) Clearing All SoftReferences
[30.870s][info   ][gc,task     ] GC(103) Using 2 workers
[30.870s][info   ][gc,phases   ] GC(103) Pause Mark Start 0.011ms
[30.929s][info   ][gc,phases   ] GC(103) Concurrent Mark 58.834ms
[30.929s][info   ][gc,phases   ] GC(103) Pause Mark End 0.019ms
[30.929s][info   ][gc,phases   ] GC(103) Concurrent Mark Free 0.001ms
[30.930s][info   ][gc,phases   ] GC(103) Concurrent Process Non-Strong References 1.030ms
[30.930s][info   ][gc,phases   ] GC(103) Concurrent Reset Relocation Set 0.003ms
[30.930s][info   ][gc          ] Allocation Stall (main) 60.768ms
[30.933s][info   ][gc,phases   ] GC(103) Concurrent Select Relocation Set 3.313ms
[30.934s][info   ][gc,phases   ] GC(103) Pause Relocate Start 0.012ms
[30.935s][info   ][gc,phases   ] GC(103) Concurrent Relocate 1.143ms
[30.935s][info   ][gc,load     ] GC(103) Load: 0.00/0.00/0.00
[30.935s][info   ][gc,mmu      ] GC(103) MMU: 2ms/94.0%, 5ms/97.6%, 10ms/98.8%, 20ms/99.2%, 50ms/99.7%, 100ms/99.8%
[30.935s][info   ][gc,marking  ] GC(103) Mark: 2 stripe(s), 1 proactive flush(es), 1 terminate flush(es), 0 completion(s), 0 continuation(s) 
[30.935s][info   ][gc,marking  ] GC(103) Mark Stack Usage: 32M
[30.935s][info   ][gc,nmethod  ] GC(103) NMethods: 402 registered, 0 unregistered
[30.935s][info   ][gc,metaspace] GC(103) Metaspace: 0M used, 0M committed, 1032M reserved
[30.935s][info   ][gc,ref      ] GC(103) Soft: 63 encountered, 25 discovered, 0 enqueued
[30.935s][info   ][gc,ref      ] GC(103) Weak: 184 encountered, 76 discovered, 0 enqueued
[30.935s][info   ][gc,ref      ] GC(103) Final: 0 encountered, 0 discovered, 0 enqueued
[30.935s][info   ][gc,ref      ] GC(103) Phantom: 1 encountered, 0 discovered, 0 enqueued
[30.935s][info   ][gc,reloc    ] GC(103) Small Pages: 125 / 250M, Empty: 200M, Relocated: 0M, In-Place: 0
[30.935s][info   ][gc,reloc    ] GC(103) Medium Pages: 0 / 0M, Empty: 0M, Relocated: 0M, In-Place: 0
[30.935s][info   ][gc,reloc    ] GC(103) Large Pages: 1 / 6M, Empty: 0M, Relocated: 0M, In-Place: 0
[30.935s][info   ][gc,reloc    ] GC(103) Forwarding Usage: 0M
[30.935s][info   ][gc,heap     ] GC(103) Min Capacity: 8M(3%)
[30.936s][info   ][gc,heap     ] GC(103) Max Capacity: 256M(100%)
[30.936s][info   ][gc,heap     ] GC(103) Soft Max Capacity: 256M(100%)
[30.936s][info   ][gc,heap     ] GC(103)                Mark Start          Mark End        Relocate Start      Relocate End           High               Low         
[30.936s][info   ][gc,heap     ] GC(103)  Capacity:      256M (100%)        256M (100%)        256M (100%)        256M (100%)        256M (100%)        256M (100%)   
[30.936s][info   ][gc,heap     ] GC(103)      Free:        0M (0%)            0M (0%)          196M (77%)         196M (77%)         196M (77%)           0M (0%)     
[30.936s][info   ][gc,heap     ] GC(103)      Used:      256M (100%)        256M (100%)         60M (23%)          60M (23%)         256M (100%)         60M (23%)    
[30.936s][info   ][gc,heap     ] GC(103)      Live:         -                51M (20%)          51M (20%)          51M (20%)            -                  -          
[30.936s][info   ][gc,heap     ] GC(103) Allocated:         -                 0M (0%)            4M (2%)            4M (2%)             -                  -          
[30.936s][info   ][gc,heap     ] GC(103)   Garbage:         -               204M (80%)           4M (2%)            4M (2%)             -                  -          
[30.936s][info   ][gc,heap     ] GC(103) Reclaimed:         -                  -               200M (78%)         200M (78%)            -                  -          
[30.936s][info   ][gc          ] GC(103) Garbage Collection (Allocation Stall) 256M(100%)->60M(23%)
[30.993s][info   ][gc,start    ] GC(104) Garbage Collection (Allocation Rate)
[30.993s][info   ][gc,task     ] GC(104) Using 2 workers
[30.993s][info   ][gc,phases   ] GC(104) Pause Mark Start 0.017ms
[31.121s][info   ][gc,phases   ] GC(104) Concurrent Mark 127.477ms
[31.121s][info   ][gc,phases   ] GC(104) Pause Mark End 0.022ms
[31.121s][info   ][gc,phases   ] GC(104) Concurrent Mark Free 0.001ms
[31.122s][info   ][gc,phases   ] GC(104) Concurrent Process Non-Strong References 1.025ms
[31.122s][info   ][gc,phases   ] GC(104) Concurrent Reset Relocation Set 0.002ms
[31.126s][info   ][gc,phases   ] GC(104) Concurrent Select Relocation Set 3.924ms
[31.126s][info   ][gc,phases   ] GC(104) Pause Relocate Start 0.019ms
[31.128s][info   ][gc,phases   ] GC(104) Concurrent Relocate 1.691ms
[31.128s][info   ][gc,load     ] GC(104) Load: 0.00/0.00/0.00
[31.128s][info   ][gc,mmu      ] GC(104) MMU: 2ms/94.0%, 5ms/97.6%, 10ms/98.8%, 20ms/99.2%, 50ms/99.7%, 100ms/99.8%
[31.128s][info   ][gc,marking  ] GC(104) Mark: 2 stripe(s), 1 proactive flush(es), 1 terminate flush(es), 0 completion(s), 0 continuation(s) 
[31.128s][info   ][gc,marking  ] GC(104) Mark Stack Usage: 32M
[31.128s][info   ][gc,nmethod  ] GC(104) NMethods: 402 registered, 0 unregistered
[31.129s][info   ][gc,metaspace] GC(104) Metaspace: 0M used, 0M committed, 1032M reserved
[31.129s][info   ][gc,ref      ] GC(104) Soft: 63 encountered, 0 discovered, 0 enqueued
[31.129s][info   ][gc,ref      ] GC(104) Weak: 184 encountered, 166 discovered, 0 enqueued
[31.129s][info   ][gc,ref      ] GC(104) Final: 0 encountered, 0 discovered, 0 enqueued
[31.129s][info   ][gc,ref      ] GC(104) Phantom: 1 encountered, 0 discovered, 0 enqueued
[31.129s][info   ][gc,reloc    ] GC(104) Small Pages: 51 / 102M, Empty: 0M, Relocated: 0M, In-Place: 0
[31.129s][info   ][gc,reloc    ] GC(104) Medium Pages: 0 / 0M, Empty: 0M, Relocated: 0M, In-Place: 0
[31.129s][info   ][gc,reloc    ] GC(104) Large Pages: 1 / 6M, Empty: 0M, Relocated: 0M, In-Place: 0
[31.129s][info   ][gc,reloc    ] GC(104) Forwarding Usage: 0M
[31.129s][info   ][gc,heap     ] GC(104) Min Capacity: 8M(3%)
[31.129s][info   ][gc,heap     ] GC(104) Max Capacity: 256M(100%)
[31.129s][info   ][gc,heap     ] GC(104) Soft Max Capacity: 256M(100%)
[31.129s][info   ][gc,heap     ] GC(104)                Mark Start          Mark End        Relocate Start      Relocate End           High               Low         
[31.129s][info   ][gc,heap     ] GC(104)  Capacity:      256M (100%)        256M (100%)        256M (100%)        256M (100%)        256M (100%)        256M (100%)   
[31.129s][info   ][gc,heap     ] GC(104)      Free:      148M (58%)         100M (39%)         100M (39%)         102M (40%)         148M (58%)          96M (38%)    
[31.129s][info   ][gc,heap     ] GC(104)      Used:      108M (42%)         156M (61%)         156M (61%)         154M (60%)         160M (62%)         108M (42%)    
[31.129s][info   ][gc,heap     ] GC(104)      Live:         -               101M (40%)         101M (40%)         101M (40%)            -                  -          
[31.129s][info   ][gc,heap     ] GC(104) Allocated:         -                48M (19%)          48M (19%)          48M (19%)            -                  -          
[31.129s][info   ][gc,heap     ] GC(104)   Garbage:         -                 6M (2%)            6M (2%)            4M (2%)             -                  -          
[31.129s][info   ][gc,heap     ] GC(104) Reclaimed:         -                  -                 0M (0%)            2M (1%)             -                  -          
[31.129s][info   ][gc          ] GC(104) Garbage Collection (Allocation Rate) 108M(42%)->154M(60%)
[31.199s][info   ][gc,start    ] GC(105) Garbage Collection (Allocation Rate)
[31.199s][info   ][gc,task     ] GC(105) Using 2 workers
[31.200s][info   ][gc,phases   ] GC(105) Pause Mark Start 0.027ms
[31.208s][info   ][gc,phases   ] GC(105) Concurrent Mark 8.119ms
[31.208s][info   ][gc,phases   ] GC(105) Pause Mark End 0.028ms
[31.209s][info   ][gc,phases   ] GC(105) Concurrent Mark Free 0.002ms
[31.210s][info   ][gc,phases   ] GC(105) Concurrent Process Non-Strong References 1.469ms
[31.210s][info   ][gc,phases   ] GC(105) Concurrent Reset Relocation Set 0.002ms
[31.214s][info   ][gc,phases   ] GC(105) Concurrent Select Relocation Set 3.780ms
[31.214s][info   ][gc,phases   ] GC(105) Pause Relocate Start 0.018ms
[31.218s][info   ][gc,phases   ] GC(105) Concurrent Relocate 3.722ms
[31.218s][info   ][gc,load     ] GC(105) Load: 0.00/0.00/0.00
[31.218s][info   ][gc,mmu      ] GC(105) MMU: 2ms/94.0%, 5ms/97.6%, 10ms/98.8%, 20ms/99.2%, 50ms/99.7%, 100ms/99.8%
[31.219s][info   ][gc,marking  ] GC(105) Mark: 2 stripe(s), 1 proactive flush(es), 1 terminate flush(es), 0 completion(s), 0 continuation(s) 
[31.219s][info   ][gc,marking  ] GC(105) Mark Stack Usage: 32M
[31.219s][info   ][gc,nmethod  ] GC(105) NMethods: 402 registered, 0 unregistered
[31.219s][info   ][gc,metaspace] GC(105) Metaspace: 0M used, 0M committed, 1032M reserved
[31.219s][info   ][gc,ref      ] GC(105) Soft: 63 encountered, 0 discovered, 0 enqueued
[31.219s][info   ][gc,ref      ] GC(105) Weak: 184 encountered, 0 discovered, 0 enqueued
[31.219s][info   ][gc,ref      ] GC(105) Final: 0 encountered, 0 discovered, 0 enqueued
[31.219s][info   ][gc,ref      ] GC(105) Phantom: 1 encountered, 0 discovered, 0 enqueued
[31.219s][info   ][gc,reloc    ] GC(105) Small Pages: 74 / 148M, Empty: 144M, Relocated: 1M, In-Place: 0
[31.219s][info   ][gc,reloc    ] GC(105) Medium Pages: 0 / 0M, Empty: 0M, Relocated: 0M, In-Place: 0
[31.219s][info   ][gc,reloc    ] GC(105) Large Pages: 1 / 6M, Empty: 0M, Relocated: 0M, In-Place: 0
[31.219s][info   ][gc,reloc    ] GC(105) Forwarding Usage: 0M
[31.219s][info   ][gc,heap     ] GC(105) Min Capacity: 8M(3%)
[31.219s][info   ][gc,heap     ] GC(105) Max Capacity: 256M(100%)
[31.219s][info   ][gc,heap     ] GC(105) Soft Max Capacity: 256M(100%)
[31.219s][info   ][gc,heap     ] GC(105)                Mark Start          Mark End        Relocate Start      Relocate End           High               Low         
[31.219s][info   ][gc,heap     ] GC(105)  Capacity:      256M (100%)        256M (100%)        256M (100%)        256M (100%)        256M (100%)        256M (100%)   
[31.219s][info   ][gc,heap     ] GC(105)      Free:      102M (40%)         102M (40%)         246M (96%)         246M (96%)         246M (96%)         102M (40%)    
[31.219s][info   ][gc,heap     ] GC(105)      Used:      154M (60%)         154M (60%)          10M (4%)           10M (4%)          154M (60%)          10M (4%)     
[31.219s][info   ][gc,heap     ] GC(105)      Live:         -                 7M (3%)            7M (3%)            7M (3%)             -                  -          
[31.219s][info   ][gc,heap     ] GC(105) Allocated:         -                 0M (0%)            0M (0%)            0M (0%)             -                  -          
[31.219s][info   ][gc,heap     ] GC(105)   Garbage:         -               146M (57%)           2M (1%)            2M (1%)             -                  -          
[31.219s][info   ][gc,heap     ] GC(105) Reclaimed:         -                  -               144M (56%)         144M (56%)            -                  -          
[31.220s][info   ][gc          ] GC(105) Garbage Collection (Allocation Rate) 154M(60%)->10M(4%)
[31.285s][info   ][gc,start    ] GC(106) Garbage Collection (Allocation Rate)
[31.285s][info   ][gc,task     ] GC(106) Using 2 workers
[31.285s][info   ][gc,phases   ] GC(106) Pause Mark Start 0.010ms
[31.331s][info   ][gc,phases   ] GC(106) Concurrent Mark 45.680ms
[31.331s][info   ][gc,phases   ] GC(106) Pause Mark End 0.019ms
[31.331s][info   ][gc,phases   ] GC(106) Concurrent Mark Free 0.001ms
[31.332s][info   ][gc,phases   ] GC(106) Concurrent Process Non-Strong References 1.161ms
[31.332s][info   ][gc,phases   ] GC(106) Concurrent Reset Relocation Set 0.001ms
[31.338s][info   ][gc,phases   ] GC(106) Concurrent Select Relocation Set 5.832ms
[31.339s][info   ][gc,phases   ] GC(106) Pause Relocate Start 0.012ms
[31.342s][info   ][gc,phases   ] GC(106) Concurrent Relocate 2.998ms
[31.342s][info   ][gc,load     ] GC(106) Load: 0.00/0.00/0.00
[31.342s][info   ][gc,mmu      ] GC(106) MMU: 2ms/94.0%, 5ms/97.6%, 10ms/98.8%, 20ms/99.2%, 50ms/99.7%, 100ms/99.8%
[31.342s][info   ][gc,marking  ] GC(106) Mark: 2 stripe(s), 2 proactive flush(es), 1 terminate flush(es), 0 completion(s), 0 continuation(s) 
[31.342s][info   ][gc,marking  ] GC(106) Mark Stack Usage: 32M
[31.342s][info   ][gc,nmethod  ] GC(106) NMethods: 402 registered, 0 unregistered
[31.342s][info   ][gc,metaspace] GC(106) Metaspace: 0M used, 0M committed, 1032M reserved
[31.342s][info   ][gc,ref      ] GC(106) Soft: 63 encountered, 0 discovered, 0 enqueued
[31.342s][info   ][gc,ref      ] GC(106) Weak: 184 encountered, 166 discovered, 0 enqueued
[31.342s][info   ][gc,ref      ] GC(106) Final: 0 encountered, 0 discovered, 0 enqueued
[31.342s][info   ][gc,ref      ] GC(106) Phantom: 1 encountered, 0 discovered, 0 enqueued
[31.342s][info   ][gc,reloc    ] GC(106) Small Pages: 26 / 52M, Empty: 0M, Relocated: 1M, In-Place: 0
[31.342s][info   ][gc,reloc    ] GC(106) Medium Pages: 0 / 0M, Empty: 0M, Relocated: 0M, In-Place: 0
[31.342s][info   ][gc,reloc    ] GC(106) Large Pages: 1 / 6M, Empty: 0M, Relocated: 0M, In-Place: 0
[31.342s][info   ][gc,reloc    ] GC(106) Forwarding Usage: 0M
[31.342s][info   ][gc,heap     ] GC(106) Min Capacity: 8M(3%)
[31.342s][info   ][gc,heap     ] GC(106) Max Capacity: 256M(100%)
[31.342s][info   ][gc,heap     ] GC(106) Soft Max Capacity: 256M(100%)
[31.342s][info   ][gc,heap     ] GC(106)                Mark Start          Mark End        Relocate Start      Relocate End           High               Low         
[31.342s][info   ][gc,heap     ] GC(106)  Capacity:      256M (100%)        256M (100%)        256M (100%)        256M (100%)        256M (100%)        256M (100%)   
[31.343s][info   ][gc,heap     ] GC(106)      Free:      198M (77%)         198M (77%)         190M (74%)         184M (72%)         198M (77%)         182M (71%)    
[31.343s][info   ][gc,heap     ] GC(106)      Used:       58M (23%)          58M (23%)          66M (26%)          72M (28%)          74M (29%)          58M (23%)    
[31.343s][info   ][gc,heap     ] GC(106)      Live:         -                54M (21%)          54M (21%)          54M (21%)            -                  -          
[31.343s][info   ][gc,heap     ] GC(106) Allocated:         -                 0M (0%)            8M (3%)           14M (5%)             -                  -          
[31.343s][info   ][gc,heap     ] GC(106)   Garbage:         -                 3M (1%)            3M (1%)            3M (1%)             -                  -          
[31.343s][info   ][gc,heap     ] GC(106) Reclaimed:         -                  -                 0M (0%)            0M (0%)             -                  -          
[31.343s][info   ][gc          ] GC(106) Garbage Collection (Allocation Rate) 58M(23%)->72M(28%)
[31.385s][info   ][gc,start    ] GC(107) Garbage Collection (Allocation Rate)
[31.385s][info   ][gc,task     ] GC(107) Using 2 workers
[31.385s][info   ][gc,phases   ] GC(107) Pause Mark Start 0.012ms
[31.564s][info   ][gc,phases   ] GC(107) Concurrent Mark 178.849ms
[31.565s][info   ][gc,phases   ] GC(107) Pause Mark End 0.087ms
[31.566s][info   ][gc,phases   ] GC(107) Concurrent Mark Free 0.028ms
[31.576s][info   ][gc,phases   ] GC(107) Concurrent Process Non-Strong References 9.125ms
[31.577s][info   ][gc,phases   ] GC(107) Concurrent Reset Relocation Set 0.003ms
[31.592s][info   ][gc,phases   ] GC(107) Concurrent Select Relocation Set 15.340ms
[31.593s][info   ][gc,phases   ] GC(107) Pause Relocate Start 0.046ms
[31.606s][info   ][gc,phases   ] GC(107) Concurrent Relocate 11.991ms
[31.606s][info   ][gc,load     ] GC(107) Load: 0.00/0.00/0.00
[31.606s][info   ][gc,mmu      ] GC(107) MMU: 2ms/94.0%, 5ms/97.6%, 10ms/98.8%, 20ms/99.2%, 50ms/99.7%, 100ms/99.8%
[31.606s][info   ][gc,marking  ] GC(107) Mark: 2 stripe(s), 2 proactive flush(es), 1 terminate flush(es), 0 completion(s), 0 continuation(s) 
[31.606s][info   ][gc,marking  ] GC(107) Mark Stack Usage: 32M
[31.607s][info   ][gc,nmethod  ] GC(107) NMethods: 402 registered, 0 unregistered
[31.607s][info   ][gc,metaspace] GC(107) Metaspace: 0M used, 0M committed, 1032M reserved
[31.607s][info   ][gc,ref      ] GC(107) Soft: 63 encountered, 0 discovered, 0 enqueued
[31.607s][info   ][gc,ref      ] GC(107) Weak: 184 encountered, 166 discovered, 0 enqueued
[31.607s][info   ][gc,ref      ] GC(107) Final: 0 encountered, 0 discovered, 0 enqueued
[31.608s][info   ][gc,ref      ] GC(107) Phantom: 1 encountered, 0 discovered, 0 enqueued
[31.608s][info   ][gc,reloc    ] GC(107) Small Pages: 50 / 100M, Empty: 0M, Relocated: 1M, In-Place: 0
[31.608s][info   ][gc,reloc    ] GC(107) Medium Pages: 0 / 0M, Empty: 0M, Relocated: 0M, In-Place: 0
[31.608s][info   ][gc,reloc    ] GC(107) Large Pages: 1 / 6M, Empty: 0M, Relocated: 0M, In-Place: 0
[31.608s][info   ][gc,reloc    ] GC(107) Forwarding Usage: 0M
[31.609s][info   ][gc,heap     ] GC(107) Min Capacity: 8M(3%)
[31.609s][info   ][gc,heap     ] GC(107) Max Capacity: 256M(100%)
[31.609s][info   ][gc,heap     ] GC(107) Soft Max Capacity: 256M(100%)
[31.609s][info   ][gc,heap     ] GC(107)                Mark Start          Mark End        Relocate Start      Relocate End           High               Low         
[31.609s][info   ][gc,heap     ] GC(107)  Capacity:      256M (100%)        256M (100%)        256M (100%)        256M (100%)        256M (100%)        256M (100%)   
[31.609s][info   ][gc,heap     ] GC(107)      Free:      150M (59%)         102M (40%)         102M (40%)         102M (40%)         150M (59%)          98M (38%)    
[31.609s][info   ][gc,heap     ] GC(107)      Used:      106M (41%)         154M (60%)         154M (60%)         154M (60%)         158M (62%)         106M (41%)    
[31.610s][info   ][gc,heap     ] GC(107)      Live:         -               101M (40%)         101M (40%)         101M (40%)            -                  -          
[31.610s][info   ][gc,heap     ] GC(107) Allocated:         -                48M (19%)          48M (19%)          48M (19%)            -                  -          
[31.610s][info   ][gc,heap     ] GC(107)   Garbage:         -                 4M (2%)            4M (2%)            4M (2%)             -                  -          
[31.610s][info   ][gc,heap     ] GC(107) Reclaimed:         -                  -                 0M (0%)            0M (0%)             -                  -          
[31.610s][info   ][gc          ] GC(107) Garbage Collection (Allocation Rate) 106M(41%)->154M(60%)
[31.684s][info   ][gc,start    ] GC(108) Garbage Collection (Allocation Rate)
[31.684s][info   ][gc,task     ] GC(108) Using 2 workers
[31.684s][info   ][gc,phases   ] GC(108) Pause Mark Start 0.013ms
[31.718s][info   ][gc,phases   ] GC(108) Concurrent Mark 33.427ms
[31.718s][info   ][gc,phases   ] GC(108) Pause Mark End 0.016ms
[31.718s][info   ][gc,phases   ] GC(108) Concurrent Mark Free 0.001ms
[31.719s][info   ][gc,phases   ] GC(108) Concurrent Process Non-Strong References 1.140ms
[31.720s][info   ][gc,phases   ] GC(108) Concurrent Reset Relocation Set 0.001ms
[31.722s][info   ][gc,phases   ] GC(108) Concurrent Select Relocation Set 2.278ms
[31.722s][info   ][gc,phases   ] GC(108) Pause Relocate Start 0.015ms
[31.724s][info   ][gc,phases   ] GC(108) Concurrent Relocate 1.410ms
[31.724s][info   ][gc,load     ] GC(108) Load: 0.00/0.00/0.00
[31.724s][info   ][gc,mmu      ] GC(108) MMU: 2ms/94.0%, 5ms/97.6%, 10ms/98.8%, 20ms/99.2%, 50ms/99.7%, 100ms/99.8%
[31.724s][info   ][gc,marking  ] GC(108) Mark: 2 stripe(s), 2 proactive flush(es), 1 terminate flush(es), 0 completion(s), 0 continuation(s) 
[31.724s][info   ][gc,marking  ] GC(108) Mark Stack Usage: 32M
[31.724s][info   ][gc,nmethod  ] GC(108) NMethods: 402 registered, 0 unregistered
[31.724s][info   ][gc,metaspace] GC(108) Metaspace: 0M used, 0M committed, 1032M reserved
[31.724s][info   ][gc,ref      ] GC(108) Soft: 63 encountered, 0 discovered, 0 enqueued
[31.724s][info   ][gc,ref      ] GC(108) Weak: 184 encountered, 166 discovered, 0 enqueued
[31.724s][info   ][gc,ref      ] GC(108) Final: 0 encountered, 0 discovered, 0 enqueued
[31.724s][info   ][gc,ref      ] GC(108) Phantom: 1 encountered, 0 discovered, 0 enqueued
[31.724s][info   ][gc,reloc    ] GC(108) Small Pages: 84 / 168M, Empty: 140M, Relocated: 0M, In-Place: 0
[31.724s][info   ][gc,reloc    ] GC(108) Medium Pages: 0 / 0M, Empty: 0M, Relocated: 0M, In-Place: 0
[31.724s][info   ][gc,reloc    ] GC(108) Large Pages: 1 / 6M, Empty: 0M, Relocated: 0M, In-Place: 0
[31.724s][info   ][gc,reloc    ] GC(108) Forwarding Usage: 0M
[31.724s][info   ][gc,heap     ] GC(108) Min Capacity: 8M(3%)
[31.724s][info   ][gc,heap     ] GC(108) Max Capacity: 256M(100%)
[31.724s][info   ][gc,heap     ] GC(108) Soft Max Capacity: 256M(100%)
[31.724s][info   ][gc,heap     ] GC(108)                Mark Start          Mark End        Relocate Start      Relocate End           High               Low         
[31.724s][info   ][gc,heap     ] GC(108)  Capacity:      256M (100%)        256M (100%)        256M (100%)        256M (100%)        256M (100%)        256M (100%)   
[31.724s][info   ][gc,heap     ] GC(108)      Free:       82M (32%)          52M (20%)         192M (75%)         196M (77%)         196M (77%)          52M (20%)    
[31.724s][info   ][gc,heap     ] GC(108)      Used:      174M (68%)         204M (80%)          64M (25%)          60M (23%)         204M (80%)          60M (23%)    
[31.724s][info   ][gc,heap     ] GC(108)      Live:         -                25M (10%)          25M (10%)          25M (10%)            -                  -          
[31.724s][info   ][gc,heap     ] GC(108) Allocated:         -                30M (12%)          30M (12%)          30M (12%)            -                  -          
[31.724s][info   ][gc,heap     ] GC(108)   Garbage:         -               148M (58%)           8M (3%)            4M (2%)             -                  -          
[31.724s][info   ][gc,heap     ] GC(108) Reclaimed:         -                  -               140M (55%)         144M (56%)            -                  -          
[31.724s][info   ][gc          ] GC(108) Garbage Collection (Allocation Rate) 174M(68%)->60M(23%)
[31.790s][info   ][gc,start    ] GC(109) Garbage Collection (Allocation Rate)
[31.790s][info   ][gc,task     ] GC(109) Using 2 workers
[31.790s][info   ][gc,phases   ] GC(109) Pause Mark Start 0.009ms
[31.869s][info   ][gc,phases   ] GC(109) Concurrent Mark 78.718ms
[31.869s][info   ][gc,phases   ] GC(109) Pause Mark End 0.018ms
[31.869s][info   ][gc,phases   ] GC(109) Concurrent Mark Free 0.001ms
[31.870s][info   ][gc,phases   ] GC(109) Concurrent Process Non-Strong References 0.971ms
[31.870s][info   ][gc,phases   ] GC(109) Concurrent Reset Relocation Set 0.002ms
[31.873s][info   ][gc,phases   ] GC(109) Concurrent Select Relocation Set 2.791ms
[31.873s][info   ][gc,phases   ] GC(109) Pause Relocate Start 0.014ms
[31.875s][info   ][gc,phases   ] GC(109) Concurrent Relocate 1.723ms
[31.875s][info   ][gc,load     ] GC(109) Load: 0.00/0.00/0.00
[31.875s][info   ][gc,mmu      ] GC(109) MMU: 2ms/94.0%, 5ms/97.6%, 10ms/98.8%, 20ms/99.2%, 50ms/99.7%, 100ms/99.8%
[31.875s][info   ][gc,marking  ] GC(109) Mark: 2 stripe(s), 5 proactive flush(es), 1 terminate flush(es), 0 completion(s), 0 continuation(s) 
[31.876s][info   ][gc,marking  ] GC(109) Mark Stack Usage: 32M
[31.876s][info   ][gc,nmethod  ] GC(109) NMethods: 402 registered, 0 unregistered
[31.876s][info   ][gc,metaspace] GC(109) Metaspace: 0M used, 0M committed, 1032M reserved
[31.876s][info   ][gc,ref      ] GC(109) Soft: 63 encountered, 0 discovered, 0 enqueued
[31.876s][info   ][gc,ref      ] GC(109) Weak: 184 encountered, 166 discovered, 0 enqueued
[31.876s][info   ][gc,ref      ] GC(109) Final: 0 encountered, 0 discovered, 0 enqueued
[31.876s][info   ][gc,ref      ] GC(109) Phantom: 1 encountered, 0 discovered, 0 enqueued
[31.876s][info   ][gc,reloc    ] GC(109) Small Pages: 50 / 100M, Empty: 0M, Relocated: 0M, In-Place: 0
[31.876s][info   ][gc,reloc    ] GC(109) Medium Pages: 0 / 0M, Empty: 0M, Relocated: 0M, In-Place: 0
[31.876s][info   ][gc,reloc    ] GC(109) Large Pages: 1 / 6M, Empty: 0M, Relocated: 0M, In-Place: 0
[31.876s][info   ][gc,reloc    ] GC(109) Forwarding Usage: 0M
[31.876s][info   ][gc,heap     ] GC(109) Min Capacity: 8M(3%)
[31.876s][info   ][gc,heap     ] GC(109) Max Capacity: 256M(100%)
[31.876s][info   ][gc,heap     ] GC(109) Soft Max Capacity: 256M(100%)
[31.876s][info   ][gc,heap     ] GC(109)                Mark Start          Mark End        Relocate Start      Relocate End           High               Low         
[31.876s][info   ][gc,heap     ] GC(109)  Capacity:      256M (100%)        256M (100%)        256M (100%)        256M (100%)        256M (100%)        256M (100%)   
[31.876s][info   ][gc,heap     ] GC(109)      Free:      150M (59%)         102M (40%)         102M (40%)         102M (40%)         150M (59%)          98M (38%)    
[31.876s][info   ][gc,heap     ] GC(109)      Used:      106M (41%)         154M (60%)         154M (60%)         154M (60%)         158M (62%)         106M (41%)    
[31.876s][info   ][gc,heap     ] GC(109)      Live:         -               101M (40%)         101M (40%)         101M (40%)            -                  -          
[31.876s][info   ][gc,heap     ] GC(109) Allocated:         -                48M (19%)          48M (19%)          48M (19%)            -                  -          
[31.876s][info   ][gc,heap     ] GC(109)   Garbage:         -                 4M (2%)            4M (2%)            4M (2%)             -                  -          
[31.876s][info   ][gc,heap     ] GC(109) Reclaimed:         -                  -                 0M (0%)            0M (0%)             -                  -          
[31.876s][info   ][gc          ] GC(109) Garbage Collection (Allocation Rate) 106M(41%)->154M(60%)
[31.884s][info   ][gc,start    ] GC(110) Garbage Collection (Allocation Rate)
[31.884s][info   ][gc,task     ] GC(110) Using 2 workers
[31.884s][info   ][gc,phases   ] GC(110) Pause Mark Start 0.013ms
[32.043s][info   ][gc,phases   ] GC(110) Concurrent Mark 158.553ms
[32.043s][info   ][gc,phases   ] GC(110) Pause Mark End 0.028ms
[32.043s][info   ][gc,phases   ] GC(110) Concurrent Mark Free 0.001ms
[32.045s][info   ][gc,phases   ] GC(110) Concurrent Process Non-Strong References 1.213ms
[32.045s][info   ][gc,phases   ] GC(110) Concurrent Reset Relocation Set 0.002ms
[32.050s][info   ][gc,phases   ] GC(110) Concurrent Select Relocation Set 5.185ms
[32.051s][info   ][gc,phases   ] GC(110) Pause Relocate Start 0.056ms
[32.057s][info   ][gc,phases   ] GC(110) Concurrent Relocate 6.186ms
[32.057s][info   ][gc,load     ] GC(110) Load: 0.00/0.00/0.00
[32.057s][info   ][gc,mmu      ] GC(110) MMU: 2ms/94.0%, 5ms/97.6%, 10ms/98.8%, 20ms/99.2%, 50ms/99.7%, 100ms/99.8%
[32.057s][info   ][gc,marking  ] GC(110) Mark: 2 stripe(s), 2 proactive flush(es), 1 terminate flush(es), 0 completion(s), 0 continuation(s) 
[32.057s][info   ][gc,marking  ] GC(110) Mark Stack Usage: 32M
[32.057s][info   ][gc,nmethod  ] GC(110) NMethods: 402 registered, 0 unregistered
[32.057s][info   ][gc,metaspace] GC(110) Metaspace: 0M used, 0M committed, 1032M reserved
[32.058s][info   ][gc,ref      ] GC(110) Soft: 63 encountered, 0 discovered, 0 enqueued
[32.058s][info   ][gc,ref      ] GC(110) Weak: 184 encountered, 166 discovered, 0 enqueued
[32.058s][info   ][gc,ref      ] GC(110) Final: 0 encountered, 0 discovered, 0 enqueued
[32.058s][info   ][gc,ref      ] GC(110) Phantom: 1 encountered, 0 discovered, 0 enqueued
[32.058s][info   ][gc,reloc    ] GC(110) Small Pages: 74 / 148M, Empty: 0M, Relocated: 4M, In-Place: 0
[32.058s][info   ][gc,reloc    ] GC(110) Medium Pages: 0 / 0M, Empty: 0M, Relocated: 0M, In-Place: 0
[32.058s][info   ][gc,reloc    ] GC(110) Large Pages: 1 / 6M, Empty: 0M, Relocated: 0M, In-Place: 0
[32.058s][info   ][gc,reloc    ] GC(110) Forwarding Usage: 1M
[32.058s][info   ][gc,heap     ] GC(110) Min Capacity: 8M(3%)
[32.058s][info   ][gc,heap     ] GC(110) Max Capacity: 256M(100%)
[32.058s][info   ][gc,heap     ] GC(110) Soft Max Capacity: 256M(100%)
[32.058s][info   ][gc,heap     ] GC(110)                Mark Start          Mark End        Relocate Start      Relocate End           High               Low         
[32.058s][info   ][gc,heap     ] GC(110)  Capacity:      256M (100%)        256M (100%)        256M (100%)        256M (100%)        256M (100%)        256M (100%)   
[32.058s][info   ][gc,heap     ] GC(110)      Free:      102M (40%)          54M (21%)          54M (21%)          58M (23%)         102M (40%)          50M (20%)    
[32.058s][info   ][gc,heap     ] GC(110)      Used:      154M (60%)         202M (79%)         202M (79%)         198M (77%)         206M (80%)         154M (60%)    
[32.058s][info   ][gc,heap     ] GC(110)      Live:         -               146M (57%)         146M (57%)         146M (57%)            -                  -          
[32.058s][info   ][gc,heap     ] GC(110) Allocated:         -                48M (19%)          48M (19%)          48M (19%)            -                  -          
[32.058s][info   ][gc,heap     ] GC(110)   Garbage:         -                 7M (3%)            7M (3%)            3M (1%)             -                  -          
[32.058s][info   ][gc,heap     ] GC(110) Reclaimed:         -                  -                 0M (0%)            4M (2%)             -                  -          
[32.058s][info   ][gc          ] GC(110) Garbage Collection (Allocation Rate) 154M(60%)->198M(77%)
[32.091s][info   ][gc,start    ] GC(111) Garbage Collection (Allocation Rate)
[32.091s][info   ][gc,task     ] GC(111) Using 2 workers
[32.091s][info   ][gc,phases   ] GC(111) Pause Mark Start 0.011ms
[32.096s][info   ][gc,phases   ] GC(111) Concurrent Mark 4.610ms
[32.096s][info   ][gc,phases   ] GC(111) Pause Mark End 0.013ms
[32.096s][info   ][gc,phases   ] GC(111) Concurrent Mark Free 0.001ms
[32.097s][info   ][gc,phases   ] GC(111) Concurrent Process Non-Strong References 1.154ms
[32.097s][info   ][gc,phases   ] GC(111) Concurrent Reset Relocation Set 0.002ms
[32.101s][info   ][gc,phases   ] GC(111) Concurrent Select Relocation Set 3.939ms
[32.102s][info   ][gc,phases   ] GC(111) Pause Relocate Start 0.013ms
[32.104s][info   ][gc,phases   ] GC(111) Concurrent Relocate 1.836ms
[32.104s][info   ][gc,load     ] GC(111) Load: 0.00/0.00/0.00
[32.104s][info   ][gc,mmu      ] GC(111) MMU: 2ms/94.0%, 5ms/97.6%, 10ms/98.8%, 20ms/99.2%, 50ms/99.7%, 100ms/99.8%
[32.104s][info   ][gc,marking  ] GC(111) Mark: 2 stripe(s), 1 proactive flush(es), 1 terminate flush(es), 0 completion(s), 0 continuation(s) 
[32.104s][info   ][gc,marking  ] GC(111) Mark Stack Usage: 32M
[32.104s][info   ][gc,nmethod  ] GC(111) NMethods: 402 registered, 0 unregistered
[32.104s][info   ][gc,metaspace] GC(111) Metaspace: 0M used, 0M committed, 1032M reserved
[32.104s][info   ][gc,ref      ] GC(111) Soft: 63 encountered, 0 discovered, 0 enqueued
[32.104s][info   ][gc,ref      ] GC(111) Weak: 184 encountered, 0 discovered, 0 enqueued
[32.104s][info   ][gc,ref      ] GC(111) Final: 0 encountered, 0 discovered, 0 enqueued
[32.104s][info   ][gc,ref      ] GC(111) Phantom: 1 encountered, 0 discovered, 0 enqueued
[32.104s][info   ][gc,reloc    ] GC(111) Small Pages: 96 / 192M, Empty: 186M, Relocated: 1M, In-Place: 0
[32.104s][info   ][gc,reloc    ] GC(111) Medium Pages: 0 / 0M, Empty: 0M, Relocated: 0M, In-Place: 0
[32.104s][info   ][gc,reloc    ] GC(111) Large Pages: 1 / 6M, Empty: 0M, Relocated: 0M, In-Place: 0
[32.104s][info   ][gc,reloc    ] GC(111) Forwarding Usage: 0M
[32.104s][info   ][gc,heap     ] GC(111) Min Capacity: 8M(3%)
[32.104s][info   ][gc,heap     ] GC(111) Max Capacity: 256M(100%)
[32.104s][info   ][gc,heap     ] GC(111) Soft Max Capacity: 256M(100%)
[32.104s][info   ][gc,heap     ] GC(111)                Mark Start          Mark End        Relocate Start      Relocate End           High               Low         
[32.104s][info   ][gc,heap     ] GC(111)  Capacity:      256M (100%)        256M (100%)        256M (100%)        256M (100%)        256M (100%)        256M (100%)   
[32.104s][info   ][gc,heap     ] GC(111)      Free:       58M (23%)          58M (23%)         244M (95%)         246M (96%)         246M (96%)          58M (23%)    
[32.104s][info   ][gc,heap     ] GC(111)      Used:      198M (77%)         198M (77%)          12M (5%)           10M (4%)          198M (77%)          10M (4%)     
[32.104s][info   ][gc,heap     ] GC(111)      Live:         -                 7M (3%)            7M (3%)            7M (3%)             -                  -          
[32.104s][info   ][gc,heap     ] GC(111) Allocated:         -                 0M (0%)            0M (0%)            0M (0%)             -                  -          
[32.104s][info   ][gc,heap     ] GC(111)   Garbage:         -               190M (75%)           4M (2%)            2M (1%)             -                  -          
[32.104s][info   ][gc,heap     ] GC(111) Reclaimed:         -                  -               186M (73%)         188M (73%)            -                  -          
[32.104s][info   ][gc          ] GC(111) Garbage Collection (Allocation Rate) 198M(77%)->10M(4%)
[32.384s][info   ][gc,start    ] GC(112) Garbage Collection (Allocation Rate)
[32.384s][info   ][gc,task     ] GC(112) Using 2 workers
[32.384s][info   ][gc,phases   ] GC(112) Pause Mark Start 0.013ms
[32.455s][info   ][gc,phases   ] GC(112) Concurrent Mark 70.641ms
[32.455s][info   ][gc,phases   ] GC(112) Pause Mark End 0.020ms
[32.455s][info   ][gc,phases   ] GC(112) Concurrent Mark Free 0.002ms
[32.457s][info   ][gc,phases   ] GC(112) Concurrent Process Non-Strong References 1.627ms
[32.457s][info   ][gc,phases   ] GC(112) Concurrent Reset Relocation Set 0.002ms
[32.461s][info   ][gc,phases   ] GC(112) Concurrent Select Relocation Set 4.211ms
[32.462s][info   ][gc,phases   ] GC(112) Pause Relocate Start 0.022ms
[32.469s][info   ][gc,phases   ] GC(112) Concurrent Relocate 6.795ms
[32.469s][info   ][gc,load     ] GC(112) Load: 0.00/0.00/0.00
[32.469s][info   ][gc,mmu      ] GC(112) MMU: 2ms/94.0%, 5ms/97.6%, 10ms/98.8%, 20ms/99.2%, 50ms/99.7%, 100ms/99.8%
[32.469s][info   ][gc,marking  ] GC(112) Mark: 2 stripe(s), 1 proactive flush(es), 1 terminate flush(es), 0 completion(s), 0 continuation(s) 
[32.469s][info   ][gc,marking  ] GC(112) Mark Stack Usage: 32M
[32.469s][info   ][gc,nmethod  ] GC(112) NMethods: 402 registered, 0 unregistered
[32.469s][info   ][gc,metaspace] GC(112) Metaspace: 0M used, 0M committed, 1032M reserved
[32.469s][info   ][gc,ref      ] GC(112) Soft: 63 encountered, 0 discovered, 0 enqueued
[32.469s][info   ][gc,ref      ] GC(112) Weak: 184 encountered, 71 discovered, 0 enqueued
[32.469s][info   ][gc,ref      ] GC(112) Final: 0 encountered, 0 discovered, 0 enqueued
[32.469s][info   ][gc,ref      ] GC(112) Phantom: 1 encountered, 0 discovered, 0 enqueued
[32.469s][info   ][gc,reloc    ] GC(112) Small Pages: 50 / 100M, Empty: 18M, Relocated: 3M, In-Place: 0
[32.469s][info   ][gc,reloc    ] GC(112) Medium Pages: 0 / 0M, Empty: 0M, Relocated: 0M, In-Place: 0
[32.469s][info   ][gc,reloc    ] GC(112) Large Pages: 1 / 6M, Empty: 0M, Relocated: 0M, In-Place: 0
[32.469s][info   ][gc,reloc    ] GC(112) Forwarding Usage: 1M
[32.470s][info   ][gc,heap     ] GC(112) Min Capacity: 8M(3%)
[32.470s][info   ][gc,heap     ] GC(112) Max Capacity: 256M(100%)
[32.470s][info   ][gc,heap     ] GC(112) Soft Max Capacity: 256M(100%)
[32.470s][info   ][gc,heap     ] GC(112)                Mark Start          Mark End        Relocate Start      Relocate End           High               Low         
[32.470s][info   ][gc,heap     ] GC(112)  Capacity:      256M (100%)        256M (100%)        256M (100%)        256M (100%)        256M (100%)        256M (100%)   
[32.470s][info   ][gc,heap     ] GC(112)      Free:      150M (59%)         148M (58%)         166M (65%)         180M (70%)         180M (70%)         148M (58%)    
[32.470s][info   ][gc,heap     ] GC(112)      Used:      106M (41%)         108M (42%)          90M (35%)          76M (30%)         108M (42%)          76M (30%)    
[32.470s][info   ][gc,heap     ] GC(112)      Live:         -                71M (28%)          71M (28%)          71M (28%)            -                  -          
[32.470s][info   ][gc,heap     ] GC(112) Allocated:         -                 2M (1%)            2M (1%)            2M (1%)             -                  -          
[32.470s][info   ][gc,heap     ] GC(112)   Garbage:         -                34M (14%)          16M (7%)            2M (1%)             -                  -          
[32.470s][info   ][gc,heap     ] GC(112) Reclaimed:         -                  -                18M (7%)           32M (12%)            -                  -          
[32.470s][info   ][gc          ] GC(112) Garbage Collection (Allocation Rate) 106M(41%)->76M(30%)
[32.584s][info   ][gc,start    ] GC(113) Garbage Collection (Allocation Rate)
[32.584s][info   ][gc,task     ] GC(113) Using 2 workers
[32.584s][info   ][gc,phases   ] GC(113) Pause Mark Start 0.010ms
[32.633s][info   ][gc,phases   ] GC(113) Concurrent Mark 48.682ms
[32.633s][info   ][gc,phases   ] GC(113) Pause Mark End 0.019ms
[32.633s][info   ][gc,phases   ] GC(113) Concurrent Mark Free 0.001ms
[32.634s][info   ][gc,phases   ] GC(113) Concurrent Process Non-Strong References 1.022ms
[32.634s][info   ][gc,phases   ] GC(113) Concurrent Reset Relocation Set 0.002ms
[32.637s][info   ][gc,phases   ] GC(113) Concurrent Select Relocation Set 2.207ms
[32.637s][info   ][gc,phases   ] GC(113) Pause Relocate Start 0.010ms
[32.637s][info   ][gc,phases   ] GC(113) Concurrent Relocate 0.035ms
[32.637s][info   ][gc,load     ] GC(113) Load: 0.00/0.00/0.00
[32.637s][info   ][gc,mmu      ] GC(113) MMU: 2ms/94.0%, 5ms/97.6%, 10ms/98.8%, 20ms/99.2%, 50ms/99.7%, 100ms/99.8%
[32.637s][info   ][gc,marking  ] GC(113) Mark: 2 stripe(s), 1 proactive flush(es), 1 terminate flush(es), 0 completion(s), 0 continuation(s) 
[32.637s][info   ][gc,marking  ] GC(113) Mark Stack Usage: 32M
[32.637s][info   ][gc,nmethod  ] GC(113) NMethods: 402 registered, 0 unregistered
[32.637s][info   ][gc,metaspace] GC(113) Metaspace: 0M used, 0M committed, 1032M reserved
[32.637s][info   ][gc,ref      ] GC(113) Soft: 63 encountered, 0 discovered, 0 enqueued
[32.637s][info   ][gc,ref      ] GC(113) Weak: 184 encountered, 0 discovered, 0 enqueued
[32.637s][info   ][gc,ref      ] GC(113) Final: 0 encountered, 0 discovered, 0 enqueued
[32.637s][info   ][gc,ref      ] GC(113) Phantom: 1 encountered, 0 discovered, 0 enqueued
[32.637s][info   ][gc,reloc    ] GC(113) Small Pages: 58 / 116M, Empty: 66M, Relocated: 0M, In-Place: 0
[32.637s][info   ][gc,reloc    ] GC(113) Medium Pages: 0 / 0M, Empty: 0M, Relocated: 0M, In-Place: 0
[32.637s][info   ][gc,reloc    ] GC(113) Large Pages: 1 / 6M, Empty: 0M, Relocated: 0M, In-Place: 0
[32.637s][info   ][gc,reloc    ] GC(113) Forwarding Usage: 0M
[32.637s][info   ][gc,heap     ] GC(113) Min Capacity: 8M(3%)
[32.637s][info   ][gc,heap     ] GC(113) Max Capacity: 256M(100%)
[32.637s][info   ][gc,heap     ] GC(113) Soft Max Capacity: 256M(100%)
[32.637s][info   ][gc,heap     ] GC(113)                Mark Start          Mark End        Relocate Start      Relocate End           High               Low         
[32.637s][info   ][gc,heap     ] GC(113)  Capacity:      256M (100%)        256M (100%)        256M (100%)        256M (100%)        256M (100%)        256M (100%)   
[32.637s][info   ][gc,heap     ] GC(113)      Free:      134M (52%)          90M (35%)         152M (59%)         152M (59%)         152M (59%)          86M (34%)    
[32.637s][info   ][gc,heap     ] GC(113)      Used:      122M (48%)         166M (65%)         104M (41%)         104M (41%)         170M (66%)         104M (41%)    
[32.637s][info   ][gc,heap     ] GC(113)      Live:         -                54M (21%)          54M (21%)          54M (21%)            -                  -          
[32.637s][info   ][gc,heap     ] GC(113) Allocated:         -                44M (17%)          48M (19%)          48M (19%)            -                  -          
[32.638s][info   ][gc,heap     ] GC(113)   Garbage:         -                67M (26%)           1M (1%)            1M (1%)             -                  -          
[32.638s][info   ][gc,heap     ] GC(113) Reclaimed:         -                  -                66M (26%)          66M (26%)            -                  -          
[32.638s][info   ][gc          ] GC(113) Garbage Collection (Allocation Rate) 122M(48%)->104M(41%)
[32.998s][info   ][gc,start    ] GC(114) Garbage Collection (Allocation Rate)
[32.998s][info   ][gc,task     ] GC(114) Using 2 workers
[32.999s][info   ][gc,phases   ] GC(114) Pause Mark Start 0.026ms
[33.071s][info   ][gc,phases   ] GC(114) Concurrent Mark 72.246ms
[33.071s][info   ][gc,phases   ] GC(114) Pause Mark End 0.016ms
[33.071s][info   ][gc,phases   ] GC(114) Concurrent Mark Free 0.001ms
[33.072s][info   ][gc,phases   ] GC(114) Concurrent Process Non-Strong References 0.953ms
[33.072s][info   ][gc,phases   ] GC(114) Concurrent Reset Relocation Set 0.001ms
[33.075s][info   ][gc,phases   ] GC(114) Concurrent Select Relocation Set 2.586ms
[33.075s][info   ][gc,phases   ] GC(114) Pause Relocate Start 0.013ms
[33.077s][info   ][gc,phases   ] GC(114) Concurrent Relocate 1.599ms
[33.077s][info   ][gc,load     ] GC(114) Load: 0.00/0.00/0.00
[33.077s][info   ][gc,mmu      ] GC(114) MMU: 2ms/94.0%, 5ms/97.6%, 10ms/98.8%, 20ms/99.2%, 50ms/99.7%, 100ms/99.8%
[33.077s][info   ][gc,marking  ] GC(114) Mark: 2 stripe(s), 1 proactive flush(es), 1 terminate flush(es), 0 completion(s), 0 continuation(s) 
[33.077s][info   ][gc,marking  ] GC(114) Mark Stack Usage: 32M
[33.077s][info   ][gc,nmethod  ] GC(114) NMethods: 402 registered, 0 unregistered
[33.077s][info   ][gc,metaspace] GC(114) Metaspace: 0M used, 0M committed, 1032M reserved
[33.077s][info   ][gc,ref      ] GC(114) Soft: 63 encountered, 0 discovered, 0 enqueued
[33.077s][info   ][gc,ref      ] GC(114) Weak: 184 encountered, 0 discovered, 0 enqueued
[33.077s][info   ][gc,ref      ] GC(114) Final: 0 encountered, 0 discovered, 0 enqueued
[33.077s][info   ][gc,ref      ] GC(114) Phantom: 1 encountered, 0 discovered, 0 enqueued
[33.077s][info   ][gc,reloc    ] GC(114) Small Pages: 73 / 146M, Empty: 94M, Relocated: 1M, In-Place: 0
[33.077s][info   ][gc,reloc    ] GC(114) Medium Pages: 0 / 0M, Empty: 0M, Relocated: 0M, In-Place: 0
[33.077s][info   ][gc,reloc    ] GC(114) Large Pages: 1 / 6M, Empty: 0M, Relocated: 0M, In-Place: 0
[33.077s][info   ][gc,reloc    ] GC(114) Forwarding Usage: 0M
[33.077s][info   ][gc,heap     ] GC(114) Min Capacity: 8M(3%)
[33.077s][info   ][gc,heap     ] GC(114) Max Capacity: 256M(100%)
[33.077s][info   ][gc,heap     ] GC(114) Soft Max Capacity: 256M(100%)
[33.078s][info   ][gc,heap     ] GC(114)                Mark Start          Mark End        Relocate Start      Relocate End           High               Low         
[33.078s][info   ][gc,heap     ] GC(114)  Capacity:      256M (100%)        256M (100%)        256M (100%)        256M (100%)        256M (100%)        256M (100%)   
[33.078s][info   ][gc,heap     ] GC(114)      Free:      104M (41%)          56M (22%)         150M (59%)         150M (59%)         150M (59%)          56M (22%)    
[33.078s][info   ][gc,heap     ] GC(114)      Used:      152M (59%)         200M (78%)         106M (41%)         106M (41%)         200M (78%)         106M (41%)    
[33.078s][info   ][gc,heap     ] GC(114)      Live:         -                54M (21%)          54M (21%)          54M (21%)            -                  -          
[33.078s][info   ][gc,heap     ] GC(114) Allocated:         -                48M (19%)          48M (19%)          48M (19%)            -                  -          
[33.078s][info   ][gc,heap     ] GC(114)   Garbage:         -                97M (38%)           3M (1%)            3M (1%)             -                  -          
[33.078s][info   ][gc,heap     ] GC(114) Reclaimed:         -                  -                94M (37%)          94M (37%)            -                  -          
[33.078s][info   ][gc          ] GC(114) Garbage Collection (Allocation Rate) 152M(59%)->106M(41%)
[33.584s][info   ][gc,start    ] GC(115) Garbage Collection (Allocation Rate)
[33.584s][info   ][gc,task     ] GC(115) Using 2 workers
[33.585s][info   ][gc,phases   ] GC(115) Pause Mark Start 0.015ms
[33.610s][info   ][gc,phases   ] GC(115) Concurrent Mark 25.282ms
[33.611s][info   ][gc,phases   ] GC(115) Pause Mark End 0.030ms
[33.611s][info   ][gc,phases   ] GC(115) Concurrent Mark Free 0.002ms
[33.612s][info   ][gc,phases   ] GC(115) Concurrent Process Non-Strong References 1.338ms
[33.612s][info   ][gc,phases   ] GC(115) Concurrent Reset Relocation Set 0.002ms
[33.618s][info   ][gc,phases   ] GC(115) Concurrent Select Relocation Set 5.597ms
[33.619s][info   ][gc,phases   ] GC(115) Pause Relocate Start 0.022ms
[33.632s][info   ][gc,phases   ] GC(115) Concurrent Relocate 13.636ms
[33.633s][info   ][gc,load     ] GC(115) Load: 0.00/0.00/0.00
[33.633s][info   ][gc,mmu      ] GC(115) MMU: 2ms/94.0%, 5ms/97.6%, 10ms/98.8%, 20ms/99.2%, 50ms/99.7%, 100ms/99.8%
[33.633s][info   ][gc,marking  ] GC(115) Mark: 2 stripe(s), 2 proactive flush(es), 1 terminate flush(es), 0 completion(s), 0 continuation(s) 
[33.633s][info   ][gc,marking  ] GC(115) Mark Stack Usage: 32M
[33.633s][info   ][gc,nmethod  ] GC(115) NMethods: 402 registered, 0 unregistered
[33.633s][info   ][gc,metaspace] GC(115) Metaspace: 0M used, 0M committed, 1032M reserved
[33.633s][info   ][gc,ref      ] GC(115) Soft: 63 encountered, 0 discovered, 0 enqueued
[33.633s][info   ][gc,ref      ] GC(115) Weak: 184 encountered, 6 discovered, 0 enqueued
[33.633s][info   ][gc,ref      ] GC(115) Final: 0 encountered, 0 discovered, 0 enqueued
[33.633s][info   ][gc,ref      ] GC(115) Phantom: 1 encountered, 0 discovered, 0 enqueued
[33.633s][info   ][gc,reloc    ] GC(115) Small Pages: 70 / 140M, Empty: 114M, Relocated: 6M, In-Place: 0
[33.633s][info   ][gc,reloc    ] GC(115) Medium Pages: 0 / 0M, Empty: 0M, Relocated: 0M, In-Place: 0
[33.633s][info   ][gc,reloc    ] GC(115) Large Pages: 1 / 6M, Empty: 0M, Relocated: 0M, In-Place: 0
[33.633s][info   ][gc,reloc    ] GC(115) Forwarding Usage: 2M
[33.633s][info   ][gc,heap     ] GC(115) Min Capacity: 8M(3%)
[33.633s][info   ][gc,heap     ] GC(115) Max Capacity: 256M(100%)
[33.633s][info   ][gc,heap     ] GC(115) Soft Max Capacity: 256M(100%)
[33.633s][info   ][gc,heap     ] GC(115)                Mark Start          Mark End        Relocate Start      Relocate End           High               Low         
[33.633s][info   ][gc,heap     ] GC(115)  Capacity:      256M (100%)        256M (100%)        256M (100%)        256M (100%)        256M (100%)        256M (100%)   
[33.633s][info   ][gc,heap     ] GC(115)      Free:      110M (43%)         102M (40%)         216M (84%)         234M (91%)         234M (91%)         102M (40%)    
[33.633s][info   ][gc,heap     ] GC(115)      Used:      146M (57%)         154M (60%)          40M (16%)          22M (9%)          154M (60%)          22M (9%)     
[33.633s][info   ][gc,heap     ] GC(115)      Live:         -                12M (5%)           12M (5%)           12M (5%)             -                  -          
[33.633s][info   ][gc,heap     ] GC(115) Allocated:         -                 8M (3%)            8M (3%)            8M (3%)             -                  -          
[33.633s][info   ][gc,heap     ] GC(115)   Garbage:         -               133M (52%)          19M (8%)            1M (0%)             -                  -          
[33.634s][info   ][gc,heap     ] GC(115) Reclaimed:         -                  -               114M (45%)         132M (52%)            -                  -          
[33.634s][info   ][gc          ] GC(115) Garbage Collection (Allocation Rate) 146M(57%)->22M(9%)
[33.890s][info   ][gc,start    ] GC(116) Garbage Collection (Allocation Rate)
[33.890s][info   ][gc,task     ] GC(116) Using 2 workers
[33.891s][info   ][gc,phases   ] GC(116) Pause Mark Start 0.019ms
[34.034s][info   ][gc,phases   ] GC(116) Concurrent Mark 143.462ms
[34.034s][info   ][gc,phases   ] GC(116) Pause Mark End 0.021ms
[34.035s][info   ][gc,phases   ] GC(116) Concurrent Mark Free 0.002ms
[34.036s][info   ][gc,phases   ] GC(116) Concurrent Process Non-Strong References 1.259ms
[34.036s][info   ][gc,phases   ] GC(116) Concurrent Reset Relocation Set 0.003ms
[34.038s][info   ][gc          ] Allocation Stall (main) 27.416ms
[34.039s][info   ][gc,phases   ] GC(116) Concurrent Select Relocation Set 2.685ms
[34.039s][info   ][gc,phases   ] GC(116) Pause Relocate Start 0.012ms
[34.041s][info   ][gc,phases   ] GC(116) Concurrent Relocate 2.317ms
[34.041s][info   ][gc,load     ] GC(116) Load: 0.00/0.00/0.00
[34.042s][info   ][gc,mmu      ] GC(116) MMU: 2ms/94.0%, 5ms/97.6%, 10ms/98.8%, 20ms/99.2%, 50ms/99.7%, 100ms/99.8%
[34.042s][info   ][gc,marking  ] GC(116) Mark: 2 stripe(s), 3 proactive flush(es), 1 terminate flush(es), 0 completion(s), 0 continuation(s) 
[34.042s][info   ][gc,marking  ] GC(116) Mark Stack Usage: 32M
[34.042s][info   ][gc,nmethod  ] GC(116) NMethods: 402 registered, 0 unregistered
[34.042s][info   ][gc,metaspace] GC(116) Metaspace: 0M used, 0M committed, 1032M reserved
[34.042s][info   ][gc,ref      ] GC(116) Soft: 63 encountered, 0 discovered, 0 enqueued
[34.042s][info   ][gc,ref      ] GC(116) Weak: 184 encountered, 0 discovered, 0 enqueued
[34.042s][info   ][gc,ref      ] GC(116) Final: 0 encountered, 0 discovered, 0 enqueued
[34.042s][info   ][gc,ref      ] GC(116) Phantom: 1 encountered, 0 discovered, 0 enqueued
[34.042s][info   ][gc,reloc    ] GC(116) Small Pages: 97 / 194M, Empty: 12M, Relocated: 1M, In-Place: 0
[34.042s][info   ][gc,reloc    ] GC(116) Medium Pages: 0 / 0M, Empty: 0M, Relocated: 0M, In-Place: 0
[34.042s][info   ][gc,reloc    ] GC(116) Large Pages: 1 / 6M, Empty: 0M, Relocated: 0M, In-Place: 0
[34.042s][info   ][gc,reloc    ] GC(116) Forwarding Usage: 0M
[34.042s][info   ][gc,heap     ] GC(116) Min Capacity: 8M(3%)
[34.042s][info   ][gc,heap     ] GC(116) Max Capacity: 256M(100%)
[34.042s][info   ][gc,heap     ] GC(116) Soft Max Capacity: 256M(100%)
[34.042s][info   ][gc,heap     ] GC(116)                Mark Start          Mark End        Relocate Start      Relocate End           High               Low         
[34.042s][info   ][gc,heap     ] GC(116)  Capacity:      256M (100%)        256M (100%)        256M (100%)        256M (100%)        256M (100%)        256M (100%)   
[34.042s][info   ][gc,heap     ] GC(116)      Free:       56M (22%)           0M (0%)           10M (4%)            8M (3%)           56M (22%)           0M (0%)     
[34.042s][info   ][gc,heap     ] GC(116)      Used:      200M (78%)         256M (100%)        246M (96%)         248M (97%)         256M (100%)        200M (78%)    
[34.042s][info   ][gc,heap     ] GC(116)      Live:         -               183M (72%)         183M (72%)         183M (72%)            -                  -          
[34.042s][info   ][gc,heap     ] GC(116) Allocated:         -                56M (22%)          58M (23%)          60M (23%)            -                  -          
[34.042s][info   ][gc,heap     ] GC(116)   Garbage:         -                16M (6%)            4M (2%)            4M (2%)             -                  -          
[34.042s][info   ][gc,heap     ] GC(116) Reclaimed:         -                  -                12M (5%)           12M (5%)             -                  -          
[34.042s][info   ][gc          ] GC(116) Garbage Collection (Allocation Rate) 200M(78%)->248M(97%)
[34.098s][info   ][gc,start    ] GC(117) Garbage Collection (Allocation Stall)
[34.098s][info   ][gc,ref      ] GC(117) Clearing All SoftReferences
[34.098s][info   ][gc,task     ] GC(117) Using 2 workers
[34.099s][info   ][gc,phases   ] GC(117) Pause Mark Start 0.029ms
[34.337s][info   ][gc,phases   ] GC(117) Concurrent Mark 238.486ms
[34.338s][info   ][gc,phases   ] GC(117) Pause Mark End 0.020ms
[34.338s][info   ][gc,phases   ] GC(117) Concurrent Mark Free 0.001ms
[34.339s][info   ][gc,phases   ] GC(117) Concurrent Process Non-Strong References 1.150ms
[34.339s][info   ][gc,phases   ] GC(117) Concurrent Reset Relocation Set 0.002ms
[34.342s][info   ][gc,phases   ] GC(117) Concurrent Select Relocation Set 3.127ms
[34.343s][info   ][gc,phases   ] GC(117) Pause Relocate Start 0.015ms
[34.345s][info   ][gc,phases   ] GC(117) Concurrent Relocate 2.772ms
[34.345s][info   ][gc          ] Allocation Stall (main) 245.762ms
[34.346s][info   ][gc,load     ] GC(117) Load: 0.00/0.00/0.00
[34.346s][info   ][gc,mmu      ] GC(117) MMU: 2ms/94.0%, 5ms/97.6%, 10ms/98.8%, 20ms/99.2%, 50ms/99.7%, 100ms/99.8%
[34.346s][info   ][gc,marking  ] GC(117) Mark: 2 stripe(s), 2 proactive flush(es), 1 terminate flush(es), 0 completion(s), 0 continuation(s) 
[34.346s][info   ][gc,marking  ] GC(117) Mark Stack Usage: 32M
[34.346s][info   ][gc,nmethod  ] GC(117) NMethods: 402 registered, 0 unregistered
[34.346s][info   ][gc,metaspace] GC(117) Metaspace: 0M used, 0M committed, 1032M reserved
[34.346s][info   ][gc,ref      ] GC(117) Soft: 63 encountered, 24 discovered, 0 enqueued
[34.346s][info   ][gc,ref      ] GC(117) Weak: 184 encountered, 0 discovered, 0 enqueued
[34.346s][info   ][gc,ref      ] GC(117) Final: 0 encountered, 0 discovered, 0 enqueued
[34.346s][info   ][gc,ref      ] GC(117) Phantom: 1 encountered, 0 discovered, 0 enqueued
[34.346s][info   ][gc,reloc    ] GC(117) Small Pages: 124 / 248M, Empty: 0M, Relocated: 1M, In-Place: 2
[34.346s][info   ][gc,reloc    ] GC(117) Medium Pages: 0 / 0M, Empty: 0M, Relocated: 0M, In-Place: 0
[34.346s][info   ][gc,reloc    ] GC(117) Large Pages: 1 / 6M, Empty: 0M, Relocated: 0M, In-Place: 0
[34.347s][info   ][gc,reloc    ] GC(117) Forwarding Usage: 0M
[34.347s][info   ][gc,heap     ] GC(117) Min Capacity: 8M(3%)
[34.347s][info   ][gc,heap     ] GC(117) Max Capacity: 256M(100%)
[34.347s][info   ][gc,heap     ] GC(117) Soft Max Capacity: 256M(100%)
[34.347s][info   ][gc,heap     ] GC(117)                Mark Start          Mark End        Relocate Start      Relocate End           High               Low         
[34.347s][info   ][gc,heap     ] GC(117)  Capacity:      256M (100%)        256M (100%)        256M (100%)        256M (100%)        256M (100%)        256M (100%)   
[34.347s][info   ][gc,heap     ] GC(117)      Free:        2M (1%)            0M (0%)            0M (0%)            0M (0%)            2M (1%)            0M (0%)     
[34.347s][info   ][gc,heap     ] GC(117)      Used:      254M (99%)         256M (100%)        256M (100%)        256M (100%)        256M (100%)        254M (99%)    
[34.347s][info   ][gc,heap     ] GC(117)      Live:         -               248M (97%)         248M (97%)         248M (97%)            -                  -          
[34.347s][info   ][gc,heap     ] GC(117) Allocated:         -                 2M (1%)            2M (1%)            4M (2%)             -                  -          
[34.347s][info   ][gc,heap     ] GC(117)   Garbage:         -                 5M (2%)            5M (2%)            3M (1%)             -                  -          
[34.347s][info   ][gc,heap     ] GC(117) Reclaimed:         -                  -                 0M (0%)            2M (1%)             -                  -          
[34.347s][info   ][gc          ] GC(117) Garbage Collection (Allocation Stall) 254M(99%)->256M(100%)
[34.348s][info   ][gc,start    ] GC(118) Garbage Collection (Allocation Stall)
[34.348s][info   ][gc,ref      ] GC(118) Clearing All SoftReferences
[34.348s][info   ][gc,task     ] GC(118) Using 2 workers
[34.348s][info   ][gc,phases   ] GC(118) Pause Mark Start 0.012ms
[34.670s][info   ][gc,phases   ] GC(118) Concurrent Mark 322.161ms
[34.670s][info   ][gc,phases   ] GC(118) Pause Mark End 0.016ms
[34.671s][info   ][gc,phases   ] GC(118) Concurrent Mark Free 0.001ms
[34.671s][info   ][gc,phases   ] GC(118) Concurrent Process Non-Strong References 0.684ms
[34.671s][info   ][gc,phases   ] GC(118) Concurrent Reset Relocation Set 0.001ms
[34.674s][info   ][gc,phases   ] GC(118) Concurrent Select Relocation Set 2.442ms
[34.674s][info   ][gc,phases   ] GC(118) Pause Relocate Start 0.011ms
[34.677s][info   ][gc,phases   ] GC(118) Concurrent Relocate 3.171ms
[34.677s][info   ][gc,load     ] GC(118) Load: 0.00/0.00/0.00
[34.677s][info   ][gc,mmu      ] GC(118) MMU: 2ms/94.0%, 5ms/97.6%, 10ms/98.8%, 20ms/99.2%, 50ms/99.7%, 100ms/99.8%
[34.677s][info   ][gc,marking  ] GC(118) Mark: 2 stripe(s), 1 proactive flush(es), 1 terminate flush(es), 0 completion(s), 0 continuation(s) 
[34.677s][info   ][gc,marking  ] GC(118) Mark Stack Usage: 32M
[34.677s][info   ][gc,nmethod  ] GC(118) NMethods: 402 registered, 0 unregistered
[34.677s][info   ][gc,metaspace] GC(118) Metaspace: 0M used, 0M committed, 1032M reserved
[34.677s][info   ][gc,ref      ] GC(118) Soft: 63 encountered, 22 discovered, 0 enqueued
[34.678s][info   ][gc,ref      ] GC(118) Weak: 184 encountered, 0 discovered, 0 enqueued
[34.678s][info   ][gc,ref      ] GC(118) Final: 0 encountered, 0 discovered, 0 enqueued
[34.678s][info   ][gc,ref      ] GC(118) Phantom: 1 encountered, 0 discovered, 0 enqueued
[34.678s][info   ][gc,reloc    ] GC(118) Small Pages: 125 / 250M, Empty: 0M, Relocated: 1M, In-Place: 2
[34.678s][info   ][gc,reloc    ] GC(118) Medium Pages: 0 / 0M, Empty: 0M, Relocated: 0M, In-Place: 0
[34.678s][info   ][gc,reloc    ] GC(118) Large Pages: 1 / 6M, Empty: 0M, Relocated: 0M, In-Place: 0
[34.678s][info   ][gc,reloc    ] GC(118) Forwarding Usage: 0M
[34.678s][info   ][gc,heap     ] GC(118) Min Capacity: 8M(3%)
[34.678s][info   ][gc,heap     ] GC(118) Max Capacity: 256M(100%)
[34.678s][info   ][gc,heap     ] GC(118) Soft Max Capacity: 256M(100%)
[34.678s][info   ][gc,heap     ] GC(118)                Mark Start          Mark End        Relocate Start      Relocate End           High               Low         
[34.678s][info   ][gc,heap     ] GC(118)  Capacity:      256M (100%)        256M (100%)        256M (100%)        256M (100%)        256M (100%)        256M (100%)   
[34.678s][info   ][gc,heap     ] GC(118)      Free:        0M (0%)            0M (0%)            0M (0%)            0M (0%)            0M (0%)            0M (0%)     
[34.678s][info   ][gc,heap     ] GC(118)      Used:      256M (100%)        256M (100%)        256M (100%)        256M (100%)        256M (100%)        256M (100%)   
[34.678s][info   ][gc,heap     ] GC(118)      Live:         -               252M (99%)         252M (99%)         252M (99%)            -                  -          
[34.678s][info   ][gc,heap     ] GC(118) Allocated:         -                 0M (0%)            0M (0%)            0M (0%)             -                  -          
[34.678s][info   ][gc,heap     ] GC(118)   Garbage:         -                 3M (1%)            3M (1%)            3M (1%)             -                  -          
[34.678s][info   ][gc,heap     ] GC(118) Reclaimed:         -                  -                 0M (0%)            0M (0%)             -                  -          
[34.678s][info   ][gc          ] GC(118) Garbage Collection (Allocation Stall) 256M(100%)->256M(100%)
[34.678s][info   ][gc          ] Allocation Stall (main) 330.358ms
[34.678s][info   ][gc,start    ] GC(119) Garbage Collection (Allocation Stall)
[34.678s][info   ][gc,ref      ] GC(119) Clearing All SoftReferences
[34.678s][info   ][gc,task     ] GC(119) Using 2 workers
[34.678s][info   ][gc,phases   ] GC(119) Pause Mark Start 0.009ms
[34.910s][info   ][gc,phases   ] GC(119) Concurrent Mark 231.881ms
[34.910s][info   ][gc,phases   ] GC(119) Pause Mark End 0.015ms
[34.910s][info   ][gc,phases   ] GC(119) Concurrent Mark Free 0.003ms
[34.911s][info   ][gc,phases   ] GC(119) Concurrent Process Non-Strong References 0.609ms
[34.911s][info   ][gc,phases   ] GC(119) Concurrent Reset Relocation Set 0.001ms
[34.913s][info   ][gc,phases   ] GC(119) Concurrent Select Relocation Set 1.941ms
[34.913s][info   ][gc,phases   ] GC(119) Pause Relocate Start 0.010ms
[34.916s][info   ][gc,phases   ] GC(119) Concurrent Relocate 2.659ms
[34.916s][info   ][gc,load     ] GC(119) Load: 0.00/0.00/0.00
[34.916s][info   ][gc,mmu      ] GC(119) MMU: 2ms/94.0%, 5ms/97.6%, 10ms/98.8%, 20ms/99.2%, 50ms/99.7%, 100ms/99.8%
[34.916s][info   ][gc,marking  ] GC(119) Mark: 2 stripe(s), 1 proactive flush(es), 1 terminate flush(es), 0 completion(s), 0 continuation(s) 
[34.916s][info   ][gc,marking  ] GC(119) Mark Stack Usage: 32M
[34.916s][info   ][gc,nmethod  ] GC(119) NMethods: 402 registered, 0 unregistered
[34.916s][info   ][gc,metaspace] GC(119) Metaspace: 0M used, 0M committed, 1032M reserved
[34.916s][info   ][gc,ref      ] GC(119) Soft: 63 encountered, 33 discovered, 0 enqueued
[34.916s][info   ][gc,ref      ] GC(119) Weak: 184 encountered, 0 discovered, 0 enqueued
[34.916s][info   ][gc,ref      ] GC(119) Final: 0 encountered, 0 discovered, 0 enqueued
[34.916s][info   ][gc,ref      ] GC(119) Phantom: 1 encountered, 0 discovered, 0 enqueued
[34.916s][info   ][gc,reloc    ] GC(119) Small Pages: 125 / 250M, Empty: 0M, Relocated: 1M, In-Place: 2
[34.916s][info   ][gc,reloc    ] GC(119) Medium Pages: 0 / 0M, Empty: 0M, Relocated: 0M, In-Place: 0
[34.916s][info   ][gc,reloc    ] GC(119) Large Pages: 1 / 6M, Empty: 0M, Relocated: 0M, In-Place: 0
[34.916s][info   ][gc,reloc    ] GC(119) Forwarding Usage: 0M
[34.916s][info   ][gc,heap     ] GC(119) Min Capacity: 8M(3%)
[34.916s][info   ][gc,heap     ] GC(119) Max Capacity: 256M(100%)
[34.916s][info   ][gc,heap     ] GC(119) Soft Max Capacity: 256M(100%)
[34.916s][info   ][gc,heap     ] GC(119)                Mark Start          Mark End        Relocate Start      Relocate End           High               Low         
[34.916s][info   ][gc,heap     ] GC(119)  Capacity:      256M (100%)        256M (100%)        256M (100%)        256M (100%)        256M (100%)        256M (100%)   
[34.916s][info   ][gc,heap     ] GC(119)      Free:        0M (0%)            0M (0%)            0M (0%)            0M (0%)            0M (0%)            0M (0%)     
[34.916s][info   ][gc,heap     ] GC(119)      Used:      256M (100%)        256M (100%)        256M (100%)        256M (100%)        256M (100%)        256M (100%)   
[34.916s][info   ][gc,heap     ] GC(119)      Live:         -               252M (99%)         252M (99%)         252M (99%)            -                  -          
[34.917s][info   ][gc,heap     ] GC(119) Allocated:         -                 0M (0%)            0M (0%)            0M (0%)             -                  -          
[34.917s][info   ][gc,heap     ] GC(119)   Garbage:         -                 3M (1%)            3M (1%)            3M (1%)             -                  -          
[34.917s][info   ][gc,heap     ] GC(119) Reclaimed:         -                  -                 0M (0%)            0M (0%)             -                  -          
[34.917s][info   ][gc          ] GC(119) Garbage Collection (Allocation Stall) 256M(100%)->256M(100%)
[34.917s][info   ][gc          ] Allocation Stall (main) 238.575ms
[34.917s][info   ][gc          ] Out Of Memory (main)
[34.917s][info   ][gc,start    ] GC(120) Garbage Collection (Allocation Stall)
[34.917s][info   ][gc,ref      ] GC(120) Clearing All SoftReferences
[34.917s][info   ][gc,task     ] GC(120) Using 2 workers
[34.917s][info   ][gc,phases   ] GC(120) Pause Mark Start 0.008ms
[34.926s][info   ][gc,phases   ] GC(120) Concurrent Mark 9.061ms
[34.926s][info   ][gc,phases   ] GC(120) Pause Mark End 0.015ms
[34.926s][info   ][gc,phases   ] GC(120) Concurrent Mark Free 0.003ms
[34.927s][info   ][gc,phases   ] GC(120) Concurrent Process Non-Strong References 0.619ms
[34.927s][info   ][gc,phases   ] GC(120) Concurrent Reset Relocation Set 0.001ms
[34.927s][info   ][gc          ] Allocation Stall (main) 10.341ms
[34.930s][info   ][gc,phases   ] GC(120) Concurrent Select Relocation Set 2.520ms
[34.930s][info   ][gc,phases   ] GC(120) Pause Relocate Start 0.011ms
[34.930s][info   ][gc,phases   ] GC(120) Concurrent Relocate 0.021ms
[34.930s][info   ][gc,load     ] GC(120) Load: 0.00/0.00/0.00
[34.930s][info   ][gc,mmu      ] GC(120) MMU: 2ms/94.0%, 5ms/97.6%, 10ms/98.8%, 20ms/99.2%, 50ms/99.7%, 100ms/99.8%
[34.930s][info   ][gc,marking  ] GC(120) Mark: 2 stripe(s), 1 proactive flush(es), 1 terminate flush(es), 0 completion(s), 0 continuation(s) 
[34.930s][info   ][gc,marking  ] GC(120) Mark Stack Usage: 32M
[34.930s][info   ][gc,nmethod  ] GC(120) NMethods: 403 registered, 0 unregistered
[34.930s][info   ][gc,metaspace] GC(120) Metaspace: 0M used, 0M committed, 1032M reserved
[34.930s][info   ][gc,ref      ] GC(120) Soft: 63 encountered, 21 discovered, 0 enqueued
[34.930s][info   ][gc,ref      ] GC(120) Weak: 184 encountered, 0 discovered, 0 enqueued
[34.930s][info   ][gc,ref      ] GC(120) Final: 0 encountered, 0 discovered, 0 enqueued
[34.930s][info   ][gc,ref      ] GC(120) Phantom: 1 encountered, 0 discovered, 0 enqueued
[34.930s][info   ][gc,reloc    ] GC(120) Small Pages: 125 / 250M, Empty: 248M, Relocated: 0M, In-Place: 0
[34.930s][info   ][gc,reloc    ] GC(120) Medium Pages: 0 / 0M, Empty: 0M, Relocated: 0M, In-Place: 0
[34.930s][info   ][gc,reloc    ] GC(120) Large Pages: 1 / 6M, Empty: 6M, Relocated: 0M, In-Place: 0
[34.930s][info   ][gc,reloc    ] GC(120) Forwarding Usage: 0M
[34.930s][info   ][gc,heap     ] GC(120) Min Capacity: 8M(3%)
[34.931s][info   ][gc,heap     ] GC(120) Max Capacity: 256M(100%)
[34.931s][info   ][gc,heap     ] GC(120) Soft Max Capacity: 256M(100%)
[34.931s][info   ][gc,heap     ] GC(120)                Mark Start          Mark End        Relocate Start      Relocate End           High               Low         
[34.931s][info   ][gc,heap     ] GC(120)  Capacity:      256M (100%)        256M (100%)        256M (100%)        256M (100%)        256M (100%)        256M (100%)   
[34.931s][info   ][gc,heap     ] GC(120)      Free:        0M (0%)            0M (0%)          252M (98%)         252M (98%)         252M (98%)           0M (0%)     
[34.931s][info   ][gc,heap     ] GC(120)      Used:      256M (100%)        256M (100%)          4M (2%)            4M (2%)          256M (100%)          4M (2%)     
[34.931s][info   ][gc,heap     ] GC(120)      Live:         -                 1M (0%)            1M (0%)            1M (0%)             -                  -          
[34.931s][info   ][gc,heap     ] GC(120) Allocated:         -                 0M (0%)            2M (1%)            2M (1%)             -                  -          
[34.931s][info   ][gc,heap     ] GC(120)   Garbage:         -               254M (100%)          0M (0%)            0M (0%)             -                  -          
[34.931s][info   ][gc,heap     ] GC(120) Reclaimed:         -                  -               254M (99%)         254M (99%)            -                  -          
[34.931s][info   ][gc          ] GC(120) Garbage Collection (Allocation Stall) 256M(100%)->4M(2%)
[34.932s][info   ][gc,heap,exit] Heap
[34.932s][info   ][gc,heap,exit]  ZHeap           used 4M, capacity 256M, max capacity 256M
[34.933s][info   ][gc,heap,exit]  Metaspace       used 597K, committed 768K, reserved 1056768K
[34.933s][info   ][gc,heap,exit]   class space    used 32K, committed 128K, reserved 1048576K
