Java HotSpot(TM) 64-Bit Server VM (25.181-b13) for windows-amd64 JRE (1.8.0_181-b13), built on Jul  7 2018 04:01:33 by "java_re" with MS VC++ 10.0 (VS2010)
Memory: 4k page, physical 33170068k(17002272k free), swap 38150804k(18648364k free)
CommandLine flags: -XX:InitialHeapSize=530721088 -XX:MaxHeapSize=8491537408 -XX:+PrintGC -XX:+PrintGCDateStamps -XX:+PrintGCDetails -XX:+PrintGCTimeStamps -XX:+PrintHeapAtGC -XX:+UseCompressedClassPointers -XX:+UseCompressedOops -XX:-UseLargePagesIndividualAllocation -XX:+UseParallelGC 
{Heap before GC invocations=1 (full 0):
 PSYoungGen      total 151552K, used 130048K [0x0000000717400000, 0x0000000721d00000, 0x00000007c0000000)
  eden space 130048K, 100% used [0x0000000717400000,0x000000071f300000,0x000000071f300000)
  from space 21504K, 0% used [0x0000000720800000,0x0000000720800000,0x0000000721d00000)
  to   space 21504K, 0% used [0x000000071f300000,0x000000071f300000,0x0000000720800000)
 ParOldGen       total 347136K, used 0K [0x00000005c5c00000, 0x00000005daf00000, 0x0000000717400000)
  object space 347136K, 0% used [0x00000005c5c00000,0x00000005c5c00000,0x00000005daf00000)
 Metaspace       used 3775K, capacity 4540K, committed 4864K, reserved 1056768K
  class space    used 411K, capacity 428K, committed 512K, reserved 1048576K
2023-07-05T15:45:07.251+0800: 1.195: [GC (Allocation Failure) [PSYoungGen: 130048K->21481K(151552K)] 130048K->69129K(498688K), 0.0756876 secs] [Times: user=0.39 sys=0.08, real=0.08 secs] 
Heap after GC invocations=1 (full 0):
 PSYoungGen      total 151552K, used 21481K [0x0000000717400000, 0x0000000729c00000, 0x00000007c0000000)
  eden space 130048K, 0% used [0x0000000717400000,0x0000000717400000,0x000000071f300000)
  from space 21504K, 99% used [0x000000071f300000,0x00000007207fa7c8,0x0000000720800000)
  to   space 21504K, 0% used [0x0000000728700000,0x0000000728700000,0x0000000729c00000)
 ParOldGen       total 347136K, used 47648K [0x00000005c5c00000, 0x00000005daf00000, 0x0000000717400000)
  object space 347136K, 13% used [0x00000005c5c00000,0x00000005c8a88000,0x00000005daf00000)
 Metaspace       used 3775K, capacity 4540K, committed 4864K, reserved 1056768K
  class space    used 411K, capacity 428K, committed 512K, reserved 1048576K
}
{Heap before GC invocations=2 (full 0):
 PSYoungGen      total 151552K, used 151529K [0x0000000717400000, 0x0000000729c00000, 0x00000007c0000000)
  eden space 130048K, 100% used [0x0000000717400000,0x000000071f300000,0x000000071f300000)
  from space 21504K, 99% used [0x000000071f300000,0x00000007207fa7c8,0x0000000720800000)
  to   space 21504K, 0% used [0x0000000728700000,0x0000000728700000,0x0000000729c00000)
 ParOldGen       total 347136K, used 47648K [0x00000005c5c00000, 0x00000005daf00000, 0x0000000717400000)
  object space 347136K, 13% used [0x00000005c5c00000,0x00000005c8a88000,0x00000005daf00000)
 Metaspace       used 3775K, capacity 4540K, committed 4864K, reserved 1056768K
  class space    used 411K, capacity 428K, committed 512K, reserved 1048576K
2023-07-05T15:45:07.964+0800: 1.907: [GC (Allocation Failure) [PSYoungGen: 151529K->21486K(281600K)] 199177K->114166K(628736K), 0.2356311 secs] [Times: user=0.56 sys=0.09, real=0.23 secs] 
Heap after GC invocations=2 (full 0):
 PSYoungGen      total 281600K, used 21486K [0x0000000717400000, 0x0000000729c00000, 0x00000007c0000000)
  eden space 260096K, 0% used [0x0000000717400000,0x0000000717400000,0x0000000727200000)
  from space 21504K, 99% used [0x0000000728700000,0x0000000729bfbb98,0x0000000729c00000)
  to   space 21504K, 0% used [0x0000000727200000,0x0000000727200000,0x0000000728700000)
 ParOldGen       total 347136K, used 92680K [0x00000005c5c00000, 0x00000005daf00000, 0x0000000717400000)
  object space 347136K, 26% used [0x00000005c5c00000,0x00000005cb682000,0x00000005daf00000)
 Metaspace       used 3775K, capacity 4540K, committed 4864K, reserved 1056768K
  class space    used 411K, capacity 428K, committed 512K, reserved 1048576K
}
{Heap before GC invocations=3 (full 0):
 PSYoungGen      total 281600K, used 281582K [0x0000000717400000, 0x0000000729c00000, 0x00000007c0000000)
  eden space 260096K, 100% used [0x0000000717400000,0x0000000727200000,0x0000000727200000)
  from space 21504K, 99% used [0x0000000728700000,0x0000000729bfbb98,0x0000000729c00000)
  to   space 21504K, 0% used [0x0000000727200000,0x0000000727200000,0x0000000728700000)
 ParOldGen       total 347136K, used 92680K [0x00000005c5c00000, 0x00000005daf00000, 0x0000000717400000)
  object space 347136K, 26% used [0x00000005c5c00000,0x00000005cb682000,0x00000005daf00000)
 Metaspace       used 3776K, capacity 4540K, committed 4864K, reserved 1056768K
  class space    used 411K, capacity 428K, committed 512K, reserved 1048576K
2023-07-05T15:45:09.374+0800: 3.318: [GC (Allocation Failure) [PSYoungGen: 281582K->21502K(281600K)] 374262K->183814K(628736K), 0.0902017 secs] [Times: user=0.56 sys=0.08, real=0.09 secs] 
Heap after GC invocations=3 (full 0):
 PSYoungGen      total 281600K, used 21502K [0x0000000717400000, 0x0000000739a00000, 0x00000007c0000000)
  eden space 260096K, 0% used [0x0000000717400000,0x0000000717400000,0x0000000727200000)
  from space 21504K, 99% used [0x0000000727200000,0x00000007286ffb88,0x0000000728700000)
  to   space 21504K, 0% used [0x0000000738500000,0x0000000738500000,0x0000000739a00000)
 ParOldGen       total 347136K, used 162312K [0x00000005c5c00000, 0x00000005daf00000, 0x0000000717400000)
  object space 347136K, 46% used [0x00000005c5c00000,0x00000005cfa82000,0x00000005daf00000)
 Metaspace       used 3776K, capacity 4540K, committed 4864K, reserved 1056768K
  class space    used 411K, capacity 428K, committed 512K, reserved 1048576K
}
{Heap before GC invocations=4 (full 0):
 PSYoungGen      total 281600K, used 281598K [0x0000000717400000, 0x0000000739a00000, 0x00000007c0000000)
  eden space 260096K, 100% used [0x0000000717400000,0x0000000727200000,0x0000000727200000)
  from space 21504K, 99% used [0x0000000727200000,0x00000007286ffb88,0x0000000728700000)
  to   space 21504K, 0% used [0x0000000738500000,0x0000000738500000,0x0000000739a00000)
 ParOldGen       total 347136K, used 162312K [0x00000005c5c00000, 0x00000005daf00000, 0x0000000717400000)
  object space 347136K, 46% used [0x00000005c5c00000,0x00000005cfa82000,0x00000005daf00000)
 Metaspace       used 3776K, capacity 4540K, committed 4864K, reserved 1056768K
  class space    used 411K, capacity 428K, committed 512K, reserved 1048576K
2023-07-05T15:45:10.699+0800: 4.643: [GC (Allocation Failure) [PSYoungGen: 281598K->21478K(541696K)] 443910K->190582K(888832K), 0.0458542 secs] [Times: user=0.28 sys=0.03, real=0.05 secs] 
Heap after GC invocations=4 (full 0):
 PSYoungGen      total 541696K, used 21478K [0x0000000717400000, 0x0000000739a00000, 0x00000007c0000000)
  eden space 520192K, 0% used [0x0000000717400000,0x0000000717400000,0x0000000737000000)
  from space 21504K, 99% used [0x0000000738500000,0x00000007399f9918,0x0000000739a00000)
  to   space 21504K, 0% used [0x0000000737000000,0x0000000737000000,0x0000000738500000)
 ParOldGen       total 347136K, used 169104K [0x00000005c5c00000, 0x00000005daf00000, 0x0000000717400000)
  object space 347136K, 48% used [0x00000005c5c00000,0x00000005d0124000,0x00000005daf00000)
 Metaspace       used 3776K, capacity 4540K, committed 4864K, reserved 1056768K
  class space    used 411K, capacity 428K, committed 512K, reserved 1048576K
}
{Heap before GC invocations=5 (full 0):
 PSYoungGen      total 541696K, used 541670K [0x0000000717400000, 0x0000000739a00000, 0x00000007c0000000)
  eden space 520192K, 100% used [0x0000000717400000,0x0000000737000000,0x0000000737000000)
  from space 21504K, 99% used [0x0000000738500000,0x00000007399f9918,0x0000000739a00000)
  to   space 21504K, 0% used [0x0000000737000000,0x0000000737000000,0x0000000738500000)
 ParOldGen       total 347136K, used 169104K [0x00000005c5c00000, 0x00000005daf00000, 0x0000000717400000)
  object space 347136K, 48% used [0x00000005c5c00000,0x00000005d0124000,0x00000005daf00000)
 Metaspace       used 3781K, capacity 4540K, committed 4864K, reserved 1056768K
  class space    used 411K, capacity 428K, committed 512K, reserved 1048576K
2023-07-05T15:45:13.973+0800: 7.917: [GC (Allocation Failure) [PSYoungGen: 541670K->15381K(541696K)] 710774K->184493K(888832K), 0.0133087 secs] [Times: user=0.09 sys=0.00, real=0.01 secs] 
Heap after GC invocations=5 (full 0):
 PSYoungGen      total 541696K, used 15381K [0x0000000717400000, 0x0000000764100000, 0x00000007c0000000)
  eden space 520192K, 0% used [0x0000000717400000,0x0000000717400000,0x0000000737000000)
  from space 21504K, 71% used [0x0000000737000000,0x0000000737f05598,0x0000000738500000)
  to   space 109056K, 0% used [0x000000075d680000,0x000000075d680000,0x0000000764100000)
 ParOldGen       total 347136K, used 169112K [0x00000005c5c00000, 0x00000005daf00000, 0x0000000717400000)
  object space 347136K, 48% used [0x00000005c5c00000,0x00000005d0126000,0x00000005daf00000)
 Metaspace       used 3781K, capacity 4540K, committed 4864K, reserved 1056768K
  class space    used 411K, capacity 428K, committed 512K, reserved 1048576K
}
{Heap before GC invocations=6 (full 0):
 PSYoungGen      total 541696K, used 535573K [0x0000000717400000, 0x0000000764100000, 0x00000007c0000000)
  eden space 520192K, 100% used [0x0000000717400000,0x0000000737000000,0x0000000737000000)
  from space 21504K, 71% used [0x0000000737000000,0x0000000737f05598,0x0000000738500000)
  to   space 109056K, 0% used [0x000000075d680000,0x000000075d680000,0x0000000764100000)
 ParOldGen       total 347136K, used 169112K [0x00000005c5c00000, 0x00000005daf00000, 0x0000000717400000)
  object space 347136K, 48% used [0x00000005c5c00000,0x00000005d0126000,0x00000005daf00000)
 Metaspace       used 3785K, capacity 4540K, committed 4864K, reserved 1056768K
  class space    used 411K, capacity 428K, committed 512K, reserved 1048576K
2023-07-05T15:45:16.240+0800: 10.185: [GC (Allocation Failure) [PSYoungGen: 535573K->6773K(1146880K)] 704685K->175885K(1494016K), 0.0172968 secs] [Times: user=0.06 sys=0.06, real=0.02 secs] 
Heap after GC invocations=6 (full 0):
 PSYoungGen      total 1146880K, used 6773K [0x0000000717400000, 0x0000000764600000, 0x00000007c0000000)
  eden space 1037824K, 0% used [0x0000000717400000,0x0000000717400000,0x0000000756980000)
  from space 109056K, 6% used [0x000000075d680000,0x000000075dd1d598,0x0000000764100000)
  to   space 111616K, 0% used [0x0000000756980000,0x0000000756980000,0x000000075d680000)
 ParOldGen       total 347136K, used 169112K [0x00000005c5c00000, 0x00000005daf00000, 0x0000000717400000)
  object space 347136K, 48% used [0x00000005c5c00000,0x00000005d0126000,0x00000005daf00000)
 Metaspace       used 3785K, capacity 4540K, committed 4864K, reserved 1056768K
  class space    used 411K, capacity 428K, committed 512K, reserved 1048576K
}
{Heap before GC invocations=7 (full 0):
 PSYoungGen      total 1146880K, used 1044597K [0x0000000717400000, 0x0000000764600000, 0x00000007c0000000)
  eden space 1037824K, 100% used [0x0000000717400000,0x0000000756980000,0x0000000756980000)
  from space 109056K, 6% used [0x000000075d680000,0x000000075dd1d598,0x0000000764100000)
  to   space 111616K, 0% used [0x0000000756980000,0x0000000756980000,0x000000075d680000)
 ParOldGen       total 347136K, used 169112K [0x00000005c5c00000, 0x00000005daf00000, 0x0000000717400000)
  object space 347136K, 48% used [0x00000005c5c00000,0x00000005d0126000,0x00000005daf00000)
 Metaspace       used 3794K, capacity 4540K, committed 4864K, reserved 1056768K
  class space    used 411K, capacity 428K, committed 512K, reserved 1048576K
2023-07-05T15:45:19.649+0800: 13.593: [GC (Allocation Failure) [PSYoungGen: 1044597K->44605K(1149440K)] 1213709K->214737K(1496576K), 0.0280295 secs] [Times: user=0.11 sys=0.00, real=0.03 secs] 
Heap after GC invocations=7 (full 0):
 PSYoungGen      total 1149440K, used 44605K [0x0000000717400000, 0x00000007a2800000, 0x00000007c0000000)
  eden space 1037824K, 0% used [0x0000000717400000,0x0000000717400000,0x0000000756980000)
  from space 111616K, 39% used [0x0000000756980000,0x000000075950f568,0x000000075d680000)
  to   space 102912K, 0% used [0x000000079c380000,0x000000079c380000,0x00000007a2800000)
 ParOldGen       total 347136K, used 170132K [0x00000005c5c00000, 0x00000005daf00000, 0x0000000717400000)
  object space 347136K, 49% used [0x00000005c5c00000,0x00000005d0225090,0x00000005daf00000)
 Metaspace       used 3794K, capacity 4540K, committed 4864K, reserved 1056768K
  class space    used 411K, capacity 428K, committed 512K, reserved 1048576K
}
{Heap before GC invocations=8 (full 0):
 PSYoungGen      total 1149440K, used 1082429K [0x0000000717400000, 0x00000007a2800000, 0x00000007c0000000)
  eden space 1037824K, 100% used [0x0000000717400000,0x0000000756980000,0x0000000756980000)
  from space 111616K, 39% used [0x0000000756980000,0x000000075950f568,0x000000075d680000)
  to   space 102912K, 0% used [0x000000079c380000,0x000000079c380000,0x00000007a2800000)
 ParOldGen       total 347136K, used 170132K [0x00000005c5c00000, 0x00000005daf00000, 0x0000000717400000)
  object space 347136K, 49% used [0x00000005c5c00000,0x00000005d0225090,0x00000005daf00000)
 Metaspace       used 3794K, capacity 4540K, committed 4864K, reserved 1056768K
  class space    used 411K, capacity 428K, committed 512K, reserved 1048576K
2023-07-05T15:45:22.606+0800: 16.550: [GC (Allocation Failure) [PSYoungGen: 1082429K->54621K(2172416K)] 1252561K->224753K(2519552K), 0.1024957 secs] [Times: user=0.47 sys=0.05, real=0.10 secs] 
Heap after GC invocations=8 (full 0):
 PSYoungGen      total 2172416K, used 54621K [0x0000000717400000, 0x00000007a2200000, 0x00000007c0000000)
  eden space 2075648K, 0% used [0x0000000717400000,0x0000000717400000,0x0000000795f00000)
  from space 96768K, 56% used [0x000000079c380000,0x000000079f8d7568,0x00000007a2200000)
  to   space 99840K, 0% used [0x0000000795f00000,0x0000000795f00000,0x000000079c080000)
 ParOldGen       total 347136K, used 170132K [0x00000005c5c00000, 0x00000005daf00000, 0x0000000717400000)
  object space 347136K, 49% used [0x00000005c5c00000,0x00000005d0225090,0x00000005daf00000)
 Metaspace       used 3794K, capacity 4540K, committed 4864K, reserved 1056768K
  class space    used 411K, capacity 428K, committed 512K, reserved 1048576K
}
{Heap before GC invocations=9 (full 0):
 PSYoungGen      total 2172416K, used 2130269K [0x0000000717400000, 0x00000007a2200000, 0x00000007c0000000)
  eden space 2075648K, 100% used [0x0000000717400000,0x0000000795f00000,0x0000000795f00000)
  from space 96768K, 56% used [0x000000079c380000,0x000000079f8d7568,0x00000007a2200000)
  to   space 99840K, 0% used [0x0000000795f00000,0x0000000795f00000,0x000000079c080000)
 ParOldGen       total 347136K, used 170132K [0x00000005c5c00000, 0x00000005daf00000, 0x0000000717400000)
  object space 347136K, 49% used [0x00000005c5c00000,0x00000005d0225090,0x00000005daf00000)
 Metaspace       used 3808K, capacity 4540K, committed 4864K, reserved 1056768K
  class space    used 411K, capacity 428K, committed 512K, reserved 1048576K
2023-07-05T15:45:29.824+0800: 23.768: [GC (Allocation Failure) [PSYoungGen: 2130269K->13728K(2175488K)] 2300401K->187033K(2522624K), 0.0277222 secs] [Times: user=0.11 sys=0.00, real=0.03 secs] 
Heap after GC invocations=9 (full 0):
 PSYoungGen      total 2175488K, used 13728K [0x0000000717400000, 0x00000007c0000000, 0x00000007c0000000)
  eden space 2075648K, 0% used [0x0000000717400000,0x0000000717400000,0x0000000795f00000)
  from space 99840K, 13% used [0x0000000795f00000,0x0000000796c68000,0x000000079c080000)
  to   space 100352K, 0% used [0x00000007b9e00000,0x00000007b9e00000,0x00000007c0000000)
 ParOldGen       total 347136K, used 173305K [0x00000005c5c00000, 0x00000005daf00000, 0x0000000717400000)
  object space 347136K, 49% used [0x00000005c5c00000,0x00000005d053e5f8,0x00000005daf00000)
 Metaspace       used 3808K, capacity 4540K, committed 4864K, reserved 1056768K
  class space    used 411K, capacity 428K, committed 512K, reserved 1048576K
}
Heap
 PSYoungGen      total 2175488K, used 1547408K [0x0000000717400000, 0x00000007c0000000, 0x00000007c0000000)
  eden space 2075648K, 73% used [0x0000000717400000,0x0000000774dbc2f8,0x0000000795f00000)
  from space 99840K, 13% used [0x0000000795f00000,0x0000000796c68000,0x000000079c080000)
  to   space 100352K, 0% used [0x00000007b9e00000,0x00000007b9e00000,0x00000007c0000000)
 ParOldGen       total 347136K, used 173305K [0x00000005c5c00000, 0x00000005daf00000, 0x0000000717400000)
  object space 347136K, 49% used [0x00000005c5c00000,0x00000005d053e5f8,0x00000005daf00000)
 Metaspace       used 3816K, capacity 4540K, committed 4864K, reserved 1056768K
  class space    used 413K, capacity 428K, committed 512K, reserved 1048576K
